#
# There is insufficient memory for the Java Runtime Environment to continue.
# Native memory allocation (mmap) failed to map 2097152 bytes. Error detail: G1 virtual space
# Possible reasons:
#   The system is out of physical RAM or swap space
#   This process is running with CompressedOops enabled, and the Java Heap may be blocking the growth of the native heap
# Possible solutions:
#   Reduce memory load on the system
#   Increase physical memory or swap space
#   Check if swap backing store is full
#   Decrease Java heap size (-Xmx/-Xms)
#   Decrease number of Java threads
#   Decrease Java thread stack sizes (-Xss)
#   Set larger code cache with -XX:ReservedCodeCacheSize=
#   JVM is running with Zero Based Compressed Oops mode in which the Java heap is
#     placed in the first 32GB address space. The Java Heap base address is the
#     maximum limit for the native heap growth. Please use -XX:HeapBaseMinAddress
#     to set the Java Heap base and to place the Java Heap above 32GB virtual address.
# This output file may be truncated or incomplete.
#
#  Out of Memory Error (os_windows.cpp:3583), pid=59244, tid=59476
#
# JRE version: OpenJDK Runtime Environment Temurin-26.0.1+8 (26.0.1+8) (build 26.0.1+8)
# Java VM: OpenJDK 64-Bit Server VM Temurin-26.0.1+8 (26.0.1+8, mixed mode, sharing, tiered, compressed oops, compressed class ptrs, g1 gc, windows-amd64)
# No core dump will be written. Minidumps are not enabled by default on client versions of Windows
#

---------------  S U M M A R Y ------------

Command Line: --enable-native-access=ALL-UNNAMED -Dclassworlds.conf=C:\Program Files\Apache NetBeans\java\maven\bin\m2.conf -Dmaven.home=C:\Program Files\Apache NetBeans\java\maven -Dlibrary.jansi.path=C:\Program Files\Apache NetBeans\java\maven\lib\jansi-native -Dmaven.multiModuleProjectDirectory=C:\Users\DVDSTORE\Desktop\LeetCode\ArrayList\ArrayList org.codehaus.plexus.classworlds.launcher.Launcher -Dexec.vmArgs= -Dexec.args=${exec.vmArgs} -classpath %classpath ${exec.mainClass} ${exec.appArgs} -Dexec.appArgs= -Dexec.mainClass=com.mycompany.arraylist.Driver -Dexec.executable=C:\Program Files\Apache NetBeans\jdk\bin\java.exe -Dmaven.ext.class.path=C:\Program Files\Apache NetBeans\java\maven-nblib\netbeans-eventspy.jar --no-transfer-progress process-classes org.codehaus.mojo:exec-maven-plugin:3.5.1:exec

Host: 12th Gen Intel(R) Core(TM) i5-12400F, 12 cores, 15G,  Windows 11 , 64 bit Build 26100 (10.0.26100.8875)
Time: Wed Aug 19 09:14:37 2026 Egypt Daylight Time elapsed time: 15.529836 seconds (0d 0h 0m 15s)

---------------  T H R E A D  ---------------

Current thread (0x00000267a90e07f0):  WorkerThread "GC Thread#0"    [id=59476, stack(0x000000f1f6a00000,0x000000f1f6b00000) (1024K)]

Stack: [0x000000f1f6a00000,0x000000f1f6b00000]
Native frames: (J=compiled Java code, j=interpreted, Vv=VM code, C=native code)
V  [jvm.dll+0x7db749]  (no source info available)
V  [jvm.dll+0x7a82bd]  (no source info available)
V  [jvm.dll+0xa44a60]  (no source info available)
V  [jvm.dll+0xa46eb1]  (no source info available)
V  [jvm.dll+0xa475c3]  (no source info available)
V  [jvm.dll+0x311a96]  (no source info available)
V  [jvm.dll+0x7dac15]  (no source info available)
V  [jvm.dll+0x7cde17]  (no source info available)
V  [jvm.dll+0x40c368]  (no source info available)
V  [jvm.dll+0x4146e6]  (no source info available)
V  [jvm.dll+0x400768]  (no source info available)
V  [jvm.dll+0x400e74]  (no source info available)
V  [jvm.dll+0x400f3f]  (no source info available)
V  [jvm.dll+0x3d95ac]  (no source info available)
V  [jvm.dll+0x3d92f4]  (no source info available)
V  [jvm.dll+0x3c8385]  (no source info available)
V  [jvm.dll+0x3c8766]  (no source info available)
V  [jvm.dll+0x3c942b]  (no source info available)
V  [jvm.dll+0x3c98e1]  (no source info available)
V  [jvm.dll+0x3c9315]  (no source info available)
V  [jvm.dll+0x40e281]  (no source info available)
V  [jvm.dll+0x40e683]  (no source info available)
V  [jvm.dll+0x40c988]  (no source info available)
V  [jvm.dll+0x40fa3b]  (no source info available)
V  [jvm.dll+0x425294]  (no source info available)
V  [jvm.dll+0x42570a]  (no source info available)
V  [jvm.dll+0x4257f7]  (no source info available)
V  [jvm.dll+0x4268c7]  (no source info available)
V  [jvm.dll+0xa7c6f1]  (no source info available)
V  [jvm.dll+0x9e3039]  (no source info available)
V  [jvm.dll+0x7dd228]  (no source info available)
C  [ucrtbase.dll+0x2cd30]  (no source info available)
C  [KERNEL32.DLL+0x2e957]  (no source info available)
C  [ntdll.dll+0xaad6c]  (no source info available)


---------------  P R O C E S S  ---------------

Threads class SMR info:
_java_thread_list=0x00000267ce08d690, length=11, elements={
0x00000267a6c45790, 0x00000267c90c3620, 0x00000267c90c4070, 0x00000267c90c7990,
0x00000267c90c8140, 0x00000267c90c9900, 0x00000267c90ce0d0, 0x00000267c90d4fe0,
0x00000267c90d57e0, 0x00000267c913e810, 0x00000267c991cab0
}

Java Threads: ( => current thread )
  0x00000267a6c45790 JavaThread "main"                              [_thread_blocked, id=61212, stack(0x000000f1f6900000,0x000000f1f6a00000) (1024K)]
  0x00000267c90c3620 JavaThread "Reference Handler"          daemon [_thread_blocked, id=59036, stack(0x000000f1f7200000,0x000000f1f7300000) (1024K)]
  0x00000267c90c4070 JavaThread "Finalizer"                  daemon [_thread_blocked, id=58552, stack(0x000000f1f7300000,0x000000f1f7400000) (1024K)]
  0x00000267c90c7990 JavaThread "Signal Dispatcher"          daemon [_thread_blocked, id=59076, stack(0x000000f1f7400000,0x000000f1f7500000) (1024K)]
  0x00000267c90c8140 JavaThread "Attach Listener"            daemon [_thread_blocked, id=57096, stack(0x000000f1f7500000,0x000000f1f7600000) (1024K)]
  0x00000267c90c9900 JavaThread "Service Thread"             daemon [_thread_blocked, id=53868, stack(0x000000f1f7600000,0x000000f1f7700000) (1024K)]
  0x00000267c90ce0d0 JavaThread "Monitor Deflation Thread"   daemon [_thread_blocked, id=61004, stack(0x000000f1f7700000,0x000000f1f7800000) (1024K)]
  0x00000267c90d4fe0 JavaThread "C2 CompilerThread0"         daemon [_thread_blocked, id=52268, stack(0x000000f1f7800000,0x000000f1f7900000) (1024K)]
  0x00000267c90d57e0 JavaThread "C1 CompilerThread0"         daemon [_thread_blocked, id=55416, stack(0x000000f1f7900000,0x000000f1f7a00000) (1024K)]
  0x00000267c913e810 JavaThread "Notification Thread"        daemon [_thread_blocked, id=34752, stack(0x000000f1f7a00000,0x000000f1f7b00000) (1024K)]
  0x00000267c991cab0 JavaThread "Common-Cleaner"             daemon [_thread_blocked, id=47476, stack(0x000000f1f7b00000,0x000000f1f7c00000) (1024K)]
Total: 11

Other Threads:
  0x00000267c90b3810 VMThread "VM Thread"                           [id=59824, stack(0x000000f1f7100000,0x000000f1f7200000) (1024K)]
  0x00000267a90ffc30 WatcherThread "VM Periodic Task Thread"        [id=59844, stack(0x000000f1f7000000,0x000000f1f7100000) (1024K)]
=>0x00000267a90e07f0 WorkerThread "GC Thread#0"                     [id=59476, stack(0x000000f1f6a00000,0x000000f1f6b00000) (1024K)]
  0x00000267ce067e80 WorkerThread "GC Thread#1"                     [id=50908, stack(0x000000f1f7d00000,0x000000f1f7e00000) (1024K)]
  0x00000267ce38b380 WorkerThread "GC Thread#2"                     [id=59908, stack(0x000000f1f7c00000,0x000000f1f7d00000) (1024K)]
  0x00000267a90f96b0 ConcurrentGCThread "G1 Main Marker"            [id=59484, stack(0x000000f1f6b00000,0x000000f1f6c00000) (1024K)]
  0x00000267a90fdfc0 WorkerThread "G1 Conc#0"                       [id=57492, stack(0x000000f1f6c00000,0x000000f1f6d00000) (1024K)]
  0x00000267c8f719c0 WorkerThread "G1 Refinement Workers#0"         [id=59520, stack(0x000000f1f6e00000,0x000000f1f6f00000) (1024K)]
  0x00000267c8f71400 ConcurrentGCThread "G1 Refine Control"         [id=59516, stack(0x000000f1f6d00000,0x000000f1f6e00000) (1024K)]
  0x00000267a911d8c0 ConcurrentGCThread "G1 Service"                [id=59524, stack(0x000000f1f6f00000,0x000000f1f7000000) (1024K)]
Total: 10

Threads with active compile tasks:
Total: 0

VM state: at safepoint (normal execution)

VM Mutex/Monitor currently owned by a thread:  ([mutex/lock_event])
[0x00007fff8d0fd388] G1FreeList_lock - owner thread: 0x00000267a90e07f0
[0x00007fff8d0ffa88] Threads_lock - owner thread: 0x00000267c90b3810
[0x00007fff8d0ffd08] Heap_lock - owner thread: 0x00000267a6c45790

Heap address: 0x0000000702400000, size: 4060 MB, Compressed Oops mode: Zero based, Oop shift amount: 3

CDS archive(s) mapped at: [0x0000000012000000-0x0000000012de0000-0x0000000012de0000), size 14548992, SharedBaseAddress: 0x0000000012000000, ArchiveRelocationMode: 1.
Compressed class space mapped at: 0x0000000013000000-0x0000000053000000, reserved size: 1073741824
UseCompressedClassPointers 1, UseCompactObjectHeaders 0
Narrow klass pointer bits 32, Max shift 3
Narrow klass base: 0x0000000012000000, Narrow klass shift: 0
Encoding Range: [0x0000000012000000 - 0x0000000112000000), (4294967296 bytes)
Klass Range:    [0x0000000012000000 - 0x0000000053000000), (1090519040 bytes)
Klass ID Range:  [8 - 1090519033) (1090519025)
Protection zone: [0x0000000012000000 - 0x0000000012010000), (65536 bytes)

GC Precious Log:
 CardTable entry size: 512
 Card Set container configuration: InlinePtr #cards 4 size 8 Array Of Cards #cards 16 size 48 Howl #buckets 8 coarsen threshold 3686 Howl Bitmap #cards 512 size 80 coarsen threshold 460 Card regions per heap region 1 cards per card region 4096
 CPUs: 12 total, 12 available
 Memory: 16237M
 Large Page Support: Disabled
 NUMA Support: Disabled
 Compressed Oops: Enabled (Zero based)
 Heap Region Size: 2M
 Heap Min Capacity: 8M
 Heap Initial Capacity: 8M
 Heap Max Capacity: 4060M
 Pre-touch: Disabled
 Parallel Workers: 10
 Concurrent Workers: 3
 Concurrent Refinement Workers: 10
 Periodic GC: Disabled

Heap:
 garbage-first heap   total reserved 4157440K, committed 10240K, used 5966K [0x0000000702400000, 0x0000000800000000)
  region size 2M, 1 eden (2M), 1 survivor (2M), 2 old (4M), 0 humongous (0M), 0 free (0M)

Heap Regions: E=young(eden), S=young(survivor), O=old, HS=humongous(starts), HC=humongous(continues), CS=collection set, F=free, TAMS=top-at-mark-start, PB=parsable bottom
|    0|0x0000000702400000, 0x0000000702600000, 0x0000000702600000|100%| O|  |TAMS 0x0000000702400000| PB 0x0000000702400000| Untracked |  0
|    1|0x0000000702600000, 0x0000000702714b80, 0x0000000702800000| 54%| E|CS|TAMS 0x0000000702600000| PB 0x0000000702600000| Complete  |  0
|    2|0x0000000702800000, 0x0000000702899420, 0x0000000702a00000| 29%| S|  |TAMS 0x0000000702800000| PB 0x0000000702800000| Untracked |  0
|    3|0x0000000702a00000, 0x0000000702c00000, 0x0000000702c00000|100%| E|CS|TAMS 0x0000000702a00000| PB 0x0000000702a00000| Complete  |  0
| 2029|0x00000007ffe00000, 0x00000007fff27b70, 0x0000000800000000| 57%| O|  |TAMS 0x00000007ffe00000| PB 0x00000007ffe00000| Untracked |  0

Card table byte_map: [0x00000267c24b0000,0x00000267c2ca0000] _byte_map_base: 0x00000267bec9e000
Refinement table byte_map: [0x00000267c1cc0000,0x00000267c24b0000] _byte_map_base: 0x00000267be4ae000

Marking Bits: (CMBitMap*) 0x00000267a90e0f70
 Bits: [0x00000267c2ca0000, 0x00000267c6c10000)

Polling page: 0x00000267a6e00000

Metaspace:
Metaspace        used 4558K, committed 4672K, reserved 1114112K
 class space     used 505K, committed 576K, reserved 1048576K

Usage:
  Non-class:      3.96 MB used.
      Class:    505.18 KB used.
       Both:      4.45 MB used.

Virtual space:
  Non-class space:       64.00 MB reserved,       4.00 MB (  6%) committed,  1 nodes.
      Class space:        1.00 GB reserved,     576.00 KB ( <1%) committed,  1 nodes.
             Both:        1.06 GB reserved,       4.56 MB ( <1%) committed. 

Chunk freelists:
   Non-Class:  9.83 MB
       Class:  15.41 MB
        Both:  25.24 MB

MaxMetaspaceSize: unlimited
CompressedClassSpaceSize: 1.00 GB
Initial GC threshold: 21.00 MB
Current GC threshold: 21.00 MB
CDS: on
 - commit_granule_bytes: 65536.
 - commit_granule_words: 8192.
 - virtual_space_node_default_size: 8388608.
 - enlarge_chunks_in_place: 1.
UseCompressedClassPointers 1, UseCompactObjectHeaders 0
Narrow klass pointer bits 32, Max shift 3
Narrow klass base: 0x0000000012000000, Narrow klass shift: 0
Encoding Range: [0x0000000012000000 - 0x0000000112000000), (4294967296 bytes)
Klass Range:    [0x0000000012000000 - 0x0000000053000000), (1090519040 bytes)
Klass ID Range:  [8 - 1090519033) (1090519025)
Protection zone: [0x0000000012000000 - 0x0000000012010000), (65536 bytes)


Internal statistics:

num_allocs_failed_limit: 0.
num_arena_births: 46.
num_arena_deaths: 0.
num_vsnodes_births: 2.
num_vsnodes_deaths: 0.
num_space_committed: 73.
num_space_uncommitted: 0.
num_chunks_returned_to_freelist: 0.
num_chunks_taken_from_freelist: 174.
num_chunk_merges: 0.
num_chunk_splits: 110.
num_chunks_enlarged: 88.
num_inconsistent_stats: 0.

CodeHeap 'non-profiled nmethods': size=120064Kb used=283Kb max_used=283Kb free=119780Kb
 bounds [0x00000267b9a40000, 0x00000267b9cb0000, 0x00000267c0f80000]
CodeHeap 'profiled nmethods': size=120064Kb used=1558Kb max_used=1558Kb free=118505Kb
 bounds [0x00000267b1f60000, 0x00000267b21d0000, 0x00000267b94a0000]
CodeHeap 'non-nmethods': size=5760Kb used=1347Kb max_used=1364Kb free=4412Kb
 bounds [0x00000267b94a0000, 0x00000267b9710000, 0x00000267b9a40000]
CodeCache: size=245888Kb, used=3188Kb, max_used=3205Kb, free=242697Kb
 total_blobs=1529, nmethods=1065, adapters=369, full_count=0
Compilation: enabled, stopped_count=0, restarted_count=0

Compilation events (20 events):
Event: 13.392 Thread 0x00000267c90d57e0 1058       3       java.lang.invoke.MemberName::getType (19 bytes)
Event: 13.392 Thread 0x00000267c90d57e0 nmethod 1058 0x00000267b20e2908 code [0x00000267b20e2a00, 0x00000267b20e2e48]
Event: 13.392 Thread 0x00000267c90d57e0 1055       1       java.lang.Class::getModifiers (5 bytes)
Event: 13.392 Thread 0x00000267c90d57e0 nmethod 1055 0x00000267b9a86088 code [0x00000267b9a86180, 0x00000267b9a86238]
Event: 13.392 Thread 0x00000267c90d57e0 1059       1       jdk.internal.classfile.impl.BufWriterImpl::constantPool (5 bytes)
Event: 13.392 Thread 0x00000267c90d57e0 nmethod 1059 0x00000267b9a86388 code [0x00000267b9a86480, 0x00000267b9a86538]
Event: 13.392 Thread 0x00000267c90d57e0 1061       3       jdk.internal.classfile.impl.BufWriterImpl::setLabelContext (11 bytes)
Event: 13.392 Thread 0x00000267c90d57e0 nmethod 1061 0x00000267b20e2e88 code [0x00000267b20e2f80, 0x00000267b20e30d0]
Event: 13.392 Thread 0x00000267c90d57e0 1060       1       jdk.internal.classfile.impl.AbstractAttributeMapper::name (5 bytes)
Event: 13.392 Thread 0x00000267c90d57e0 nmethod 1060 0x00000267b9a86688 code [0x00000267b9a86780, 0x00000267b9a86838]
Event: 13.392 Thread 0x00000267c90d57e0 1063       3       java.util.Arrays::fill (21 bytes)
Event: 13.393 Thread 0x00000267c90d57e0 nmethod 1063 0x00000267b20e3188 code [0x00000267b20e3280, 0x00000267b20e3558]
Event: 13.393 Thread 0x00000267c90d4fe0 1064       4       java.lang.invoke.MethodType::parameterCount (6 bytes)
Event: 13.393 Thread 0x00000267c90d57e0 1065       3       java.lang.invoke.MethodType::basicType (8 bytes)
Event: 13.393 Thread 0x00000267c90d57e0 nmethod 1065 0x00000267b20e3588 code [0x00000267b20e3680, 0x00000267b20e3820]
Event: 13.393 Thread 0x00000267c90d57e0 1066       3       jdk.internal.classfile.impl.BufWriterImpl::writeIndex (10 bytes)
Event: 13.393 Thread 0x00000267c90d4fe0 nmethod 1064 0x00000267b9a86c88 code [0x00000267b9a86d80, 0x00000267b9a86e00]
Event: 13.393 Thread 0x00000267c90d57e0 nmethod 1066 0x00000267b20e3888 code [0x00000267b20e3980, 0x00000267b20e4de0]
Event: 13.397 Thread 0x00000267c90d57e0 1067       3       java.util.concurrent.ConcurrentHashMap::get (162 bytes)
Event: 13.397 Thread 0x00000267c90d57e0 nmethod 1067 0x00000267b20e4e08 code [0x00000267b20e4f00, 0x00000267b20e5900]

GC Heap Usage History (11 events):
Event: 5.377 {heap Before GC invocations=0 (full 0):
 garbage-first heap   total reserved 4157440K, committed 10240K, used 3230K [0x0000000702400000, 0x0000000800000000)
  region size 2M, 2 eden (4M), 0 survivor (0M), 1 old (2M), 0 humongous (0M), 2 free (4M)
}
Event: 5.380 {heap After GC invocations=1 (full 0):
 garbage-first heap   total reserved 4157440K, committed 10240K, used 2846K [0x0000000702400000, 0x0000000800000000)
  region size 2M, 0 eden (0M), 1 survivor (2M), 1 old (2M), 0 humongous (0M), 3 free (6M)
}
Event: 8.969 {heap Before GC invocations=1 (full 0):
 garbage-first heap   total reserved 4157440K, committed 10240K, used 4894K [0x0000000702400000, 0x0000000800000000)
  region size 2M, 1 eden (2M), 1 survivor (2M), 1 old (2M), 0 humongous (0M), 2 free (4M)
}
Event: 8.971 {heap After GC invocations=2 (full 0):
 garbage-first heap   total reserved 4157440K, committed 10240K, used 2881K [0x0000000702400000, 0x0000000800000000)
  region size 2M, 0 eden (0M), 1 survivor (2M), 2 old (4M), 0 humongous (0M), 2 free (4M)
}
Event: 9.698 {heap Before GC invocations=2 (full 0):
 garbage-first heap   total reserved 4157440K, committed 10240K, used 4929K [0x0000000702400000, 0x0000000800000000)
  region size 2M, 1 eden (2M), 1 survivor (2M), 2 old (4M), 0 humongous (0M), 1 free (2M)
}
Event: 9.699 {heap After GC invocations=3 (full 0):
 garbage-first heap   total reserved 4157440K, committed 10240K, used 3438K [0x0000000702400000, 0x0000000800000000)
  region size 2M, 0 eden (0M), 1 survivor (2M), 2 old (4M), 0 humongous (0M), 2 free (4M)
}
Event: 10.866 {heap Before GC invocations=3 (full 0):
 garbage-first heap   total reserved 4157440K, committed 10240K, used 5486K [0x0000000702400000, 0x0000000800000000)
  region size 2M, 1 eden (2M), 1 survivor (2M), 2 old (4M), 0 humongous (0M), 1 free (2M)
}
Event: 10.869 {heap After GC invocations=4 (full 0):
 garbage-first heap   total reserved 4157440K, committed 10240K, used 3930K [0x0000000702400000, 0x0000000800000000)
  region size 2M, 0 eden (0M), 1 survivor (2M), 2 old (4M), 0 humongous (0M), 2 free (4M)
}
Event: 11.917 {heap Before GC invocations=4 (full 0):
 garbage-first heap   total reserved 4157440K, committed 10240K, used 5978K [0x0000000702400000, 0x0000000800000000)
  region size 2M, 1 eden (2M), 1 survivor (2M), 2 old (4M), 0 humongous (0M), 1 free (2M)
}
Event: 12.183 {heap After GC invocations=5 (full 0):
 garbage-first heap   total reserved 4157440K, committed 10240K, used 3918K [0x0000000702400000, 0x0000000800000000)
  region size 2M, 0 eden (0M), 1 survivor (2M), 2 old (4M), 0 humongous (0M), 2 free (4M)
}
Event: 13.526 {heap Before GC invocations=5 (full 0):
 garbage-first heap   total reserved 4157440K, committed 10240K, used 5966K [0x0000000702400000, 0x0000000800000000)
  region size 2M, 1 eden (2M), 1 survivor (2M), 2 old (4M), 0 humongous (0M), 1 free (2M)
}

Metaspace Usage History (11 events):
Event: 5.377 {metaspace Before GC invocations=0 (full 0):
 Metaspace       used 1083K, committed 1216K, reserved 1114112K
  class space    used 88K, committed 128K, reserved 1048576K
}
Event: 5.380 {metaspace After GC invocations=1 (full 0):
 Metaspace       used 1083K, committed 1216K, reserved 1114112K
  class space    used 88K, committed 128K, reserved 1048576K
}
Event: 8.969 {metaspace Before GC invocations=1 (full 0):
 Metaspace       used 1974K, committed 2176K, reserved 1114112K
  class space    used 185K, committed 256K, reserved 1048576K
}
Event: 8.971 {metaspace After GC invocations=2 (full 0):
 Metaspace       used 1974K, committed 2176K, reserved 1114112K
  class space    used 185K, committed 256K, reserved 1048576K
}
Event: 9.698 {metaspace Before GC invocations=2 (full 0):
 Metaspace       used 2505K, committed 2688K, reserved 1114112K
  class space    used 237K, committed 320K, reserved 1048576K
}
Event: 9.699 {metaspace After GC invocations=3 (full 0):
 Metaspace       used 2505K, committed 2688K, reserved 1114112K
  class space    used 237K, committed 320K, reserved 1048576K
}
Event: 10.866 {metaspace Before GC invocations=3 (full 0):
 Metaspace       used 2983K, committed 3136K, reserved 1114112K
  class space    used 303K, committed 384K, reserved 1048576K
}
Event: 10.869 {metaspace After GC invocations=4 (full 0):
 Metaspace       used 2983K, committed 3136K, reserved 1114112K
  class space    used 303K, committed 384K, reserved 1048576K
}
Event: 11.917 {metaspace Before GC invocations=4 (full 0):
 Metaspace       used 3730K, committed 3904K, reserved 1114112K
  class space    used 388K, committed 448K, reserved 1048576K
}
Event: 12.183 {metaspace After GC invocations=5 (full 0):
 Metaspace       used 3730K, committed 3904K, reserved 1114112K
  class space    used 388K, committed 448K, reserved 1048576K
}
Event: 13.526 {metaspace Before GC invocations=5 (full 0):
 Metaspace       used 4558K, committed 4672K, reserved 1114112K
  class space    used 505K, committed 576K, reserved 1048576K
}

Dll operation events (14 events):
Event: 0.462 Attempting to load shared library C:\Program Files\Apache NetBeans\jdk\bin\java.dll
Event: 0.463 Loaded shared library C:\Program Files\Apache NetBeans\jdk\bin\java.dll
Event: 0.565 Attempting to load shared library C:\Program Files\Apache NetBeans\jdk\bin\net.dll
Event: 0.565 Loaded shared library C:\Program Files\Apache NetBeans\jdk\bin\net.dll
Event: 0.567 Attempting to load shared library C:\Program Files\Apache NetBeans\jdk\bin\nio.dll
Event: 0.569 Loaded shared library C:\Program Files\Apache NetBeans\jdk\bin\nio.dll
Event: 0.572 Attempting to load shared library C:\Program Files\Apache NetBeans\jdk\bin\zip.dll
Event: 0.573 Loaded shared library C:\Program Files\Apache NetBeans\jdk\bin\zip.dll
Event: 4.055 Attempting to load shared library C:\Program Files\Apache NetBeans\java\maven\lib\jansi-native\Windows\x86_64\jansi.dll
Event: 4.056 Loaded shared library C:\Program Files\Apache NetBeans\java\maven\lib\jansi-native\Windows\x86_64\jansi.dll
Event: 4.068 Attempting to load shared library C:\Program Files\Apache NetBeans\jdk\bin\verify.dll
Event: 4.069 Loaded shared library C:\Program Files\Apache NetBeans\jdk\bin\verify.dll
Event: 5.482 Attempting to load shared library C:\Program Files\Apache NetBeans\jdk\bin\jimage.dll
Event: 5.482 Loaded shared library C:\Program Files\Apache NetBeans\jdk\bin\jimage.dll

Deoptimization events (20 events):
Event: 10.052 Thread 0x00000267a6c45790 DEOPT PACKING pc=0x00000267b9a4f49c sp=0x000000f1f69fe140
Event: 10.052 Thread 0x00000267a6c45790 DEOPT UNPACKING pc=0x00000267b9531f82 sp=0x000000f1f69fdfe8 mode 2
Event: 10.052 Thread 0x00000267a6c45790 Uncommon trap: trap_request=0xffffff45 fr.pc=0x00000267b9a65240 relative=0x0000000000000040
Event: 10.052 Thread 0x00000267a6c45790 Uncommon trap: reason=unstable_if action=reinterpret pc=0x00000267b9a65240 method=java.lang.AbstractStringBuilder.isLatin1(B)Z @ 7 c2
Event: 10.052 Thread 0x00000267a6c45790 DEOPT PACKING pc=0x00000267b9a65240 sp=0x000000f1f69fe080
Event: 10.052 Thread 0x00000267a6c45790 DEOPT UNPACKING pc=0x00000267b9531f82 sp=0x000000f1f69fe010 mode 2
Event: 10.052 Thread 0x00000267a6c45790 Uncommon trap: trap_request=0xffffff45 fr.pc=0x00000267b9a4f8c4 relative=0x00000000000001c4
Event: 10.052 Thread 0x00000267a6c45790 Uncommon trap: reason=unstable_if action=reinterpret pc=0x00000267b9a4f8c4 method=java.lang.AbstractStringBuilder.isLatin1(B)Z @ 7 c2
Event: 10.052 Thread 0x00000267a6c45790 DEOPT PACKING pc=0x00000267b9a4f8c4 sp=0x000000f1f69fe150
Event: 10.052 Thread 0x00000267a6c45790 DEOPT UNPACKING pc=0x00000267b9531f82 sp=0x000000f1f69fe090 mode 2
Event: 10.053 Thread 0x00000267a6c45790 Uncommon trap: trap_request=0xffffff45 fr.pc=0x00000267b9a4bb64 relative=0x0000000000000064
Event: 10.053 Thread 0x00000267a6c45790 Uncommon trap: reason=unstable_if action=reinterpret pc=0x00000267b9a4bb64 method=java.lang.AbstractStringBuilder.needsNewBuffer([BBIB)Z @ 8 c2
Event: 10.053 Thread 0x00000267a6c45790 DEOPT PACKING pc=0x00000267b9a4bb64 sp=0x000000f1f69fe060
Event: 10.053 Thread 0x00000267a6c45790 DEOPT UNPACKING pc=0x00000267b9531f82 sp=0x000000f1f69fdfe8 mode 2
Event: 10.612 Thread 0x00000267a6c45790 DEOPT PACKING pc=0x00000267b1f940f8 sp=0x000000f1f69fa2c0
Event: 10.612 Thread 0x00000267a6c45790 DEOPT UNPACKING pc=0x00000267b94f1a02 sp=0x000000f1f69f9730 mode 0
Event: 13.386 Thread 0x00000267a6c45790 Uncommon trap: trap_request=0xffffff45 fr.pc=0x00000267b9a7d344 relative=0x00000000000003c4
Event: 13.386 Thread 0x00000267a6c45790 Uncommon trap: reason=unstable_if action=reinterpret pc=0x00000267b9a7d344 method=java.util.concurrent.ConcurrentHashMap.get(Ljava/lang/Object;)Ljava/lang/Object; @ 76 c2
Event: 13.386 Thread 0x00000267a6c45790 DEOPT PACKING pc=0x00000267b9a7d344 sp=0x000000f1f69fd960
Event: 13.386 Thread 0x00000267a6c45790 DEOPT UNPACKING pc=0x00000267b9531f82 sp=0x000000f1f69fd8d8 mode 2

Classes loaded (20 events):
Event: 13.388 Loading class sun/reflect/generics/tree/Signature done
Event: 13.388 Loading class sun/reflect/generics/tree/ClassSignature done
Event: 13.389 Loading class sun/reflect/annotation/TypeAnnotation$TypeAnnotationTarget
Event: 13.389 Loading class sun/reflect/annotation/TypeAnnotation$TypeAnnotationTarget done
Event: 13.389 Loading class sun/reflect/annotation/TypeAnnotation$LocationInfo
Event: 13.389 Loading class sun/reflect/annotation/TypeAnnotation$LocationInfo done
Event: 13.389 Loading class sun/reflect/annotation/TypeAnnotation$LocationInfo$Location
Event: 13.389 Loading class sun/reflect/annotation/TypeAnnotation$LocationInfo$Location done
Event: 13.389 Loading class sun/reflect/annotation/AnnotatedTypeFactory
Event: 13.389 Loading class sun/reflect/annotation/AnnotatedTypeFactory done
Event: 13.389 Loading class sun/reflect/annotation/AnnotatedTypeFactory$AnnotatedTypeBaseImpl
Event: 13.389 Loading class java/lang/reflect/AnnotatedType
Event: 13.389 Loading class java/lang/reflect/AnnotatedType done
Event: 13.389 Loading class sun/reflect/annotation/AnnotatedTypeFactory$AnnotatedTypeBaseImpl done
Event: 13.389 Loading class java/util/stream/Streams$ConcatSpliterator$OfRef
Event: 13.389 Loading class java/util/stream/Streams$ConcatSpliterator
Event: 13.389 Loading class java/util/stream/Streams$ConcatSpliterator done
Event: 13.389 Loading class java/util/stream/Streams$ConcatSpliterator$OfRef done
Event: 13.389 Loading class java/util/stream/Streams$2
Event: 13.389 Loading class java/util/stream/Streams$2 done

Classes unloaded (0 events):
No events

Classes redefined (0 events):
No events

Internal exceptions (20 events):
Event: 4.059 Thread 0x00000267a6c45790 Exception <a 'java/lang/NullPointerException'{0x00000007029c1c20}> (0x00000007029c1c20) 
thrown [s\src\hotspot\share\interpreter\linkResolver.cpp, line 1428]
Event: 4.062 Thread 0x00000267a6c45790 Exception <a 'java/lang/NullPointerException'{0x00000007029d3520}> (0x00000007029d3520) 
thrown [s\src\hotspot\share\interpreter\linkResolver.cpp, line 1428]
Event: 4.062 Thread 0x00000267a6c45790 Exception <a 'java/lang/NullPointerException'{0x00000007029d3800}> (0x00000007029d3800) 
thrown [s\src\hotspot\share\interpreter\linkResolver.cpp, line 1428]
Event: 4.062 Thread 0x00000267a6c45790 Exception <a 'java/lang/NullPointerException'{0x00000007029d3ae0}> (0x00000007029d3ae0) 
thrown [s\src\hotspot\share\interpreter\linkResolver.cpp, line 1428]
Event: 4.062 Thread 0x00000267a6c45790 Exception <a 'java/lang/NullPointerException'{0x00000007029d3dc0}> (0x00000007029d3dc0) 
thrown [s\src\hotspot\share\interpreter\linkResolver.cpp, line 1428]
Event: 4.067 Thread 0x00000267a6c45790 Exception <a 'sun/nio/fs/WindowsException'{0x00000007029f59a8}> (0x00000007029f59a8) 
thrown [s\src\hotspot\share\prims\jni.cpp, line 514]
Event: 4.067 Thread 0x00000267a6c45790 Exception <a 'sun/nio/fs/WindowsException'{0x00000007029f5fe0}> (0x00000007029f5fe0) 
thrown [s\src\hotspot\share\prims\jni.cpp, line 514]
Event: 4.067 Thread 0x00000267a6c45790 Exception <a 'sun/nio/fs/WindowsException'{0x00000007029f65c8}> (0x00000007029f65c8) 
thrown [s\src\hotspot\share\prims\jni.cpp, line 514]
Event: 4.067 Thread 0x00000267a6c45790 Exception <a 'sun/nio/fs/WindowsException'{0x00000007029f6b38}> (0x00000007029f6b38) 
thrown [s\src\hotspot\share\prims\jni.cpp, line 514]
Event: 4.068 Thread 0x00000267a6c45790 Exception <a 'sun/nio/fs/WindowsException'{0x00000007029f7088}> (0x00000007029f7088) 
thrown [s\src\hotspot\share\prims\jni.cpp, line 514]
Event: 4.068 Thread 0x00000267a6c45790 Exception <a 'sun/nio/fs/WindowsException'{0x00000007029f7578}> (0x00000007029f7578) 
thrown [s\src\hotspot\share\prims\jni.cpp, line 514]
Event: 4.068 Thread 0x00000267a6c45790 Exception <a 'sun/nio/fs/WindowsException'{0x00000007029f7a20}> (0x00000007029f7a20) 
thrown [s\src\hotspot\share\prims\jni.cpp, line 514]
Event: 5.416 Thread 0x00000267a6c45790 Exception <a 'java/lang/NoSuchMethodError'{0x0000000702a312c0}: 'void java.lang.invoke.DirectMethodHandle$Holder.invokeVirtual(java.lang.Object, java.lang.Object)'> (0x0000000702a312c0) 
thrown [s\src\hotspot\share\interpreter\linkResolver.cpp, line 804]
Event: 5.420 Thread 0x00000267a6c45790 Exception <a 'java/lang/NoSuchMethodError'{0x0000000702a52c78}: 'void java.lang.invoke.DirectMethodHandle$Holder.invokeStatic(java.lang.Object, java.lang.Object)'> (0x0000000702a52c78) 
thrown [s\src\hotspot\share\interpreter\linkResolver.cpp, line 804]
Event: 5.420 Thread 0x00000267a6c45790 Exception <a 'java/lang/NoSuchMethodError'{0x0000000702a5ac60}: 'void java.lang.invoke.DirectMethodHandle$Holder.invokeStaticInit(java.lang.Object, java.lang.Object)'> (0x0000000702a5ac60) 
thrown [s\src\hotspot\share\interpreter\linkResolver.cpp, line 804]
Event: 5.427 Thread 0x00000267a6c45790 Exception <a 'java/lang/NoSuchMethodError'{0x0000000702a927f8}: 'void java.lang.invoke.DirectMethodHandle$Holder.invokeSpecial(java.lang.Object, java.lang.Object, java.lang.Object, java.lang.Object, java.lang.Object)'> (0x0000000702a927f8) 
thrown [s\src\hotspot\share\interpreter\linkResolver.cpp, line 804]
Event: 5.479 Thread 0x00000267a6c45790 Exception <a 'java/lang/NoSuchMethodError'{0x0000000702ad3b38}: 'void java.lang.invoke.DirectMethodHandle$Holder.invokeStatic(java.lang.Object, java.lang.Object, java.lang.Object)'> (0x0000000702ad3b38) 
thrown [s\src\hotspot\share\interpreter\linkResolver.cpp, line 804]
Event: 9.191 Thread 0x00000267a6c45790 Exception <a 'java/lang/NoSuchMethodError'{0x0000000702a95098}: 'java.lang.Object java.lang.invoke.DirectMethodHandle$Holder.invokeSpecialIFC(java.lang.Object, java.lang.Object, java.lang.Object, java.lang.Object)'> (0x0000000702a95098) 
thrown [s\src\hotspot\share\interpreter\linkResolver.cpp, line 804]
Event: 11.801 Thread 0x00000267a6c45790 Exception <a 'java/lang/NoSuchMethodError'{0x0000000702bbb168}: 'void java.lang.invoke.DirectMethodHandle$Holder.invokeSpecial(java.lang.Object, java.lang.Object, java.lang.Object)'> (0x0000000702bbb168) 
thrown [s\src\hotspot\share\interpreter\linkResolver.cpp, line 804]
Event: 13.389 Thread 0x00000267a6c45790 Exception <a 'java/lang/NoSuchMethodError'{0x0000000702b6a558}: 'java.lang.Object java.lang.invoke.DirectMethodHandle$Holder.invokeInterface(java.lang.Object, java.lang.Object)'> (0x0000000702b6a558) 
thrown [s\src\hotspot\share\interpreter\linkResolver.cpp, line 804]

VM Operations (17 events):
Event: 4.042 Executing non-safepoint VM operation: HandshakeAllThreads (Deoptimize)
Event: 4.042 Executing non-safepoint VM operation: HandshakeAllThreads (Deoptimize) done
Event: 4.069 Executing safepoint VM operation: G1CollectForAllocation (G1 Evacuation Pause)
Event: 5.380 Executing safepoint VM operation: G1CollectForAllocation (G1 Evacuation Pause) done
Event: 5.489 Executing non-safepoint VM operation: HandshakeAllThreads (Deoptimize)
Event: 7.262 Executing non-safepoint VM operation: HandshakeAllThreads (Deoptimize) done
Event: 8.969 Executing safepoint VM operation: G1CollectForAllocation (G1 Evacuation Pause)
Event: 8.971 Executing safepoint VM operation: G1CollectForAllocation (G1 Evacuation Pause) done
Event: 9.698 Executing safepoint VM operation: G1CollectForAllocation (G1 Evacuation Pause)
Event: 9.699 Executing safepoint VM operation: G1CollectForAllocation (G1 Evacuation Pause) done
Event: 10.866 Executing safepoint VM operation: G1CollectForAllocation (G1 Evacuation Pause)
Event: 10.869 Executing safepoint VM operation: G1CollectForAllocation (G1 Evacuation Pause) done
Event: 11.917 Executing safepoint VM operation: G1CollectForAllocation (G1 Evacuation Pause)
Event: 12.183 Executing safepoint VM operation: G1CollectForAllocation (G1 Evacuation Pause) done
Event: 13.260 Executing non-safepoint VM operation: HandshakeAllThreads (Deoptimize)
Event: 13.260 Executing non-safepoint VM operation: HandshakeAllThreads (Deoptimize) done
Event: 13.526 Executing safepoint VM operation: G1CollectForAllocation (G1 Evacuation Pause)

Memory protections (0 events):
No events

Nmethod flushes (0 events):
No events

Events (15 events):
Event: 0.528 Thread 0x00000267a6c45790 Thread added: 0x00000267a6c45790
Event: 0.544 Thread 0x00000267a6c45790 Thread added: 0x00000267c90c3620
Event: 0.544 Thread 0x00000267a6c45790 Thread added: 0x00000267c90c4070
Event: 0.544 Thread 0x00000267a6c45790 Thread added: 0x00000267c90c7990
Event: 0.544 Thread 0x00000267a6c45790 Thread added: 0x00000267c90c8140
Event: 0.545 Thread 0x00000267a6c45790 Thread added: 0x00000267c90c9900
Event: 0.545 Thread 0x00000267a6c45790 Thread added: 0x00000267c90ce0d0
Event: 0.545 Thread 0x00000267a6c45790 Thread added: 0x00000267c90d4fe0
Event: 0.545 Thread 0x00000267a6c45790 Thread added: 0x00000267c90d57e0
Event: 0.561 Thread 0x00000267a6c45790 Thread added: 0x00000267c913e810
Event: 0.563 Thread 0x00000267a6c45790 Thread added: 0x00000267c991cab0
Event: 0.662 Thread 0x00000267c90d4fe0 Thread added: 0x00000267c9ab0270
Event: 3.417 Thread 0x00000267c9ab0270 Thread exited: 0x00000267c9ab0270
Event: 4.050 Thread 0x00000267a6c45790 Thread added: 0x00000267ce05f740
Event: 8.233 Thread 0x00000267ce05f740 Thread exited: 0x00000267ce05f740


Dynamic libraries:
0x00007ff623720000 - 0x00007ff62372e000 	C:\Program Files\Apache NetBeans\jdk\bin\java.exe
0x00007ff832b60000 - 0x00007ff832dc6000 	C:\WINDOWS\SYSTEM32\ntdll.dll
0x00007ff831820000 - 0x00007ff8318e9000 	C:\WINDOWS\System32\KERNEL32.DLL
0x00007ff82fd80000 - 0x00007ff83017e000 	C:\WINDOWS\System32\KERNELBASE.dll
0x00007ff82cc20000 - 0x00007ff82ccc0000 	C:\WINDOWS\SYSTEM32\apphelp.dll
0x00007ff830670000 - 0x00007ff8307bc000 	C:\WINDOWS\System32\ucrtbase.dll
0x00007ff805820000 - 0x00007ff805837000 	C:\Program Files\Apache NetBeans\jdk\bin\jli.dll
0x00007ff806240000 - 0x00007ff80625e000 	C:\Program Files\Apache NetBeans\jdk\bin\VCRUNTIME140.dll
0x00007ff8315a0000 - 0x00007ff831767000 	C:\WINDOWS\System32\USER32.dll
0x00007ff830440000 - 0x00007ff830467000 	C:\WINDOWS\System32\win32u.dll
0x00007ff8312b0000 - 0x00007ff8312db000 	C:\WINDOWS\System32\GDI32.dll
0x00007ff830190000 - 0x00007ff8302ba000 	C:\WINDOWS\System32\gdi32full.dll
0x00007ff830470000 - 0x00007ff830513000 	C:\WINDOWS\System32\msvcp_win.dll
0x00007ff815670000 - 0x00007ff815902000 	C:\WINDOWS\WinSxS\amd64_microsoft.windows.common-controls_6595b64144ccf1df_6.0.26100.8875_none_3e0d5d42e32fe9dd\COMCTL32.dll
0x00007ff831770000 - 0x00007ff831819000 	C:\WINDOWS\System32\msvcrt.dll
0x00007ff8323e0000 - 0x00007ff832412000 	C:\WINDOWS\System32\IMM32.DLL
0x000000005b940000 - 0x000000005b94d000 	C:\Program Files (x86)\360\Total Security\safemon\SafeWrapper.dll
0x00007ff832960000 - 0x00007ff832a17000 	C:\WINDOWS\System32\ADVAPI32.dll
0x00007ff830890000 - 0x00007ff83093a000 	C:\WINDOWS\System32\sechost.dll
0x00007ff830b50000 - 0x00007ff830c68000 	C:\WINDOWS\System32\RPCRT4.dll
0x00007ff8296f0000 - 0x00007ff8297f5000 	C:\Program Files (x86)\360\Total Security\safemon\libzdtp64.dll
0x00007ff831aa0000 - 0x00007ff832232000 	C:\WINDOWS\System32\SHELL32.dll
0x00007ff8319f0000 - 0x00007ff831a57000 	C:\WINDOWS\System32\SHLWAPI.dll
0x00007ff82f7c0000 - 0x00007ff82f7cb000 	C:\WINDOWS\SYSTEM32\VERSION.dll
0x00007ff82ae80000 - 0x00007ff82ae8c000 	C:\Program Files\Apache NetBeans\jdk\bin\vcruntime140_1.dll
0x00007fffb1950000 - 0x00007fffb19dd000 	C:\Program Files\Apache NetBeans\jdk\bin\msvcp140.dll
0x00007fff8c260000 - 0x00007fff8d1f9000 	C:\Program Files\Apache NetBeans\jdk\bin\server\jvm.dll
0x00007ff832440000 - 0x00007ff8324c0000 	C:\WINDOWS\System32\WS2_32.dll
0x00007ff82fbe0000 - 0x00007ff82fc3e000 	C:\WINDOWS\SYSTEM32\POWRPROF.dll
0x00007ff821b50000 - 0x00007ff821b86000 	C:\WINDOWS\SYSTEM32\WINMM.dll
0x00007ff82fbc0000 - 0x00007ff82fbd4000 	C:\WINDOWS\SYSTEM32\UMPDC.dll
0x00007ff82e9e0000 - 0x00007ff82e9fb000 	C:\WINDOWS\SYSTEM32\kernel.appcore.dll
0x00007ff8186a0000 - 0x00007ff8186aa000 	C:\Program Files\Apache NetBeans\jdk\bin\jimage.dll
0x00007ff81fc20000 - 0x00007ff81fe62000 	C:\WINDOWS\SYSTEM32\DBGHELP.DLL
0x00007ff830f20000 - 0x00007ff8312a3000 	C:\WINDOWS\System32\combase.dll
0x00007ff8314c0000 - 0x00007ff831599000 	C:\WINDOWS\System32\OLEAUT32.dll
0x00007ff816360000 - 0x00007ff81639b000 	C:\WINDOWS\SYSTEM32\dbgcore.DLL
0x00007ff8307d0000 - 0x00007ff83087c000 	C:\WINDOWS\System32\bcryptPrimitives.dll
0x00007ff805a80000 - 0x00007ff805a9e000 	C:\Program Files\Apache NetBeans\jdk\bin\java.dll
0x00007ff832240000 - 0x00007ff8323d9000 	C:\WINDOWS\System32\ole32.dll
0x00007ff82d7e0000 - 0x00007ff82e072000 	C:\WINDOWS\SYSTEM32\windows.storage.dll
0x00007ff8318f0000 - 0x00007ff8319e7000 	C:\WINDOWS\System32\SHCORE.dll
0x00007ff82fca0000 - 0x00007ff82fcc9000 	C:\WINDOWS\SYSTEM32\profapi.dll
0x00007ff800060000 - 0x00007ff800071000 	C:\Program Files\Apache NetBeans\jdk\bin\net.dll
0x00007ff82ef90000 - 0x00007ff82effc000 	C:\WINDOWS\system32\mswsock.dll
0x00007ffffa340000 - 0x00007ffffa356000 	C:\Program Files\Apache NetBeans\jdk\bin\nio.dll
0x00007ff8016f0000 - 0x00007ff801707000 	C:\Program Files\Apache NetBeans\jdk\bin\zip.dll
0x00007ffff5920000 - 0x00007ffff5944000 	C:\Program Files\Apache NetBeans\java\maven\lib\jansi-native\Windows\x86_64\jansi.dll
0x00007ff814b00000 - 0x00007ff814b10000 	C:\Program Files\Apache NetBeans\jdk\bin\verify.dll

JVMTI agents: none

dbghelp: loaded successfully - version: 4.0.5 - missing functions: none
symbol engine: initialized successfully - sym options: 0x614 - pdb path: .;C:\Program Files\Apache NetBeans\jdk\bin;C:\WINDOWS\SYSTEM32;C:\WINDOWS\WinSxS\amd64_microsoft.windows.common-controls_6595b64144ccf1df_6.0.26100.8875_none_3e0d5d42e32fe9dd;C:\Program Files (x86)\360\Total Security\safemon;C:\Program Files\Apache NetBeans\jdk\bin\server;C:\Program Files\Apache NetBeans\java\maven\lib\jansi-native\Windows\x86_64

VM Arguments:
jvm_args: --enable-native-access=ALL-UNNAMED -Dclassworlds.conf=C:\Program Files\Apache NetBeans\java\maven\bin\m2.conf -Dmaven.home=C:\Program Files\Apache NetBeans\java\maven -Dlibrary.jansi.path=C:\Program Files\Apache NetBeans\java\maven\lib\jansi-native -Dmaven.multiModuleProjectDirectory=C:\Users\DVDSTORE\Desktop\LeetCode\ArrayList\ArrayList 
java_command: org.codehaus.plexus.classworlds.launcher.Launcher -Dexec.vmArgs= -Dexec.args=${exec.vmArgs} -classpath %classpath ${exec.mainClass} ${exec.appArgs} -Dexec.appArgs= -Dexec.mainClass=com.mycompany.arraylist.Driver -Dexec.executable=C:\Program Files\Apache NetBeans\jdk\bin\java.exe -Dmaven.ext.class.path=C:\Program Files\Apache NetBeans\java\maven-nblib\netbeans-eventspy.jar --no-transfer-progress process-classes org.codehaus.mojo:exec-maven-plugin:3.5.1:exec
java_class_path (initial): C:\Program Files\Apache NetBeans\java\maven\boot\plexus-classworlds-2.9.0.jar
Launcher Type: SUN_STANDARD

[Global flags]
     bool AOTAdapterCaching                        = false                                  {diagnostic} {ergonomic}
     bool AOTInvokeDynamicLinking                  = false                                  {diagnostic} {ergonomic}
     bool AOTRecordTraining                        = false                                  {diagnostic} {ergonomic}
     bool AOTReplayTraining                        = false                                  {diagnostic} {ergonomic}
     bool AOTStubCaching                           = false                                  {diagnostic} {ergonomic}
     intx CICompilerCount                          = 4                                         {product} {ergonomic}
     uint ConcGCThreads                            = 3                                         {product} {ergonomic}
     uint G1ConcRefinementThreads                  = 10                                        {product} {ergonomic}
     uint G1EagerReclaimRemSetThreshold            = 16                                   {experimental} {ergonomic}
   size_t G1HeapRegionSize                         = 2097152                                   {product} {ergonomic}
     uint G1RemSetArrayOfCardsEntries              = 16                                   {experimental} {ergonomic}
     uint G1RemSetHowlMaxNumBuckets                = 8                                    {experimental} {ergonomic}
     uint G1RemSetHowlNumBuckets                   = 8                                    {experimental} {ergonomic}
   size_t InitialHeapSize                          = 8388608                                   {product} {ergonomic}
     bool IntelJccErratumMitigation                = false                             {ARCH diagnostic} {ergonomic}
   size_t MarkStackSize                            = 4194304                                   {product} {ergonomic}
   size_t MarkStackSizeMax                         = 536870912                                 {product} {ergonomic}
   size_t MaxHeapSize                              = 4257218560                                {product} {ergonomic}
   size_t MaxNewSize                               = 2554331136                                {product} {ergonomic}
 uint64_t MaxRAM                                   = 17026142208                               {product} {ergonomic}
   size_t MinHeapDeltaBytes                        = 2097152                                   {product} {ergonomic}
   size_t MinHeapSize                              = 8388608                                   {product} {ergonomic}
   size_t NonNMethodCodeHeapSize                   = 5898240                                {pd product} {ergonomic}
   size_t NonProfiledCodeHeapSize                  = 122945536                              {pd product} {ergonomic}
   size_t ProfiledCodeHeapSize                     = 122945536                              {pd product} {ergonomic}
   size_t ReservedCodeCacheSize                    = 251789312                              {pd product} {ergonomic}
     bool SegmentedCodeCache                       = true                                      {product} {ergonomic}
   size_t SoftMaxHeapSize                          = 4257218560                             {manageable} {ergonomic}
     bool UseCompressedOops                        = true                           {product lp64_product} {ergonomic}
     bool UseCondCardMark                          = true                                      {product} {ergonomic}
     bool UseFastUnorderedTimeStamps               = true                                 {experimental} {ergonomic}
     bool UseG1GC                                  = true                                      {product} {ergonomic}
     bool UseLargePagesIndividualAllocation        = false                                  {pd product} {ergonomic}
      int X86ICacheSync                            = 3                                 {ARCH diagnostic} {ergonomic}

Logging:
Log output configuration:
 #0: stdout all=warning uptime,level,tags foldmultilines=false
 #1: stderr all=off uptime,level,tags foldmultilines=false

Release file:
IMPLEMENTOR="Eclipse Adoptium" 
IMPLEMENTOR_VERSION="Temurin-26.0.1+8" 
JAVA_RUNTIME_VERSION="26.0.1+8" 
JAVA_VERSION="26.0.1" 
JAVA_VERSION_DATE="2026-04-21" 
LIBC="default" 
MODULES="java.base java.compiler java.datatransfer java.xml java.prefs java.desktop java.instrument java.logging java.management java.security.sasl java.naming java.rmi java.management.rmi java.net.http java.scripting java.security.jgss java.transaction.xa java.sql java.sql.rowset java.xml.crypto java.se java.smartcardio jdk.accessibility jdk.internal.jvmstat jdk.attach jdk.charsets jdk.internal.opt jdk.zipfs jdk.compiler jdk.crypto.cryptoki jdk.crypto.ec jdk.crypto.mscapi jdk.dynalink jdk.internal.ed jdk.editpad jdk.internal.vm.ci jdk.graal.compiler jdk.graal.compiler.management jdk.hotspot.agent jdk.httpserver jdk.incubator.vector jdk.internal.le jdk.internal.md jdk.jartool jdk.javadoc jdk.jcmd jdk.management jdk.management.agent jdk.jconsole jdk.jdeps jdk.jdwp.agent jdk.jdi jdk.jfr jdk.jlink jdk.jpackage jdk.jshell jdk.jstatd jdk.localedata jdk.management.jfr jdk.naming.dns jdk.naming.rmi jdk.net jdk.nio.mapmode jdk.sctp jdk.security.auth jdk.security.jgss jdk.unsupported jdk.unsupported.desktop jdk.xml.dom" 
OS_ARCH="x86_64" 
OS_NAME="Windows" 
SOURCE=".:git:1cafccec39fb" 
BUILD_SOURCE="git:a612825ee82a20ac872d60958c349854c1f29a8e"
BUILD_SOURCE_REPO="https://github.com/adoptium/temurin-build.git"
SOURCE_REPO="https://github.com/adoptium/jdk26u.git"
FULL_VERSION="26.0.1+8"
SEMANTIC_VERSION="26.0.1+8"
BUILD_INFO="OS: Windows Server 2022 Version: 10.0"
JVM_VARIANT="Hotspot"
JVM_VERSION="26.0.1+8"
IMAGE_TYPE="JDK"

Environment Variables:
JAVA_HOME=C:\Program Files\Apache NetBeans\jdk
PATH=C:\Program Files (x86)\Common Files\Oracle\Java\javapath;C:\WINDOWS\system32;C:\WINDOWS;C:\WINDOWS\System32\Wbem;C:\WINDOWS\System32\WindowsPowerShell\v1.0\;C:\WINDOWS\System32\OpenSSH\;C:\Program Files (x86)\NVIDIA Corporation\PhysX\Common;C:\Program Files\NVIDIA Corporation\NVIDIA NvDLISR;C:\Program Files\dotnet\;C:\Program Files\Git\cmd;C:\Users\DVDSTORE\AppData\Local\Microsoft\WindowsApps;C:\Users\DVDSTORE\AppData\Local\Programs\Microsoft VS Code\bin;;C:\Program Files\Apache NetBeans\bin\
USERNAME=DVDSTORE
OS=Windows_NT
PROCESSOR_IDENTIFIER=Intel64 Family 6 Model 151 Stepping 5, GenuineIntel
TMP=C:\Users\DVDSTORE\AppData\Local\Temp
TEMP=C:\Users\DVDSTORE\AppData\Local\Temp




Compilation memory statistics disabled.

Periodic native trim disabled

---------------  S Y S T E M  ---------------

OS:
 Windows 11 , 64 bit Build 26100 (10.0.26100.8875)
OS uptime: 3 days 17:10 hours

CPU: total 12 (initial active 12) (6 cores per cpu, 2 threads per core) family 6 model 151 stepping 5 microcode 0x2d, cx8, cmov, fxsr, ht, mmx, 3dnowpref, sse, sse2, sse3, ssse3, sse4.1, sse4.2, popcnt, lzcnt, tsc, tscinvbit, avx, avx2, aes, erms, clmul, bmi1, bmi2, adx, sha, fma, vzeroupper, clflush, clflushopt, clwb, serialize, rdtscp, rdpid, fsrm, gfni, f16c, pku, cet_ibt, cet_ss
Processor Information for the first 12 processors :
  Max Mhz: 2500, Current Mhz: 2500, Mhz Limit: 2500

Memory: 4k page, system-wide physical 16237M (1997M free)
TotalPageFile size 28525M (AvailPageFile size 371M)
current process WorkingSet (physical memory assigned to process): 67M, peak: 67M
current process commit charge ("private bytes"): 109M, peak: 111M

vm_info: OpenJDK 64-Bit Server VM (26.0.1+8) for windows-amd64 JRE (26.0.1+8), built on 2026-04-21T00:00:00Z with MS VC++ 17.12 (VS2022)

END.
