#
# There is insufficient memory for the Java Runtime Environment to continue.
# Native memory allocation (malloc) failed to allocate 8933592 bytes. Error detail: Chunk::new
# Possible reasons:
#   The system is out of physical RAM or swap space
#   This process is running with CompressedOops enabled, and the Java Heap may be blocking the growth of the native heap
# Possible solutions:
#   Reduce memory load on the system
#   Increase physical memory or swap space
#   Check if swap backing store is full
#   Decrease Java heap size (-Xmx/-Xms)
#   Decrease number of Java threads
#   Decrease Java thread stack sizes (-Xss)
#   Set larger code cache with -XX:ReservedCodeCacheSize=
#   JVM is running with Zero Based Compressed Oops mode in which the Java heap is
#     placed in the first 32GB address space. The Java Heap base address is the
#     maximum limit for the native heap growth. Please use -XX:HeapBaseMinAddress
#     to set the Java Heap base and to place the Java Heap above 32GB virtual address.
# This output file may be truncated or incomplete.
#
#  Out of Memory Error (arena.cpp:193), pid=57464, tid=58596
#
# JRE version: OpenJDK Runtime Environment Temurin-26.0.1+8 (26.0.1+8) (build 26.0.1+8)
# Java VM: OpenJDK 64-Bit Server VM Temurin-26.0.1+8 (26.0.1+8, mixed mode, sharing, tiered, compressed oops, compressed class ptrs, g1 gc, windows-amd64)
# No core dump will be written. Minidumps are not enabled by default on client versions of Windows
#

---------------  S U M M A R Y ------------

Command Line: --enable-native-access=ALL-UNNAMED -Dclassworlds.conf=C:\Program Files\Apache NetBeans\java\maven\bin\m2.conf -Dmaven.home=C:\Program Files\Apache NetBeans\java\maven -Dlibrary.jansi.path=C:\Program Files\Apache NetBeans\java\maven\lib\jansi-native -Dmaven.multiModuleProjectDirectory=C:\Users\DVDSTORE\Desktop\LeetCode\ArrayList\ArrayList org.codehaus.plexus.classworlds.launcher.Launcher -Dexec.vmArgs= -Dexec.args=${exec.vmArgs} -classpath %classpath ${exec.mainClass} ${exec.appArgs} -Dexec.appArgs= -Dexec.mainClass=com.mycompany.arraylist.Driver -Dexec.executable=C:\Program Files\Apache NetBeans\jdk\bin\java.exe -Dmaven.ext.class.path=C:\Program Files\Apache NetBeans\java\maven-nblib\netbeans-eventspy.jar --no-transfer-progress process-classes org.codehaus.mojo:exec-maven-plugin:3.5.1:exec

Host: 12th Gen Intel(R) Core(TM) i5-12400F, 12 cores, 15G,  Windows 11 , 64 bit Build 26100 (10.0.26100.8875)
Time: Wed Aug 19 09:14:34 2026 Egypt Daylight Time elapsed time: 16.487105 seconds (0d 0h 0m 16s)

---------------  T H R E A D  ---------------

Current thread (0x0000024e870de1c0):  JavaThread "C2 CompilerThread0" daemon [_thread_in_native, id=58596, stack(0x000000e28a200000,0x000000e28a300000) (1024K)]


Current CompileTask:
C2:16487 1277       4       java.io.InputStreamReader::read (11 bytes)

Stack: [0x000000e28a200000,0x000000e28a300000]
Native frames: (J=compiled Java code, j=interpreted, Vv=VM code, C=native code)
V  [jvm.dll+0x7db749]  (no source info available)
V  [jvm.dll+0x7a82bd]  (no source info available)
V  [jvm.dll+0xa44a60]  (no source info available)
V  [jvm.dll+0xa46eb1]  (no source info available)
V  [jvm.dll+0xa475c3]  (no source info available)
V  [jvm.dll+0x311a96]  (no source info available)
V  [jvm.dll+0x120316]  (no source info available)
V  [jvm.dll+0x12063e]  (no source info available)
V  [jvm.dll+0x1b2836]  (no source info available)
V  [jvm.dll+0x3ce802]  (no source info available)
V  [jvm.dll+0x7e430f]  (no source info available)
V  [jvm.dll+0x2d4597]  (no source info available)
V  [jvm.dll+0x2d350f]  (no source info available)
V  [jvm.dll+0x249670]  (no source info available)
V  [jvm.dll+0x2e363c]  (no source info available)
V  [jvm.dll+0x2e181d]  (no source info available)
V  [jvm.dll+0x4a82ae]  (no source info available)
V  [jvm.dll+0x9e3039]  (no source info available)
V  [jvm.dll+0x7dd228]  (no source info available)
C  [ucrtbase.dll+0x2cd30]  (no source info available)
C  [KERNEL32.DLL+0x2e957]  (no source info available)
C  [ntdll.dll+0xaad6c]  (no source info available)

Lock stack of current Java thread (top to bottom):


---------------  P R O C E S S  ---------------

Threads class SMR info:
_java_thread_list=0x0000024e8c0b60c0, length=13, elements={
0x0000024ee4975090, 0x0000024e870d3d90, 0x0000024e870d47e0, 0x0000024e870d63a0,
0x0000024e870d6f50, 0x0000024e870d8b10, 0x0000024e870dd2d0, 0x0000024e870de1c0,
0x0000024e870e8a00, 0x0000024e8712c6f0, 0x0000024e871347c0, 0x0000024e8c2ccb50,
0x0000024e878834b0
}

Java Threads: ( => current thread )
  0x0000024ee4975090 JavaThread "main"                              [_thread_blocked, id=58036, stack(0x000000e289300000,0x000000e289400000) (1024K)]
  0x0000024e870d3d90 JavaThread "Reference Handler"          daemon [_thread_blocked, id=58568, stack(0x000000e289c00000,0x000000e289d00000) (1024K)]
  0x0000024e870d47e0 JavaThread "Finalizer"                  daemon [_thread_blocked, id=58572, stack(0x000000e289d00000,0x000000e289e00000) (1024K)]
  0x0000024e870d63a0 JavaThread "Signal Dispatcher"          daemon [_thread_blocked, id=58580, stack(0x000000e289e00000,0x000000e289f00000) (1024K)]
  0x0000024e870d6f50 JavaThread "Attach Listener"            daemon [_thread_blocked, id=58584, stack(0x000000e289f00000,0x000000e28a000000) (1024K)]
  0x0000024e870d8b10 JavaThread "Service Thread"             daemon [_thread_blocked, id=58588, stack(0x000000e28a000000,0x000000e28a100000) (1024K)]
  0x0000024e870dd2d0 JavaThread "Monitor Deflation Thread"   daemon [_thread_blocked, id=58592, stack(0x000000e28a100000,0x000000e28a200000) (1024K)]
=>0x0000024e870de1c0 JavaThread "C2 CompilerThread0"         daemon [_thread_in_native, id=58596, stack(0x000000e28a200000,0x000000e28a300000) (1024K)]
  0x0000024e870e8a00 JavaThread "C1 CompilerThread0"         daemon [_thread_blocked, id=58600, stack(0x000000e28a300000,0x000000e28a400000) (1024K)]
  0x0000024e8712c6f0 JavaThread "Notification Thread"        daemon [_thread_blocked, id=58616, stack(0x000000e28a400000,0x000000e28a500000) (1024K)]
  0x0000024e871347c0 JavaThread "Common-Cleaner"             daemon [_thread_blocked, id=58740, stack(0x000000e28a500000,0x000000e28a600000) (1024K)]
  0x0000024e8c2ccb50 JavaThread "C2 CompilerThread1"         daemon [_thread_new, id=60736, stack(0x000000e28a900000,0x000000e28aa00000) (1024K)]
  0x0000024e878834b0 JavaThread "C2 CompilerThread2"         daemon [_thread_in_native, id=60776, stack(0x000000e28aa00000,0x000000e28ab00000) (1024K)]
Total: 13

Other Threads:
  0x0000024e870c2ea0 VMThread "VM Thread"                           [id=58404, stack(0x000000e289b00000,0x000000e289c00000) (1024K)] _threads_hazard_ptr=0x0000024e8c0b60c0
  0x0000024e870b0880 WatcherThread "VM Periodic Task Thread"        [id=58400, stack(0x000000e289a00000,0x000000e289b00000) (1024K)]
  0x0000024ee6dcf5d0 WorkerThread "GC Thread#0"                     [id=57516, stack(0x000000e289400000,0x000000e289500000) (1024K)]
  0x0000024e876f50a0 WorkerThread "GC Thread#1"                     [id=58212, stack(0x000000e28a700000,0x000000e28a800000) (1024K)]
  0x0000024e8c4b9010 WorkerThread "GC Thread#2"                     [id=31776, stack(0x000000e28a800000,0x000000e28a900000) (1024K)]
  0x0000024ee6de8330 ConcurrentGCThread "G1 Main Marker"            [id=57512, stack(0x000000e289500000,0x000000e289600000) (1024K)]
  0x0000024ee6de96c0 WorkerThread "G1 Conc#0"                       [id=57856, stack(0x000000e289600000,0x000000e289700000) (1024K)]
  0x0000024ee6e08b40 WorkerThread "G1 Refinement Workers#0"         [id=57876, stack(0x000000e289800000,0x000000e289900000) (1024K)]
  0x0000024ee6e08180 ConcurrentGCThread "G1 Refine Control"         [id=57868, stack(0x000000e289700000,0x000000e289800000) (1024K)]
  0x0000024ee6e09900 ConcurrentGCThread "G1 Service"                [id=57896, stack(0x000000e289900000,0x000000e289a00000) (1024K)]
Total: 10

Threads with active compile tasks:
C2 CompilerThread0  16647 1277       4       java.io.InputStreamReader::read (11 bytes)
C2 CompilerThread2  16647 1282   !   4       sun.nio.cs.StreamDecoder::read (220 bytes)
Total: 2

VM state: synchronizing (normal execution)

VM Mutex/Monitor currently owned by a thread:  ([mutex/lock_event])
[0x00007fff8d0ffa88] Threads_lock - owner thread: 0x0000024e870c2ea0
[0x00007fff8d0ffd08] Heap_lock - owner thread: 0x0000024ee4975090

Heap address: 0x0000000702400000, size: 4060 MB, Compressed Oops mode: Zero based, Oop shift amount: 3

CDS archive(s) mapped at: [0x0000000087000000-0x0000000087de0000-0x0000000087de0000), size 14548992, SharedBaseAddress: 0x0000000087000000, ArchiveRelocationMode: 1.
Compressed class space mapped at: 0x0000000088000000-0x00000000c8000000, reserved size: 1073741824
UseCompressedClassPointers 1, UseCompactObjectHeaders 0
Narrow klass pointer bits 32, Max shift 3
Narrow klass base: 0x0000000087000000, Narrow klass shift: 0
Encoding Range: [0x0000000087000000 - 0x0000000187000000), (4294967296 bytes)
Klass Range:    [0x0000000087000000 - 0x00000000c8000000), (1090519040 bytes)
Klass ID Range:  [8 - 1090519033) (1090519025)
Protection zone: [0x0000000087000000 - 0x0000000087010000), (65536 bytes)

GC Precious Log:
 CardTable entry size: 512
 Card Set container configuration: InlinePtr #cards 4 size 8 Array Of Cards #cards 16 size 48 Howl #buckets 8 coarsen threshold 3686 Howl Bitmap #cards 512 size 80 coarsen threshold 460 Card regions per heap region 1 cards per card region 4096
 CPUs: 12 total, 12 available
 Memory: 16237M
 Large Page Support: Disabled
 NUMA Support: Disabled
 Compressed Oops: Enabled (Zero based)
 Heap Region Size: 2M
 Heap Min Capacity: 8M
 Heap Initial Capacity: 8M
 Heap Max Capacity: 4060M
 Pre-touch: Disabled
 Parallel Workers: 10
 Concurrent Workers: 3
 Concurrent Refinement Workers: 10
 Periodic GC: Disabled

Heap:
 garbage-first heap   total reserved 4157440K, committed 12288K, used 6387K [0x0000000702400000, 0x0000000800000000)
  region size 2M, 1 eden (2M), 1 survivor (2M), 3 old (6M), 0 humongous (0M), 1 free (2M)

Heap Regions: E=young(eden), S=young(survivor), O=old, HS=humongous(starts), HC=humongous(continues), CS=collection set, F=free, TAMS=top-at-mark-start, PB=parsable bottom
|    0|0x0000000702400000, 0x0000000702600000, 0x0000000702600000|100%| O|  |TAMS 0x0000000702400000| PB 0x0000000702400000| Untracked |  0
|    1|0x0000000702600000, 0x0000000702702cc0, 0x0000000702800000| 50%| S|CS|TAMS 0x0000000702600000| PB 0x0000000702600000| Complete  |  0
|    2|0x0000000702800000, 0x0000000702800000, 0x0000000702a00000|  0%| F|  |TAMS 0x0000000702800000| PB 0x0000000702800000| Untracked |  0
|    3|0x0000000702a00000, 0x0000000702c00000, 0x0000000702c00000|100%| E|CS|TAMS 0x0000000702a00000| PB 0x0000000702a00000| Complete  |  0
| 2028|0x00000007ffc00000, 0x00000007ffc12570, 0x00000007ffe00000|  3%| O|  |TAMS 0x00000007ffc00000| PB 0x00000007ffc00000| Untracked |  0
| 2029|0x00000007ffe00000, 0x00000007fff27b70, 0x0000000800000000| 57%| O|  |TAMS 0x00000007ffe00000| PB 0x00000007ffe00000| Untracked |  0

Card table byte_map: [0x0000024e807f0000,0x0000024e80fe0000] _byte_map_base: 0x0000024e7cfde000
Refinement table byte_map: [0x0000024e80000000,0x0000024e807f0000] _byte_map_base: 0x0000024e7c7ee000

Marking Bits: (CMBitMap*) 0x0000024ee6dcfd50
 Bits: [0x0000024e80fe0000, 0x0000024e84f50000)

Polling page: 0x0000024ee4b30000

Metaspace:
Metaspace        used 5595K, committed 5760K, reserved 1114112K
 class space     used 679K, committed 768K, reserved 1048576K

Usage:
  Non-class:      4.80 MB used.
      Class:    679.80 KB used.
       Both:      5.46 MB used.

Virtual space:
  Non-class space:       64.00 MB reserved,       4.88 MB (  8%) committed,  1 nodes.
      Class space:        1.00 GB reserved,     768.00 KB ( <1%) committed,  1 nodes.
             Both:        1.06 GB reserved,       5.62 MB ( <1%) committed. 

Chunk freelists:
   Non-Class:  9.19 MB
       Class:  15.27 MB
        Both:  24.45 MB

MaxMetaspaceSize: unlimited
CompressedClassSpaceSize: 1.00 GB
Initial GC threshold: 21.00 MB
Current GC threshold: 21.00 MB
CDS: on
 - commit_granule_bytes: 65536.
 - commit_granule_words: 8192.
 - virtual_space_node_default_size: 8388608.
 - enlarge_chunks_in_place: 1.
UseCompressedClassPointers 1, UseCompactObjectHeaders 0
Narrow klass pointer bits 32, Max shift 3
Narrow klass base: 0x0000000087000000, Narrow klass shift: 0
Encoding Range: [0x0000000087000000 - 0x0000000187000000), (4294967296 bytes)
Klass Range:    [0x0000000087000000 - 0x00000000c8000000), (1090519040 bytes)
Klass ID Range:  [8 - 1090519033) (1090519025)
Protection zone: [0x0000000087000000 - 0x0000000087010000), (65536 bytes)


Internal statistics:

num_allocs_failed_limit: 0.
num_arena_births: 54.
num_arena_deaths: 0.
num_vsnodes_births: 2.
num_vsnodes_deaths: 0.
num_space_committed: 90.
num_space_uncommitted: 0.
num_chunks_returned_to_freelist: 0.
num_chunks_taken_from_freelist: 227.
num_chunk_merges: 0.
num_chunk_splits: 141.
num_chunks_enlarged: 111.
num_inconsistent_stats: 0.

CodeHeap 'non-profiled nmethods': size=120064Kb used=359Kb max_used=359Kb free=119704Kb
 bounds [0x0000024ef7730000, 0x0000024ef79a0000, 0x0000024efec70000]
CodeHeap 'profiled nmethods': size=120064Kb used=1859Kb max_used=1859Kb free=118204Kb
 bounds [0x0000024eefc50000, 0x0000024eefec0000, 0x0000024ef7190000]
CodeHeap 'non-nmethods': size=5760Kb used=1351Kb max_used=1373Kb free=4409Kb
 bounds [0x0000024ef7190000, 0x0000024ef7400000, 0x0000024ef7730000]
CodeCache: size=245888Kb, used=3569Kb, max_used=3591Kb, free=242317Kb
 total_blobs=1744, nmethods=1279, adapters=369, full_count=0
Compilation: enabled, stopped_count=0, restarted_count=0

Compilation events (20 events):
Event: 16.199 Thread 0x0000024e870e8a00 nmethod 1267 0x0000024eefe18808 code [0x0000024eefe18900, 0x0000024eefe18c70]
Event: 16.203 Thread 0x0000024e870e8a00 1268       3       org.eclipse.sisu.plexus.PlexusXmlScanner::TEXT (10 bytes)
Event: 16.203 Thread 0x0000024e870e8a00 nmethod 1268 0x0000024eefe18c88 code [0x0000024eefe18d80, 0x0000024eefe191f8]
Event: 16.204 Thread 0x0000024e870de1c0 1269       4       java.util.BitSet::checkInvariants (111 bytes)
Event: 16.205 Thread 0x0000024e870de1c0 nmethod 1269 0x0000024ef7788d88 code [0x0000024ef7788e80, 0x0000024ef7788ee8]
Event: 16.307 Thread 0x0000024e870de1c0 1270       4       java.util.HashMap::put (13 bytes)
Event: 16.312 Thread 0x0000024e870de1c0 nmethod 1270 0x0000024ef7789088 code [0x0000024ef7789180, 0x0000024ef7789970]
Event: 16.341 Thread 0x0000024e870de1c0 1274       4       sun.nio.cs.StreamDecoder::ensureOpen (18 bytes)
Event: 16.341 Thread 0x0000024e870e8a00 1275       3       java.io.InputStreamReader::read (11 bytes)
Event: 16.341 Thread 0x0000024e870e8a00 nmethod 1275 0x0000024eefe19208 code [0x0000024eefe19300, 0x0000024eefe19448]
Event: 16.341 Thread 0x0000024e870e8a00 1276       3       org.codehaus.plexus.util.InterpolationFilterReader::read (477 bytes)
Event: 16.341 Thread 0x0000024e870de1c0 nmethod 1274 0x0000024ef7789988 code [0x0000024ef7789a80, 0x0000024ef7789b08]
Event: 16.342 Thread 0x0000024e870de1c0 1277       4       java.io.InputStreamReader::read (11 bytes)
Event: 16.345 Thread 0x0000024e870e8a00 nmethod 1276 0x0000024eefe19508 code [0x0000024eefe19600, 0x0000024eefe1ea60]
Event: 16.345 Thread 0x0000024e870e8a00 1273   !   2       sun.nio.cs.StreamDecoder::read (220 bytes)
Event: 16.346 Thread 0x0000024e870e8a00 nmethod 1273 0x0000024eefe1ea88 code [0x0000024eefe1eb80, 0x0000024eefe1f428]
Event: 16.346 Thread 0x0000024e870e8a00 1271       3       java.lang.StringBuilder::charAt (6 bytes)
Event: 16.346 Thread 0x0000024e870e8a00 nmethod 1271 0x0000024eefe1f488 code [0x0000024eefe1f580, 0x0000024eefe1f6b8]
Event: 16.346 Thread 0x0000024e870e8a00 1272       3       java.lang.AbstractStringBuilder::charAt (51 bytes)
Event: 16.346 Thread 0x0000024e870e8a00 nmethod 1272 0x0000024eefe1f788 code [0x0000024eefe1f880, 0x0000024eefe1fc18]

GC Heap Usage History (16 events):
Event: 6.003 {heap Before GC invocations=0 (full 0):
 garbage-first heap   total reserved 4157440K, committed 10240K, used 3230K [0x0000000702400000, 0x0000000800000000)
  region size 2M, 2 eden (4M), 0 survivor (0M), 1 old (2M), 0 humongous (0M), 2 free (4M)
}
Event: 6.005 {heap After GC invocations=1 (full 0):
 garbage-first heap   total reserved 4157440K, committed 10240K, used 2846K [0x0000000702400000, 0x0000000800000000)
  region size 2M, 0 eden (0M), 1 survivor (2M), 1 old (2M), 0 humongous (0M), 3 free (6M)
}
Event: 9.979 {heap Before GC invocations=1 (full 0):
 garbage-first heap   total reserved 4157440K, committed 10240K, used 2846K [0x0000000702400000, 0x0000000800000000)
  region size 2M, 1 eden (2M), 1 survivor (2M), 1 old (2M), 0 humongous (0M), 2 free (4M)
}
Event: 9.981 {heap After GC invocations=2 (full 0):
 garbage-first heap   total reserved 4157440K, committed 10240K, used 2866K [0x0000000702400000, 0x0000000800000000)
  region size 2M, 0 eden (0M), 1 survivor (2M), 2 old (4M), 0 humongous (0M), 2 free (4M)
}
Event: 10.941 {heap Before GC invocations=2 (full 0):
 garbage-first heap   total reserved 4157440K, committed 10240K, used 4914K [0x0000000702400000, 0x0000000800000000)
  region size 2M, 1 eden (2M), 1 survivor (2M), 2 old (4M), 0 humongous (0M), 1 free (2M)
}
Event: 10.943 {heap After GC invocations=3 (full 0):
 garbage-first heap   total reserved 4157440K, committed 10240K, used 3423K [0x0000000702400000, 0x0000000800000000)
  region size 2M, 0 eden (0M), 1 survivor (2M), 2 old (4M), 0 humongous (0M), 2 free (4M)
}
Event: 11.547 {heap Before GC invocations=3 (full 0):
 garbage-first heap   total reserved 4157440K, committed 10240K, used 3423K [0x0000000702400000, 0x0000000800000000)
  region size 2M, 1 eden (2M), 1 survivor (2M), 2 old (4M), 0 humongous (0M), 1 free (2M)
}
Event: 11.549 {heap After GC invocations=4 (full 0):
 garbage-first heap   total reserved 4157440K, committed 10240K, used 3919K [0x0000000702400000, 0x0000000800000000)
  region size 2M, 0 eden (0M), 1 survivor (2M), 2 old (4M), 0 humongous (0M), 2 free (4M)
}
Event: 13.336 {heap Before GC invocations=4 (full 0):
 garbage-first heap   total reserved 4157440K, committed 10240K, used 5967K [0x0000000702400000, 0x0000000800000000)
  region size 2M, 1 eden (2M), 1 survivor (2M), 2 old (4M), 0 humongous (0M), 1 free (2M)
}
Event: 13.341 {heap After GC invocations=5 (full 0):
 garbage-first heap   total reserved 4157440K, committed 10240K, used 3891K [0x0000000702400000, 0x0000000800000000)
  region size 2M, 0 eden (0M), 1 survivor (2M), 2 old (4M), 0 humongous (0M), 2 free (4M)
}
Event: 14.142 {heap Before GC invocations=5 (full 0):
 garbage-first heap   total reserved 4157440K, committed 10240K, used 5939K [0x0000000702400000, 0x0000000800000000)
  region size 2M, 1 eden (2M), 1 survivor (2M), 2 old (4M), 0 humongous (0M), 1 free (2M)
}
Event: 14.144 {heap After GC invocations=6 (full 0):
 garbage-first heap   total reserved 4157440K, committed 12288K, used 4019K [0x0000000702400000, 0x0000000800000000)
  region size 2M, 0 eden (0M), 1 survivor (2M), 3 old (6M), 0 humongous (0M), 2 free (4M)
}
Event: 15.343 {heap Before GC invocations=6 (full 0):
 garbage-first heap   total reserved 4157440K, committed 12288K, used 6067K [0x0000000702400000, 0x0000000800000000)
  region size 2M, 1 eden (2M), 1 survivor (2M), 3 old (6M), 0 humongous (0M), 1 free (2M)
}
Event: 15.344 {heap After GC invocations=7 (full 0):
 garbage-first heap   total reserved 4157440K, committed 12288K, used 4107K [0x0000000702400000, 0x0000000800000000)
  region size 2M, 0 eden (0M), 1 survivor (2M), 3 old (6M), 0 humongous (0M), 2 free (4M)
}
Event: 15.681 {heap Before GC invocations=7 (full 0):
 garbage-first heap   total reserved 4157440K, committed 12288K, used 6155K [0x0000000702400000, 0x0000000800000000)
  region size 2M, 1 eden (2M), 1 survivor (2M), 3 old (6M), 0 humongous (0M), 1 free (2M)
}
Event: 15.683 {heap After GC invocations=8 (full 0):
 garbage-first heap   total reserved 4157440K, committed 12288K, used 4264K [0x0000000702400000, 0x0000000800000000)
  region size 2M, 0 eden (0M), 1 survivor (2M), 3 old (6M), 0 humongous (0M), 2 free (4M)
}

Metaspace Usage History (16 events):
Event: 6.003 {metaspace Before GC invocations=0 (full 0):
 Metaspace       used 1082K, committed 1216K, reserved 1114112K
  class space    used 88K, committed 128K, reserved 1048576K
}
Event: 6.005 {metaspace After GC invocations=1 (full 0):
 Metaspace       used 1082K, committed 1216K, reserved 1114112K
  class space    used 88K, committed 128K, reserved 1048576K
}
Event: 9.979 {metaspace Before GC invocations=1 (full 0):
 Metaspace       used 1972K, committed 2176K, reserved 1114112K
  class space    used 185K, committed 256K, reserved 1048576K
}
Event: 9.981 {metaspace After GC invocations=2 (full 0):
 Metaspace       used 1972K, committed 2176K, reserved 1114112K
  class space    used 185K, committed 256K, reserved 1048576K
}
Event: 10.941 {metaspace Before GC invocations=2 (full 0):
 Metaspace       used 2511K, committed 2688K, reserved 1114112K
  class space    used 237K, committed 320K, reserved 1048576K
}
Event: 10.943 {metaspace After GC invocations=3 (full 0):
 Metaspace       used 2511K, committed 2688K, reserved 1114112K
  class space    used 237K, committed 320K, reserved 1048576K
}
Event: 11.547 {metaspace Before GC invocations=3 (full 0):
 Metaspace       used 2993K, committed 3136K, reserved 1114112K
  class space    used 303K, committed 384K, reserved 1048576K
}
Event: 11.549 {metaspace After GC invocations=4 (full 0):
 Metaspace       used 2993K, committed 3136K, reserved 1114112K
  class space    used 303K, committed 384K, reserved 1048576K
}
Event: 13.336 {metaspace Before GC invocations=4 (full 0):
 Metaspace       used 3725K, committed 3904K, reserved 1114112K
  class space    used 387K, committed 448K, reserved 1048576K
}
Event: 13.341 {metaspace After GC invocations=5 (full 0):
 Metaspace       used 3725K, committed 3904K, reserved 1114112K
  class space    used 387K, committed 448K, reserved 1048576K
}
Event: 14.142 {metaspace Before GC invocations=5 (full 0):
 Metaspace       used 4558K, committed 4672K, reserved 1114112K
  class space    used 505K, committed 576K, reserved 1048576K
}
Event: 14.144 {metaspace After GC invocations=6 (full 0):
 Metaspace       used 4558K, committed 4672K, reserved 1114112K
  class space    used 505K, committed 576K, reserved 1048576K
}
Event: 15.343 {metaspace Before GC invocations=6 (full 0):
 Metaspace       used 5086K, committed 5248K, reserved 1114112K
  class space    used 602K, committed 640K, reserved 1048576K
}
Event: 15.344 {metaspace After GC invocations=7 (full 0):
 Metaspace       used 5086K, committed 5248K, reserved 1114112K
  class space    used 602K, committed 640K, reserved 1048576K
}
Event: 15.681 {metaspace Before GC invocations=7 (full 0):
 Metaspace       used 5463K, committed 5632K, reserved 1114112K
  class space    used 654K, committed 768K, reserved 1048576K
}
Event: 15.683 {metaspace After GC invocations=8 (full 0):
 Metaspace       used 5463K, committed 5632K, reserved 1114112K
  class space    used 654K, committed 768K, reserved 1048576K
}

Dll operation events (14 events):
Event: 0.216 Attempting to load shared library C:\Program Files\Apache NetBeans\jdk\bin\java.dll
Event: 0.217 Loaded shared library C:\Program Files\Apache NetBeans\jdk\bin\java.dll
Event: 0.907 Attempting to load shared library C:\Program Files\Apache NetBeans\jdk\bin\net.dll
Event: 1.184 Loaded shared library C:\Program Files\Apache NetBeans\jdk\bin\net.dll
Event: 1.188 Attempting to load shared library C:\Program Files\Apache NetBeans\jdk\bin\nio.dll
Event: 1.188 Loaded shared library C:\Program Files\Apache NetBeans\jdk\bin\nio.dll
Event: 1.194 Attempting to load shared library C:\Program Files\Apache NetBeans\jdk\bin\zip.dll
Event: 1.194 Loaded shared library C:\Program Files\Apache NetBeans\jdk\bin\zip.dll
Event: 1.718 Attempting to load shared library C:\Program Files\Apache NetBeans\java\maven\lib\jansi-native\Windows\x86_64\jansi.dll
Event: 1.719 Loaded shared library C:\Program Files\Apache NetBeans\java\maven\lib\jansi-native\Windows\x86_64\jansi.dll
Event: 1.730 Attempting to load shared library C:\Program Files\Apache NetBeans\jdk\bin\verify.dll
Event: 1.730 Loaded shared library C:\Program Files\Apache NetBeans\jdk\bin\verify.dll
Event: 8.074 Attempting to load shared library C:\Program Files\Apache NetBeans\jdk\bin\jimage.dll
Event: 8.074 Loaded shared library C:\Program Files\Apache NetBeans\jdk\bin\jimage.dll

Deoptimization events (20 events):
Event: 16.200 Thread 0x0000024ee4975090 Uncommon trap: trap_request=0xffffff45 fr.pc=0x0000024ef7781f70 relative=0x0000000000000e70
Event: 16.200 Thread 0x0000024ee4975090 Uncommon trap: reason=unstable_if action=reinterpret pc=0x0000024ef7781f70 method=sun.nio.cs.StreamDecoder.read0()I @ 39 c2
Event: 16.200 Thread 0x0000024ee4975090 DEOPT PACKING pc=0x0000024ef7781f70 sp=0x000000e2893fde20
Event: 16.200 Thread 0x0000024ee4975090 DEOPT UNPACKING pc=0x0000024ef7227202 sp=0x000000e2893fdd38 mode 2
Event: 16.200 Thread 0x0000024ee4975090 Uncommon trap: trap_request=0xffffff45 fr.pc=0x0000024ef7784820 relative=0x0000000000000220
Event: 16.200 Thread 0x0000024ee4975090 Uncommon trap: reason=unstable_if action=reinterpret pc=0x0000024ef7784820 method=java.io.Reader.read()I @ 12 c2
Event: 16.200 Thread 0x0000024ee4975090 DEOPT PACKING pc=0x0000024ef7784820 sp=0x000000e2893fdf30
Event: 16.200 Thread 0x0000024ee4975090 DEOPT UNPACKING pc=0x0000024ef7227202 sp=0x000000e2893fde40 mode 2
Event: 16.340 Thread 0x0000024ee4975090 Uncommon trap: trap_request=0xffffffde fr.pc=0x0000024ef7786d7c relative=0x00000000000000fc
Event: 16.340 Thread 0x0000024ee4975090 Uncommon trap: reason=class_check action=maybe_recompile pc=0x0000024ef7786d7c method=java.nio.Buffer.<init>(IIIILjava/lang/foreign/MemorySegment;)V @ 39 c2
Event: 16.340 Thread 0x0000024ee4975090 DEOPT PACKING pc=0x0000024ef7786d7c sp=0x000000e2893fe070
Event: 16.340 Thread 0x0000024ee4975090 DEOPT UNPACKING pc=0x0000024ef7227202 sp=0x000000e2893fe028 mode 2
Event: 16.340 Thread 0x0000024ee4975090 Uncommon trap: trap_request=0xffffffde fr.pc=0x0000024ef7786d7c relative=0x00000000000000fc
Event: 16.340 Thread 0x0000024ee4975090 Uncommon trap: reason=class_check action=maybe_recompile pc=0x0000024ef7786d7c method=java.nio.Buffer.<init>(IIIILjava/lang/foreign/MemorySegment;)V @ 39 c2
Event: 16.340 Thread 0x0000024ee4975090 DEOPT PACKING pc=0x0000024ef7786d7c sp=0x000000e2893fe000
Event: 16.340 Thread 0x0000024ee4975090 DEOPT UNPACKING pc=0x0000024ef7227202 sp=0x000000e2893fdfb8 mode 2
Event: 16.341 Thread 0x0000024ee4975090 Uncommon trap: trap_request=0xffffffde fr.pc=0x0000024ef7786d7c relative=0x00000000000000fc
Event: 16.341 Thread 0x0000024ee4975090 Uncommon trap: reason=class_check action=maybe_recompile pc=0x0000024ef7786d7c method=java.nio.Buffer.<init>(IIIILjava/lang/foreign/MemorySegment;)V @ 39 c2
Event: 16.341 Thread 0x0000024ee4975090 DEOPT PACKING pc=0x0000024ef7786d7c sp=0x000000e2893fdf10
Event: 16.341 Thread 0x0000024ee4975090 DEOPT UNPACKING pc=0x0000024ef7227202 sp=0x000000e2893fdec8 mode 2

Classes loaded (20 events):
Event: 15.398 Loading class sun/reflect/generics/scope/ClassScope
Event: 15.398 Loading class sun/reflect/generics/scope/Scope
Event: 15.398 Loading class sun/reflect/generics/scope/Scope done
Event: 15.399 Loading class sun/reflect/generics/scope/AbstractScope
Event: 15.399 Loading class sun/reflect/generics/scope/AbstractScope done
Event: 15.399 Loading class sun/reflect/generics/scope/ClassScope done
Event: 15.399 Loading class sun/reflect/generics/factory/CoreReflectionFactory
Event: 15.399 Loading class sun/reflect/generics/factory/GenericsFactory
Event: 15.399 Loading class sun/reflect/generics/factory/GenericsFactory done
Event: 15.399 Loading class sun/reflect/generics/factory/CoreReflectionFactory done
Event: 15.399 Loading class sun/reflect/generics/tree/TypeVariableSignature
Event: 15.399 Loading class sun/reflect/generics/tree/TypeVariableSignature done
Event: 15.399 Loading class sun/reflect/generics/visitor/Reifier
Event: 15.399 Loading class sun/reflect/generics/visitor/TypeTreeVisitor
Event: 15.399 Loading class sun/reflect/generics/visitor/TypeTreeVisitor done
Event: 15.399 Loading class sun/reflect/generics/visitor/Reifier done
Event: 15.519 Loading class java/lang/annotation/IncompleteAnnotationException
Event: 15.519 Loading class java/lang/annotation/IncompleteAnnotationException done
Event: 15.851 Loading class java/lang/foreign/MemorySegment
Event: 15.851 Loading class java/lang/foreign/MemorySegment done

Classes unloaded (0 events):
No events

Classes redefined (0 events):
No events

Internal exceptions (20 events):
Event: 1.728 Thread 0x0000024ee4975090 Exception <a 'sun/nio/fs/WindowsException'{0x00000007029f4dd0}> (0x00000007029f4dd0) 
thrown [s\src\hotspot\share\prims\jni.cpp, line 514]
Event: 1.729 Thread 0x0000024ee4975090 Exception <a 'sun/nio/fs/WindowsException'{0x00000007029f5408}> (0x00000007029f5408) 
thrown [s\src\hotspot\share\prims\jni.cpp, line 514]
Event: 1.729 Thread 0x0000024ee4975090 Exception <a 'sun/nio/fs/WindowsException'{0x00000007029f59f0}> (0x00000007029f59f0) 
thrown [s\src\hotspot\share\prims\jni.cpp, line 514]
Event: 1.729 Thread 0x0000024ee4975090 Exception <a 'sun/nio/fs/WindowsException'{0x00000007029f5f60}> (0x00000007029f5f60) 
thrown [s\src\hotspot\share\prims\jni.cpp, line 514]
Event: 1.729 Thread 0x0000024ee4975090 Exception <a 'sun/nio/fs/WindowsException'{0x00000007029f64b0}> (0x00000007029f64b0) 
thrown [s\src\hotspot\share\prims\jni.cpp, line 514]
Event: 1.729 Thread 0x0000024ee4975090 Exception <a 'sun/nio/fs/WindowsException'{0x00000007029f69a0}> (0x00000007029f69a0) 
thrown [s\src\hotspot\share\prims\jni.cpp, line 514]
Event: 1.729 Thread 0x0000024ee4975090 Exception <a 'sun/nio/fs/WindowsException'{0x00000007029f6e48}> (0x00000007029f6e48) 
thrown [s\src\hotspot\share\prims\jni.cpp, line 514]
Event: 6.737 Thread 0x0000024ee4975090 Exception <a 'java/lang/NoSuchMethodError'{0x0000000702a3b600}: 'void java.lang.invoke.DirectMethodHandle$Holder.invokeVirtual(java.lang.Object, java.lang.Object)'> (0x0000000702a3b600) 
thrown [s\src\hotspot\share\interpreter\linkResolver.cpp, line 804]
Event: 6.743 Thread 0x0000024ee4975090 Exception <a 'java/lang/NoSuchMethodError'{0x0000000702a5d098}: 'void java.lang.invoke.DirectMethodHandle$Holder.invokeStatic(java.lang.Object, java.lang.Object)'> (0x0000000702a5d098) 
thrown [s\src\hotspot\share\interpreter\linkResolver.cpp, line 804]
Event: 6.745 Thread 0x0000024ee4975090 Exception <a 'java/lang/NoSuchMethodError'{0x0000000702a64e40}: 'void java.lang.invoke.DirectMethodHandle$Holder.invokeStaticInit(java.lang.Object, java.lang.Object)'> (0x0000000702a64e40) 
thrown [s\src\hotspot\share\interpreter\linkResolver.cpp, line 804]
Event: 8.042 Thread 0x0000024ee4975090 Exception <a 'java/lang/NoSuchMethodError'{0x0000000702aa0df0}: 'void java.lang.invoke.DirectMethodHandle$Holder.invokeSpecial(java.lang.Object, java.lang.Object, java.lang.Object, java.lang.Object, java.lang.Object)'> (0x0000000702aa0df0) 
thrown [s\src\hotspot\share\interpreter\linkResolver.cpp, line 804]
Event: 8.071 Thread 0x0000024ee4975090 Exception <a 'java/lang/NoSuchMethodError'{0x0000000702addff8}: 'void java.lang.invoke.DirectMethodHandle$Holder.invokeStatic(java.lang.Object, java.lang.Object, java.lang.Object)'> (0x0000000702addff8) 
thrown [s\src\hotspot\share\interpreter\linkResolver.cpp, line 804]
Event: 10.039 Thread 0x0000024ee4975090 Exception <a 'java/lang/NoSuchMethodError'{0x0000000702a950d8}: 'java.lang.Object java.lang.invoke.DirectMethodHandle$Holder.invokeSpecialIFC(java.lang.Object, java.lang.Object, java.lang.Object, java.lang.Object)'> (0x0000000702a950d8) 
thrown [s\src\hotspot\share\interpreter\linkResolver.cpp, line 804]
Event: 13.221 Thread 0x0000024ee4975090 Exception <a 'java/lang/NoSuchMethodError'{0x0000000702bbbfa8}: 'void java.lang.invoke.DirectMethodHandle$Holder.invokeSpecial(java.lang.Object, java.lang.Object, java.lang.Object)'> (0x0000000702bbbfa8) 
thrown [s\src\hotspot\share\interpreter\linkResolver.cpp, line 804]
Event: 14.042 Thread 0x0000024ee4975090 Exception <a 'java/lang/NoSuchMethodError'{0x0000000702b6d0b8}: 'java.lang.Object java.lang.invoke.DirectMethodHandle$Holder.invokeInterface(java.lang.Object, java.lang.Object)'> (0x0000000702b6d0b8) 
thrown [s\src\hotspot\share\interpreter\linkResolver.cpp, line 804]
Event: 14.162 Thread 0x0000024ee4975090 Exception <a 'java/lang/NoSuchMethodError'{0x0000000702a19830}: 'int java.lang.invoke.DirectMethodHandle$Holder.invokeStatic(java.lang.Object, java.lang.Object, java.lang.Object, java.lang.Object)'> (0x0000000702a19830) 
thrown [s\src\hotspot\share\interpreter\linkResolver.cpp, line 804]
Event: 14.165 Thread 0x0000024ee4975090 Exception <a 'java/lang/NoSuchMethodError'{0x0000000702a430c8}: 'int java.lang.invoke.DirectMethodHandle$Holder.invokeSpecialIFC(java.lang.Object, java.lang.Object, java.lang.Object, java.lang.Object, java.lang.Object)'> (0x0000000702a430c8) 
thrown [s\src\hotspot\share\interpreter\linkResolver.cpp, line 804]
Event: 15.228 Thread 0x0000024ee4975090 Exception <a 'java/lang/NoSuchMethodError'{0x0000000702b90ed8}: 'java.lang.Object java.lang.invoke.DirectMethodHandle$Holder.newInvokeSpecial(java.lang.Object, java.lang.Object, java.lang.Object, java.lang.Object, java.lang.Object)'> (0x0000000702b90ed8) 
thrown [s\src\hotspot\share\interpreter\linkResolver.cpp, line 804]
Event: 15.404 Thread 0x0000024ee4975090 Exception <a 'java/lang/NoSuchMethodError'{0x0000000702aac718}: 'int java.lang.invoke.DirectMethodHandle$Holder.invokeStaticInit(java.lang.Object, java.lang.Object)'> (0x0000000702aac718) 
thrown [s\src\hotspot\share\interpreter\linkResolver.cpp, line 804]
Event: 15.519 Thread 0x0000024ee4975090 Exception <a 'java/lang/NoClassDefFoundError'{0x0000000702ae7420}: javax/enterprise/inject/Typed> (0x0000000702ae7420) 
thrown [s\src\hotspot\share\classfile\systemDictionary.cpp, line 318]

VM Operations (20 events):
Event: 1.809 Executing safepoint VM operation: G1CollectForAllocation (G1 Evacuation Pause)
Event: 6.005 Executing safepoint VM operation: G1CollectForAllocation (G1 Evacuation Pause) done
Event: 8.078 Executing non-safepoint VM operation: HandshakeAllThreads (Deoptimize)
Event: 9.828 Executing non-safepoint VM operation: HandshakeAllThreads (Deoptimize) done
Event: 9.979 Executing safepoint VM operation: G1CollectForAllocation (G1 Evacuation Pause)
Event: 9.981 Executing safepoint VM operation: G1CollectForAllocation (G1 Evacuation Pause) done
Event: 10.941 Executing safepoint VM operation: G1CollectForAllocation (G1 Evacuation Pause)
Event: 10.943 Executing safepoint VM operation: G1CollectForAllocation (G1 Evacuation Pause) done
Event: 11.547 Executing safepoint VM operation: G1CollectForAllocation (G1 Evacuation Pause)
Event: 11.549 Executing safepoint VM operation: G1CollectForAllocation (G1 Evacuation Pause) done
Event: 13.336 Executing safepoint VM operation: G1CollectForAllocation (G1 Evacuation Pause)
Event: 13.341 Executing safepoint VM operation: G1CollectForAllocation (G1 Evacuation Pause) done
Event: 13.808 Executing non-safepoint VM operation: HandshakeAllThreads (Deoptimize)
Event: 13.808 Executing non-safepoint VM operation: HandshakeAllThreads (Deoptimize) done
Event: 14.142 Executing safepoint VM operation: G1CollectForAllocation (G1 Evacuation Pause)
Event: 14.144 Executing safepoint VM operation: G1CollectForAllocation (G1 Evacuation Pause) done
Event: 15.343 Executing safepoint VM operation: G1CollectForAllocation (G1 Evacuation Pause)
Event: 15.344 Executing safepoint VM operation: G1CollectForAllocation (G1 Evacuation Pause) done
Event: 15.681 Executing safepoint VM operation: G1CollectForAllocation (G1 Evacuation Pause)
Event: 15.683 Executing safepoint VM operation: G1CollectForAllocation (G1 Evacuation Pause) done

Memory protections (0 events):
No events

Nmethod flushes (0 events):
No events

Events (17 events):
Event: 0.651 Thread 0x0000024ee4975090 Thread added: 0x0000024ee4975090
Event: 0.821 Thread 0x0000024ee4975090 Thread added: 0x0000024e870d3d90
Event: 0.821 Thread 0x0000024ee4975090 Thread added: 0x0000024e870d47e0
Event: 0.821 Thread 0x0000024ee4975090 Thread added: 0x0000024e870d63a0
Event: 0.821 Thread 0x0000024ee4975090 Thread added: 0x0000024e870d6f50
Event: 0.821 Thread 0x0000024ee4975090 Thread added: 0x0000024e870d8b10
Event: 0.821 Thread 0x0000024ee4975090 Thread added: 0x0000024e870dd2d0
Event: 0.821 Thread 0x0000024ee4975090 Thread added: 0x0000024e870de1c0
Event: 0.821 Thread 0x0000024ee4975090 Thread added: 0x0000024e870e8a00
Event: 0.829 Thread 0x0000024ee4975090 Thread added: 0x0000024e8712c6f0
Event: 0.883 Thread 0x0000024ee4975090 Thread added: 0x0000024e871347c0
Event: 1.266 Thread 0x0000024e870de1c0 Thread added: 0x0000024e878b21e0
Event: 1.550 Thread 0x0000024e878b21e0 Thread exited: 0x0000024e878b21e0
Event: 1.716 Thread 0x0000024ee4975090 Thread added: 0x0000024e87a84fc0
Event: 9.912 Thread 0x0000024e87a84fc0 Thread exited: 0x0000024e87a84fc0
Event: 15.581 Thread 0x0000024e870de1c0 Thread added: 0x0000024e8c1f2fb0
Event: 16.042 Thread 0x0000024e8c1f2fb0 Thread exited: 0x0000024e8c1f2fb0


Dynamic libraries:
0x00007ff623720000 - 0x00007ff62372e000 	C:\Program Files\Apache NetBeans\jdk\bin\java.exe
0x00007ff832b60000 - 0x00007ff832dc6000 	C:\WINDOWS\SYSTEM32\ntdll.dll
0x00007ff831820000 - 0x00007ff8318e9000 	C:\WINDOWS\System32\KERNEL32.DLL
0x00007ff82fd80000 - 0x00007ff83017e000 	C:\WINDOWS\System32\KERNELBASE.dll
0x00007ff82cc20000 - 0x00007ff82ccc0000 	C:\WINDOWS\SYSTEM32\apphelp.dll
0x00007ff830670000 - 0x00007ff8307bc000 	C:\WINDOWS\System32\ucrtbase.dll
0x00007ff805820000 - 0x00007ff805837000 	C:\Program Files\Apache NetBeans\jdk\bin\jli.dll
0x00007ff8315a0000 - 0x00007ff831767000 	C:\WINDOWS\System32\USER32.dll
0x00007ff830440000 - 0x00007ff830467000 	C:\WINDOWS\System32\win32u.dll
0x00007ff8312b0000 - 0x00007ff8312db000 	C:\WINDOWS\System32\GDI32.dll
0x00007ff830190000 - 0x00007ff8302ba000 	C:\WINDOWS\System32\gdi32full.dll
0x00007ff830470000 - 0x00007ff830513000 	C:\WINDOWS\System32\msvcp_win.dll
0x00007ff806240000 - 0x00007ff80625e000 	C:\Program Files\Apache NetBeans\jdk\bin\VCRUNTIME140.dll
0x00007ff815670000 - 0x00007ff815902000 	C:\WINDOWS\WinSxS\amd64_microsoft.windows.common-controls_6595b64144ccf1df_6.0.26100.8875_none_3e0d5d42e32fe9dd\COMCTL32.dll
0x00007ff831770000 - 0x00007ff831819000 	C:\WINDOWS\System32\msvcrt.dll
0x00007ff8323e0000 - 0x00007ff832412000 	C:\WINDOWS\System32\IMM32.DLL
0x000000005b940000 - 0x000000005b94d000 	C:\Program Files (x86)\360\Total Security\safemon\SafeWrapper.dll
0x00007ff832960000 - 0x00007ff832a17000 	C:\WINDOWS\System32\ADVAPI32.dll
0x00007ff830890000 - 0x00007ff83093a000 	C:\WINDOWS\System32\sechost.dll
0x00007ff830b50000 - 0x00007ff830c68000 	C:\WINDOWS\System32\RPCRT4.dll
0x00007ff8296f0000 - 0x00007ff8297f5000 	C:\Program Files (x86)\360\Total Security\safemon\libzdtp64.dll
0x00007ff831aa0000 - 0x00007ff832232000 	C:\WINDOWS\System32\SHELL32.dll
0x00007ff8319f0000 - 0x00007ff831a57000 	C:\WINDOWS\System32\SHLWAPI.dll
0x00007ff82f7c0000 - 0x00007ff82f7cb000 	C:\WINDOWS\SYSTEM32\VERSION.dll
0x00007ff82ae80000 - 0x00007ff82ae8c000 	C:\Program Files\Apache NetBeans\jdk\bin\vcruntime140_1.dll
0x00007fffb1950000 - 0x00007fffb19dd000 	C:\Program Files\Apache NetBeans\jdk\bin\msvcp140.dll
0x00007fff8c260000 - 0x00007fff8d1f9000 	C:\Program Files\Apache NetBeans\jdk\bin\server\jvm.dll
0x00007ff832440000 - 0x00007ff8324c0000 	C:\WINDOWS\System32\WS2_32.dll
0x00007ff82fbe0000 - 0x00007ff82fc3e000 	C:\WINDOWS\SYSTEM32\POWRPROF.dll
0x00007ff821b50000 - 0x00007ff821b86000 	C:\WINDOWS\SYSTEM32\WINMM.dll
0x00007ff82fbc0000 - 0x00007ff82fbd4000 	C:\WINDOWS\SYSTEM32\UMPDC.dll
0x00007ff82e9e0000 - 0x00007ff82e9fb000 	C:\WINDOWS\SYSTEM32\kernel.appcore.dll
0x00007ff8186a0000 - 0x00007ff8186aa000 	C:\Program Files\Apache NetBeans\jdk\bin\jimage.dll
0x00007ff81fc20000 - 0x00007ff81fe62000 	C:\WINDOWS\SYSTEM32\DBGHELP.DLL
0x00007ff830f20000 - 0x00007ff8312a3000 	C:\WINDOWS\System32\combase.dll
0x00007ff8314c0000 - 0x00007ff831599000 	C:\WINDOWS\System32\OLEAUT32.dll
0x00007ff816360000 - 0x00007ff81639b000 	C:\WINDOWS\SYSTEM32\dbgcore.DLL
0x00007ff8307d0000 - 0x00007ff83087c000 	C:\WINDOWS\System32\bcryptPrimitives.dll
0x00007ff805a80000 - 0x00007ff805a9e000 	C:\Program Files\Apache NetBeans\jdk\bin\java.dll
0x00007ff832240000 - 0x00007ff8323d9000 	C:\WINDOWS\System32\ole32.dll
0x00007ff82d7e0000 - 0x00007ff82e072000 	C:\WINDOWS\SYSTEM32\windows.storage.dll
0x00007ff8318f0000 - 0x00007ff8319e7000 	C:\WINDOWS\System32\SHCORE.dll
0x00007ff82fca0000 - 0x00007ff82fcc9000 	C:\WINDOWS\SYSTEM32\profapi.dll
0x00007ff800060000 - 0x00007ff800071000 	C:\Program Files\Apache NetBeans\jdk\bin\net.dll
0x00007ff82ef90000 - 0x00007ff82effc000 	C:\WINDOWS\system32\mswsock.dll
0x00007ffffa340000 - 0x00007ffffa356000 	C:\Program Files\Apache NetBeans\jdk\bin\nio.dll
0x00007ff8016f0000 - 0x00007ff801707000 	C:\Program Files\Apache NetBeans\jdk\bin\zip.dll
0x00007ffff5920000 - 0x00007ffff5944000 	C:\Program Files\Apache NetBeans\java\maven\lib\jansi-native\Windows\x86_64\jansi.dll
0x00007ff814b00000 - 0x00007ff814b10000 	C:\Program Files\Apache NetBeans\jdk\bin\verify.dll

JVMTI agents: none

dbghelp: loaded successfully - version: 4.0.5 - missing functions: none
symbol engine: initialized successfully - sym options: 0x614 - pdb path: .;C:\Program Files\Apache NetBeans\jdk\bin;C:\WINDOWS\SYSTEM32;C:\WINDOWS\WinSxS\amd64_microsoft.windows.common-controls_6595b64144ccf1df_6.0.26100.8875_none_3e0d5d42e32fe9dd;C:\Program Files (x86)\360\Total Security\safemon;C:\Program Files\Apache NetBeans\jdk\bin\server;C:\Program Files\Apache NetBeans\java\maven\lib\jansi-native\Windows\x86_64

VM Arguments:
jvm_args: --enable-native-access=ALL-UNNAMED -Dclassworlds.conf=C:\Program Files\Apache NetBeans\java\maven\bin\m2.conf -Dmaven.home=C:\Program Files\Apache NetBeans\java\maven -Dlibrary.jansi.path=C:\Program Files\Apache NetBeans\java\maven\lib\jansi-native -Dmaven.multiModuleProjectDirectory=C:\Users\DVDSTORE\Desktop\LeetCode\ArrayList\ArrayList 
java_command: org.codehaus.plexus.classworlds.launcher.Launcher -Dexec.vmArgs= -Dexec.args=${exec.vmArgs} -classpath %classpath ${exec.mainClass} ${exec.appArgs} -Dexec.appArgs= -Dexec.mainClass=com.mycompany.arraylist.Driver -Dexec.executable=C:\Program Files\Apache NetBeans\jdk\bin\java.exe -Dmaven.ext.class.path=C:\Program Files\Apache NetBeans\java\maven-nblib\netbeans-eventspy.jar --no-transfer-progress process-classes org.codehaus.mojo:exec-maven-plugin:3.5.1:exec
java_class_path (initial): C:\Program Files\Apache NetBeans\java\maven\boot\plexus-classworlds-2.9.0.jar
Launcher Type: SUN_STANDARD

[Global flags]
     bool AOTAdapterCaching                        = false                                  {diagnostic} {ergonomic}
     bool AOTInvokeDynamicLinking                  = false                                  {diagnostic} {ergonomic}
     bool AOTRecordTraining                        = false                                  {diagnostic} {ergonomic}
     bool AOTReplayTraining                        = false                                  {diagnostic} {ergonomic}
     bool AOTStubCaching                           = false                                  {diagnostic} {ergonomic}
     intx CICompilerCount                          = 4                                         {product} {ergonomic}
     uint ConcGCThreads                            = 3                                         {product} {ergonomic}
     uint G1ConcRefinementThreads                  = 10                                        {product} {ergonomic}
     uint G1EagerReclaimRemSetThreshold            = 16                                   {experimental} {ergonomic}
   size_t G1HeapRegionSize                         = 2097152                                   {product} {ergonomic}
     uint G1RemSetArrayOfCardsEntries              = 16                                   {experimental} {ergonomic}
     uint G1RemSetHowlMaxNumBuckets                = 8                                    {experimental} {ergonomic}
     uint G1RemSetHowlNumBuckets                   = 8                                    {experimental} {ergonomic}
   size_t InitialHeapSize                          = 8388608                                   {product} {ergonomic}
     bool IntelJccErratumMitigation                = false                             {ARCH diagnostic} {ergonomic}
   size_t MarkStackSize                            = 4194304                                   {product} {ergonomic}
   size_t MarkStackSizeMax                         = 536870912                                 {product} {ergonomic}
   size_t MaxHeapSize                              = 4257218560                                {product} {ergonomic}
   size_t MaxNewSize                               = 2554331136                                {product} {ergonomic}
 uint64_t MaxRAM                                   = 17026142208                               {product} {ergonomic}
   size_t MinHeapDeltaBytes                        = 2097152                                   {product} {ergonomic}
   size_t MinHeapSize                              = 8388608                                   {product} {ergonomic}
   size_t NonNMethodCodeHeapSize                   = 5898240                                {pd product} {ergonomic}
   size_t NonProfiledCodeHeapSize                  = 122945536                              {pd product} {ergonomic}
   size_t ProfiledCodeHeapSize                     = 122945536                              {pd product} {ergonomic}
   size_t ReservedCodeCacheSize                    = 251789312                              {pd product} {ergonomic}
     bool SegmentedCodeCache                       = true                                      {product} {ergonomic}
   size_t SoftMaxHeapSize                          = 4257218560                             {manageable} {ergonomic}
     bool UseCompressedOops                        = true                           {product lp64_product} {ergonomic}
     bool UseCondCardMark                          = true                                      {product} {ergonomic}
     bool UseFastUnorderedTimeStamps               = true                                 {experimental} {ergonomic}
     bool UseG1GC                                  = true                                      {product} {ergonomic}
     bool UseLargePagesIndividualAllocation        = false                                  {pd product} {ergonomic}
      int X86ICacheSync                            = 3                                 {ARCH diagnostic} {ergonomic}

Logging:
Log output configuration:
 #0: stdout all=warning uptime,level,tags foldmultilines=false
 #1: stderr all=off uptime,level,tags foldmultilines=false

Release file:
IMPLEMENTOR="Eclipse Adoptium" 
IMPLEMENTOR_VERSION="Temurin-26.0.1+8" 
JAVA_RUNTIME_VERSION="26.0.1+8" 
JAVA_VERSION="26.0.1" 
JAVA_VERSION_DATE="2026-04-21" 
LIBC="default" 
MODULES="java.base java.compiler java.datatransfer java.xml java.prefs java.desktop java.instrument java.logging java.management java.security.sasl java.naming java.rmi java.management.rmi java.net.http java.scripting java.security.jgss java.transaction.xa java.sql java.sql.rowset java.xml.crypto java.se java.smartcardio jdk.accessibility jdk.internal.jvmstat jdk.attach jdk.charsets jdk.internal.opt jdk.zipfs jdk.compiler jdk.crypto.cryptoki jdk.crypto.ec jdk.crypto.mscapi jdk.dynalink jdk.internal.ed jdk.editpad jdk.internal.vm.ci jdk.graal.compiler jdk.graal.compiler.management jdk.hotspot.agent jdk.httpserver jdk.incubator.vector jdk.internal.le jdk.internal.md jdk.jartool jdk.javadoc jdk.jcmd jdk.management jdk.management.agent jdk.jconsole jdk.jdeps jdk.jdwp.agent jdk.jdi jdk.jfr jdk.jlink jdk.jpackage jdk.jshell jdk.jstatd jdk.localedata jdk.management.jfr jdk.naming.dns jdk.naming.rmi jdk.net jdk.nio.mapmode jdk.sctp jdk.security.auth jdk.security.jgss jdk.unsupported jdk.unsupported.desktop jdk.xml.dom" 
OS_ARCH="x86_64" 
OS_NAME="Windows" 
SOURCE=".:git:1cafccec39fb" 
BUILD_SOURCE="git:a612825ee82a20ac872d60958c349854c1f29a8e"
BUILD_SOURCE_REPO="https://github.com/adoptium/temurin-build.git"
SOURCE_REPO="https://github.com/adoptium/jdk26u.git"
FULL_VERSION="26.0.1+8"
SEMANTIC_VERSION="26.0.1+8"
BUILD_INFO="OS: Windows Server 2022 Version: 10.0"
JVM_VARIANT="Hotspot"
JVM_VERSION="26.0.1+8"
IMAGE_TYPE="JDK"

Environment Variables:
JAVA_HOME=C:\Program Files\Apache NetBeans\jdk
PATH=C:\Program Files (x86)\Common Files\Oracle\Java\javapath;C:\WINDOWS\system32;C:\WINDOWS;C:\WINDOWS\System32\Wbem;C:\WINDOWS\System32\WindowsPowerShell\v1.0\;C:\WINDOWS\System32\OpenSSH\;C:\Program Files (x86)\NVIDIA Corporation\PhysX\Common;C:\Program Files\NVIDIA Corporation\NVIDIA NvDLISR;C:\Program Files\dotnet\;C:\Program Files\Git\cmd;C:\Users\DVDSTORE\AppData\Local\Microsoft\WindowsApps;C:\Users\DVDSTORE\AppData\Local\Programs\Microsoft VS Code\bin;;C:\Program Files\Apache NetBeans\bin\
USERNAME=DVDSTORE
OS=Windows_NT
PROCESSOR_IDENTIFIER=Intel64 Family 6 Model 151 Stepping 5, GenuineIntel
TMP=C:\Users\DVDSTORE\AppData\Local\Temp
TEMP=C:\Users\DVDSTORE\AppData\Local\Temp




Compilation memory statistics disabled.

Periodic native trim disabled

---------------  S Y S T E M  ---------------

OS:
 Windows 11 , 64 bit Build 26100 (10.0.26100.8875)
OS uptime: 3 days 17:10 hours

CPU: total 12 (initial active 12) (6 cores per cpu, 2 threads per core) family 6 model 151 stepping 5 microcode 0x2d, cx8, cmov, fxsr, ht, mmx, 3dnowpref, sse, sse2, sse3, ssse3, sse4.1, sse4.2, popcnt, lzcnt, tsc, tscinvbit, avx, avx2, aes, erms, clmul, bmi1, bmi2, adx, sha, fma, vzeroupper, clflush, clflushopt, clwb, serialize, rdtscp, rdpid, fsrm, gfni, f16c, pku, cet_ibt, cet_ss
Processor Information for the first 12 processors :
  Max Mhz: 2500, Current Mhz: 2500, Mhz Limit: 2500

Memory: 4k page, system-wide physical 16237M (1755M free)
TotalPageFile size 28525M (AvailPageFile size 67M)
current process WorkingSet (physical memory assigned to process): 69M, peak: 71M
current process commit charge ("private bytes"): 111M, peak: 120M

vm_info: OpenJDK 64-Bit Server VM (26.0.1+8) for windows-amd64 JRE (26.0.1+8), built on 2026-04-21T00:00:00Z with MS VC++ 17.12 (VS2022)

END.
