#
# There is insufficient memory for the Java Runtime Environment to continue.
# Native memory allocation (malloc) failed to allocate 1128280 bytes. Error detail: Chunk::new
# Possible reasons:
#   The system is out of physical RAM or swap space
#   This process is running with CompressedOops enabled, and the Java Heap may be blocking the growth of the native heap
# Possible solutions:
#   Reduce memory load on the system
#   Increase physical memory or swap space
#   Check if swap backing store is full
#   Decrease Java heap size (-Xmx/-Xms)
#   Decrease number of Java threads
#   Decrease Java thread stack sizes (-Xss)
#   Set larger code cache with -XX:ReservedCodeCacheSize=
#   JVM is running with Zero Based Compressed Oops mode in which the Java heap is
#     placed in the first 32GB address space. The Java Heap base address is the
#     maximum limit for the native heap growth. Please use -XX:HeapBaseMinAddress
#     to set the Java Heap base and to place the Java Heap above 32GB virtual address.
# This output file may be truncated or incomplete.
#
#  Out of Memory Error (arena.cpp:193), pid=56392, tid=59132
#
# JRE version: OpenJDK Runtime Environment Temurin-26.0.1+8 (26.0.1+8) (build 26.0.1+8)
# Java VM: OpenJDK 64-Bit Server VM Temurin-26.0.1+8 (26.0.1+8, mixed mode, sharing, tiered, compressed oops, compressed class ptrs, g1 gc, windows-amd64)
# No core dump will be written. Minidumps are not enabled by default on client versions of Windows
#

---------------  S U M M A R Y ------------

Command Line: --enable-native-access=ALL-UNNAMED -Dclassworlds.conf=C:\Program Files\Apache NetBeans\java\maven\bin\m2.conf -Dmaven.home=C:\Program Files\Apache NetBeans\java\maven -Dlibrary.jansi.path=C:\Program Files\Apache NetBeans\java\maven\lib\jansi-native -Dmaven.multiModuleProjectDirectory=C:\Users\DVDSTORE\Desktop\LeetCode\ArrayList\ArrayList org.codehaus.plexus.classworlds.launcher.Launcher -Dexec.vmArgs= -Dexec.args=${exec.vmArgs} -classpath %classpath ${exec.mainClass} ${exec.appArgs} -Dexec.appArgs= -Dexec.mainClass=com.mycompany.arraylist.Driver -Dexec.executable=C:\Program Files\Apache NetBeans\jdk\bin\java.exe -Dmaven.ext.class.path=C:\Program Files\Apache NetBeans\java\maven-nblib\netbeans-eventspy.jar --no-transfer-progress process-classes org.codehaus.mojo:exec-maven-plugin:3.5.1:exec

Host: 12th Gen Intel(R) Core(TM) i5-12400F, 12 cores, 15G,  Windows 11 , 64 bit Build 26100 (10.0.26100.8875)
Time: Wed Aug 19 09:14:36 2026 Egypt Daylight Time elapsed time: 18.270288 seconds (0d 0h 0m 18s)

---------------  T H R E A D  ---------------

Current thread (0x000001d888051090):  JavaThread "C2 CompilerThread0" daemon [_thread_in_native, id=59132, stack(0x0000002beec00000,0x0000002beed00000) (1024K)]


Current CompileTask:
C2:18270 2789       4       com.google.inject.internal.aop.ImmutableStringTrie::nextPivotColumn (55 bytes)

Stack: [0x0000002beec00000,0x0000002beed00000]
Native frames: (J=compiled Java code, j=interpreted, Vv=VM code, C=native code)
V  [jvm.dll+0x7db749]  (no source info available)
V  [jvm.dll+0x7a82bd]  (no source info available)
V  [jvm.dll+0xa44a60]  (no source info available)
V  [jvm.dll+0xa46eb1]  (no source info available)
V  [jvm.dll+0xa475c3]  (no source info available)
V  [jvm.dll+0x311a96]  (no source info available)
V  [jvm.dll+0x120316]  (no source info available)
V  [jvm.dll+0x12063e]  (no source info available)
V  [jvm.dll+0x1b2836]  (no source info available)
V  [jvm.dll+0x3ce802]  (no source info available)
V  [jvm.dll+0x7e430f]  (no source info available)
V  [jvm.dll+0x2d4597]  (no source info available)
V  [jvm.dll+0x2d350f]  (no source info available)
V  [jvm.dll+0x249670]  (no source info available)
V  [jvm.dll+0x2e363c]  (no source info available)
V  [jvm.dll+0x2e181d]  (no source info available)
V  [jvm.dll+0x4a82ae]  (no source info available)
V  [jvm.dll+0x9e3039]  (no source info available)
V  [jvm.dll+0x7dd228]  (no source info available)
C  [ucrtbase.dll+0x2cd30]  (no source info available)
C  [KERNEL32.DLL+0x2e957]  (no source info available)
C  [ntdll.dll+0xaad6c]  (no source info available)

Lock stack of current Java thread (top to bottom):


---------------  P R O C E S S  ---------------

Threads class SMR info:
_java_thread_list=0x000001d88d700910, length=11, elements={
0x000001d8e58255d0, 0x000001d888045da0, 0x000001d888046550, 0x000001d888047260,
0x000001d888047e10, 0x000001d8880499d0, 0x000001d88804e190, 0x000001d888051090,
0x000001d88805bcd0, 0x000001d888647930, 0x000001d88864a2c0
}

Java Threads: ( => current thread )
  0x000001d8e58255d0 JavaThread "main"                              [_thread_blocked, id=55880, stack(0x0000002bedd00000,0x0000002bede00000) (1024K)]
  0x000001d888045da0 JavaThread "Reference Handler"          daemon [_thread_blocked, id=59108, stack(0x0000002bee600000,0x0000002bee700000) (1024K)]
  0x000001d888046550 JavaThread "Finalizer"                  daemon [_thread_blocked, id=59112, stack(0x0000002bee700000,0x0000002bee800000) (1024K)]
  0x000001d888047260 JavaThread "Signal Dispatcher"          daemon [_thread_blocked, id=59116, stack(0x0000002bee800000,0x0000002bee900000) (1024K)]
  0x000001d888047e10 JavaThread "Attach Listener"            daemon [_thread_blocked, id=59120, stack(0x0000002bee900000,0x0000002beea00000) (1024K)]
  0x000001d8880499d0 JavaThread "Service Thread"             daemon [_thread_blocked, id=59124, stack(0x0000002beea00000,0x0000002beeb00000) (1024K)]
  0x000001d88804e190 JavaThread "Monitor Deflation Thread"   daemon [_thread_blocked, id=59128, stack(0x0000002beeb00000,0x0000002beec00000) (1024K)]
=>0x000001d888051090 JavaThread "C2 CompilerThread0"         daemon [_thread_in_native, id=59132, stack(0x0000002beec00000,0x0000002beed00000) (1024K)]
  0x000001d88805bcd0 JavaThread "C1 CompilerThread0"         daemon [_thread_in_vm, id=59136, stack(0x0000002beed00000,0x0000002beee00000) (1024K)]
  0x000001d888647930 JavaThread "Notification Thread"        daemon [_thread_blocked, id=59140, stack(0x0000002beee00000,0x0000002beef00000) (1024K)]
  0x000001d88864a2c0 JavaThread "Common-Cleaner"             daemon [_thread_blocked, id=59144, stack(0x0000002beef00000,0x0000002bef000000) (1024K)]
Total: 11

Other Threads:
  0x000001d888031830 VMThread "VM Thread"                           [id=58864, stack(0x0000002bee500000,0x0000002bee600000) (1024K)]
  0x000001d88801e110 WatcherThread "VM Periodic Task Thread"        [id=58860, stack(0x0000002bee400000,0x0000002bee500000) (1024K)]
  0x000001d8e7c40730 WorkerThread "GC Thread#0"                     [id=58780, stack(0x0000002bede00000,0x0000002bedf00000) (1024K)]
  0x000001d88d0b4ed0 WorkerThread "GC Thread#1"                     [id=58636, stack(0x0000002bef100000,0x0000002bef200000) (1024K)]
  0x000001d88e11e270 WorkerThread "GC Thread#2"                     [id=60676, stack(0x0000002bef300000,0x0000002bef400000) (1024K)]
  0x000001d88d7d5720 WorkerThread "GC Thread#3"                     [id=61336, stack(0x0000002bef000000,0x0000002bef100000) (1024K)]
  0x000001d88e216b40 WorkerThread "GC Thread#4"                     [id=62344, stack(0x0000002bef400000,0x0000002bef500000) (1024K)]
  0x000001d88dd4dcf0 WorkerThread "GC Thread#5"                     [id=54960, stack(0x0000002bef500000,0x0000002bef600000) (1024K)]
  0x000001d88dd4e110 WorkerThread "GC Thread#6"                     [id=62372, stack(0x0000002bef600000,0x0000002bef700000) (1024K)]
  0x000001d8e7c59490 ConcurrentGCThread "G1 Main Marker"            [id=58784, stack(0x0000002bedf00000,0x0000002bee000000) (1024K)]
  0x000001d8e7c5a820 WorkerThread "G1 Conc#0"                       [id=58788, stack(0x0000002bee000000,0x0000002bee100000) (1024K)]
  0x000001d887ee1460 WorkerThread "G1 Refinement Workers#0"         [id=58800, stack(0x0000002bee200000,0x0000002bee300000) (1024K)]
  0x000001d887ee0aa0 ConcurrentGCThread "G1 Refine Control"         [id=58796, stack(0x0000002bee100000,0x0000002bee200000) (1024K)]
  0x000001d887ee20a0 ConcurrentGCThread "G1 Service"                [id=58804, stack(0x0000002bee300000,0x0000002bee400000) (1024K)]
Total: 14

Threads with active compile tasks:
C2 CompilerThread0  18494 2789       4       com.google.inject.internal.aop.ImmutableStringTrie::nextPivotColumn (55 bytes)
C1 CompilerThread0  18494 2803   !   3       com.google.inject.internal.InjectorImpl$1::get (54 bytes)
Total: 2

VM state: not at safepoint (normal execution)

VM Mutex/Monitor currently owned by a thread:  ([mutex/lock_event])
[0x00007fff8d0fe408] MethodCompileQueue_lock - owner thread: 0x000001d88805bcd0
[0x00007fff8d0ff888] CodeCache_lock - owner thread: 0x000001d88805bcd0
[0x00007fff8d0ffb08] Compile_lock - owner thread: 0x000001d88805bcd0

Heap address: 0x0000000702400000, size: 4060 MB, Compressed Oops mode: Zero based, Oop shift amount: 3

CDS archive(s) mapped at: [0x0000000080000000-0x0000000080de0000-0x0000000080de0000), size 14548992, SharedBaseAddress: 0x0000000080000000, ArchiveRelocationMode: 1.
Compressed class space mapped at: 0x0000000081000000-0x00000000c1000000, reserved size: 1073741824
UseCompressedClassPointers 1, UseCompactObjectHeaders 0
Narrow klass pointer bits 32, Max shift 3
Narrow klass base: 0x0000000080000000, Narrow klass shift: 0
Encoding Range: [0x0000000080000000 - 0x0000000180000000), (4294967296 bytes)
Klass Range:    [0x0000000080000000 - 0x00000000c1000000), (1090519040 bytes)
Klass ID Range:  [8 - 1090519033) (1090519025)
Protection zone: [0x0000000080000000 - 0x0000000080010000), (65536 bytes)

GC Precious Log:
 CardTable entry size: 512
 Card Set container configuration: InlinePtr #cards 4 size 8 Array Of Cards #cards 16 size 48 Howl #buckets 8 coarsen threshold 3686 Howl Bitmap #cards 512 size 80 coarsen threshold 460 Card regions per heap region 1 cards per card region 4096
 CPUs: 12 total, 12 available
 Memory: 16237M
 Large Page Support: Disabled
 NUMA Support: Disabled
 Compressed Oops: Enabled (Zero based)
 Heap Region Size: 2M
 Heap Min Capacity: 8M
 Heap Initial Capacity: 8M
 Heap Max Capacity: 4060M
 Pre-touch: Disabled
 Parallel Workers: 10
 Concurrent Workers: 3
 Concurrent Refinement Workers: 10
 Periodic GC: Disabled

Heap:
 garbage-first heap   total reserved 4157440K, committed 30720K, used 7712K [0x0000000702400000, 0x0000000800000000)
  region size 2M, 1 eden (2M), 2 survivor (4M), 3 old (6M), 0 humongous (0M), 9 free (18M)

Heap Regions: E=young(eden), S=young(survivor), O=old, HS=humongous(starts), HC=humongous(continues), CS=collection set, F=free, TAMS=top-at-mark-start, PB=parsable bottom
|    0|0x0000000702400000, 0x0000000702600000, 0x0000000702600000|100%| O|  |TAMS 0x0000000702400000| PB 0x0000000702400000| Untracked |  0
|    1|0x0000000702600000, 0x000000070270cff0, 0x0000000702800000| 52%| O|  |TAMS 0x0000000702600000| PB 0x0000000702600000| Untracked |  0
|    2|0x0000000702800000, 0x0000000702800000, 0x0000000702a00000|  0%| F|  |TAMS 0x0000000702800000| PB 0x0000000702800000| Untracked |  0
|    3|0x0000000702a00000, 0x0000000702b53880, 0x0000000702c00000| 66%| S|CS|TAMS 0x0000000702a00000| PB 0x0000000702a00000| Complete  |  0
|    4|0x0000000702c00000, 0x0000000702e00000, 0x0000000702e00000|100%| S|CS|TAMS 0x0000000702c00000| PB 0x0000000702c00000| Complete  |  0
|    5|0x0000000702e00000, 0x0000000702e00000, 0x0000000703000000|  0%| F|  |TAMS 0x0000000702e00000| PB 0x0000000702e00000| Untracked |  0
|    6|0x0000000703000000, 0x0000000703000000, 0x0000000703200000|  0%| F|  |TAMS 0x0000000703000000| PB 0x0000000703000000| Untracked |  0
|    7|0x0000000703200000, 0x0000000703200000, 0x0000000703400000|  0%| F|  |TAMS 0x0000000703200000| PB 0x0000000703200000| Untracked |  0
|    8|0x0000000703400000, 0x0000000703400000, 0x0000000703600000|  0%| F|  |TAMS 0x0000000703400000| PB 0x0000000703400000| Untracked |  0
|    9|0x0000000703600000, 0x0000000703600000, 0x0000000703800000|  0%| F|  |TAMS 0x0000000703600000| PB 0x0000000703600000| Untracked |  0
|   10|0x0000000703800000, 0x0000000703800000, 0x0000000703a00000|  0%| F|  |TAMS 0x0000000703800000| PB 0x0000000703800000| Untracked |  0
|   11|0x0000000703a00000, 0x0000000703a00000, 0x0000000703c00000|  0%| F|  |TAMS 0x0000000703a00000| PB 0x0000000703a00000| Untracked |  0
|   12|0x0000000703c00000, 0x0000000703c00000, 0x0000000703e00000|  0%| F|  |TAMS 0x0000000703c00000| PB 0x0000000703c00000| Untracked |  0
|   13|0x0000000703e00000, 0x0000000703f64558, 0x0000000704000000| 69%| E|CS|TAMS 0x0000000703e00000| PB 0x0000000703e00000| Complete  |  0
| 2029|0x00000007ffe00000, 0x00000007fff27b70, 0x0000000800000000| 57%| O|  |TAMS 0x00000007ffe00000| PB 0x00000007ffe00000| Untracked |  0

Card table byte_map: [0x000001d8810f0000,0x000001d8818e0000] _byte_map_base: 0x000001d87d8de000
Refinement table byte_map: [0x000001d880900000,0x000001d8810f0000] _byte_map_base: 0x000001d87d0ee000

Marking Bits: (CMBitMap*) 0x000001d8e7c40eb0
 Bits: [0x000001d8818e0000, 0x000001d885850000)

Polling page: 0x000001d8e59d0000

Metaspace:
Metaspace        used 12413K, committed 12608K, reserved 1114112K
 class space     used 1587K, committed 1664K, reserved 1048576K

Usage:
  Non-class:     10.57 MB used.
      Class:      1.55 MB used.
       Both:     12.12 MB used.

Virtual space:
  Non-class space:       64.00 MB reserved,      10.69 MB ( 17%) committed,  1 nodes.
      Class space:        1.00 GB reserved,       1.62 MB ( <1%) committed,  1 nodes.
             Both:        1.06 GB reserved,      12.31 MB (  1%) committed. 

Chunk freelists:
   Non-Class:  4.02 MB
       Class:  14.38 MB
        Both:  18.39 MB

MaxMetaspaceSize: unlimited
CompressedClassSpaceSize: 1.00 GB
Initial GC threshold: 21.00 MB
Current GC threshold: 21.00 MB
CDS: on
 - commit_granule_bytes: 65536.
 - commit_granule_words: 8192.
 - virtual_space_node_default_size: 8388608.
 - enlarge_chunks_in_place: 1.
UseCompressedClassPointers 1, UseCompactObjectHeaders 0
Narrow klass pointer bits 32, Max shift 3
Narrow klass base: 0x0000000080000000, Narrow klass shift: 0
Encoding Range: [0x0000000080000000 - 0x0000000180000000), (4294967296 bytes)
Klass Range:    [0x0000000080000000 - 0x00000000c1000000), (1090519040 bytes)
Klass ID Range:  [8 - 1090519033) (1090519025)
Protection zone: [0x0000000080000000 - 0x0000000080010000), (65536 bytes)


Internal statistics:

num_allocs_failed_limit: 0.
num_arena_births: 82.
num_arena_deaths: 0.
num_vsnodes_births: 2.
num_vsnodes_deaths: 0.
num_space_committed: 197.
num_space_uncommitted: 0.
num_chunks_returned_to_freelist: 0.
num_chunks_taken_from_freelist: 524.
num_chunk_merges: 0.
num_chunk_splits: 351.
num_chunks_enlarged: 286.
num_inconsistent_stats: 0.

CodeHeap 'non-profiled nmethods': size=120064Kb used=788Kb max_used=788Kb free=119275Kb
 bounds [0x000001d8f85a0000, 0x000001d8f8810000, 0x000001d8ffae0000]
CodeHeap 'profiled nmethods': size=120064Kb used=4287Kb max_used=4287Kb free=115776Kb
 bounds [0x000001d8f0ac0000, 0x000001d8f0ef0000, 0x000001d8f8000000]
CodeHeap 'non-nmethods': size=5760Kb used=1382Kb max_used=1408Kb free=4377Kb
 bounds [0x000001d8f8000000, 0x000001d8f8270000, 0x000001d8f85a0000]
CodeCache: size=245888Kb, used=6457Kb, max_used=6483Kb, free=239428Kb
 total_blobs=3294, nmethods=2802, adapters=395, full_count=0
Compilation: enabled, stopped_count=0, restarted_count=0

Compilation events (20 events):
Event: 17.241 Thread 0x000001d88805bcd0 nmethod 2783 0x000001d8f0ee0888 code [0x000001d8f0ee0980, 0x000001d8f0ee0e20]
Event: 17.241 Thread 0x000001d88805bcd0 2784       3       java.lang.invoke.LambdaFormEditor$TransformKey::packedBytes (37 bytes)
Event: 17.241 Thread 0x000001d88805bcd0 nmethod 2784 0x000001d8f0ee0e88 code [0x000001d8f0ee0f80, 0x000001d8f0ee1080]
Event: 17.241 Thread 0x000001d88805bcd0 2785       3       java.lang.invoke.LambdaFormEditor::bindArgumentType (101 bytes)
Event: 17.241 Thread 0x000001d88805bcd0 nmethod 2785 0x000001d8f0ee1188 code [0x000001d8f0ee1280, 0x000001d8f0ee1510]
Event: 17.241 Thread 0x000001d88805bcd0 2786       3       java.lang.invoke.MethodType::dropParameterTypes (162 bytes)
Event: 17.242 Thread 0x000001d88805bcd0 nmethod 2786 0x000001d8f0ee1588 code [0x000001d8f0ee1680, 0x000001d8f0ee2980]
Event: 17.242 Thread 0x000001d88805bcd0 2787       3       com.google.inject.internal.ConstructionContext::finishConstruction (11 bytes)
Event: 17.242 Thread 0x000001d88805bcd0 nmethod 2787 0x000001d8f0ee2a08 code [0x000001d8f0ee2b00, 0x000001d8f0ee2c28]
Event: 17.243 Thread 0x000001d88805bcd0 2788       3       org.objectweb.asm.ClassWriter::toByteArray (1535 bytes)
Event: 17.247 Thread 0x000001d88805bcd0 nmethod 2788 0x000001d8f0ee2d08 code [0x000001d8f0ee2e00, 0x000001d8f0ee8140]
Event: 17.264 Thread 0x000001d888051090 2789       4       com.google.inject.internal.aop.ImmutableStringTrie::nextPivotColumn (55 bytes)
Event: 17.294 Thread 0x000001d88805bcd0 2790       3       java.lang.System::getProperty (12 bytes)
Event: 17.295 Thread 0x000001d88805bcd0 nmethod 2790 0x000001d8f0ee8188 code [0x000001d8f0ee8280, 0x000001d8f0ee8768]
Event: 17.295 Thread 0x000001d88805bcd0 2791       3       java.util.Arrays::copyOfRange (90 bytes)
Event: 17.295 Thread 0x000001d88805bcd0 nmethod 2791 0x000001d8f0ee8788 code [0x000001d8f0ee8880, 0x000001d8f0ee9740]
Event: 17.296 Thread 0x000001d88805bcd0 2792       3       org.eclipse.sisu.inject.RankedSequence$Itr::hasNext (113 bytes)
Event: 17.296 Thread 0x000001d88805bcd0 nmethod 2792 0x000001d8f0ee9788 code [0x000001d8f0ee9880, 0x000001d8f0ee9c68]
Event: 17.296 Thread 0x000001d88805bcd0 2793       3       org.eclipse.sisu.inject.LocatedBeans$Itr::hasNext (169 bytes)
Event: 17.296 Thread 0x000001d88805bcd0 nmethod 2793 0x000001d8f0ee9c88 code [0x000001d8f0ee9d80, 0x000001d8f0eeadc0]

GC Heap Usage History (14 events):
Event: 0.936 {heap Before GC invocations=0 (full 0):
 garbage-first heap   total reserved 4157440K, committed 10240K, used 3230K [0x0000000702400000, 0x0000000800000000)
  region size 2M, 2 eden (4M), 0 survivor (0M), 1 old (2M), 0 humongous (0M), 2 free (4M)
}
Event: 1.139 {heap After GC invocations=1 (full 0):
 garbage-first heap   total reserved 4157440K, committed 10240K, used 2684K [0x0000000702400000, 0x0000000800000000)
  region size 2M, 0 eden (0M), 1 survivor (2M), 1 old (2M), 0 humongous (0M), 3 free (6M)
}
Event: 1.230 {heap Before GC invocations=1 (full 0):
 garbage-first heap   total reserved 4157440K, committed 10240K, used 2684K [0x0000000702400000, 0x0000000800000000)
  region size 2M, 1 eden (2M), 1 survivor (2M), 1 old (2M), 0 humongous (0M), 2 free (4M)
}
Event: 1.232 {heap After GC invocations=2 (full 0):
 garbage-first heap   total reserved 4157440K, committed 10240K, used 2915K [0x0000000702400000, 0x0000000800000000)
  region size 2M, 0 eden (0M), 1 survivor (2M), 2 old (4M), 0 humongous (0M), 2 free (4M)
}
Event: 1.483 {heap Before GC invocations=2 (full 0):
 garbage-first heap   total reserved 4157440K, committed 10240K, used 4963K [0x0000000702400000, 0x0000000800000000)
  region size 2M, 1 eden (2M), 1 survivor (2M), 2 old (4M), 0 humongous (0M), 1 free (2M)
}
Event: 1.485 {heap After GC invocations=3 (full 0):
 garbage-first heap   total reserved 4157440K, committed 30720K, used 3463K [0x0000000702400000, 0x0000000800000000)
  region size 2M, 0 eden (0M), 1 survivor (2M), 2 old (4M), 0 humongous (0M), 12 free (24M)
}
Event: 2.772 {heap Before GC invocations=3 (full 0):
 garbage-first heap   total reserved 4157440K, committed 30720K, used 13703K [0x0000000702400000, 0x0000000800000000)
  region size 2M, 6 eden (12M), 1 survivor (2M), 2 old (4M), 0 humongous (0M), 6 free (12M)
}
Event: 2.776 {heap After GC invocations=4 (full 0):
 garbage-first heap   total reserved 4157440K, committed 30720K, used 4311K [0x0000000702400000, 0x0000000800000000)
  region size 2M, 0 eden (0M), 1 survivor (2M), 2 old (4M), 0 humongous (0M), 12 free (24M)
}
Event: 3.808 {heap Before GC invocations=4 (full 0):
 garbage-first heap   total reserved 4157440K, committed 30720K, used 14551K [0x0000000702400000, 0x0000000800000000)
  region size 2M, 6 eden (12M), 1 survivor (2M), 2 old (4M), 0 humongous (0M), 6 free (12M)
}
Event: 3.811 {heap After GC invocations=5 (full 0):
 garbage-first heap   total reserved 4157440K, committed 30720K, used 4822K [0x0000000702400000, 0x0000000800000000)
  region size 2M, 0 eden (0M), 1 survivor (2M), 3 old (6M), 0 humongous (0M), 11 free (22M)
}
Event: 10.424 {heap Before GC invocations=5 (full 0):
 garbage-first heap   total reserved 4157440K, committed 30720K, used 19158K [0x0000000702400000, 0x0000000800000000)
  region size 2M, 7 eden (14M), 1 survivor (2M), 3 old (6M), 0 humongous (0M), 4 free (8M)
}
Event: 10.428 {heap After GC invocations=6 (full 0):
 garbage-first heap   total reserved 4157440K, committed 30720K, used 5812K [0x0000000702400000, 0x0000000800000000)
  region size 2M, 0 eden (0M), 1 survivor (2M), 3 old (6M), 0 humongous (0M), 11 free (22M)
}
Event: 16.676 {heap Before GC invocations=6 (full 0):
 garbage-first heap   total reserved 4157440K, committed 30720K, used 22196K [0x0000000702400000, 0x0000000800000000)
  region size 2M, 8 eden (16M), 1 survivor (2M), 3 old (6M), 0 humongous (0M), 3 free (6M)
}
Event: 16.682 {heap After GC invocations=7 (full 0):
 garbage-first heap   total reserved 4157440K, committed 30720K, used 7712K [0x0000000702400000, 0x0000000800000000)
  region size 2M, 0 eden (0M), 2 survivor (4M), 3 old (6M), 0 humongous (0M), 10 free (20M)
}

Metaspace Usage History (14 events):
Event: 0.936 {metaspace Before GC invocations=0 (full 0):
 Metaspace       used 1034K, committed 1152K, reserved 1114112K
  class space    used 84K, committed 128K, reserved 1048576K
}
Event: 1.139 {metaspace After GC invocations=1 (full 0):
 Metaspace       used 1034K, committed 1152K, reserved 1114112K
  class space    used 84K, committed 128K, reserved 1048576K
}
Event: 1.230 {metaspace Before GC invocations=1 (full 0):
 Metaspace       used 1975K, committed 2176K, reserved 1114112K
  class space    used 185K, committed 256K, reserved 1048576K
}
Event: 1.232 {metaspace After GC invocations=2 (full 0):
 Metaspace       used 1975K, committed 2176K, reserved 1114112K
  class space    used 185K, committed 256K, reserved 1048576K
}
Event: 1.483 {metaspace Before GC invocations=2 (full 0):
 Metaspace       used 2508K, committed 2688K, reserved 1114112K
  class space    used 237K, committed 320K, reserved 1048576K
}
Event: 1.485 {metaspace After GC invocations=3 (full 0):
 Metaspace       used 2508K, committed 2688K, reserved 1114112K
  class space    used 237K, committed 320K, reserved 1048576K
}
Event: 2.772 {metaspace Before GC invocations=3 (full 0):
 Metaspace       used 5530K, committed 5760K, reserved 1114112K
  class space    used 668K, committed 768K, reserved 1048576K
}
Event: 2.776 {metaspace After GC invocations=4 (full 0):
 Metaspace       used 5530K, committed 5760K, reserved 1114112K
  class space    used 668K, committed 768K, reserved 1048576K
}
Event: 3.808 {metaspace Before GC invocations=4 (full 0):
 Metaspace       used 6682K, committed 6848K, reserved 1114112K
  class space    used 810K, committed 896K, reserved 1048576K
}
Event: 3.811 {metaspace After GC invocations=5 (full 0):
 Metaspace       used 6682K, committed 6848K, reserved 1114112K
  class space    used 810K, committed 896K, reserved 1048576K
}
Event: 10.424 {metaspace Before GC invocations=5 (full 0):
 Metaspace       used 9146K, committed 9344K, reserved 1114112K
  class space    used 1136K, committed 1216K, reserved 1048576K
}
Event: 10.428 {metaspace After GC invocations=6 (full 0):
 Metaspace       used 9146K, committed 9344K, reserved 1114112K
  class space    used 1136K, committed 1216K, reserved 1048576K
}
Event: 16.676 {metaspace Before GC invocations=6 (full 0):
 Metaspace       used 12278K, committed 12480K, reserved 1114112K
  class space    used 1576K, committed 1664K, reserved 1048576K
}
Event: 16.682 {metaspace After GC invocations=7 (full 0):
 Metaspace       used 12278K, committed 12480K, reserved 1114112K
  class space    used 1576K, committed 1664K, reserved 1048576K
}

Dll operation events (14 events):
Event: 0.144 Attempting to load shared library C:\Program Files\Apache NetBeans\jdk\bin\java.dll
Event: 0.146 Loaded shared library C:\Program Files\Apache NetBeans\jdk\bin\java.dll
Event: 0.296 Attempting to load shared library C:\Program Files\Apache NetBeans\jdk\bin\net.dll
Event: 0.298 Loaded shared library C:\Program Files\Apache NetBeans\jdk\bin\net.dll
Event: 0.300 Attempting to load shared library C:\Program Files\Apache NetBeans\jdk\bin\nio.dll
Event: 0.300 Loaded shared library C:\Program Files\Apache NetBeans\jdk\bin\nio.dll
Event: 0.304 Attempting to load shared library C:\Program Files\Apache NetBeans\jdk\bin\zip.dll
Event: 0.305 Loaded shared library C:\Program Files\Apache NetBeans\jdk\bin\zip.dll
Event: 0.928 Attempting to load shared library C:\Program Files\Apache NetBeans\java\maven\lib\jansi-native\Windows\x86_64\jansi.dll
Event: 0.931 Loaded shared library C:\Program Files\Apache NetBeans\java\maven\lib\jansi-native\Windows\x86_64\jansi.dll
Event: 0.933 Attempting to load shared library C:\Program Files\Apache NetBeans\jdk\bin\jimage.dll
Event: 0.933 Loaded shared library C:\Program Files\Apache NetBeans\jdk\bin\jimage.dll
Event: 1.149 Attempting to load shared library C:\Program Files\Apache NetBeans\jdk\bin\verify.dll
Event: 1.149 Loaded shared library C:\Program Files\Apache NetBeans\jdk\bin\verify.dll

Deoptimization events (20 events):
Event: 16.673 Thread 0x000001d8e58255d0 Uncommon trap: trap_request=0xffffffd6 fr.pc=0x000001d8f865d170 relative=0x0000000000000870
Event: 16.673 Thread 0x000001d8e58255d0 Uncommon trap: reason=array_check action=maybe_recompile pc=0x000001d8f865d170 method=com.google.inject.internal.MoreTypes$ParameterizedTypeImpl.<init>(Ljava/lang/reflect/Type;Ljava/lang/reflect/Type;[Ljava/lang/reflect/Type;)V @ 200 c2
Event: 16.673 Thread 0x000001d8e58255d0 DEOPT PACKING pc=0x000001d8f865d170 sp=0x0000002beddfa030
Event: 16.673 Thread 0x000001d8e58255d0 DEOPT UNPACKING pc=0x000001d8f8123d82 sp=0x0000002beddf9f48 mode 2
Event: 17.123 Thread 0x000001d8e58255d0 Uncommon trap: trap_request=0xffffffbe fr.pc=0x000001d8f86642e0 relative=0x0000000000000360
Event: 17.123 Thread 0x000001d8e58255d0 Uncommon trap: reason=profile_predicate action=maybe_recompile pc=0x000001d8f86642e0 method=com.google.inject.internal.aop.ImmutableStringTrie.nextPivotColumn([Ljava/lang/String;III)I @ 21 c2
Event: 17.123 Thread 0x000001d8e58255d0 DEOPT PACKING pc=0x000001d8f86642e0 sp=0x0000002beddf9690
Event: 17.123 Thread 0x000001d8e58255d0 DEOPT UNPACKING pc=0x000001d8f8123d82 sp=0x0000002beddf9620 mode 2
Event: 17.123 Thread 0x000001d8e58255d0 Uncommon trap: trap_request=0xffffffbe fr.pc=0x000001d8f86642e0 relative=0x0000000000000360
Event: 17.123 Thread 0x000001d8e58255d0 Uncommon trap: reason=profile_predicate action=maybe_recompile pc=0x000001d8f86642e0 method=com.google.inject.internal.aop.ImmutableStringTrie.nextPivotColumn([Ljava/lang/String;III)I @ 21 c2
Event: 17.123 Thread 0x000001d8e58255d0 DEOPT PACKING pc=0x000001d8f86642e0 sp=0x0000002beddf9690
Event: 17.123 Thread 0x000001d8e58255d0 DEOPT UNPACKING pc=0x000001d8f8123d82 sp=0x0000002beddf9620 mode 2
Event: 17.229 Thread 0x000001d8e58255d0 Uncommon trap: trap_request=0xffffffbe fr.pc=0x000001d8f86642e0 relative=0x0000000000000360
Event: 17.229 Thread 0x000001d8e58255d0 Uncommon trap: reason=profile_predicate action=maybe_recompile pc=0x000001d8f86642e0 method=com.google.inject.internal.aop.ImmutableStringTrie.nextPivotColumn([Ljava/lang/String;III)I @ 21 c2
Event: 17.229 Thread 0x000001d8e58255d0 DEOPT PACKING pc=0x000001d8f86642e0 sp=0x0000002beddf8870
Event: 17.229 Thread 0x000001d8e58255d0 DEOPT UNPACKING pc=0x000001d8f8123d82 sp=0x0000002beddf8800 mode 2
Event: 17.229 Thread 0x000001d8e58255d0 Uncommon trap: trap_request=0xffffffbe fr.pc=0x000001d8f86642e0 relative=0x0000000000000360
Event: 17.229 Thread 0x000001d8e58255d0 Uncommon trap: reason=profile_predicate action=maybe_recompile pc=0x000001d8f86642e0 method=com.google.inject.internal.aop.ImmutableStringTrie.nextPivotColumn([Ljava/lang/String;III)I @ 21 c2
Event: 17.229 Thread 0x000001d8e58255d0 DEOPT PACKING pc=0x000001d8f86642e0 sp=0x0000002beddf8760
Event: 17.229 Thread 0x000001d8e58255d0 DEOPT UNPACKING pc=0x000001d8f8123d82 sp=0x0000002beddf86f0 mode 2

Classes loaded (20 events):
Event: 13.450 Loading class java/util/TreeMap$Values
Event: 13.450 Loading class java/util/TreeMap$Values done
Event: 13.456 Loading class java/util/TreeMap$ValueIterator
Event: 13.456 Loading class java/util/TreeMap$ValueIterator done
Event: 13.463 Loading class java/lang/invoke/DirectMethodHandle$StaticAccessor
Event: 13.465 Loading class java/lang/invoke/DirectMethodHandle$StaticAccessor done
Event: 13.671 Loading class java/lang/ClassValue$RemovalToken
Event: 13.671 Loading class java/lang/ClassValue$RemovalToken done
Event: 14.444 Loading class sun/reflect/generics/scope/MethodScope
Event: 14.444 Loading class sun/reflect/generics/scope/MethodScope done
Event: 14.444 Loading class sun/reflect/generics/repository/MethodRepository
Event: 14.444 Loading class sun/reflect/generics/repository/MethodRepository done
Event: 15.851 Loading class java/util/ConcurrentModificationException
Event: 15.851 Loading class java/util/ConcurrentModificationException done
Event: 16.218 Loading class java/lang/ClassFormatError
Event: 16.218 Loading class java/lang/ClassFormatError done
Event: 16.338 Loading class java/lang/invoke/VarHandleInts$FieldInstanceReadWrite
Event: 16.338 Loading class java/lang/invoke/VarHandleInts$FieldInstanceReadOnly
Event: 16.338 Loading class java/lang/invoke/VarHandleInts$FieldInstanceReadOnly done
Event: 16.338 Loading class java/lang/invoke/VarHandleInts$FieldInstanceReadWrite done

Classes unloaded (0 events):
No events

Classes redefined (0 events):
No events

Internal exceptions (20 events):
Event: 1.148 Thread 0x000001d8e58255d0 Exception <a 'sun/nio/fs/WindowsException'{0x0000000702a0e0a8}> (0x0000000702a0e0a8) 
thrown [s\src\hotspot\share\prims\jni.cpp, line 514]
Event: 1.148 Thread 0x000001d8e58255d0 Exception <a 'sun/nio/fs/WindowsException'{0x0000000702a0e550}> (0x0000000702a0e550) 
thrown [s\src\hotspot\share\prims\jni.cpp, line 514]
Event: 1.162 Thread 0x000001d8e58255d0 Exception <a 'java/lang/NoSuchMethodError'{0x0000000702a73070}: 'void java.lang.invoke.DirectMethodHandle$Holder.invokeVirtual(java.lang.Object, java.lang.Object)'> (0x0000000702a73070) 
thrown [s\src\hotspot\share\interpreter\linkResolver.cpp, line 804]
Event: 1.166 Thread 0x000001d8e58255d0 Exception <a 'java/lang/NoSuchMethodError'{0x0000000702a94b58}: 'void java.lang.invoke.DirectMethodHandle$Holder.invokeStatic(java.lang.Object, java.lang.Object)'> (0x0000000702a94b58) 
thrown [s\src\hotspot\share\interpreter\linkResolver.cpp, line 804]
Event: 1.166 Thread 0x000001d8e58255d0 Exception <a 'java/lang/NoSuchMethodError'{0x0000000702a9cc18}: 'void java.lang.invoke.DirectMethodHandle$Holder.invokeStaticInit(java.lang.Object, java.lang.Object)'> (0x0000000702a9cc18) 
thrown [s\src\hotspot\share\interpreter\linkResolver.cpp, line 804]
Event: 1.172 Thread 0x000001d8e58255d0 Exception <a 'java/lang/NoSuchMethodError'{0x0000000702ad0610}: 'void java.lang.invoke.DirectMethodHandle$Holder.invokeSpecial(java.lang.Object, java.lang.Object, java.lang.Object, java.lang.Object, java.lang.Object)'> (0x0000000702ad0610) 
thrown [s\src\hotspot\share\interpreter\linkResolver.cpp, line 804]
Event: 1.188 Thread 0x000001d8e58255d0 Exception <a 'java/lang/NoSuchMethodError'{0x0000000702b0d960}: 'void java.lang.invoke.DirectMethodHandle$Holder.invokeStatic(java.lang.Object, java.lang.Object, java.lang.Object)'> (0x0000000702b0d960) 
thrown [s\src\hotspot\share\interpreter\linkResolver.cpp, line 804]
Event: 1.250 Thread 0x000001d8e58255d0 Exception <a 'java/lang/NoSuchMethodError'{0x0000000702a95208}: 'java.lang.Object java.lang.invoke.DirectMethodHandle$Holder.invokeSpecialIFC(java.lang.Object, java.lang.Object, java.lang.Object, java.lang.Object)'> (0x0000000702a95208) 
thrown [s\src\hotspot\share\interpreter\linkResolver.cpp, line 804]
Event: 1.649 Thread 0x000001d8e58255d0 Exception <a 'java/lang/NoSuchMethodError'{0x0000000703db5f08}: 'void java.lang.invoke.DirectMethodHandle$Holder.invokeSpecial(java.lang.Object, java.lang.Object, java.lang.Object)'> (0x0000000703db5f08) 
thrown [s\src\hotspot\share\interpreter\linkResolver.cpp, line 804]
Event: 1.754 Thread 0x000001d8e58255d0 Exception <a 'java/lang/NoSuchMethodError'{0x0000000703b683b8}: 'java.lang.Object java.lang.invoke.DirectMethodHandle$Holder.invokeInterface(java.lang.Object, java.lang.Object)'> (0x0000000703b683b8) 
thrown [s\src\hotspot\share\interpreter\linkResolver.cpp, line 804]
Event: 1.768 Thread 0x000001d8e58255d0 Exception <a 'java/lang/NoSuchMethodError'{0x0000000703814c70}: 'int java.lang.invoke.DirectMethodHandle$Holder.invokeStatic(java.lang.Object, java.lang.Object, java.lang.Object, java.lang.Object)'> (0x0000000703814c70) 
thrown [s\src\hotspot\share\interpreter\linkResolver.cpp, line 804]
Event: 1.775 Thread 0x000001d8e58255d0 Exception <a 'java/lang/NoSuchMethodError'{0x000000070383e478}: 'int java.lang.invoke.DirectMethodHandle$Holder.invokeSpecialIFC(java.lang.Object, java.lang.Object, java.lang.Object, java.lang.Object, java.lang.Object)'> (0x000000070383e478) 
thrown [s\src\hotspot\share\interpreter\linkResolver.cpp, line 804]
Event: 1.887 Thread 0x000001d8e58255d0 Exception <a 'java/lang/NoSuchMethodError'{0x000000070398c808}: 'java.lang.Object java.lang.invoke.DirectMethodHandle$Holder.newInvokeSpecial(java.lang.Object, java.lang.Object, java.lang.Object, java.lang.Object, java.lang.Object)'> (0x000000070398c808) 
thrown [s\src\hotspot\share\interpreter\linkResolver.cpp, line 804]
Event: 2.192 Thread 0x000001d8e58255d0 Exception <a 'java/lang/NoSuchMethodError'{0x00000007036a70b8}: 'int java.lang.invoke.DirectMethodHandle$Holder.invokeStaticInit(java.lang.Object, java.lang.Object)'> (0x00000007036a70b8) 
thrown [s\src\hotspot\share\interpreter\linkResolver.cpp, line 804]
Event: 2.206 Thread 0x000001d8e58255d0 Exception <a 'java/lang/NoClassDefFoundError'{0x00000007036e2060}: javax/enterprise/inject/Typed> (0x00000007036e2060) 
thrown [s\src\hotspot\share\classfile\systemDictionary.cpp, line 318]
Event: 13.346 Thread 0x000001d8e58255d0 Exception <a 'java/lang/NoSuchMethodError'{0x0000000703b766e0}: 'void java.lang.invoke.DirectMethodHandle$Holder.invokeStaticInit(java.lang.Object, java.lang.Object, java.lang.Object)'> (0x0000000703b766e0) 
thrown [s\src\hotspot\share\interpreter\linkResolver.cpp, line 804]
Event: 13.462 Thread 0x000001d8e58255d0 Implicit null exception at 0x000001d8f860931d to 0x000001d8f86094ac
Event: 13.671 Thread 0x000001d8e58255d0 Exception <a 'java/lang/NoSuchMethodError'{0x0000000703801088}: 'java.lang.Object java.lang.invoke.Invokers$Holder.invokeExact_MT(java.lang.Object, int, java.lang.Object)'> (0x0000000703801088) 
thrown [s\src\hotspot\share\interpreter\linkResolver.cpp, line 804]
Event: 15.862 Thread 0x000001d8e58255d0 Exception <a 'java/lang/NoSuchMethodError'{0x0000000703028f08}: 'void java.lang.invoke.Invokers$Holder.invokeExact_MT(java.lang.Object, java.lang.Object, java.lang.Object, java.lang.Object)'> (0x0000000703028f08) 
thrown [s\src\hotspot\share\interpreter\linkResolver.cpp, line 804]
Event: 16.218 Thread 0x000001d8e58255d0 Exception <a 'java/lang/NoClassDefFoundError'{0x00000007030b9950}: com/google/inject/servlet/ServletModuleTargetVisitor> (0x00000007030b9950) 
thrown [s\src\hotspot\share\classfile\systemDictionary.cpp, line 318]

VM Operations (20 events):
Event: 7.569 Executing non-safepoint VM operation: HandshakeAllThreads (Deoptimize)
Event: 7.569 Executing non-safepoint VM operation: HandshakeAllThreads (Deoptimize) done
Event: 7.932 Executing non-safepoint VM operation: HandshakeAllThreads (Deoptimize)
Event: 7.932 Executing non-safepoint VM operation: HandshakeAllThreads (Deoptimize) done
Event: 10.424 Executing safepoint VM operation: G1CollectForAllocation (G1 Evacuation Pause)
Event: 10.428 Executing safepoint VM operation: G1CollectForAllocation (G1 Evacuation Pause) done
Event: 13.349 Executing non-safepoint VM operation: HandshakeAllThreads (Deoptimize)
Event: 13.349 Executing non-safepoint VM operation: HandshakeAllThreads (Deoptimize) done
Event: 13.829 Executing non-safepoint VM operation: HandshakeAllThreads (Deoptimize)
Event: 13.829 Executing non-safepoint VM operation: HandshakeAllThreads (Deoptimize) done
Event: 13.831 Executing non-safepoint VM operation: HandshakeAllThreads (Deoptimize)
Event: 13.831 Executing non-safepoint VM operation: HandshakeAllThreads (Deoptimize) done
Event: 14.444 Executing non-safepoint VM operation: HandshakeAllThreads (Deoptimize)
Event: 14.444 Executing non-safepoint VM operation: HandshakeAllThreads (Deoptimize) done
Event: 15.841 Executing non-safepoint VM operation: HandshakeAllThreads (Deoptimize)
Event: 15.841 Executing non-safepoint VM operation: HandshakeAllThreads (Deoptimize) done
Event: 16.676 Executing safepoint VM operation: G1CollectForAllocation (G1 Evacuation Pause)
Event: 16.682 Executing safepoint VM operation: G1CollectForAllocation (G1 Evacuation Pause) done
Event: 17.236 Executing non-safepoint VM operation: HandshakeAllThreads (Deoptimize)
Event: 17.236 Executing non-safepoint VM operation: HandshakeAllThreads (Deoptimize) done

Memory protections (0 events):
No events

Nmethod flushes (0 events):
No events

Events (20 events):
Event: 0.284 Thread 0x000001d8e58255d0 Thread added: 0x000001d888045da0
Event: 0.284 Thread 0x000001d8e58255d0 Thread added: 0x000001d888046550
Event: 0.284 Thread 0x000001d8e58255d0 Thread added: 0x000001d888047260
Event: 0.284 Thread 0x000001d8e58255d0 Thread added: 0x000001d888047e10
Event: 0.284 Thread 0x000001d8e58255d0 Thread added: 0x000001d8880499d0
Event: 0.284 Thread 0x000001d8e58255d0 Thread added: 0x000001d88804e190
Event: 0.284 Thread 0x000001d8e58255d0 Thread added: 0x000001d888051090
Event: 0.284 Thread 0x000001d8e58255d0 Thread added: 0x000001d88805bcd0
Event: 0.293 Thread 0x000001d8e58255d0 Thread added: 0x000001d888647930
Event: 0.294 Thread 0x000001d8e58255d0 Thread added: 0x000001d88864a2c0
Event: 0.927 Thread 0x000001d8e58255d0 Thread added: 0x000001d88d09b6b0
Event: 1.147 Thread 0x000001d88d09b6b0 Thread exited: 0x000001d88d09b6b0
Event: 1.449 Thread 0x000001d88805bcd0 Thread added: 0x000001d88d57c6c0
Event: 1.701 Thread 0x000001d88d57c6c0 Thread exited: 0x000001d88d57c6c0
Event: 2.216 Thread 0x000001d888051090 Thread added: 0x000001d88d7971d0
Event: 2.229 Thread 0x000001d88805bcd0 Thread added: 0x000001d88d7db3f0
Event: 3.031 Thread 0x000001d88d7db3f0 Thread exited: 0x000001d88d7db3f0
Event: 3.031 Thread 0x000001d88d7971d0 Thread exited: 0x000001d88d7971d0
Event: 5.163 Thread 0x000001d88805bcd0 Thread added: 0x000001d88db74f20
Event: 7.358 Thread 0x000001d88db74f20 Thread exited: 0x000001d88db74f20


Dynamic libraries:
0x00007ff623720000 - 0x00007ff62372e000 	C:\Program Files\Apache NetBeans\jdk\bin\java.exe
0x00007ff832b60000 - 0x00007ff832dc6000 	C:\WINDOWS\SYSTEM32\ntdll.dll
0x00007ff831820000 - 0x00007ff8318e9000 	C:\WINDOWS\System32\KERNEL32.DLL
0x00007ff82fd80000 - 0x00007ff83017e000 	C:\WINDOWS\System32\KERNELBASE.dll
0x00007ff82cc20000 - 0x00007ff82ccc0000 	C:\WINDOWS\SYSTEM32\apphelp.dll
0x00007ff830670000 - 0x00007ff8307bc000 	C:\WINDOWS\System32\ucrtbase.dll
0x00007ff805820000 - 0x00007ff805837000 	C:\Program Files\Apache NetBeans\jdk\bin\jli.dll
0x00007ff8315a0000 - 0x00007ff831767000 	C:\WINDOWS\System32\USER32.dll
0x00007ff806240000 - 0x00007ff80625e000 	C:\Program Files\Apache NetBeans\jdk\bin\VCRUNTIME140.dll
0x00007ff830440000 - 0x00007ff830467000 	C:\WINDOWS\System32\win32u.dll
0x00007ff8312b0000 - 0x00007ff8312db000 	C:\WINDOWS\System32\GDI32.dll
0x00007ff830190000 - 0x00007ff8302ba000 	C:\WINDOWS\System32\gdi32full.dll
0x00007ff830470000 - 0x00007ff830513000 	C:\WINDOWS\System32\msvcp_win.dll
0x00007ff815670000 - 0x00007ff815902000 	C:\WINDOWS\WinSxS\amd64_microsoft.windows.common-controls_6595b64144ccf1df_6.0.26100.8875_none_3e0d5d42e32fe9dd\COMCTL32.dll
0x00007ff831770000 - 0x00007ff831819000 	C:\WINDOWS\System32\msvcrt.dll
0x00007ff8323e0000 - 0x00007ff832412000 	C:\WINDOWS\System32\IMM32.DLL
0x000000005b940000 - 0x000000005b94d000 	C:\Program Files (x86)\360\Total Security\safemon\SafeWrapper.dll
0x00007ff832960000 - 0x00007ff832a17000 	C:\WINDOWS\System32\ADVAPI32.dll
0x00007ff830890000 - 0x00007ff83093a000 	C:\WINDOWS\System32\sechost.dll
0x00007ff830b50000 - 0x00007ff830c68000 	C:\WINDOWS\System32\RPCRT4.dll
0x00007ff8296f0000 - 0x00007ff8297f5000 	C:\Program Files (x86)\360\Total Security\safemon\libzdtp64.dll
0x00007ff831aa0000 - 0x00007ff832232000 	C:\WINDOWS\System32\SHELL32.dll
0x00007ff8319f0000 - 0x00007ff831a57000 	C:\WINDOWS\System32\SHLWAPI.dll
0x00007ff82f7c0000 - 0x00007ff82f7cb000 	C:\WINDOWS\SYSTEM32\VERSION.dll
0x00007ff82ae80000 - 0x00007ff82ae8c000 	C:\Program Files\Apache NetBeans\jdk\bin\vcruntime140_1.dll
0x00007fffb1950000 - 0x00007fffb19dd000 	C:\Program Files\Apache NetBeans\jdk\bin\msvcp140.dll
0x00007fff8c260000 - 0x00007fff8d1f9000 	C:\Program Files\Apache NetBeans\jdk\bin\server\jvm.dll
0x00007ff832440000 - 0x00007ff8324c0000 	C:\WINDOWS\System32\WS2_32.dll
0x00007ff82fbe0000 - 0x00007ff82fc3e000 	C:\WINDOWS\SYSTEM32\POWRPROF.dll
0x00007ff821b50000 - 0x00007ff821b86000 	C:\WINDOWS\SYSTEM32\WINMM.dll
0x00007ff82fbc0000 - 0x00007ff82fbd4000 	C:\WINDOWS\SYSTEM32\UMPDC.dll
0x00007ff82e9e0000 - 0x00007ff82e9fb000 	C:\WINDOWS\SYSTEM32\kernel.appcore.dll
0x00007ff8186a0000 - 0x00007ff8186aa000 	C:\Program Files\Apache NetBeans\jdk\bin\jimage.dll
0x00007ff81fc20000 - 0x00007ff81fe62000 	C:\WINDOWS\SYSTEM32\DBGHELP.DLL
0x00007ff830f20000 - 0x00007ff8312a3000 	C:\WINDOWS\System32\combase.dll
0x00007ff8314c0000 - 0x00007ff831599000 	C:\WINDOWS\System32\OLEAUT32.dll
0x00007ff816360000 - 0x00007ff81639b000 	C:\WINDOWS\SYSTEM32\dbgcore.DLL
0x00007ff8307d0000 - 0x00007ff83087c000 	C:\WINDOWS\System32\bcryptPrimitives.dll
0x00007ff805a80000 - 0x00007ff805a9e000 	C:\Program Files\Apache NetBeans\jdk\bin\java.dll
0x00007ff832240000 - 0x00007ff8323d9000 	C:\WINDOWS\System32\ole32.dll
0x00007ff82d7e0000 - 0x00007ff82e072000 	C:\WINDOWS\SYSTEM32\windows.storage.dll
0x00007ff8318f0000 - 0x00007ff8319e7000 	C:\WINDOWS\System32\SHCORE.dll
0x00007ff82fca0000 - 0x00007ff82fcc9000 	C:\WINDOWS\SYSTEM32\profapi.dll
0x00007ff800060000 - 0x00007ff800071000 	C:\Program Files\Apache NetBeans\jdk\bin\net.dll
0x00007ff82ef90000 - 0x00007ff82effc000 	C:\WINDOWS\system32\mswsock.dll
0x00007ffffa340000 - 0x00007ffffa356000 	C:\Program Files\Apache NetBeans\jdk\bin\nio.dll
0x00007ff8016f0000 - 0x00007ff801707000 	C:\Program Files\Apache NetBeans\jdk\bin\zip.dll
0x00007ffff5920000 - 0x00007ffff5944000 	C:\Program Files\Apache NetBeans\java\maven\lib\jansi-native\Windows\x86_64\jansi.dll
0x00007ff814b00000 - 0x00007ff814b10000 	C:\Program Files\Apache NetBeans\jdk\bin\verify.dll

JVMTI agents: none

dbghelp: loaded successfully - version: 4.0.5 - missing functions: none
symbol engine: initialized successfully - sym options: 0x614 - pdb path: .;C:\Program Files\Apache NetBeans\jdk\bin;C:\WINDOWS\SYSTEM32;C:\WINDOWS\WinSxS\amd64_microsoft.windows.common-controls_6595b64144ccf1df_6.0.26100.8875_none_3e0d5d42e32fe9dd;C:\Program Files (x86)\360\Total Security\safemon;C:\Program Files\Apache NetBeans\jdk\bin\server;C:\Program Files\Apache NetBeans\java\maven\lib\jansi-native\Windows\x86_64

VM Arguments:
jvm_args: --enable-native-access=ALL-UNNAMED -Dclassworlds.conf=C:\Program Files\Apache NetBeans\java\maven\bin\m2.conf -Dmaven.home=C:\Program Files\Apache NetBeans\java\maven -Dlibrary.jansi.path=C:\Program Files\Apache NetBeans\java\maven\lib\jansi-native -Dmaven.multiModuleProjectDirectory=C:\Users\DVDSTORE\Desktop\LeetCode\ArrayList\ArrayList 
java_command: org.codehaus.plexus.classworlds.launcher.Launcher -Dexec.vmArgs= -Dexec.args=${exec.vmArgs} -classpath %classpath ${exec.mainClass} ${exec.appArgs} -Dexec.appArgs= -Dexec.mainClass=com.mycompany.arraylist.Driver -Dexec.executable=C:\Program Files\Apache NetBeans\jdk\bin\java.exe -Dmaven.ext.class.path=C:\Program Files\Apache NetBeans\java\maven-nblib\netbeans-eventspy.jar --no-transfer-progress process-classes org.codehaus.mojo:exec-maven-plugin:3.5.1:exec
java_class_path (initial): C:\Program Files\Apache NetBeans\java\maven\boot\plexus-classworlds-2.9.0.jar
Launcher Type: SUN_STANDARD

[Global flags]
     bool AOTAdapterCaching                        = false                                  {diagnostic} {ergonomic}
     bool AOTInvokeDynamicLinking                  = false                                  {diagnostic} {ergonomic}
     bool AOTRecordTraining                        = false                                  {diagnostic} {ergonomic}
     bool AOTReplayTraining                        = false                                  {diagnostic} {ergonomic}
     bool AOTStubCaching                           = false                                  {diagnostic} {ergonomic}
     intx CICompilerCount                          = 4                                         {product} {ergonomic}
     uint ConcGCThreads                            = 3                                         {product} {ergonomic}
     uint G1ConcRefinementThreads                  = 10                                        {product} {ergonomic}
     uint G1EagerReclaimRemSetThreshold            = 16                                   {experimental} {ergonomic}
   size_t G1HeapRegionSize                         = 2097152                                   {product} {ergonomic}
     uint G1RemSetArrayOfCardsEntries              = 16                                   {experimental} {ergonomic}
     uint G1RemSetHowlMaxNumBuckets                = 8                                    {experimental} {ergonomic}
     uint G1RemSetHowlNumBuckets                   = 8                                    {experimental} {ergonomic}
   size_t InitialHeapSize                          = 8388608                                   {product} {ergonomic}
     bool IntelJccErratumMitigation                = false                             {ARCH diagnostic} {ergonomic}
   size_t MarkStackSize                            = 4194304                                   {product} {ergonomic}
   size_t MarkStackSizeMax                         = 536870912                                 {product} {ergonomic}
   size_t MaxHeapSize                              = 4257218560                                {product} {ergonomic}
   size_t MaxNewSize                               = 2554331136                                {product} {ergonomic}
 uint64_t MaxRAM                                   = 17026142208                               {product} {ergonomic}
   size_t MinHeapDeltaBytes                        = 2097152                                   {product} {ergonomic}
   size_t MinHeapSize                              = 8388608                                   {product} {ergonomic}
   size_t NonNMethodCodeHeapSize                   = 5898240                                {pd product} {ergonomic}
   size_t NonProfiledCodeHeapSize                  = 122945536                              {pd product} {ergonomic}
   size_t ProfiledCodeHeapSize                     = 122945536                              {pd product} {ergonomic}
   size_t ReservedCodeCacheSize                    = 251789312                              {pd product} {ergonomic}
     bool SegmentedCodeCache                       = true                                      {product} {ergonomic}
   size_t SoftMaxHeapSize                          = 4257218560                             {manageable} {ergonomic}
     bool UseCompressedOops                        = true                           {product lp64_product} {ergonomic}
     bool UseCondCardMark                          = true                                      {product} {ergonomic}
     bool UseFastUnorderedTimeStamps               = true                                 {experimental} {ergonomic}
     bool UseG1GC                                  = true                                      {product} {ergonomic}
     bool UseLargePagesIndividualAllocation        = false                                  {pd product} {ergonomic}
      int X86ICacheSync                            = 3                                 {ARCH diagnostic} {ergonomic}

Logging:
Log output configuration:
 #0: stdout all=warning uptime,level,tags foldmultilines=false
 #1: stderr all=off uptime,level,tags foldmultilines=false

Release file:
IMPLEMENTOR="Eclipse Adoptium" 
IMPLEMENTOR_VERSION="Temurin-26.0.1+8" 
JAVA_RUNTIME_VERSION="26.0.1+8" 
JAVA_VERSION="26.0.1" 
JAVA_VERSION_DATE="2026-04-21" 
LIBC="default" 
MODULES="java.base java.compiler java.datatransfer java.xml java.prefs java.desktop java.instrument java.logging java.management java.security.sasl java.naming java.rmi java.management.rmi java.net.http java.scripting java.security.jgss java.transaction.xa java.sql java.sql.rowset java.xml.crypto java.se java.smartcardio jdk.accessibility jdk.internal.jvmstat jdk.attach jdk.charsets jdk.internal.opt jdk.zipfs jdk.compiler jdk.crypto.cryptoki jdk.crypto.ec jdk.crypto.mscapi jdk.dynalink jdk.internal.ed jdk.editpad jdk.internal.vm.ci jdk.graal.compiler jdk.graal.compiler.management jdk.hotspot.agent jdk.httpserver jdk.incubator.vector jdk.internal.le jdk.internal.md jdk.jartool jdk.javadoc jdk.jcmd jdk.management jdk.management.agent jdk.jconsole jdk.jdeps jdk.jdwp.agent jdk.jdi jdk.jfr jdk.jlink jdk.jpackage jdk.jshell jdk.jstatd jdk.localedata jdk.management.jfr jdk.naming.dns jdk.naming.rmi jdk.net jdk.nio.mapmode jdk.sctp jdk.security.auth jdk.security.jgss jdk.unsupported jdk.unsupported.desktop jdk.xml.dom" 
OS_ARCH="x86_64" 
OS_NAME="Windows" 
SOURCE=".:git:1cafccec39fb" 
BUILD_SOURCE="git:a612825ee82a20ac872d60958c349854c1f29a8e"
BUILD_SOURCE_REPO="https://github.com/adoptium/temurin-build.git"
SOURCE_REPO="https://github.com/adoptium/jdk26u.git"
FULL_VERSION="26.0.1+8"
SEMANTIC_VERSION="26.0.1+8"
BUILD_INFO="OS: Windows Server 2022 Version: 10.0"
JVM_VARIANT="Hotspot"
JVM_VERSION="26.0.1+8"
IMAGE_TYPE="JDK"

Environment Variables:
JAVA_HOME=C:\Program Files\Apache NetBeans\jdk
PATH=C:\Program Files (x86)\Common Files\Oracle\Java\javapath;C:\WINDOWS\system32;C:\WINDOWS;C:\WINDOWS\System32\Wbem;C:\WINDOWS\System32\WindowsPowerShell\v1.0\;C:\WINDOWS\System32\OpenSSH\;C:\Program Files (x86)\NVIDIA Corporation\PhysX\Common;C:\Program Files\NVIDIA Corporation\NVIDIA NvDLISR;C:\Program Files\dotnet\;C:\Program Files\Git\cmd;C:\Users\DVDSTORE\AppData\Local\Microsoft\WindowsApps;C:\Users\DVDSTORE\AppData\Local\Programs\Microsoft VS Code\bin;;C:\Program Files\Apache NetBeans\bin\
USERNAME=DVDSTORE
OS=Windows_NT
PROCESSOR_IDENTIFIER=Intel64 Family 6 Model 151 Stepping 5, GenuineIntel
TMP=C:\Users\DVDSTORE\AppData\Local\Temp
TEMP=C:\Users\DVDSTORE\AppData\Local\Temp




Compilation memory statistics disabled.

Periodic native trim disabled

---------------  S Y S T E M  ---------------

OS:
 Windows 11 , 64 bit Build 26100 (10.0.26100.8875)
OS uptime: 3 days 17:10 hours

CPU: total 12 (initial active 12) (6 cores per cpu, 2 threads per core) family 6 model 151 stepping 5 microcode 0x2d, cx8, cmov, fxsr, ht, mmx, 3dnowpref, sse, sse2, sse3, ssse3, sse4.1, sse4.2, popcnt, lzcnt, tsc, tscinvbit, avx, avx2, aes, erms, clmul, bmi1, bmi2, adx, sha, fma, vzeroupper, clflush, clflushopt, clwb, serialize, rdtscp, rdpid, fsrm, gfni, f16c, pku, cet_ibt, cet_ss
Processor Information for the first 12 processors :
  Max Mhz: 2500, Current Mhz: 2500, Mhz Limit: 2500

Memory: 4k page, system-wide physical 16237M (1917M free)
TotalPageFile size 28525M (AvailPageFile size 121M)
current process WorkingSet (physical memory assigned to process): 99M, peak: 99M
current process commit charge ("private bytes"): 141M, peak: 149M

vm_info: OpenJDK 64-Bit Server VM (26.0.1+8) for windows-amd64 JRE (26.0.1+8), built on 2026-04-21T00:00:00Z with MS VC++ 17.12 (VS2022)

END.
