#
# There is insufficient memory for the Java Runtime Environment to continue.
# Native memory allocation (malloc) failed to allocate 1701656 bytes. Error detail: Chunk::new
# Possible reasons:
#   The system is out of physical RAM or swap space
#   This process is running with CompressedOops enabled, and the Java Heap may be blocking the growth of the native heap
# Possible solutions:
#   Reduce memory load on the system
#   Increase physical memory or swap space
#   Check if swap backing store is full
#   Decrease Java heap size (-Xmx/-Xms)
#   Decrease number of Java threads
#   Decrease Java thread stack sizes (-Xss)
#   Set larger code cache with -XX:ReservedCodeCacheSize=
#   JVM is running with Zero Based Compressed Oops mode in which the Java heap is
#     placed in the first 32GB address space. The Java Heap base address is the
#     maximum limit for the native heap growth. Please use -XX:HeapBaseMinAddress
#     to set the Java Heap base and to place the Java Heap above 32GB virtual address.
# This output file may be truncated or incomplete.
#
#  Out of Memory Error (arena.cpp:193), pid=49412, tid=59804
#
# JRE version: OpenJDK Runtime Environment Temurin-26.0.1+8 (26.0.1+8) (build 26.0.1+8)
# Java VM: OpenJDK 64-Bit Server VM Temurin-26.0.1+8 (26.0.1+8, mixed mode, sharing, tiered, compressed oops, compressed class ptrs, g1 gc, windows-amd64)
# No core dump will be written. Minidumps are not enabled by default on client versions of Windows
#

---------------  S U M M A R Y ------------

Command Line: --enable-native-access=ALL-UNNAMED -Dclassworlds.conf=C:\Program Files\Apache NetBeans\java\maven\bin\m2.conf -Dmaven.home=C:\Program Files\Apache NetBeans\java\maven -Dlibrary.jansi.path=C:\Program Files\Apache NetBeans\java\maven\lib\jansi-native -Dmaven.multiModuleProjectDirectory=C:\Users\DVDSTORE\Desktop\LeetCode\ArrayList\ArrayList org.codehaus.plexus.classworlds.launcher.Launcher -Dexec.vmArgs= -Dexec.args=${exec.vmArgs} -classpath %classpath ${exec.mainClass} ${exec.appArgs} -Dexec.appArgs= -Dexec.mainClass=com.mycompany.arraylist.Driver -Dexec.executable=C:\Program Files\Apache NetBeans\jdk\bin\java.exe -Dmaven.ext.class.path=C:\Program Files\Apache NetBeans\java\maven-nblib\netbeans-eventspy.jar --no-transfer-progress process-classes org.codehaus.mojo:exec-maven-plugin:3.5.1:exec

Host: 12th Gen Intel(R) Core(TM) i5-12400F, 12 cores, 15G,  Windows 11 , 64 bit Build 26100 (10.0.26100.8875)
Time: Wed Aug 19 09:14:36 2026 Egypt Daylight Time elapsed time: 13.604959 seconds (0d 0h 0m 13s)

---------------  T H R E A D  ---------------

Current thread (0x000001275eb8bfd0):  JavaThread "C2 CompilerThread0" daemon [_thread_in_native, id=59804, stack(0x0000000a41400000,0x0000000a41500000) (1024K)]


Current CompileTask:
C2:13605 1806       4       java.util.Comparator$$Lambda/0x000000001202b5f0::compare (16 bytes)

Stack: [0x0000000a41400000,0x0000000a41500000]
Native frames: (J=compiled Java code, j=interpreted, Vv=VM code, C=native code)
V  [jvm.dll+0x7db749]  (no source info available)
V  [jvm.dll+0x7a82bd]  (no source info available)
V  [jvm.dll+0xa44a60]  (no source info available)
V  [jvm.dll+0xa46eb1]  (no source info available)
V  [jvm.dll+0xa475c3]  (no source info available)
V  [jvm.dll+0x311a96]  (no source info available)
V  [jvm.dll+0x120316]  (no source info available)
V  [jvm.dll+0x12063e]  (no source info available)
V  [jvm.dll+0x1b2836]  (no source info available)
V  [jvm.dll+0x3ce802]  (no source info available)
V  [jvm.dll+0x7e430f]  (no source info available)
V  [jvm.dll+0x2d4597]  (no source info available)
V  [jvm.dll+0x2d350f]  (no source info available)
V  [jvm.dll+0x249670]  (no source info available)
V  [jvm.dll+0x2e363c]  (no source info available)
V  [jvm.dll+0x2e181d]  (no source info available)
V  [jvm.dll+0x4a82ae]  (no source info available)
V  [jvm.dll+0x9e3039]  (no source info available)
V  [jvm.dll+0x7dd228]  (no source info available)
C  [ucrtbase.dll+0x2cd30]  (no source info available)
C  [KERNEL32.DLL+0x2e957]  (no source info available)
C  [ntdll.dll+0xaad6c]  (no source info available)

Lock stack of current Java thread (top to bottom):


---------------  P R O C E S S  ---------------

Threads class SMR info:
_java_thread_list=0x0000012763769210, length=11, elements={
0x000001273bf5b500, 0x000001275eb798c0, 0x000001275eb7a070, 0x000001275eb82960,
0x000001275eb83370, 0x000001275eb88090, 0x000001275eb88cd0, 0x000001275eb8bfd0,
0x000001275eb91640, 0x00000127630f9610, 0x0000012763114890
}

Java Threads: ( => current thread )
  0x000001273bf5b500 JavaThread "main"                              [_thread_in_vm, id=60452, stack(0x0000000a40500000,0x0000000a40600000) (1024K)]
  0x000001275eb798c0 JavaThread "Reference Handler"          daemon [_thread_blocked, id=59368, stack(0x0000000a40e00000,0x0000000a40f00000) (1024K)]
  0x000001275eb7a070 JavaThread "Finalizer"                  daemon [_thread_blocked, id=59372, stack(0x0000000a40f00000,0x0000000a41000000) (1024K)]
  0x000001275eb82960 JavaThread "Signal Dispatcher"          daemon [_thread_blocked, id=59376, stack(0x0000000a41000000,0x0000000a41100000) (1024K)]
  0x000001275eb83370 JavaThread "Attach Listener"            daemon [_thread_blocked, id=59380, stack(0x0000000a41100000,0x0000000a41200000) (1024K)]
  0x000001275eb88090 JavaThread "Service Thread"             daemon [_thread_blocked, id=59384, stack(0x0000000a41200000,0x0000000a41300000) (1024K)]
  0x000001275eb88cd0 JavaThread "Monitor Deflation Thread"   daemon [_thread_blocked, id=59388, stack(0x0000000a41300000,0x0000000a41400000) (1024K)]
=>0x000001275eb8bfd0 JavaThread "C2 CompilerThread0"         daemon [_thread_in_native, id=59804, stack(0x0000000a41400000,0x0000000a41500000) (1024K)]
  0x000001275eb91640 JavaThread "C1 CompilerThread0"         daemon [_thread_blocked, id=60680, stack(0x0000000a41500000,0x0000000a41600000) (1024K)]
  0x00000127630f9610 JavaThread "Notification Thread"        daemon [_thread_blocked, id=60692, stack(0x0000000a41600000,0x0000000a41700000) (1024K)]
  0x0000012763114890 JavaThread "Common-Cleaner"             daemon [_thread_blocked, id=60804, stack(0x0000000a41700000,0x0000000a41800000) (1024K)]
Total: 11

Other Threads:
  0x000001275eb66910 VMThread "VM Thread"                           [id=59072, stack(0x0000000a40d00000,0x0000000a40e00000) (1024K)]
  0x000001275ea18810 WatcherThread "VM Periodic Task Thread"        [id=60816, stack(0x0000000a40c00000,0x0000000a40d00000) (1024K)]
  0x000001273e41fcc0 WorkerThread "GC Thread#0"                     [id=59672, stack(0x0000000a40600000,0x0000000a40700000) (1024K)]
  0x00000127633da920 WorkerThread "GC Thread#1"                     [id=60004, stack(0x0000000a41a00000,0x0000000a41b00000) (1024K)]
  0x0000012763bcfc00 WorkerThread "GC Thread#2"                     [id=53140, stack(0x0000000a41800000,0x0000000a41900000) (1024K)]
  0x00000127636fc1a0 WorkerThread "GC Thread#3"                     [id=52188, stack(0x0000000a41b00000,0x0000000a41c00000) (1024K)]
  0x000001273e438a20 ConcurrentGCThread "G1 Main Marker"            [id=59676, stack(0x0000000a40700000,0x0000000a40800000) (1024K)]
  0x000001273e43b5b0 WorkerThread "G1 Conc#0"                       [id=59680, stack(0x0000000a40800000,0x0000000a40900000) (1024K)]
  0x000001273e47c990 WorkerThread "G1 Refinement Workers#0"         [id=60384, stack(0x0000000a40a00000,0x0000000a40b00000) (1024K)]
  0x000001275ea170a0 ConcurrentGCThread "G1 Refine Control"         [id=58428, stack(0x0000000a40900000,0x0000000a40a00000) (1024K)]
  0x000001275ea1d8a0 ConcurrentGCThread "G1 Service"                [id=58644, stack(0x0000000a40b00000,0x0000000a40c00000) (1024K)]
Total: 11

Threads with active compile tasks:
C2 CompilerThread0  13782 1806       4       java.util.Comparator$$Lambda/0x000000001202b5f0::compare (16 bytes)
Total: 1

VM state: not at safepoint (normal execution)

VM Mutex/Monitor currently owned by a thread:  ([mutex/lock_event])
[0x00007fff8d0fd888] Metaspace_lock - owner thread: 0x000001273bf5b500

Heap address: 0x0000000702400000, size: 4060 MB, Compressed Oops mode: Zero based, Oop shift amount: 3

CDS archive(s) mapped at: [0x0000000011000000-0x0000000011de0000-0x0000000011de0000), size 14548992, SharedBaseAddress: 0x0000000011000000, ArchiveRelocationMode: 1.
Compressed class space mapped at: 0x0000000012000000-0x0000000052000000, reserved size: 1073741824
UseCompressedClassPointers 1, UseCompactObjectHeaders 0
Narrow klass pointer bits 32, Max shift 3
Narrow klass base: 0x0000000011000000, Narrow klass shift: 0
Encoding Range: [0x0000000011000000 - 0x0000000111000000), (4294967296 bytes)
Klass Range:    [0x0000000011000000 - 0x0000000052000000), (1090519040 bytes)
Klass ID Range:  [8 - 1090519033) (1090519025)
Protection zone: [0x0000000011000000 - 0x0000000011010000), (65536 bytes)

GC Precious Log:
 CardTable entry size: 512
 Card Set container configuration: InlinePtr #cards 4 size 8 Array Of Cards #cards 16 size 48 Howl #buckets 8 coarsen threshold 3686 Howl Bitmap #cards 512 size 80 coarsen threshold 460 Card regions per heap region 1 cards per card region 4096
 CPUs: 12 total, 12 available
 Memory: 16237M
 Large Page Support: Disabled
 NUMA Support: Disabled
 Compressed Oops: Enabled (Zero based)
 Heap Region Size: 2M
 Heap Min Capacity: 8M
 Heap Initial Capacity: 8M
 Heap Max Capacity: 4060M
 Pre-touch: Disabled
 Parallel Workers: 10
 Concurrent Workers: 3
 Concurrent Refinement Workers: 10
 Periodic GC: Disabled

Heap:
 garbage-first heap   total reserved 4157440K, committed 12288K, used 5086K [0x0000000702400000, 0x0000000800000000)
  region size 2M, 1 eden (2M), 1 survivor (2M), 3 old (6M), 0 humongous (0M), 1 free (2M)

Heap Regions: E=young(eden), S=young(survivor), O=old, HS=humongous(starts), HC=humongous(continues), CS=collection set, F=free, TAMS=top-at-mark-start, PB=parsable bottom
|    0|0x0000000702400000, 0x0000000702600000, 0x0000000702600000|100%| O|  |TAMS 0x0000000702400000| PB 0x0000000702400000| Untracked |  0
|    1|0x0000000702600000, 0x0000000702716020, 0x0000000702800000| 54%| S|CS|TAMS 0x0000000702600000| PB 0x0000000702600000| Complete  |  0
|    2|0x0000000702800000, 0x0000000702800000, 0x0000000702a00000|  0%| F|  |TAMS 0x0000000702800000| PB 0x0000000702800000| Untracked |  0
|    3|0x0000000702a00000, 0x0000000702a3adb0, 0x0000000702c00000| 11%| E|CS|TAMS 0x0000000702a00000| PB 0x0000000702a00000| Complete  |  0
| 2028|0x00000007ffc00000, 0x00000007ffcb9e88, 0x00000007ffe00000| 36%| O|  |TAMS 0x00000007ffc00000| PB 0x00000007ffc00000| Untracked |  0
| 2029|0x00000007ffe00000, 0x00000007fff27b70, 0x0000000800000000| 57%| O|  |TAMS 0x00000007ffe00000| PB 0x00000007ffe00000| Untracked |  0

Card table byte_map: [0x0000012757810000,0x0000012758000000] _byte_map_base: 0x0000012753ffe000
Refinement table byte_map: [0x0000012757020000,0x0000012757810000] _byte_map_base: 0x000001275380e000

Marking Bits: (CMBitMap*) 0x000001273e420440
 Bits: [0x0000012758000000, 0x000001275bf70000)

Polling page: 0x000001273c610000

Metaspace:
Metaspace        used 7756K, committed 7936K, reserved 1114112K
 class space     used 933K, committed 1024K, reserved 1048576K

Usage:
  Non-class:      6.66 MB used.
      Class:    933.52 KB used.
       Both:      7.57 MB used.

Virtual space:
  Non-class space:       64.00 MB reserved,       6.75 MB ( 11%) committed,  1 nodes.
      Class space:        1.00 GB reserved,       1.00 MB ( <1%) committed,  1 nodes.
             Both:        1.06 GB reserved,       7.75 MB ( <1%) committed. 

Chunk freelists:
   Non-Class:  7.61 MB
       Class:  15.02 MB
        Both:  22.62 MB

MaxMetaspaceSize: unlimited
CompressedClassSpaceSize: 1.00 GB
Initial GC threshold: 21.00 MB
Current GC threshold: 21.00 MB
CDS: on
 - commit_granule_bytes: 65536.
 - commit_granule_words: 8192.
 - virtual_space_node_default_size: 8388608.
 - enlarge_chunks_in_place: 1.
UseCompressedClassPointers 1, UseCompactObjectHeaders 0
Narrow klass pointer bits 32, Max shift 3
Narrow klass base: 0x0000000011000000, Narrow klass shift: 0
Encoding Range: [0x0000000011000000 - 0x0000000111000000), (4294967296 bytes)
Klass Range:    [0x0000000011000000 - 0x0000000052000000), (1090519040 bytes)
Klass ID Range:  [8 - 1090519033) (1090519025)
Protection zone: [0x0000000011000000 - 0x0000000011010000), (65536 bytes)


Internal statistics:

num_allocs_failed_limit: 0.
num_arena_births: 60.
num_arena_deaths: 0.
num_vsnodes_births: 2.
num_vsnodes_deaths: 0.
num_space_committed: 124.
num_space_uncommitted: 0.
num_chunks_returned_to_freelist: 0.
num_chunks_taken_from_freelist: 316.
num_chunk_merges: 0.
num_chunk_splits: 200.
num_chunks_enlarged: 161.
num_inconsistent_stats: 0.

CodeHeap 'non-profiled nmethods': size=120064Kb used=550Kb max_used=550Kb free=119513Kb
 bounds [0x000001274eda0000, 0x000001274f010000, 0x00000127562e0000]
CodeHeap 'profiled nmethods': size=120064Kb used=2749Kb max_used=2749Kb free=117314Kb
 bounds [0x00000127472c0000, 0x0000012747570000, 0x000001274e800000]
CodeHeap 'non-nmethods': size=5760Kb used=1368Kb max_used=1399Kb free=4392Kb
 bounds [0x000001274e800000, 0x000001274ea70000, 0x000001274eda0000]
CodeCache: size=245888Kb, used=4667Kb, max_used=4698Kb, free=241219Kb
 total_blobs=2296, nmethods=1814, adapters=385, full_count=0
Compilation: enabled, stopped_count=0, restarted_count=0

Compilation events (20 events):
Event: 12.591 Thread 0x000001275eb91640 nmethod 1797 0x0000012747557188 code [0x0000012747557280, 0x0000012747557c98]
Event: 12.591 Thread 0x000001275eb91640 1798       3       jdk.internal.classfile.impl.AbstractPseudoInstruction::<init> (5 bytes)
Event: 12.591 Thread 0x000001275eb91640 nmethod 1798 0x0000012747557d08 code [0x0000012747557e00, 0x0000012747557fb0]
Event: 12.591 Thread 0x000001275eb91640 1799       3       jdk.internal.classfile.impl.AbstractPseudoInstruction$ExceptionCatchImpl::writeTo (6 bytes)
Event: 12.592 Thread 0x000001275eb91640 nmethod 1799 0x0000012747558008 code [0x0000012747558100, 0x00000127475582c0]
Event: 12.592 Thread 0x000001275eb91640 1800       3       jdk.internal.classfile.impl.DirectCodeBuilder::ldc (23 bytes)
Event: 12.592 Thread 0x000001275eb91640 nmethod 1800 0x0000012747558308 code [0x0000012747558400, 0x0000012747558c40]
Event: 12.592 Thread 0x000001275eb91640 1801       3       jdk.internal.classfile.impl.BytecodeHelpers::ldcOpcode (41 bytes)
Event: 12.592 Thread 0x000001275eb91640 nmethod 1801 0x0000012747558c88 code [0x0000012747558d80, 0x0000012747559170]
Event: 12.592 Thread 0x000001275eb91640 1803       3       jdk.internal.classfile.impl.StackCounter::<init> (2420 bytes)
Event: 12.598 Thread 0x000001275eb8bfd0 1806       4       java.util.Comparator$$Lambda/0x000000001202b5f0::compare (16 bytes)
Event: 12.599 Thread 0x000001275eb91640 nmethod 1803 0x0000012747559188 code [0x0000012747559280, 0x00000127475660c0]
Event: 12.599 Thread 0x000001275eb91640 1802       3       java.lang.classfile.constantpool.LoadableConstantEntry::typeKind (4 bytes)
Event: 12.599 Thread 0x000001275eb91640 nmethod 1802 0x0000012747566108 code [0x0000012747566200, 0x0000012747566300]
Event: 12.599 Thread 0x000001275eb91640 1804       1       jdk.internal.classfile.impl.StackCounter::maxStack (5 bytes)
Event: 12.600 Thread 0x000001275eb91640 nmethod 1804 0x000001274ee29088 code [0x000001274ee29180, 0x000001274ee29238]
Event: 12.600 Thread 0x000001275eb91640 1805       1       jdk.internal.classfile.impl.StackCounter::maxLocals (5 bytes)
Event: 12.600 Thread 0x000001275eb91640 nmethod 1805 0x000001274ee29388 code [0x000001274ee29480, 0x000001274ee29538]
Event: 12.600 Thread 0x000001275eb91640 1807       3       java.lang.Class::privateGetDeclaredFields (56 bytes)
Event: 12.600 Thread 0x000001275eb91640 nmethod 1807 0x0000012747566408 code [0x0000012747566500, 0x0000012747566bd0]

GC Heap Usage History (20 events):
Event: 7.321 {heap Before GC invocations=8 (full 0):
 garbage-first heap   total reserved 4157440K, committed 12288K, used 6330K [0x0000000702400000, 0x0000000800000000)
  region size 2M, 1 eden (2M), 1 survivor (2M), 3 old (6M), 0 humongous (0M), 1 free (2M)
}
Event: 7.323 {heap After GC invocations=9 (full 0):
 garbage-first heap   total reserved 4157440K, committed 12288K, used 4359K [0x0000000702400000, 0x0000000800000000)
  region size 2M, 0 eden (0M), 1 survivor (2M), 3 old (6M), 0 humongous (0M), 2 free (4M)
}
Event: 7.700 {heap Before GC invocations=9 (full 0):
 garbage-first heap   total reserved 4157440K, committed 12288K, used 6407K [0x0000000702400000, 0x0000000800000000)
  region size 2M, 1 eden (2M), 1 survivor (2M), 3 old (6M), 0 humongous (0M), 1 free (2M)
}
Event: 7.703 {heap After GC invocations=10 (full 0):
 garbage-first heap   total reserved 4157440K, committed 12288K, used 4433K [0x0000000702400000, 0x0000000800000000)
  region size 2M, 0 eden (0M), 1 survivor (2M), 3 old (6M), 0 humongous (0M), 2 free (4M)
}
Event: 8.060 {heap Before GC invocations=10 (full 0):
 garbage-first heap   total reserved 4157440K, committed 12288K, used 6481K [0x0000000702400000, 0x0000000800000000)
  region size 2M, 1 eden (2M), 1 survivor (2M), 3 old (6M), 0 humongous (0M), 1 free (2M)
}
Event: 8.061 {heap After GC invocations=11 (full 0):
 garbage-first heap   total reserved 4157440K, committed 12288K, used 4396K [0x0000000702400000, 0x0000000800000000)
  region size 2M, 0 eden (0M), 1 survivor (2M), 3 old (6M), 0 humongous (0M), 2 free (4M)
}
Event: 8.670 {heap Before GC invocations=11 (full 0):
 garbage-first heap   total reserved 4157440K, committed 12288K, used 6444K [0x0000000702400000, 0x0000000800000000)
  region size 2M, 1 eden (2M), 1 survivor (2M), 3 old (6M), 0 humongous (0M), 1 free (2M)
}
Event: 8.671 {heap After GC invocations=12 (full 0):
 garbage-first heap   total reserved 4157440K, committed 12288K, used 4518K [0x0000000702400000, 0x0000000800000000)
  region size 2M, 0 eden (0M), 1 survivor (2M), 3 old (6M), 0 humongous (0M), 2 free (4M)
}
Event: 8.860 {heap Before GC invocations=12 (full 0):
 garbage-first heap   total reserved 4157440K, committed 12288K, used 6566K [0x0000000702400000, 0x0000000800000000)
  region size 2M, 1 eden (2M), 1 survivor (2M), 3 old (6M), 0 humongous (0M), 1 free (2M)
}
Event: 8.861 {heap After GC invocations=13 (full 0):
 garbage-first heap   total reserved 4157440K, committed 12288K, used 4603K [0x0000000702400000, 0x0000000800000000)
  region size 2M, 0 eden (0M), 1 survivor (2M), 3 old (6M), 0 humongous (0M), 2 free (4M)
}
Event: 9.405 {heap Before GC invocations=13 (full 0):
 garbage-first heap   total reserved 4157440K, committed 12288K, used 6651K [0x0000000702400000, 0x0000000800000000)
  region size 2M, 1 eden (2M), 1 survivor (2M), 3 old (6M), 0 humongous (0M), 1 free (2M)
}
Event: 9.407 {heap After GC invocations=14 (full 0):
 garbage-first heap   total reserved 4157440K, committed 12288K, used 4675K [0x0000000702400000, 0x0000000800000000)
  region size 2M, 0 eden (0M), 1 survivor (2M), 3 old (6M), 0 humongous (0M), 2 free (4M)
}
Event: 10.167 {heap Before GC invocations=14 (full 0):
 garbage-first heap   total reserved 4157440K, committed 12288K, used 4675K [0x0000000702400000, 0x0000000800000000)
  region size 2M, 1 eden (2M), 1 survivor (2M), 3 old (6M), 0 humongous (0M), 1 free (2M)
}
Event: 10.169 {heap After GC invocations=15 (full 0):
 garbage-first heap   total reserved 4157440K, committed 12288K, used 4811K [0x0000000702400000, 0x0000000800000000)
  region size 2M, 0 eden (0M), 1 survivor (2M), 3 old (6M), 0 humongous (0M), 2 free (4M)
}
Event: 11.135 {heap Before GC invocations=15 (full 0):
 garbage-first heap   total reserved 4157440K, committed 12288K, used 6859K [0x0000000702400000, 0x0000000800000000)
  region size 2M, 1 eden (2M), 1 survivor (2M), 3 old (6M), 0 humongous (0M), 1 free (2M)
}
Event: 11.137 {heap After GC invocations=16 (full 0):
 garbage-first heap   total reserved 4157440K, committed 12288K, used 4897K [0x0000000702400000, 0x0000000800000000)
  region size 2M, 0 eden (0M), 1 survivor (2M), 3 old (6M), 0 humongous (0M), 2 free (4M)
}
Event: 11.729 {heap Before GC invocations=16 (full 0):
 garbage-first heap   total reserved 4157440K, committed 12288K, used 6945K [0x0000000702400000, 0x0000000800000000)
  region size 2M, 1 eden (2M), 1 survivor (2M), 3 old (6M), 0 humongous (0M), 1 free (2M)
}
Event: 11.730 {heap After GC invocations=17 (full 0):
 garbage-first heap   total reserved 4157440K, committed 12288K, used 4955K [0x0000000702400000, 0x0000000800000000)
  region size 2M, 0 eden (0M), 1 survivor (2M), 3 old (6M), 0 humongous (0M), 2 free (4M)
}
Event: 11.924 {heap Before GC invocations=17 (full 0):
 garbage-first heap   total reserved 4157440K, committed 12288K, used 7003K [0x0000000702400000, 0x0000000800000000)
  region size 2M, 1 eden (2M), 1 survivor (2M), 3 old (6M), 0 humongous (0M), 1 free (2M)
}
Event: 11.926 {heap After GC invocations=18 (full 0):
 garbage-first heap   total reserved 4157440K, committed 12288K, used 5086K [0x0000000702400000, 0x0000000800000000)
  region size 2M, 0 eden (0M), 1 survivor (2M), 3 old (6M), 0 humongous (0M), 2 free (4M)
}

Metaspace Usage History (20 events):
Event: 7.321 {metaspace Before GC invocations=8 (full 0):
 Metaspace       used 5531K, committed 5760K, reserved 1114112K
  class space    used 663K, committed 768K, reserved 1048576K
}
Event: 7.323 {metaspace After GC invocations=9 (full 0):
 Metaspace       used 5531K, committed 5760K, reserved 1114112K
  class space    used 663K, committed 768K, reserved 1048576K
}
Event: 7.700 {metaspace Before GC invocations=9 (full 0):
 Metaspace       used 5594K, committed 5824K, reserved 1114112K
  class space    used 675K, committed 768K, reserved 1048576K
}
Event: 7.703 {metaspace After GC invocations=10 (full 0):
 Metaspace       used 5594K, committed 5824K, reserved 1114112K
  class space    used 675K, committed 768K, reserved 1048576K
}
Event: 8.060 {metaspace Before GC invocations=10 (full 0):
 Metaspace       used 5675K, committed 5888K, reserved 1114112K
  class space    used 688K, committed 768K, reserved 1048576K
}
Event: 8.061 {metaspace After GC invocations=11 (full 0):
 Metaspace       used 5675K, committed 5888K, reserved 1114112K
  class space    used 688K, committed 768K, reserved 1048576K
}
Event: 8.670 {metaspace Before GC invocations=11 (full 0):
 Metaspace       used 5885K, committed 6080K, reserved 1114112K
  class space    used 715K, committed 832K, reserved 1048576K
}
Event: 8.671 {metaspace After GC invocations=12 (full 0):
 Metaspace       used 5885K, committed 6080K, reserved 1114112K
  class space    used 715K, committed 832K, reserved 1048576K
}
Event: 8.860 {metaspace Before GC invocations=12 (full 0):
 Metaspace       used 6234K, committed 6400K, reserved 1114112K
  class space    used 750K, committed 832K, reserved 1048576K
}
Event: 8.861 {metaspace After GC invocations=13 (full 0):
 Metaspace       used 6234K, committed 6400K, reserved 1114112K
  class space    used 750K, committed 832K, reserved 1048576K
}
Event: 9.406 {metaspace Before GC invocations=13 (full 0):
 Metaspace       used 6501K, committed 6720K, reserved 1114112K
  class space    used 784K, committed 896K, reserved 1048576K
}
Event: 9.407 {metaspace After GC invocations=14 (full 0):
 Metaspace       used 6501K, committed 6720K, reserved 1114112K
  class space    used 784K, committed 896K, reserved 1048576K
}
Event: 10.167 {metaspace Before GC invocations=14 (full 0):
 Metaspace       used 6665K, committed 6848K, reserved 1114112K
  class space    used 803K, committed 896K, reserved 1048576K
}
Event: 10.169 {metaspace After GC invocations=15 (full 0):
 Metaspace       used 6665K, committed 6848K, reserved 1114112K
  class space    used 803K, committed 896K, reserved 1048576K
}
Event: 11.135 {metaspace Before GC invocations=15 (full 0):
 Metaspace       used 6847K, committed 6976K, reserved 1114112K
  class space    used 829K, committed 896K, reserved 1048576K
}
Event: 11.137 {metaspace After GC invocations=16 (full 0):
 Metaspace       used 6847K, committed 6976K, reserved 1114112K
  class space    used 829K, committed 896K, reserved 1048576K
}
Event: 11.729 {metaspace Before GC invocations=16 (full 0):
 Metaspace       used 7029K, committed 7232K, reserved 1114112K
  class space    used 851K, committed 960K, reserved 1048576K
}
Event: 11.730 {metaspace After GC invocations=17 (full 0):
 Metaspace       used 7029K, committed 7232K, reserved 1114112K
  class space    used 851K, committed 960K, reserved 1048576K
}
Event: 11.924 {metaspace Before GC invocations=17 (full 0):
 Metaspace       used 7204K, committed 7360K, reserved 1114112K
  class space    used 873K, committed 960K, reserved 1048576K
}
Event: 11.926 {metaspace After GC invocations=18 (full 0):
 Metaspace       used 7204K, committed 7360K, reserved 1114112K
  class space    used 873K, committed 960K, reserved 1048576K
}

Dll operation events (14 events):
Event: 0.009 Attempting to load shared library C:\Program Files\Apache NetBeans\jdk\bin\java.dll
Event: 0.011 Loaded shared library C:\Program Files\Apache NetBeans\jdk\bin\java.dll
Event: 0.138 Attempting to load shared library C:\Program Files\Apache NetBeans\jdk\bin\net.dll
Event: 0.138 Loaded shared library C:\Program Files\Apache NetBeans\jdk\bin\net.dll
Event: 0.139 Attempting to load shared library C:\Program Files\Apache NetBeans\jdk\bin\nio.dll
Event: 0.139 Loaded shared library C:\Program Files\Apache NetBeans\jdk\bin\nio.dll
Event: 0.141 Attempting to load shared library C:\Program Files\Apache NetBeans\jdk\bin\zip.dll
Event: 0.142 Loaded shared library C:\Program Files\Apache NetBeans\jdk\bin\zip.dll
Event: 0.310 Attempting to load shared library C:\Program Files\Apache NetBeans\java\maven\lib\jansi-native\Windows\x86_64\jansi.dll
Event: 0.310 Loaded shared library C:\Program Files\Apache NetBeans\java\maven\lib\jansi-native\Windows\x86_64\jansi.dll
Event: 0.321 Attempting to load shared library C:\Program Files\Apache NetBeans\jdk\bin\jimage.dll
Event: 0.321 Loaded shared library C:\Program Files\Apache NetBeans\jdk\bin\jimage.dll
Event: 0.327 Attempting to load shared library C:\Program Files\Apache NetBeans\jdk\bin\verify.dll
Event: 0.327 Loaded shared library C:\Program Files\Apache NetBeans\jdk\bin\verify.dll

Deoptimization events (20 events):
Event: 11.956 Thread 0x000001273bf5b500 Uncommon trap: trap_request=0xffffffde fr.pc=0x000001274ee27280 relative=0x0000000000000100
Event: 11.956 Thread 0x000001273bf5b500 Uncommon trap: reason=class_check action=maybe_recompile pc=0x000001274ee27280 method=jdk.internal.misc.Unsafe.allocateUninitializedArray(Ljava/lang/Class;I)Ljava/lang/Object; @ 51 c2
Event: 11.956 Thread 0x000001273bf5b500 DEOPT PACKING pc=0x000001274ee27280 sp=0x0000000a405fd380
Event: 11.956 Thread 0x000001273bf5b500 DEOPT UNPACKING pc=0x000001274e925c02 sp=0x0000000a405fd2f8 mode 2
Event: 11.956 Thread 0x000001273bf5b500 Uncommon trap: trap_request=0xffffffde fr.pc=0x000001274ee27280 relative=0x0000000000000100
Event: 11.956 Thread 0x000001273bf5b500 Uncommon trap: reason=class_check action=maybe_recompile pc=0x000001274ee27280 method=jdk.internal.misc.Unsafe.allocateUninitializedArray(Ljava/lang/Class;I)Ljava/lang/Object; @ 51 c2
Event: 11.956 Thread 0x000001273bf5b500 DEOPT PACKING pc=0x000001274ee27280 sp=0x0000000a405fce30
Event: 11.956 Thread 0x000001273bf5b500 DEOPT UNPACKING pc=0x000001274e925c02 sp=0x0000000a405fcda8 mode 2
Event: 12.542 Thread 0x000001273bf5b500 Uncommon trap: trap_request=0xffffffc6 fr.pc=0x000001274ee1471c relative=0x000000000000039c
Event: 12.542 Thread 0x000001273bf5b500 Uncommon trap: reason=bimorphic_or_optimized_type_check action=maybe_recompile pc=0x000001274ee1471c method=java.util.concurrent.ConcurrentHashMap.get(Ljava/lang/Object;)Ljava/lang/Object; @ 149 c2
Event: 12.542 Thread 0x000001273bf5b500 DEOPT PACKING pc=0x000001274ee1471c sp=0x0000000a405fdf50
Event: 12.542 Thread 0x000001273bf5b500 DEOPT UNPACKING pc=0x000001274e925c02 sp=0x0000000a405fdeb0 mode 2
Event: 12.601 Thread 0x000001273bf5b500 Uncommon trap: trap_request=0xffffffc6 fr.pc=0x000001274ee1471c relative=0x000000000000039c
Event: 12.601 Thread 0x000001273bf5b500 Uncommon trap: reason=bimorphic_or_optimized_type_check action=maybe_recompile pc=0x000001274ee1471c method=java.util.concurrent.ConcurrentHashMap.get(Ljava/lang/Object;)Ljava/lang/Object; @ 149 c2
Event: 12.601 Thread 0x000001273bf5b500 DEOPT PACKING pc=0x000001274ee1471c sp=0x0000000a405fdf60
Event: 12.601 Thread 0x000001273bf5b500 DEOPT UNPACKING pc=0x000001274e925c02 sp=0x0000000a405fdec0 mode 2
Event: 12.601 Thread 0x000001273bf5b500 Uncommon trap: trap_request=0xffffffc6 fr.pc=0x000001274ee1471c relative=0x000000000000039c
Event: 12.601 Thread 0x000001273bf5b500 Uncommon trap: reason=bimorphic_or_optimized_type_check action=maybe_recompile pc=0x000001274ee1471c method=java.util.concurrent.ConcurrentHashMap.get(Ljava/lang/Object;)Ljava/lang/Object; @ 149 c2
Event: 12.601 Thread 0x000001273bf5b500 DEOPT PACKING pc=0x000001274ee1471c sp=0x0000000a405fdf60
Event: 12.601 Thread 0x000001273bf5b500 DEOPT UNPACKING pc=0x000001274e925c02 sp=0x0000000a405fdec0 mode 2

Classes loaded (20 events):
Event: 8.238 Loading class sun/reflect/generics/reflectiveObjects/TypeVariableImpl
Event: 8.238 Loading class sun/reflect/generics/reflectiveObjects/LazyReflectiveObjectGenerator
Event: 8.238 Loading class sun/reflect/generics/reflectiveObjects/LazyReflectiveObjectGenerator done
Event: 8.239 Loading class sun/reflect/generics/reflectiveObjects/TypeVariableImpl done
Event: 8.239 Loading class sun/reflect/generics/reflectiveObjects/ParameterizedTypeImpl
Event: 8.239 Loading class sun/reflect/generics/reflectiveObjects/ParameterizedTypeImpl done
Event: 11.716 Loading class java/lang/Deprecated
Event: 11.717 Loading class java/lang/Deprecated done
Event: 11.919 Loading class java/lang/invoke/MethodHandle$1
Event: 11.919 Loading class java/lang/invoke/MethodHandle$1 done
Event: 11.960 Loading class sun/reflect/generics/tree/BottomSignature
Event: 11.960 Loading class sun/reflect/generics/tree/BottomSignature done
Event: 11.960 Loading class sun/reflect/generics/tree/Wildcard
Event: 11.960 Loading class sun/reflect/generics/tree/Wildcard done
Event: 11.960 Loading class sun/reflect/generics/reflectiveObjects/WildcardTypeImpl
Event: 11.960 Loading class sun/reflect/generics/reflectiveObjects/WildcardTypeImpl done
Event: 11.960 Loading class sun/reflect/annotation/AnnotatedTypeFactory$AnnotatedParameterizedTypeImpl
Event: 11.960 Loading class java/lang/reflect/AnnotatedParameterizedType
Event: 11.960 Loading class java/lang/reflect/AnnotatedParameterizedType done
Event: 11.960 Loading class sun/reflect/annotation/AnnotatedTypeFactory$AnnotatedParameterizedTypeImpl done

Classes unloaded (0 events):
No events

Classes redefined (0 events):
No events

Internal exceptions (20 events):
Event: 0.326 Thread 0x000001273bf5b500 Exception <a 'sun/nio/fs/WindowsException'{0x0000000702a11820}> (0x0000000702a11820) 
thrown [s\src\hotspot\share\prims\jni.cpp, line 514]
Event: 0.326 Thread 0x000001273bf5b500 Exception <a 'sun/nio/fs/WindowsException'{0x0000000702a11e58}> (0x0000000702a11e58) 
thrown [s\src\hotspot\share\prims\jni.cpp, line 514]
Event: 0.326 Thread 0x000001273bf5b500 Exception <a 'sun/nio/fs/WindowsException'{0x0000000702a12440}> (0x0000000702a12440) 
thrown [s\src\hotspot\share\prims\jni.cpp, line 514]
Event: 0.326 Thread 0x000001273bf5b500 Exception <a 'sun/nio/fs/WindowsException'{0x0000000702a129b0}> (0x0000000702a129b0) 
thrown [s\src\hotspot\share\prims\jni.cpp, line 514]
Event: 0.326 Thread 0x000001273bf5b500 Exception <a 'sun/nio/fs/WindowsException'{0x0000000702a12f00}> (0x0000000702a12f00) 
thrown [s\src\hotspot\share\prims\jni.cpp, line 514]
Event: 0.326 Thread 0x000001273bf5b500 Exception <a 'sun/nio/fs/WindowsException'{0x0000000702a133f0}> (0x0000000702a133f0) 
thrown [s\src\hotspot\share\prims\jni.cpp, line 514]
Event: 0.326 Thread 0x000001273bf5b500 Exception <a 'sun/nio/fs/WindowsException'{0x0000000702a13898}> (0x0000000702a13898) 
thrown [s\src\hotspot\share\prims\jni.cpp, line 514]
Event: 0.333 Thread 0x000001273bf5b500 Exception <a 'java/lang/NoSuchMethodError'{0x0000000702a73070}: 'void java.lang.invoke.DirectMethodHandle$Holder.invokeVirtual(java.lang.Object, java.lang.Object)'> (0x0000000702a73070) 
thrown [s\src\hotspot\share\interpreter\linkResolver.cpp, line 804]
Event: 0.345 Thread 0x000001273bf5b500 Exception <a 'java/lang/NoSuchMethodError'{0x0000000702a94b60}: 'void java.lang.invoke.DirectMethodHandle$Holder.invokeStatic(java.lang.Object, java.lang.Object)'> (0x0000000702a94b60) 
thrown [s\src\hotspot\share\interpreter\linkResolver.cpp, line 804]
Event: 0.345 Thread 0x000001273bf5b500 Exception <a 'java/lang/NoSuchMethodError'{0x0000000702a9cc20}: 'void java.lang.invoke.DirectMethodHandle$Holder.invokeStaticInit(java.lang.Object, java.lang.Object)'> (0x0000000702a9cc20) 
thrown [s\src\hotspot\share\interpreter\linkResolver.cpp, line 804]
Event: 0.379 Thread 0x000001273bf5b500 Exception <a 'java/lang/NoSuchMethodError'{0x0000000702ad0618}: 'void java.lang.invoke.DirectMethodHandle$Holder.invokeSpecial(java.lang.Object, java.lang.Object, java.lang.Object, java.lang.Object, java.lang.Object)'> (0x0000000702ad0618) 
thrown [s\src\hotspot\share\interpreter\linkResolver.cpp, line 804]
Event: 1.260 Thread 0x000001273bf5b500 Exception <a 'java/lang/NoSuchMethodError'{0x0000000702b0d968}: 'void java.lang.invoke.DirectMethodHandle$Holder.invokeStatic(java.lang.Object, java.lang.Object, java.lang.Object)'> (0x0000000702b0d968) 
thrown [s\src\hotspot\share\interpreter\linkResolver.cpp, line 804]
Event: 2.798 Thread 0x000001273bf5b500 Exception <a 'java/lang/NoSuchMethodError'{0x0000000702a95208}: 'java.lang.Object java.lang.invoke.DirectMethodHandle$Holder.invokeSpecialIFC(java.lang.Object, java.lang.Object, java.lang.Object, java.lang.Object)'> (0x0000000702a95208) 
thrown [s\src\hotspot\share\interpreter\linkResolver.cpp, line 804]
Event: 3.919 Thread 0x000001273bf5b500 Exception <a 'java/lang/NoSuchMethodError'{0x0000000702bbb618}: 'void java.lang.invoke.DirectMethodHandle$Holder.invokeSpecial(java.lang.Object, java.lang.Object, java.lang.Object)'> (0x0000000702bbb618) 
thrown [s\src\hotspot\share\interpreter\linkResolver.cpp, line 804]
Event: 5.071 Thread 0x000001273bf5b500 Exception <a 'java/lang/NoSuchMethodError'{0x0000000702b6b1b0}: 'java.lang.Object java.lang.invoke.DirectMethodHandle$Holder.invokeInterface(java.lang.Object, java.lang.Object)'> (0x0000000702b6b1b0) 
thrown [s\src\hotspot\share\interpreter\linkResolver.cpp, line 804]
Event: 5.369 Thread 0x000001273bf5b500 Exception <a 'java/lang/NoSuchMethodError'{0x0000000702a138d0}: 'int java.lang.invoke.DirectMethodHandle$Holder.invokeStatic(java.lang.Object, java.lang.Object, java.lang.Object, java.lang.Object)'> (0x0000000702a138d0) 
thrown [s\src\hotspot\share\interpreter\linkResolver.cpp, line 804]
Event: 5.372 Thread 0x000001273bf5b500 Exception <a 'java/lang/NoSuchMethodError'{0x0000000702a41418}: 'int java.lang.invoke.DirectMethodHandle$Holder.invokeSpecialIFC(java.lang.Object, java.lang.Object, java.lang.Object, java.lang.Object, java.lang.Object)'> (0x0000000702a41418) 
thrown [s\src\hotspot\share\interpreter\linkResolver.cpp, line 804]
Event: 5.765 Thread 0x000001273bf5b500 Exception <a 'java/lang/NoSuchMethodError'{0x0000000702b8f1f0}: 'java.lang.Object java.lang.invoke.DirectMethodHandle$Holder.newInvokeSpecial(java.lang.Object, java.lang.Object, java.lang.Object, java.lang.Object, java.lang.Object)'> (0x0000000702b8f1f0) 
thrown [s\src\hotspot\share\interpreter\linkResolver.cpp, line 804]
Event: 6.045 Thread 0x000001273bf5b500 Exception <a 'java/lang/NoSuchMethodError'{0x0000000702aaa180}: 'int java.lang.invoke.DirectMethodHandle$Holder.invokeStaticInit(java.lang.Object, java.lang.Object)'> (0x0000000702aaa180) 
thrown [s\src\hotspot\share\interpreter\linkResolver.cpp, line 804]
Event: 6.221 Thread 0x000001273bf5b500 Exception <a 'java/lang/NoClassDefFoundError'{0x0000000702ae5238}: javax/enterprise/inject/Typed> (0x0000000702ae5238) 
thrown [s\src\hotspot\share\classfile\systemDictionary.cpp, line 318]

VM Operations (20 events):
Event: 7.700 Executing safepoint VM operation: G1CollectForAllocation (G1 Evacuation Pause)
Event: 7.703 Executing safepoint VM operation: G1CollectForAllocation (G1 Evacuation Pause) done
Event: 8.060 Executing safepoint VM operation: G1CollectForAllocation (G1 Evacuation Pause)
Event: 8.061 Executing safepoint VM operation: G1CollectForAllocation (G1 Evacuation Pause) done
Event: 8.669 Executing safepoint VM operation: G1CollectForAllocation (G1 Evacuation Pause)
Event: 8.671 Executing safepoint VM operation: G1CollectForAllocation (G1 Evacuation Pause) done
Event: 8.860 Executing safepoint VM operation: G1CollectForAllocation (G1 Evacuation Pause)
Event: 8.861 Executing safepoint VM operation: G1CollectForAllocation (G1 Evacuation Pause) done
Event: 9.405 Executing safepoint VM operation: G1CollectForAllocation (G1 Evacuation Pause)
Event: 9.407 Executing safepoint VM operation: G1CollectForAllocation (G1 Evacuation Pause) done
Event: 10.167 Executing safepoint VM operation: G1CollectForAllocation (G1 Evacuation Pause)
Event: 10.169 Executing safepoint VM operation: G1CollectForAllocation (G1 Evacuation Pause) done
Event: 11.135 Executing safepoint VM operation: G1CollectForAllocation (G1 Evacuation Pause)
Event: 11.137 Executing safepoint VM operation: G1CollectForAllocation (G1 Evacuation Pause) done
Event: 11.729 Executing safepoint VM operation: G1CollectForAllocation (G1 Evacuation Pause)
Event: 11.730 Executing safepoint VM operation: G1CollectForAllocation (G1 Evacuation Pause) done
Event: 11.924 Executing safepoint VM operation: G1CollectForAllocation (G1 Evacuation Pause)
Event: 11.926 Executing safepoint VM operation: G1CollectForAllocation (G1 Evacuation Pause) done
Event: 12.493 Executing non-safepoint VM operation: HandshakeAllThreads (Deoptimize)
Event: 12.493 Executing non-safepoint VM operation: HandshakeAllThreads (Deoptimize) done

Memory protections (0 events):
No events

Nmethod flushes (0 events):
No events

Events (19 events):
Event: 0.071 Thread 0x000001273bf5b500 Thread added: 0x000001273bf5b500
Event: 0.110 Thread 0x000001273bf5b500 Thread added: 0x000001275eb798c0
Event: 0.110 Thread 0x000001273bf5b500 Thread added: 0x000001275eb7a070
Event: 0.111 Thread 0x000001273bf5b500 Thread added: 0x000001275eb82960
Event: 0.111 Thread 0x000001273bf5b500 Thread added: 0x000001275eb83370
Event: 0.111 Thread 0x000001273bf5b500 Thread added: 0x000001275eb88090
Event: 0.111 Thread 0x000001273bf5b500 Thread added: 0x000001275eb88cd0
Event: 0.111 Thread 0x000001273bf5b500 Thread added: 0x000001275eb8bfd0
Event: 0.111 Thread 0x000001273bf5b500 Thread added: 0x000001275eb91640
Event: 0.135 Thread 0x000001273bf5b500 Thread added: 0x00000127630f9610
Event: 0.136 Thread 0x000001273bf5b500 Thread added: 0x0000012763114890
Event: 0.199 Thread 0x000001275eb91640 Thread added: 0x00000127631a6460
Event: 0.309 Thread 0x000001273bf5b500 Thread added: 0x00000127633d0350
Event: 0.329 Thread 0x00000127633d0350 Thread exited: 0x00000127633d0350
Event: 1.242 Thread 0x00000127631a6460 Thread exited: 0x00000127631a6460
Event: 6.301 Thread 0x000001275eb91640 Thread added: 0x0000012763054ad0
Event: 7.117 Thread 0x000001275eb8bfd0 Thread added: 0x0000012763749250
Event: 7.625 Thread 0x0000012763749250 Thread exited: 0x0000012763749250
Event: 7.625 Thread 0x0000012763054ad0 Thread exited: 0x0000012763054ad0


Dynamic libraries:
0x00007ff623720000 - 0x00007ff62372e000 	C:\Program Files\Apache NetBeans\jdk\bin\java.exe
0x00007ff832b60000 - 0x00007ff832dc6000 	C:\WINDOWS\SYSTEM32\ntdll.dll
0x00007ff831820000 - 0x00007ff8318e9000 	C:\WINDOWS\System32\KERNEL32.DLL
0x00007ff82fd80000 - 0x00007ff83017e000 	C:\WINDOWS\System32\KERNELBASE.dll
0x00007ff82cc20000 - 0x00007ff82ccc0000 	C:\WINDOWS\SYSTEM32\apphelp.dll
0x00007ff830670000 - 0x00007ff8307bc000 	C:\WINDOWS\System32\ucrtbase.dll
0x00007ff805820000 - 0x00007ff805837000 	C:\Program Files\Apache NetBeans\jdk\bin\jli.dll
0x00007ff8315a0000 - 0x00007ff831767000 	C:\WINDOWS\System32\USER32.dll
0x00007ff830440000 - 0x00007ff830467000 	C:\WINDOWS\System32\win32u.dll
0x00007ff8312b0000 - 0x00007ff8312db000 	C:\WINDOWS\System32\GDI32.dll
0x00007ff830190000 - 0x00007ff8302ba000 	C:\WINDOWS\System32\gdi32full.dll
0x00007ff830470000 - 0x00007ff830513000 	C:\WINDOWS\System32\msvcp_win.dll
0x00007ff806240000 - 0x00007ff80625e000 	C:\Program Files\Apache NetBeans\jdk\bin\VCRUNTIME140.dll
0x00007ff815670000 - 0x00007ff815902000 	C:\WINDOWS\WinSxS\amd64_microsoft.windows.common-controls_6595b64144ccf1df_6.0.26100.8875_none_3e0d5d42e32fe9dd\COMCTL32.dll
0x00007ff831770000 - 0x00007ff831819000 	C:\WINDOWS\System32\msvcrt.dll
0x00007ff8323e0000 - 0x00007ff832412000 	C:\WINDOWS\System32\IMM32.DLL
0x00007ff82ae80000 - 0x00007ff82ae8c000 	C:\Program Files\Apache NetBeans\jdk\bin\vcruntime140_1.dll
0x00007fffb1950000 - 0x00007fffb19dd000 	C:\Program Files\Apache NetBeans\jdk\bin\msvcp140.dll
0x00007fff8c260000 - 0x00007fff8d1f9000 	C:\Program Files\Apache NetBeans\jdk\bin\server\jvm.dll
0x00007ff832960000 - 0x00007ff832a17000 	C:\WINDOWS\System32\ADVAPI32.dll
0x00007ff830890000 - 0x00007ff83093a000 	C:\WINDOWS\System32\sechost.dll
0x00007ff830b50000 - 0x00007ff830c68000 	C:\WINDOWS\System32\RPCRT4.dll
0x00007ff832440000 - 0x00007ff8324c0000 	C:\WINDOWS\System32\WS2_32.dll
0x00007ff82fbe0000 - 0x00007ff82fc3e000 	C:\WINDOWS\SYSTEM32\POWRPROF.dll
0x00007ff821b50000 - 0x00007ff821b86000 	C:\WINDOWS\SYSTEM32\WINMM.dll
0x00007ff82f7c0000 - 0x00007ff82f7cb000 	C:\WINDOWS\SYSTEM32\VERSION.dll
0x00007ff82fbc0000 - 0x00007ff82fbd4000 	C:\WINDOWS\SYSTEM32\UMPDC.dll
0x00007ff82e9e0000 - 0x00007ff82e9fb000 	C:\WINDOWS\SYSTEM32\kernel.appcore.dll
0x00007ff8186a0000 - 0x00007ff8186aa000 	C:\Program Files\Apache NetBeans\jdk\bin\jimage.dll
0x00007ff81fc20000 - 0x00007ff81fe62000 	C:\WINDOWS\SYSTEM32\DBGHELP.DLL
0x00007ff830f20000 - 0x00007ff8312a3000 	C:\WINDOWS\System32\combase.dll
0x00007ff8314c0000 - 0x00007ff831599000 	C:\WINDOWS\System32\OLEAUT32.dll
0x00007ff816360000 - 0x00007ff81639b000 	C:\WINDOWS\SYSTEM32\dbgcore.DLL
0x00007ff8307d0000 - 0x00007ff83087c000 	C:\WINDOWS\System32\bcryptPrimitives.dll
0x00007ff805a80000 - 0x00007ff805a9e000 	C:\Program Files\Apache NetBeans\jdk\bin\java.dll
0x00007ff832240000 - 0x00007ff8323d9000 	C:\WINDOWS\System32\ole32.dll
0x00007ff831aa0000 - 0x00007ff832232000 	C:\WINDOWS\System32\SHELL32.dll
0x00007ff82d7e0000 - 0x00007ff82e072000 	C:\WINDOWS\SYSTEM32\windows.storage.dll
0x00007ff8318f0000 - 0x00007ff8319e7000 	C:\WINDOWS\System32\SHCORE.dll
0x00007ff8319f0000 - 0x00007ff831a57000 	C:\WINDOWS\System32\shlwapi.dll
0x00007ff82fca0000 - 0x00007ff82fcc9000 	C:\WINDOWS\SYSTEM32\profapi.dll
0x00007ff800060000 - 0x00007ff800071000 	C:\Program Files\Apache NetBeans\jdk\bin\net.dll
0x00007ff82ef90000 - 0x00007ff82effc000 	C:\WINDOWS\system32\mswsock.dll
0x00007ffffa340000 - 0x00007ffffa356000 	C:\Program Files\Apache NetBeans\jdk\bin\nio.dll
0x00007ff8016f0000 - 0x00007ff801707000 	C:\Program Files\Apache NetBeans\jdk\bin\zip.dll
0x00007ffff5920000 - 0x00007ffff5944000 	C:\Program Files\Apache NetBeans\java\maven\lib\jansi-native\Windows\x86_64\jansi.dll
0x00007ff814b00000 - 0x00007ff814b10000 	C:\Program Files\Apache NetBeans\jdk\bin\verify.dll

JVMTI agents: none

dbghelp: loaded successfully - version: 4.0.5 - missing functions: none
symbol engine: initialized successfully - sym options: 0x614 - pdb path: .;C:\Program Files\Apache NetBeans\jdk\bin;C:\WINDOWS\SYSTEM32;C:\WINDOWS\WinSxS\amd64_microsoft.windows.common-controls_6595b64144ccf1df_6.0.26100.8875_none_3e0d5d42e32fe9dd;C:\Program Files\Apache NetBeans\jdk\bin\server;C:\Program Files\Apache NetBeans\java\maven\lib\jansi-native\Windows\x86_64

VM Arguments:
jvm_args: --enable-native-access=ALL-UNNAMED -Dclassworlds.conf=C:\Program Files\Apache NetBeans\java\maven\bin\m2.conf -Dmaven.home=C:\Program Files\Apache NetBeans\java\maven -Dlibrary.jansi.path=C:\Program Files\Apache NetBeans\java\maven\lib\jansi-native -Dmaven.multiModuleProjectDirectory=C:\Users\DVDSTORE\Desktop\LeetCode\ArrayList\ArrayList 
java_command: org.codehaus.plexus.classworlds.launcher.Launcher -Dexec.vmArgs= -Dexec.args=${exec.vmArgs} -classpath %classpath ${exec.mainClass} ${exec.appArgs} -Dexec.appArgs= -Dexec.mainClass=com.mycompany.arraylist.Driver -Dexec.executable=C:\Program Files\Apache NetBeans\jdk\bin\java.exe -Dmaven.ext.class.path=C:\Program Files\Apache NetBeans\java\maven-nblib\netbeans-eventspy.jar --no-transfer-progress process-classes org.codehaus.mojo:exec-maven-plugin:3.5.1:exec
java_class_path (initial): C:\Program Files\Apache NetBeans\java\maven\boot\plexus-classworlds-2.9.0.jar
Launcher Type: SUN_STANDARD

[Global flags]
     bool AOTAdapterCaching                        = false                                  {diagnostic} {ergonomic}
     bool AOTInvokeDynamicLinking                  = false                                  {diagnostic} {ergonomic}
     bool AOTRecordTraining                        = false                                  {diagnostic} {ergonomic}
     bool AOTReplayTraining                        = false                                  {diagnostic} {ergonomic}
     bool AOTStubCaching                           = false                                  {diagnostic} {ergonomic}
     intx CICompilerCount                          = 4                                         {product} {ergonomic}
     uint ConcGCThreads                            = 3                                         {product} {ergonomic}
     uint G1ConcRefinementThreads                  = 10                                        {product} {ergonomic}
     uint G1EagerReclaimRemSetThreshold            = 16                                   {experimental} {ergonomic}
   size_t G1HeapRegionSize                         = 2097152                                   {product} {ergonomic}
     uint G1RemSetArrayOfCardsEntries              = 16                                   {experimental} {ergonomic}
     uint G1RemSetHowlMaxNumBuckets                = 8                                    {experimental} {ergonomic}
     uint G1RemSetHowlNumBuckets                   = 8                                    {experimental} {ergonomic}
   size_t InitialHeapSize                          = 8388608                                   {product} {ergonomic}
     bool IntelJccErratumMitigation                = false                             {ARCH diagnostic} {ergonomic}
   size_t MarkStackSize                            = 4194304                                   {product} {ergonomic}
   size_t MarkStackSizeMax                         = 536870912                                 {product} {ergonomic}
   size_t MaxHeapSize                              = 4257218560                                {product} {ergonomic}
   size_t MaxNewSize                               = 2554331136                                {product} {ergonomic}
 uint64_t MaxRAM                                   = 17026142208                               {product} {ergonomic}
   size_t MinHeapDeltaBytes                        = 2097152                                   {product} {ergonomic}
   size_t MinHeapSize                              = 8388608                                   {product} {ergonomic}
   size_t NonNMethodCodeHeapSize                   = 5898240                                {pd product} {ergonomic}
   size_t NonProfiledCodeHeapSize                  = 122945536                              {pd product} {ergonomic}
   size_t ProfiledCodeHeapSize                     = 122945536                              {pd product} {ergonomic}
   size_t ReservedCodeCacheSize                    = 251789312                              {pd product} {ergonomic}
     bool SegmentedCodeCache                       = true                                      {product} {ergonomic}
   size_t SoftMaxHeapSize                          = 4257218560                             {manageable} {ergonomic}
     bool UseCompressedOops                        = true                           {product lp64_product} {ergonomic}
     bool UseCondCardMark                          = true                                      {product} {ergonomic}
     bool UseFastUnorderedTimeStamps               = true                                 {experimental} {ergonomic}
     bool UseG1GC                                  = true                                      {product} {ergonomic}
     bool UseLargePagesIndividualAllocation        = false                                  {pd product} {ergonomic}
      int X86ICacheSync                            = 3                                 {ARCH diagnostic} {ergonomic}

Logging:
Log output configuration:
 #0: stdout all=warning uptime,level,tags foldmultilines=false
 #1: stderr all=off uptime,level,tags foldmultilines=false

Release file:
IMPLEMENTOR="Eclipse Adoptium" 
IMPLEMENTOR_VERSION="Temurin-26.0.1+8" 
JAVA_RUNTIME_VERSION="26.0.1+8" 
JAVA_VERSION="26.0.1" 
JAVA_VERSION_DATE="2026-04-21" 
LIBC="default" 
MODULES="java.base java.compiler java.datatransfer java.xml java.prefs java.desktop java.instrument java.logging java.management java.security.sasl java.naming java.rmi java.management.rmi java.net.http java.scripting java.security.jgss java.transaction.xa java.sql java.sql.rowset java.xml.crypto java.se java.smartcardio jdk.accessibility jdk.internal.jvmstat jdk.attach jdk.charsets jdk.internal.opt jdk.zipfs jdk.compiler jdk.crypto.cryptoki jdk.crypto.ec jdk.crypto.mscapi jdk.dynalink jdk.internal.ed jdk.editpad jdk.internal.vm.ci jdk.graal.compiler jdk.graal.compiler.management jdk.hotspot.agent jdk.httpserver jdk.incubator.vector jdk.internal.le jdk.internal.md jdk.jartool jdk.javadoc jdk.jcmd jdk.management jdk.management.agent jdk.jconsole jdk.jdeps jdk.jdwp.agent jdk.jdi jdk.jfr jdk.jlink jdk.jpackage jdk.jshell jdk.jstatd jdk.localedata jdk.management.jfr jdk.naming.dns jdk.naming.rmi jdk.net jdk.nio.mapmode jdk.sctp jdk.security.auth jdk.security.jgss jdk.unsupported jdk.unsupported.desktop jdk.xml.dom" 
OS_ARCH="x86_64" 
OS_NAME="Windows" 
SOURCE=".:git:1cafccec39fb" 
BUILD_SOURCE="git:a612825ee82a20ac872d60958c349854c1f29a8e"
BUILD_SOURCE_REPO="https://github.com/adoptium/temurin-build.git"
SOURCE_REPO="https://github.com/adoptium/jdk26u.git"
FULL_VERSION="26.0.1+8"
SEMANTIC_VERSION="26.0.1+8"
BUILD_INFO="OS: Windows Server 2022 Version: 10.0"
JVM_VARIANT="Hotspot"
JVM_VERSION="26.0.1+8"
IMAGE_TYPE="JDK"

Environment Variables:
JAVA_HOME=C:\Program Files\Apache NetBeans\jdk
PATH=C:\Program Files (x86)\Common Files\Oracle\Java\javapath;C:\WINDOWS\system32;C:\WINDOWS;C:\WINDOWS\System32\Wbem;C:\WINDOWS\System32\WindowsPowerShell\v1.0\;C:\WINDOWS\System32\OpenSSH\;C:\Program Files (x86)\NVIDIA Corporation\PhysX\Common;C:\Program Files\NVIDIA Corporation\NVIDIA NvDLISR;C:\Program Files\dotnet\;C:\Program Files\Git\cmd;C:\Users\DVDSTORE\AppData\Local\Microsoft\WindowsApps;C:\Users\DVDSTORE\AppData\Local\Programs\Microsoft VS Code\bin;;C:\Program Files\Apache NetBeans\bin\
USERNAME=DVDSTORE
OS=Windows_NT
PROCESSOR_IDENTIFIER=Intel64 Family 6 Model 151 Stepping 5, GenuineIntel
TMP=C:\Users\DVDSTORE\AppData\Local\Temp
TEMP=C:\Users\DVDSTORE\AppData\Local\Temp




Compilation memory statistics disabled.

Periodic native trim disabled

---------------  S Y S T E M  ---------------

OS:
 Windows 11 , 64 bit Build 26100 (10.0.26100.8875)
OS uptime: 3 days 17:10 hours

CPU: total 12 (initial active 12) (6 cores per cpu, 2 threads per core) family 6 model 151 stepping 5 microcode 0x2d, cx8, cmov, fxsr, ht, mmx, 3dnowpref, sse, sse2, sse3, ssse3, sse4.1, sse4.2, popcnt, lzcnt, tsc, tscinvbit, avx, avx2, aes, erms, clmul, bmi1, bmi2, adx, sha, fma, vzeroupper, clflush, clflushopt, clwb, serialize, rdtscp, rdpid, fsrm, gfni, f16c, pku, cet_ibt, cet_ss
Processor Information for the first 12 processors :
  Max Mhz: 2500, Current Mhz: 2500, Mhz Limit: 2500

Memory: 4k page, system-wide physical 16237M (1923M free)
TotalPageFile size 28525M (AvailPageFile size 127M)
current process WorkingSet (physical memory assigned to process): 74M, peak: 74M
current process commit charge ("private bytes"): 115M, peak: 120M

vm_info: OpenJDK 64-Bit Server VM (26.0.1+8) for windows-amd64 JRE (26.0.1+8), built on 2026-04-21T00:00:00Z with MS VC++ 17.12 (VS2022)

END.
