#
# There is insufficient memory for the Java Runtime Environment to continue.
# Native memory allocation (malloc) failed to allocate 2459992 bytes. Error detail: Chunk::new
# Possible reasons:
#   The system is out of physical RAM or swap space
#   This process is running with CompressedOops enabled, and the Java Heap may be blocking the growth of the native heap
# Possible solutions:
#   Reduce memory load on the system
#   Increase physical memory or swap space
#   Check if swap backing store is full
#   Decrease Java heap size (-Xmx/-Xms)
#   Decrease number of Java threads
#   Decrease Java thread stack sizes (-Xss)
#   Set larger code cache with -XX:ReservedCodeCacheSize=
#   JVM is running with Zero Based Compressed Oops mode in which the Java heap is
#     placed in the first 32GB address space. The Java Heap base address is the
#     maximum limit for the native heap growth. Please use -XX:HeapBaseMinAddress
#     to set the Java Heap base and to place the Java Heap above 32GB virtual address.
# This output file may be truncated or incomplete.
#
#  Out of Memory Error (arena.cpp:193), pid=57352, tid=61372
#
# JRE version: OpenJDK Runtime Environment Temurin-26.0.1+8 (26.0.1+8) (build 26.0.1+8)
# Java VM: OpenJDK 64-Bit Server VM Temurin-26.0.1+8 (26.0.1+8, mixed mode, sharing, tiered, compressed oops, compressed class ptrs, g1 gc, windows-amd64)
# No core dump will be written. Minidumps are not enabled by default on client versions of Windows
#

---------------  S U M M A R Y ------------

Command Line: --enable-native-access=ALL-UNNAMED -Dclassworlds.conf=C:\Program Files\Apache NetBeans\java\maven\bin\m2.conf -Dmaven.home=C:\Program Files\Apache NetBeans\java\maven -Dlibrary.jansi.path=C:\Program Files\Apache NetBeans\java\maven\lib\jansi-native -Dmaven.multiModuleProjectDirectory=C:\Users\DVDSTORE\Desktop\LeetCode\ArrayList\ArrayList org.codehaus.plexus.classworlds.launcher.Launcher -Dexec.vmArgs= -Dexec.args=${exec.vmArgs} -classpath %classpath ${exec.mainClass} ${exec.appArgs} -Dexec.appArgs= -Dexec.mainClass=com.mycompany.arraylist.Driver -Dexec.executable=C:\Program Files\Apache NetBeans\jdk\bin\java.exe -Dmaven.ext.class.path=C:\Program Files\Apache NetBeans\java\maven-nblib\netbeans-eventspy.jar --no-transfer-progress process-classes org.codehaus.mojo:exec-maven-plugin:3.5.1:exec

Host: 12th Gen Intel(R) Core(TM) i5-12400F, 12 cores, 15G,  Windows 11 , 64 bit Build 26100 (10.0.26100.8875)
Time: Wed Aug 19 09:14:24 2026 Egypt Daylight Time elapsed time: 5.638828 seconds (0d 0h 0m 5s)

---------------  T H R E A D  ---------------

Current thread (0x00000180690afbc0):  JavaThread "C2 CompilerThread2" daemon [_thread_in_native, id=61372, stack(0x00000047d7400000,0x00000047d7500000) (1024K)]


Current CompileTask:
C2:5638 1258       4       org.codehaus.plexus.util.xml.pull.MXParser::parseEndTag (438 bytes)

Stack: [0x00000047d7400000,0x00000047d7500000]
Native frames: (J=compiled Java code, j=interpreted, Vv=VM code, C=native code)
V  [jvm.dll+0x7db749]  (no source info available)
V  [jvm.dll+0x7a82bd]  (no source info available)
V  [jvm.dll+0xa44a60]  (no source info available)
V  [jvm.dll+0xa46eb1]  (no source info available)
V  [jvm.dll+0xa475c3]  (no source info available)
V  [jvm.dll+0x311a96]  (no source info available)
V  [jvm.dll+0x120316]  (no source info available)
V  [jvm.dll+0x12063e]  (no source info available)
V  [jvm.dll+0x1b2836]  (no source info available)
V  [jvm.dll+0x3ce802]  (no source info available)
V  [jvm.dll+0x7e430f]  (no source info available)
V  [jvm.dll+0x2d4597]  (no source info available)
V  [jvm.dll+0x2d350f]  (no source info available)
V  [jvm.dll+0x249670]  (no source info available)
V  [jvm.dll+0x2e363c]  (no source info available)
V  [jvm.dll+0x2e181d]  (no source info available)
V  [jvm.dll+0x4a82ae]  (no source info available)
V  [jvm.dll+0x9e3039]  (no source info available)
V  [jvm.dll+0x7dd228]  (no source info available)
C  [ucrtbase.dll+0x2cd30]  (no source info available)
C  [KERNEL32.DLL+0x2e957]  (no source info available)
C  [ntdll.dll+0xaad6c]  (no source info available)

Lock stack of current Java thread (top to bottom):


---------------  P R O C E S S  ---------------

Threads class SMR info:
_java_thread_list=0x0000018064d86460, length=13, elements={
0x00000180413e4c90, 0x0000018063a9d010, 0x0000018063a9da60, 0x0000018063aa10c0,
0x0000018063aa5840, 0x0000018063aa4190, 0x0000018063acabb0, 0x0000018063acc010,
0x00000180640abba0, 0x00000180641641e0, 0x0000018064167590, 0x00000180690cf940,
0x00000180690afbc0
}

Java Threads: ( => current thread )
  0x00000180413e4c90 JavaThread "main"                              [_thread_in_vm, id=58372, stack(0x00000047d5c00000,0x00000047d5d00000) (1024K)]
  0x0000018063a9d010 JavaThread "Reference Handler"          daemon [_thread_blocked, id=59192, stack(0x00000047d6500000,0x00000047d6600000) (1024K)]
  0x0000018063a9da60 JavaThread "Finalizer"                  daemon [_thread_blocked, id=59196, stack(0x00000047d6600000,0x00000047d6700000) (1024K)]
  0x0000018063aa10c0 JavaThread "Signal Dispatcher"          daemon [_thread_blocked, id=59200, stack(0x00000047d6700000,0x00000047d6800000) (1024K)]
  0x0000018063aa5840 JavaThread "Attach Listener"            daemon [_thread_blocked, id=59204, stack(0x00000047d6800000,0x00000047d6900000) (1024K)]
  0x0000018063aa4190 JavaThread "Service Thread"             daemon [_thread_blocked, id=59208, stack(0x00000047d6900000,0x00000047d6a00000) (1024K)]
  0x0000018063acabb0 JavaThread "Monitor Deflation Thread"   daemon [_thread_blocked, id=59212, stack(0x00000047d6a00000,0x00000047d6b00000) (1024K)]
  0x0000018063acc010 JavaThread "C2 CompilerThread0"         daemon [_thread_blocked, id=59216, stack(0x00000047d6b00000,0x00000047d6c00000) (1024K)]
  0x00000180640abba0 JavaThread "C1 CompilerThread0"         daemon [_thread_blocked, id=59220, stack(0x00000047d6c00000,0x00000047d6d00000) (1024K)]
  0x00000180641641e0 JavaThread "Notification Thread"        daemon [_thread_blocked, id=59232, stack(0x00000047d6d00000,0x00000047d6e00000) (1024K)]
  0x0000018064167590 JavaThread "Common-Cleaner"             daemon [_thread_blocked, id=59236, stack(0x00000047d6e00000,0x00000047d6f00000) (1024K)]
  0x00000180690cf940 JavaThread "C2 CompilerThread1"         daemon [_thread_blocked, id=61324, stack(0x00000047d7300000,0x00000047d7400000) (1024K)]
=>0x00000180690afbc0 JavaThread "C2 CompilerThread2"         daemon [_thread_in_native, id=61372, stack(0x00000047d7400000,0x00000047d7500000) (1024K)]
Total: 13

Other Threads:
  0x0000018063a8b580 VMThread "VM Thread"                           [id=59180, stack(0x00000047d6400000,0x00000047d6500000) (1024K)]
  0x0000018063a77bd0 WatcherThread "VM Periodic Task Thread"        [id=59176, stack(0x00000047d6300000,0x00000047d6400000) (1024K)]
  0x000001804389f1c0 WorkerThread "GC Thread#0"                     [id=58988, stack(0x00000047d5d00000,0x00000047d5e00000) (1024K)]
  0x0000018064643500 WorkerThread "GC Thread#1"                     [id=59596, stack(0x00000047d7000000,0x00000047d7100000) (1024K)]
  0x0000018069047e10 WorkerThread "GC Thread#2"                     [id=61000, stack(0x00000047d6f00000,0x00000047d7000000) (1024K)]
  0x00000180438b7f20 ConcurrentGCThread "G1 Main Marker"            [id=58992, stack(0x00000047d5e00000,0x00000047d5f00000) (1024K)]
  0x00000180438b92b0 WorkerThread "G1 Conc#0"                       [id=58996, stack(0x00000047d5f00000,0x00000047d6000000) (1024K)]
  0x0000018064d40430 WorkerThread "G1 Conc#1"                       [id=61008, stack(0x00000047d7100000,0x00000047d7200000) (1024K)]
  0x0000018064d40850 WorkerThread "G1 Conc#2"                       [id=61012, stack(0x00000047d7200000,0x00000047d7300000) (1024K)]
  0x00000180438d92a0 WorkerThread "G1 Refinement Workers#0"         [id=59004, stack(0x00000047d6100000,0x00000047d6200000) (1024K)]
  0x00000180438d88e0 ConcurrentGCThread "G1 Refine Control"         [id=59000, stack(0x00000047d6000000,0x00000047d6100000) (1024K)]
  0x00000180639479c0 ConcurrentGCThread "G1 Service"                [id=59008, stack(0x00000047d6200000,0x00000047d6300000) (1024K)]
Total: 12

Threads with active compile tasks:
C2 CompilerThread2  6223 1258       4       org.codehaus.plexus.util.xml.pull.MXParser::parseEndTag (438 bytes)
Total: 1

VM state: not at safepoint (normal execution)

VM Mutex/Monitor currently owned by a thread:  ([mutex/lock_event])
[0x00007fff8d0fd888] Metaspace_lock - owner thread: 0x00000180413e4c90

Heap address: 0x0000000702400000, size: 4060 MB, Compressed Oops mode: Zero based, Oop shift amount: 3

CDS archive(s) mapped at: [0x000000009f000000-0x000000009fde0000-0x000000009fde0000), size 14548992, SharedBaseAddress: 0x000000009f000000, ArchiveRelocationMode: 1.
Compressed class space mapped at: 0x00000000a0000000-0x00000000e0000000, reserved size: 1073741824
UseCompressedClassPointers 1, UseCompactObjectHeaders 0
Narrow klass pointer bits 32, Max shift 3
Narrow klass base: 0x000000009f000000, Narrow klass shift: 0
Encoding Range: [0x000000009f000000 - 0x000000019f000000), (4294967296 bytes)
Klass Range:    [0x000000009f000000 - 0x00000000e0000000), (1090519040 bytes)
Klass ID Range:  [8 - 1090519033) (1090519025)
Protection zone: [0x000000009f000000 - 0x000000009f010000), (65536 bytes)

GC Precious Log:
 CardTable entry size: 512
 Card Set container configuration: InlinePtr #cards 4 size 8 Array Of Cards #cards 16 size 48 Howl #buckets 8 coarsen threshold 3686 Howl Bitmap #cards 512 size 80 coarsen threshold 460 Card regions per heap region 1 cards per card region 4096
 CPUs: 12 total, 12 available
 Memory: 16237M
 Large Page Support: Disabled
 NUMA Support: Disabled
 Compressed Oops: Enabled (Zero based)
 Heap Region Size: 2M
 Heap Min Capacity: 8M
 Heap Initial Capacity: 8M
 Heap Max Capacity: 4060M
 Pre-touch: Disabled
 Parallel Workers: 10
 Concurrent Workers: 3
 Concurrent Refinement Workers: 10
 Periodic GC: Disabled

Heap:
 garbage-first heap   total reserved 4157440K, committed 12288K, used 4418K [0x0000000702400000, 0x0000000800000000)
  region size 2M, 1 eden (2M), 1 survivor (2M), 2 old (4M), 0 humongous (0M), 2 free (4M)

Heap Regions: E=young(eden), S=young(survivor), O=old, HS=humongous(starts), HC=humongous(continues), CS=collection set, F=free, TAMS=top-at-mark-start, PB=parsable bottom
|    0|0x0000000702400000, 0x0000000702600000, 0x0000000702600000|100%| O|  |TAMS 0x0000000702400000| PB 0x0000000702400000| Untracked |  0
|    1|0x0000000702600000, 0x0000000702703140, 0x0000000702800000| 50%| S|CS|TAMS 0x0000000702600000| PB 0x0000000702600000| Complete  |  0
|    2|0x0000000702800000, 0x0000000702800000, 0x0000000702a00000|  0%| F|  |TAMS 0x0000000702800000| PB 0x0000000702800000| Untracked |  0
|    3|0x0000000702a00000, 0x0000000702a00000, 0x0000000702c00000|  0%| F|  |TAMS 0x0000000702a00000| PB 0x0000000702a00000| Untracked |  0
| 2028|0x00000007ffc00000, 0x00000007ffd4d928, 0x00000007ffe00000| 65%| O|  |TAMS 0x00000007ffc00000| PB 0x00000007ffc00000| Untracked |  0
| 2029|0x00000007ffe00000, 0x00000007fffe0380, 0x0000000800000000| 93%| E|CS|TAMS 0x00000007ffe00000| PB 0x00000007ffe00000| Complete  |  0

Card table byte_map: [0x000001805cc70000,0x000001805d460000] _byte_map_base: 0x000001805945e000
Refinement table byte_map: [0x000001805c480000,0x000001805cc70000] _byte_map_base: 0x0000018058c6e000

Marking Bits: (CMBitMap*) 0x000001804389f940
 Bits: [0x000001805d460000, 0x00000180613d0000)

Polling page: 0x0000018042e50000

Metaspace:
Metaspace        used 5844K, committed 6016K, reserved 1114112K
 class space     used 712K, committed 832K, reserved 1048576K

Usage:
  Non-class:      5.01 MB used.
      Class:    712.96 KB used.
       Both:      5.71 MB used.

Virtual space:
  Non-class space:       64.00 MB reserved,       5.06 MB (  8%) committed,  1 nodes.
      Class space:        1.00 GB reserved,     832.00 KB ( <1%) committed,  1 nodes.
             Both:        1.06 GB reserved,       5.88 MB ( <1%) committed. 

Chunk freelists:
   Non-Class:  9.05 MB
       Class:  15.23 MB
        Both:  24.28 MB

MaxMetaspaceSize: unlimited
CompressedClassSpaceSize: 1.00 GB
Initial GC threshold: 21.00 MB
Current GC threshold: 21.00 MB
CDS: on
 - commit_granule_bytes: 65536.
 - commit_granule_words: 8192.
 - virtual_space_node_default_size: 8388608.
 - enlarge_chunks_in_place: 1.
UseCompressedClassPointers 1, UseCompactObjectHeaders 0
Narrow klass pointer bits 32, Max shift 3
Narrow klass base: 0x000000009f000000, Narrow klass shift: 0
Encoding Range: [0x000000009f000000 - 0x000000019f000000), (4294967296 bytes)
Klass Range:    [0x000000009f000000 - 0x00000000e0000000), (1090519040 bytes)
Klass ID Range:  [8 - 1090519033) (1090519025)
Protection zone: [0x000000009f000000 - 0x000000009f010000), (65536 bytes)


Internal statistics:

num_allocs_failed_limit: 0.
num_arena_births: 54.
num_arena_deaths: 0.
num_vsnodes_births: 2.
num_vsnodes_deaths: 0.
num_space_committed: 94.
num_space_uncommitted: 0.
num_chunks_returned_to_freelist: 0.
num_chunks_taken_from_freelist: 240.
num_chunk_merges: 0.
num_chunk_splits: 144.
num_chunks_enlarged: 114.
num_inconsistent_stats: 0.

CodeHeap 'non-profiled nmethods': size=120064Kb used=423Kb max_used=423Kb free=119640Kb
 bounds [0x0000018054200000, 0x0000018054470000, 0x000001805b740000]
CodeHeap 'profiled nmethods': size=120064Kb used=2045Kb max_used=2045Kb free=118018Kb
 bounds [0x000001804c720000, 0x000001804c990000, 0x0000018053c60000]
CodeHeap 'non-nmethods': size=5760Kb used=1355Kb max_used=1399Kb free=4404Kb
 bounds [0x0000018053c60000, 0x0000018053ed0000, 0x0000018054200000]
CodeCache: size=245888Kb, used=3823Kb, max_used=3867Kb, free=242062Kb
 total_blobs=1869, nmethods=1402, adapters=371, full_count=0
Compilation: enabled, stopped_count=0, restarted_count=0

Compilation events (20 events):
Event: 3.975 Thread 0x0000018063acc010 nmethod 1251 0x000001805425d688 code [0x000001805425d780, 0x000001805425d808]
Event: 3.975 Thread 0x00000180690cf940 1252       4       org.codehaus.plexus.util.xml.pull.MXParser::nextImpl (1208 bytes)
Event: 3.995 Thread 0x00000180690afbc0 1253       4       java.lang.StringBuilder::append (8 bytes)
Event: 4.003 Thread 0x00000180640abba0 1254       1       org.codehaus.plexus.util.xml.pull.MXParser::getDepth (5 bytes)
Event: 4.004 Thread 0x00000180640abba0 nmethod 1254 0x000001805425d988 code [0x000001805425da80, 0x000001805425db38]
Event: 4.004 Thread 0x00000180640abba0 1255       3       java.nio.Buffer::hasRemaining (17 bytes)
Event: 4.005 Thread 0x00000180640abba0 nmethod 1255 0x000001804c8e8e88 code [0x000001804c8e8f80, 0x000001804c8e90c8]
Event: 4.038 Thread 0x00000180690afbc0 nmethod 1253 0x000001805425dc88 code [0x000001805425dd80, 0x000001805425e8a8]
Event: 4.039 Thread 0x00000180690cf940 nmethod 1252 0x000001805425e908 code [0x000001805425ea00, 0x000001805425f6d8]
Event: 4.070 Thread 0x00000180640abba0 1256       3       org.codehaus.plexus.util.xml.pull.MXParser::nextImpl (1208 bytes)
Event: 4.072 Thread 0x00000180640abba0 nmethod 1256 0x000001804c8e9188 code [0x000001804c8e9280, 0x000001804c8ec798]
Event: 4.075 Thread 0x00000180640abba0 1257       3       java.util.Collections::emptyMap (4 bytes)
Event: 4.075 Thread 0x00000180640abba0 nmethod 1257 0x000001804c8ec808 code [0x000001804c8ec900, 0x000001804c8ec9e0]
Event: 4.109 Thread 0x00000180690afbc0 1258       4       org.codehaus.plexus.util.xml.pull.MXParser::parseEndTag (438 bytes)
Event: 4.113 Thread 0x00000180640abba0 1259 %     3       org.codehaus.plexus.util.InterpolationFilterReader::read @ 3 (48 bytes)
Event: 4.114 Thread 0x00000180640abba0 nmethod 1259% 0x000001804c8ecb08 code [0x000001804c8ecc00, 0x000001804c8ecfd0]
Event: 4.115 Thread 0x00000180640abba0 1260       3       org.codehaus.plexus.util.InterpolationFilterReader::read (48 bytes)
Event: 4.115 Thread 0x00000180640abba0 nmethod 1260 0x000001804c8ed008 code [0x000001804c8ed100, 0x000001804c8ed400]
Event: 4.116 Thread 0x00000180640abba0 1261       3       org.codehaus.plexus.util.xml.pull.MXParser::require (468 bytes)
Event: 4.118 Thread 0x00000180640abba0 nmethod 1261 0x000001804c8ed488 code [0x000001804c8ed580, 0x000001804c8f25e0]

GC Heap Usage History (16 events):
Event: 1.159 {heap Before GC invocations=0 (full 0):
 garbage-first heap   total reserved 4157440K, committed 10240K, used 3230K [0x0000000702400000, 0x0000000800000000)
  region size 2M, 2 eden (4M), 0 survivor (0M), 1 old (2M), 0 humongous (0M), 2 free (4M)
}
Event: 1.280 {heap After GC invocations=1 (full 0):
 garbage-first heap   total reserved 4157440K, committed 10240K, used 2684K [0x0000000702400000, 0x0000000800000000)
  region size 2M, 0 eden (0M), 1 survivor (2M), 1 old (2M), 0 humongous (0M), 3 free (6M)
}
Event: 1.849 {heap Before GC invocations=1 (full 0):
 garbage-first heap   total reserved 4157440K, committed 10240K, used 4732K [0x0000000702400000, 0x0000000800000000)
  region size 2M, 1 eden (2M), 1 survivor (2M), 1 old (2M), 0 humongous (0M), 2 free (4M)
}
Event: 1.851 {heap After GC invocations=2 (full 0):
 garbage-first heap   total reserved 4157440K, committed 10240K, used 2912K [0x0000000702400000, 0x0000000800000000)
  region size 2M, 0 eden (0M), 1 survivor (2M), 2 old (4M), 0 humongous (0M), 2 free (4M)
}
Event: 2.208 {heap Before GC invocations=2 (full 0):
 garbage-first heap   total reserved 4157440K, committed 10240K, used 4960K [0x0000000702400000, 0x0000000800000000)
  region size 2M, 1 eden (2M), 1 survivor (2M), 2 old (4M), 0 humongous (0M), 1 free (2M)
}
Event: 2.209 {heap After GC invocations=3 (full 0):
 garbage-first heap   total reserved 4157440K, committed 10240K, used 3431K [0x0000000702400000, 0x0000000800000000)
  region size 2M, 0 eden (0M), 1 survivor (2M), 2 old (4M), 0 humongous (0M), 2 free (4M)
}
Event: 2.304 {heap Before GC invocations=3 (full 0):
 garbage-first heap   total reserved 4157440K, committed 10240K, used 3431K [0x0000000702400000, 0x0000000800000000)
  region size 2M, 1 eden (2M), 1 survivor (2M), 2 old (4M), 0 humongous (0M), 1 free (2M)
}
Event: 2.306 {heap After GC invocations=4 (full 0):
 garbage-first heap   total reserved 4157440K, committed 10240K, used 3912K [0x0000000702400000, 0x0000000800000000)
  region size 2M, 0 eden (0M), 1 survivor (2M), 2 old (4M), 0 humongous (0M), 2 free (4M)
}
Event: 2.968 {heap Before GC invocations=4 (full 0):
 garbage-first heap   total reserved 4157440K, committed 10240K, used 5960K [0x0000000702400000, 0x0000000800000000)
  region size 2M, 1 eden (2M), 1 survivor (2M), 2 old (4M), 0 humongous (0M), 1 free (2M)
}
Event: 2.970 {heap After GC invocations=5 (full 0):
 garbage-first heap   total reserved 4157440K, committed 10240K, used 3932K [0x0000000702400000, 0x0000000800000000)
  region size 2M, 0 eden (0M), 1 survivor (2M), 2 old (4M), 0 humongous (0M), 2 free (4M)
}
Event: 3.049 {heap Before GC invocations=5 (full 0):
 garbage-first heap   total reserved 4157440K, committed 10240K, used 5980K [0x0000000702400000, 0x0000000800000000)
  region size 2M, 1 eden (2M), 1 survivor (2M), 2 old (4M), 0 humongous (0M), 1 free (2M)
}
Event: 3.051 {heap After GC invocations=6 (full 0):
 garbage-first heap   total reserved 4157440K, committed 12288K, used 4113K [0x0000000702400000, 0x0000000800000000)
  region size 2M, 0 eden (0M), 1 survivor (2M), 3 old (6M), 0 humongous (0M), 2 free (4M)
}
Event: 3.435 {heap Before GC invocations=7 (full 0):
 garbage-first heap   total reserved 4157440K, committed 12288K, used 6161K [0x0000000702400000, 0x0000000800000000)
  region size 2M, 1 eden (2M), 1 survivor (2M), 3 old (6M), 0 humongous (0M), 1 free (2M)
}
Event: 3.438 {heap After GC invocations=8 (full 0):
 garbage-first heap   total reserved 4157440K, committed 12288K, used 4208K [0x0000000702400000, 0x0000000800000000)
  region size 2M, 0 eden (0M), 1 survivor (2M), 3 old (6M), 0 humongous (0M), 2 free (4M)
}
Event: 3.786 {heap Before GC invocations=8 (full 0):
 garbage-first heap   total reserved 4157440K, committed 12288K, used 6256K [0x0000000702400000, 0x0000000800000000)
  region size 2M, 1 eden (2M), 1 survivor (2M), 3 old (6M), 0 humongous (0M), 1 free (2M)
}
Event: 3.790 {heap After GC invocations=9 (full 0):
 garbage-first heap   total reserved 4157440K, committed 12288K, used 4340K [0x0000000702400000, 0x0000000800000000)
  region size 2M, 0 eden (0M), 1 survivor (2M), 2 old (4M), 0 humongous (0M), 3 free (6M)
}

Metaspace Usage History (16 events):
Event: 1.159 {metaspace Before GC invocations=0 (full 0):
 Metaspace       used 1027K, committed 1152K, reserved 1114112K
  class space    used 83K, committed 128K, reserved 1048576K
}
Event: 1.280 {metaspace After GC invocations=1 (full 0):
 Metaspace       used 1027K, committed 1152K, reserved 1114112K
  class space    used 83K, committed 128K, reserved 1048576K
}
Event: 1.849 {metaspace Before GC invocations=1 (full 0):
 Metaspace       used 1965K, committed 2112K, reserved 1114112K
  class space    used 183K, committed 256K, reserved 1048576K
}
Event: 1.851 {metaspace After GC invocations=2 (full 0):
 Metaspace       used 1965K, committed 2112K, reserved 1114112K
  class space    used 183K, committed 256K, reserved 1048576K
}
Event: 2.208 {metaspace Before GC invocations=2 (full 0):
 Metaspace       used 2509K, committed 2688K, reserved 1114112K
  class space    used 235K, committed 320K, reserved 1048576K
}
Event: 2.209 {metaspace After GC invocations=3 (full 0):
 Metaspace       used 2509K, committed 2688K, reserved 1114112K
  class space    used 235K, committed 320K, reserved 1048576K
}
Event: 2.304 {metaspace Before GC invocations=3 (full 0):
 Metaspace       used 2976K, committed 3136K, reserved 1114112K
  class space    used 300K, committed 384K, reserved 1048576K
}
Event: 2.306 {metaspace After GC invocations=4 (full 0):
 Metaspace       used 2976K, committed 3136K, reserved 1114112K
  class space    used 300K, committed 384K, reserved 1048576K
}
Event: 2.968 {metaspace Before GC invocations=4 (full 0):
 Metaspace       used 3726K, committed 3904K, reserved 1114112K
  class space    used 384K, committed 448K, reserved 1048576K
}
Event: 2.970 {metaspace After GC invocations=5 (full 0):
 Metaspace       used 3726K, committed 3904K, reserved 1114112K
  class space    used 384K, committed 448K, reserved 1048576K
}
Event: 3.049 {metaspace Before GC invocations=5 (full 0):
 Metaspace       used 4559K, committed 4672K, reserved 1114112K
  class space    used 500K, committed 576K, reserved 1048576K
}
Event: 3.051 {metaspace After GC invocations=6 (full 0):
 Metaspace       used 4559K, committed 4672K, reserved 1114112K
  class space    used 500K, committed 576K, reserved 1048576K
}
Event: 3.435 {metaspace Before GC invocations=7 (full 0):
 Metaspace       used 5069K, committed 5184K, reserved 1114112K
  class space    used 598K, committed 640K, reserved 1048576K
}
Event: 3.438 {metaspace After GC invocations=8 (full 0):
 Metaspace       used 5069K, committed 5184K, reserved 1114112K
  class space    used 598K, committed 640K, reserved 1048576K
}
Event: 3.786 {metaspace Before GC invocations=8 (full 0):
 Metaspace       used 5432K, committed 5632K, reserved 1114112K
  class space    used 650K, committed 768K, reserved 1048576K
}
Event: 3.790 {metaspace After GC invocations=9 (full 0):
 Metaspace       used 5432K, committed 5632K, reserved 1114112K
  class space    used 650K, committed 768K, reserved 1048576K
}

Dll operation events (14 events):
Event: 0.177 Attempting to load shared library C:\Program Files\Apache NetBeans\jdk\bin\java.dll
Event: 0.179 Loaded shared library C:\Program Files\Apache NetBeans\jdk\bin\java.dll
Event: 0.293 Attempting to load shared library C:\Program Files\Apache NetBeans\jdk\bin\net.dll
Event: 0.293 Loaded shared library C:\Program Files\Apache NetBeans\jdk\bin\net.dll
Event: 0.295 Attempting to load shared library C:\Program Files\Apache NetBeans\jdk\bin\nio.dll
Event: 0.295 Loaded shared library C:\Program Files\Apache NetBeans\jdk\bin\nio.dll
Event: 0.299 Attempting to load shared library C:\Program Files\Apache NetBeans\jdk\bin\zip.dll
Event: 0.300 Loaded shared library C:\Program Files\Apache NetBeans\jdk\bin\zip.dll
Event: 1.148 Attempting to load shared library C:\Program Files\Apache NetBeans\java\maven\lib\jansi-native\Windows\x86_64\jansi.dll
Event: 1.150 Loaded shared library C:\Program Files\Apache NetBeans\java\maven\lib\jansi-native\Windows\x86_64\jansi.dll
Event: 1.157 Attempting to load shared library C:\Program Files\Apache NetBeans\jdk\bin\jimage.dll
Event: 1.157 Loaded shared library C:\Program Files\Apache NetBeans\jdk\bin\jimage.dll
Event: 1.289 Attempting to load shared library C:\Program Files\Apache NetBeans\jdk\bin\verify.dll
Event: 1.290 Loaded shared library C:\Program Files\Apache NetBeans\jdk\bin\verify.dll

Deoptimization events (20 events):
Event: 3.929 Thread 0x00000180413e4c90 Uncommon trap: trap_request=0xffffffde fr.pc=0x00000180542563fc relative=0x00000000000000fc
Event: 3.929 Thread 0x00000180413e4c90 Uncommon trap: reason=class_check action=maybe_recompile pc=0x00000180542563fc method=java.nio.Buffer.<init>(IIIILjava/lang/foreign/MemorySegment;)V @ 39 c2
Event: 3.929 Thread 0x00000180413e4c90 DEOPT PACKING pc=0x00000180542563fc sp=0x00000047d5cfe250
Event: 3.929 Thread 0x00000180413e4c90 DEOPT UNPACKING pc=0x0000018053cec802 sp=0x00000047d5cfe208 mode 2
Event: 3.930 Thread 0x00000180413e4c90 Uncommon trap: trap_request=0xffffffde fr.pc=0x00000180542563fc relative=0x00000000000000fc
Event: 3.930 Thread 0x00000180413e4c90 Uncommon trap: reason=class_check action=maybe_recompile pc=0x00000180542563fc method=java.nio.Buffer.<init>(IIIILjava/lang/foreign/MemorySegment;)V @ 39 c2
Event: 3.930 Thread 0x00000180413e4c90 DEOPT PACKING pc=0x00000180542563fc sp=0x00000047d5cfe1e0
Event: 3.930 Thread 0x00000180413e4c90 DEOPT UNPACKING pc=0x0000018053cec802 sp=0x00000047d5cfe198 mode 2
Event: 3.966 Thread 0x00000180413e4c90 Uncommon trap: trap_request=0xffffffde fr.pc=0x00000180542563fc relative=0x00000000000000fc
Event: 3.966 Thread 0x00000180413e4c90 Uncommon trap: reason=class_check action=maybe_recompile pc=0x00000180542563fc method=java.nio.Buffer.<init>(IIIILjava/lang/foreign/MemorySegment;)V @ 39 c2
Event: 3.966 Thread 0x00000180413e4c90 DEOPT PACKING pc=0x00000180542563fc sp=0x00000047d5cfe0f0
Event: 3.966 Thread 0x00000180413e4c90 DEOPT UNPACKING pc=0x0000018053cec802 sp=0x00000047d5cfe0a8 mode 2
Event: 3.966 Thread 0x00000180413e4c90 Uncommon trap: trap_request=0xffffff45 fr.pc=0x0000018054254afc relative=0x00000000000021fc
Event: 3.966 Thread 0x00000180413e4c90 Uncommon trap: reason=unstable_if action=reinterpret pc=0x0000018054254afc method=java.nio.charset.CharsetDecoder.decode(Ljava/nio/ByteBuffer;Ljava/nio/CharBuffer;Z)Ljava/nio/charset/CoderResult; @ 15 c2
Event: 3.966 Thread 0x00000180413e4c90 DEOPT PACKING pc=0x0000018054254afc sp=0x00000047d5cfe200
Event: 3.974 Thread 0x00000180413e4c90 DEOPT UNPACKING pc=0x0000018053cec802 sp=0x00000047d5cfdec0 mode 2
Event: 4.070 Thread 0x00000180413e4c90 Uncommon trap: trap_request=0xffffff45 fr.pc=0x000001805425f314 relative=0x0000000000000914
Event: 4.070 Thread 0x00000180413e4c90 Uncommon trap: reason=unstable_if action=reinterpret pc=0x000001805425f314 method=org.codehaus.plexus.util.xml.pull.MXParser.nextImpl()I @ 200 c2
Event: 4.070 Thread 0x00000180413e4c90 DEOPT PACKING pc=0x000001805425f314 sp=0x00000047d5cfe720
Event: 4.070 Thread 0x00000180413e4c90 DEOPT UNPACKING pc=0x0000018053cec802 sp=0x00000047d5cfe680 mode 2

Classes loaded (20 events):
Event: 3.597 Loading class sun/reflect/generics/scope/ClassScope
Event: 3.597 Loading class sun/reflect/generics/scope/Scope
Event: 3.597 Loading class sun/reflect/generics/scope/Scope done
Event: 3.597 Loading class sun/reflect/generics/scope/AbstractScope
Event: 3.597 Loading class sun/reflect/generics/scope/AbstractScope done
Event: 3.597 Loading class sun/reflect/generics/scope/ClassScope done
Event: 3.597 Loading class sun/reflect/generics/factory/CoreReflectionFactory
Event: 3.597 Loading class sun/reflect/generics/factory/GenericsFactory
Event: 3.597 Loading class sun/reflect/generics/factory/GenericsFactory done
Event: 3.597 Loading class sun/reflect/generics/factory/CoreReflectionFactory done
Event: 3.597 Loading class sun/reflect/generics/tree/TypeVariableSignature
Event: 3.597 Loading class sun/reflect/generics/tree/TypeVariableSignature done
Event: 3.597 Loading class sun/reflect/generics/visitor/Reifier
Event: 3.597 Loading class sun/reflect/generics/visitor/TypeTreeVisitor
Event: 3.597 Loading class sun/reflect/generics/visitor/TypeTreeVisitor done
Event: 3.655 Loading class sun/reflect/generics/visitor/Reifier done
Event: 3.705 Loading class java/lang/annotation/IncompleteAnnotationException
Event: 3.705 Loading class java/lang/annotation/IncompleteAnnotationException done
Event: 3.837 Loading class java/lang/foreign/MemorySegment
Event: 3.837 Loading class java/lang/foreign/MemorySegment done

Classes unloaded (0 events):
No events

Classes redefined (0 events):
No events

Internal exceptions (20 events):
Event: 1.288 Thread 0x00000180413e4c90 Exception <a 'sun/nio/fs/WindowsException'{0x0000000702a117f8}> (0x0000000702a117f8) 
thrown [s\src\hotspot\share\prims\jni.cpp, line 514]
Event: 1.288 Thread 0x00000180413e4c90 Exception <a 'sun/nio/fs/WindowsException'{0x0000000702a11e30}> (0x0000000702a11e30) 
thrown [s\src\hotspot\share\prims\jni.cpp, line 514]
Event: 1.288 Thread 0x00000180413e4c90 Exception <a 'sun/nio/fs/WindowsException'{0x0000000702a12418}> (0x0000000702a12418) 
thrown [s\src\hotspot\share\prims\jni.cpp, line 514]
Event: 1.288 Thread 0x00000180413e4c90 Exception <a 'sun/nio/fs/WindowsException'{0x0000000702a12988}> (0x0000000702a12988) 
thrown [s\src\hotspot\share\prims\jni.cpp, line 514]
Event: 1.288 Thread 0x00000180413e4c90 Exception <a 'sun/nio/fs/WindowsException'{0x0000000702a12ed8}> (0x0000000702a12ed8) 
thrown [s\src\hotspot\share\prims\jni.cpp, line 514]
Event: 1.288 Thread 0x00000180413e4c90 Exception <a 'sun/nio/fs/WindowsException'{0x0000000702a133c8}> (0x0000000702a133c8) 
thrown [s\src\hotspot\share\prims\jni.cpp, line 514]
Event: 1.288 Thread 0x00000180413e4c90 Exception <a 'sun/nio/fs/WindowsException'{0x0000000702a13870}> (0x0000000702a13870) 
thrown [s\src\hotspot\share\prims\jni.cpp, line 514]
Event: 1.298 Thread 0x00000180413e4c90 Exception <a 'java/lang/NoSuchMethodError'{0x0000000702a780f8}: 'void java.lang.invoke.DirectMethodHandle$Holder.invokeVirtual(java.lang.Object, java.lang.Object)'> (0x0000000702a780f8) 
thrown [s\src\hotspot\share\interpreter\linkResolver.cpp, line 804]
Event: 1.303 Thread 0x00000180413e4c90 Exception <a 'java/lang/NoSuchMethodError'{0x0000000702a99be8}: 'void java.lang.invoke.DirectMethodHandle$Holder.invokeStatic(java.lang.Object, java.lang.Object)'> (0x0000000702a99be8) 
thrown [s\src\hotspot\share\interpreter\linkResolver.cpp, line 804]
Event: 1.304 Thread 0x00000180413e4c90 Exception <a 'java/lang/NoSuchMethodError'{0x0000000702aa1ca8}: 'void java.lang.invoke.DirectMethodHandle$Holder.invokeStaticInit(java.lang.Object, java.lang.Object)'> (0x0000000702aa1ca8) 
thrown [s\src\hotspot\share\interpreter\linkResolver.cpp, line 804]
Event: 1.311 Thread 0x00000180413e4c90 Exception <a 'java/lang/NoSuchMethodError'{0x0000000702ad56a0}: 'void java.lang.invoke.DirectMethodHandle$Holder.invokeSpecial(java.lang.Object, java.lang.Object, java.lang.Object, java.lang.Object, java.lang.Object)'> (0x0000000702ad56a0) 
thrown [s\src\hotspot\share\interpreter\linkResolver.cpp, line 804]
Event: 1.516 Thread 0x00000180413e4c90 Exception <a 'java/lang/NoSuchMethodError'{0x0000000702b129f0}: 'void java.lang.invoke.DirectMethodHandle$Holder.invokeStatic(java.lang.Object, java.lang.Object, java.lang.Object)'> (0x0000000702b129f0) 
thrown [s\src\hotspot\share\interpreter\linkResolver.cpp, line 804]
Event: 1.869 Thread 0x00000180413e4c90 Exception <a 'java/lang/NoSuchMethodError'{0x0000000702a976f0}: 'java.lang.Object java.lang.invoke.DirectMethodHandle$Holder.invokeSpecialIFC(java.lang.Object, java.lang.Object, java.lang.Object, java.lang.Object)'> (0x0000000702a976f0) 
thrown [s\src\hotspot\share\interpreter\linkResolver.cpp, line 804]
Event: 2.875 Thread 0x00000180413e4c90 Exception <a 'java/lang/NoSuchMethodError'{0x0000000702bbb730}: 'void java.lang.invoke.DirectMethodHandle$Holder.invokeSpecial(java.lang.Object, java.lang.Object, java.lang.Object)'> (0x0000000702bbb730) 
thrown [s\src\hotspot\share\interpreter\linkResolver.cpp, line 804]
Event: 3.023 Thread 0x00000180413e4c90 Exception <a 'java/lang/NoSuchMethodError'{0x0000000702b6b0e0}: 'java.lang.Object java.lang.invoke.DirectMethodHandle$Holder.invokeInterface(java.lang.Object, java.lang.Object)'> (0x0000000702b6b0e0) 
thrown [s\src\hotspot\share\interpreter\linkResolver.cpp, line 804]
Event: 3.055 Thread 0x00000180413e4c90 Exception <a 'java/lang/NoSuchMethodError'{0x0000000702a137d0}: 'int java.lang.invoke.DirectMethodHandle$Holder.invokeStatic(java.lang.Object, java.lang.Object, java.lang.Object, java.lang.Object)'> (0x0000000702a137d0) 
thrown [s\src\hotspot\share\interpreter\linkResolver.cpp, line 804]
Event: 3.059 Thread 0x00000180413e4c90 Exception <a 'java/lang/NoSuchMethodError'{0x0000000702a414b8}: 'int java.lang.invoke.DirectMethodHandle$Holder.invokeSpecialIFC(java.lang.Object, java.lang.Object, java.lang.Object, java.lang.Object, java.lang.Object)'> (0x0000000702a414b8) 
thrown [s\src\hotspot\share\interpreter\linkResolver.cpp, line 804]
Event: 3.424 Thread 0x00000180413e4c90 Exception <a 'java/lang/NoSuchMethodError'{0x0000000702b8f378}: 'java.lang.Object java.lang.invoke.DirectMethodHandle$Holder.newInvokeSpecial(java.lang.Object, java.lang.Object, java.lang.Object, java.lang.Object, java.lang.Object)'> (0x0000000702b8f378) 
thrown [s\src\hotspot\share\interpreter\linkResolver.cpp, line 804]
Event: 3.693 Thread 0x00000180413e4c90 Exception <a 'java/lang/NoSuchMethodError'{0x0000000702aa9b18}: 'int java.lang.invoke.DirectMethodHandle$Holder.invokeStaticInit(java.lang.Object, java.lang.Object)'> (0x0000000702aa9b18) 
thrown [s\src\hotspot\share\interpreter\linkResolver.cpp, line 804]
Event: 3.705 Thread 0x00000180413e4c90 Exception <a 'java/lang/NoClassDefFoundError'{0x0000000702ae18e8}: javax/enterprise/inject/Typed> (0x0000000702ae18e8) 
thrown [s\src\hotspot\share\classfile\systemDictionary.cpp, line 318]

VM Operations (20 events):
Event: 1.849 Executing safepoint VM operation: G1CollectForAllocation (G1 Evacuation Pause)
Event: 1.851 Executing safepoint VM operation: G1CollectForAllocation (G1 Evacuation Pause) done
Event: 2.208 Executing safepoint VM operation: G1CollectForAllocation (G1 Evacuation Pause)
Event: 2.209 Executing safepoint VM operation: G1CollectForAllocation (G1 Evacuation Pause) done
Event: 2.304 Executing safepoint VM operation: G1CollectForAllocation (G1 Evacuation Pause)
Event: 2.306 Executing safepoint VM operation: G1CollectForAllocation (G1 Evacuation Pause) done
Event: 2.968 Executing safepoint VM operation: G1CollectForAllocation (G1 Evacuation Pause)
Event: 2.970 Executing safepoint VM operation: G1CollectForAllocation (G1 Evacuation Pause) done
Event: 3.009 Executing non-safepoint VM operation: HandshakeAllThreads (Deoptimize)
Event: 3.009 Executing non-safepoint VM operation: HandshakeAllThreads (Deoptimize) done
Event: 3.049 Executing safepoint VM operation: G1CollectForAllocation (G1 Evacuation Pause)
Event: 3.051 Executing safepoint VM operation: G1CollectForAllocation (G1 Evacuation Pause) done
Event: 3.060 Executing safepoint VM operation: G1PauseRemark
Event: 3.061 Executing safepoint VM operation: G1PauseRemark done
Event: 3.062 Executing safepoint VM operation: G1PauseCleanup
Event: 3.062 Executing safepoint VM operation: G1PauseCleanup done
Event: 3.435 Executing safepoint VM operation: G1CollectForAllocation (G1 Evacuation Pause)
Event: 3.438 Executing safepoint VM operation: G1CollectForAllocation (G1 Evacuation Pause) done
Event: 3.786 Executing safepoint VM operation: G1CollectForAllocation (G1 Evacuation Pause)
Event: 3.790 Executing safepoint VM operation: G1CollectForAllocation (G1 Evacuation Pause) done

Memory protections (0 events):
No events

Nmethod flushes (0 events):
No events

Events (17 events):
Event: 0.260 Thread 0x00000180413e4c90 Thread added: 0x00000180413e4c90
Event: 0.279 Thread 0x00000180413e4c90 Thread added: 0x0000018063a9d010
Event: 0.279 Thread 0x00000180413e4c90 Thread added: 0x0000018063a9da60
Event: 0.279 Thread 0x00000180413e4c90 Thread added: 0x0000018063aa10c0
Event: 0.279 Thread 0x00000180413e4c90 Thread added: 0x0000018063aa5840
Event: 0.279 Thread 0x00000180413e4c90 Thread added: 0x0000018063aa4190
Event: 0.279 Thread 0x00000180413e4c90 Thread added: 0x0000018063acabb0
Event: 0.279 Thread 0x00000180413e4c90 Thread added: 0x0000018063acc010
Event: 0.283 Thread 0x00000180413e4c90 Thread added: 0x00000180640abba0
Event: 0.289 Thread 0x00000180413e4c90 Thread added: 0x00000180641641e0
Event: 0.291 Thread 0x00000180413e4c90 Thread added: 0x0000018064167590
Event: 0.844 Thread 0x00000180640abba0 Thread added: 0x000001806424cef0
Event: 0.955 Thread 0x000001806424cef0 Thread exited: 0x000001806424cef0
Event: 1.146 Thread 0x00000180413e4c90 Thread added: 0x0000018064605350
Event: 1.290 Thread 0x0000018064605350 Thread exited: 0x0000018064605350
Event: 3.718 Thread 0x00000180640abba0 Thread added: 0x00000180690cf940
Event: 3.863 Thread 0x00000180640abba0 Thread added: 0x00000180690afbc0


Dynamic libraries:
0x00007ff623720000 - 0x00007ff62372e000 	C:\Program Files\Apache NetBeans\jdk\bin\java.exe
0x00007ff832b60000 - 0x00007ff832dc6000 	C:\WINDOWS\SYSTEM32\ntdll.dll
0x00007ff831820000 - 0x00007ff8318e9000 	C:\WINDOWS\System32\KERNEL32.DLL
0x00007ff82fd80000 - 0x00007ff83017e000 	C:\WINDOWS\System32\KERNELBASE.dll
0x00007ff82cc20000 - 0x00007ff82ccc0000 	C:\WINDOWS\SYSTEM32\apphelp.dll
0x00007ff830670000 - 0x00007ff8307bc000 	C:\WINDOWS\System32\ucrtbase.dll
0x00007ff805820000 - 0x00007ff805837000 	C:\Program Files\Apache NetBeans\jdk\bin\jli.dll
0x00007ff8315a0000 - 0x00007ff831767000 	C:\WINDOWS\System32\USER32.dll
0x00007ff830440000 - 0x00007ff830467000 	C:\WINDOWS\System32\win32u.dll
0x00007ff8312b0000 - 0x00007ff8312db000 	C:\WINDOWS\System32\GDI32.dll
0x00007ff830190000 - 0x00007ff8302ba000 	C:\WINDOWS\System32\gdi32full.dll
0x00007ff830470000 - 0x00007ff830513000 	C:\WINDOWS\System32\msvcp_win.dll
0x00007ff806240000 - 0x00007ff80625e000 	C:\Program Files\Apache NetBeans\jdk\bin\VCRUNTIME140.dll
0x00007ff815670000 - 0x00007ff815902000 	C:\WINDOWS\WinSxS\amd64_microsoft.windows.common-controls_6595b64144ccf1df_6.0.26100.8875_none_3e0d5d42e32fe9dd\COMCTL32.dll
0x00007ff831770000 - 0x00007ff831819000 	C:\WINDOWS\System32\msvcrt.dll
0x00007ff8323e0000 - 0x00007ff832412000 	C:\WINDOWS\System32\IMM32.DLL
0x000000005b940000 - 0x000000005b94d000 	C:\Program Files (x86)\360\Total Security\safemon\SafeWrapper.dll
0x00007ff832960000 - 0x00007ff832a17000 	C:\WINDOWS\System32\ADVAPI32.dll
0x00007ff830890000 - 0x00007ff83093a000 	C:\WINDOWS\System32\sechost.dll
0x00007ff830b50000 - 0x00007ff830c68000 	C:\WINDOWS\System32\RPCRT4.dll
0x00007ff8296f0000 - 0x00007ff8297f5000 	C:\Program Files (x86)\360\Total Security\safemon\libzdtp64.dll
0x00007ff831aa0000 - 0x00007ff832232000 	C:\WINDOWS\System32\SHELL32.dll
0x00007ff8319f0000 - 0x00007ff831a57000 	C:\WINDOWS\System32\SHLWAPI.dll
0x00007ff82f7c0000 - 0x00007ff82f7cb000 	C:\WINDOWS\SYSTEM32\VERSION.dll
0x00007ff82ae80000 - 0x00007ff82ae8c000 	C:\Program Files\Apache NetBeans\jdk\bin\vcruntime140_1.dll
0x00007fffb1950000 - 0x00007fffb19dd000 	C:\Program Files\Apache NetBeans\jdk\bin\msvcp140.dll
0x00007fff8c260000 - 0x00007fff8d1f9000 	C:\Program Files\Apache NetBeans\jdk\bin\server\jvm.dll
0x00007ff832440000 - 0x00007ff8324c0000 	C:\WINDOWS\System32\WS2_32.dll
0x00007ff82fbe0000 - 0x00007ff82fc3e000 	C:\WINDOWS\SYSTEM32\POWRPROF.dll
0x00007ff821b50000 - 0x00007ff821b86000 	C:\WINDOWS\SYSTEM32\WINMM.dll
0x00007ff82fbc0000 - 0x00007ff82fbd4000 	C:\WINDOWS\SYSTEM32\UMPDC.dll
0x00007ff82e9e0000 - 0x00007ff82e9fb000 	C:\WINDOWS\SYSTEM32\kernel.appcore.dll
0x00007ff8186a0000 - 0x00007ff8186aa000 	C:\Program Files\Apache NetBeans\jdk\bin\jimage.dll
0x00007ff81fc20000 - 0x00007ff81fe62000 	C:\WINDOWS\SYSTEM32\DBGHELP.DLL
0x00007ff830f20000 - 0x00007ff8312a3000 	C:\WINDOWS\System32\combase.dll
0x00007ff8314c0000 - 0x00007ff831599000 	C:\WINDOWS\System32\OLEAUT32.dll
0x00007ff816360000 - 0x00007ff81639b000 	C:\WINDOWS\SYSTEM32\dbgcore.DLL
0x00007ff8307d0000 - 0x00007ff83087c000 	C:\WINDOWS\System32\bcryptPrimitives.dll
0x00007ff805a80000 - 0x00007ff805a9e000 	C:\Program Files\Apache NetBeans\jdk\bin\java.dll
0x00007ff832240000 - 0x00007ff8323d9000 	C:\WINDOWS\System32\ole32.dll
0x00007ff82d7e0000 - 0x00007ff82e072000 	C:\WINDOWS\SYSTEM32\windows.storage.dll
0x00007ff8318f0000 - 0x00007ff8319e7000 	C:\WINDOWS\System32\SHCORE.dll
0x00007ff82fca0000 - 0x00007ff82fcc9000 	C:\WINDOWS\SYSTEM32\profapi.dll
0x00007ff800060000 - 0x00007ff800071000 	C:\Program Files\Apache NetBeans\jdk\bin\net.dll
0x00007ff82ef90000 - 0x00007ff82effc000 	C:\WINDOWS\system32\mswsock.dll
0x00007ffffa340000 - 0x00007ffffa356000 	C:\Program Files\Apache NetBeans\jdk\bin\nio.dll
0x00007ff8016f0000 - 0x00007ff801707000 	C:\Program Files\Apache NetBeans\jdk\bin\zip.dll
0x00007ffff5920000 - 0x00007ffff5944000 	C:\Program Files\Apache NetBeans\java\maven\lib\jansi-native\Windows\x86_64\jansi.dll
0x00007ff814b00000 - 0x00007ff814b10000 	C:\Program Files\Apache NetBeans\jdk\bin\verify.dll

JVMTI agents: none

dbghelp: loaded successfully - version: 4.0.5 - missing functions: none
symbol engine: initialized successfully - sym options: 0x614 - pdb path: .;C:\Program Files\Apache NetBeans\jdk\bin;C:\WINDOWS\SYSTEM32;C:\WINDOWS\WinSxS\amd64_microsoft.windows.common-controls_6595b64144ccf1df_6.0.26100.8875_none_3e0d5d42e32fe9dd;C:\Program Files (x86)\360\Total Security\safemon;C:\Program Files\Apache NetBeans\jdk\bin\server;C:\Program Files\Apache NetBeans\java\maven\lib\jansi-native\Windows\x86_64

VM Arguments:
jvm_args: --enable-native-access=ALL-UNNAMED -Dclassworlds.conf=C:\Program Files\Apache NetBeans\java\maven\bin\m2.conf -Dmaven.home=C:\Program Files\Apache NetBeans\java\maven -Dlibrary.jansi.path=C:\Program Files\Apache NetBeans\java\maven\lib\jansi-native -Dmaven.multiModuleProjectDirectory=C:\Users\DVDSTORE\Desktop\LeetCode\ArrayList\ArrayList 
java_command: org.codehaus.plexus.classworlds.launcher.Launcher -Dexec.vmArgs= -Dexec.args=${exec.vmArgs} -classpath %classpath ${exec.mainClass} ${exec.appArgs} -Dexec.appArgs= -Dexec.mainClass=com.mycompany.arraylist.Driver -Dexec.executable=C:\Program Files\Apache NetBeans\jdk\bin\java.exe -Dmaven.ext.class.path=C:\Program Files\Apache NetBeans\java\maven-nblib\netbeans-eventspy.jar --no-transfer-progress process-classes org.codehaus.mojo:exec-maven-plugin:3.5.1:exec
java_class_path (initial): C:\Program Files\Apache NetBeans\java\maven\boot\plexus-classworlds-2.9.0.jar
Launcher Type: SUN_STANDARD

[Global flags]
     bool AOTAdapterCaching                        = false                                  {diagnostic} {ergonomic}
     bool AOTInvokeDynamicLinking                  = false                                  {diagnostic} {ergonomic}
     bool AOTRecordTraining                        = false                                  {diagnostic} {ergonomic}
     bool AOTReplayTraining                        = false                                  {diagnostic} {ergonomic}
     bool AOTStubCaching                           = false                                  {diagnostic} {ergonomic}
     intx CICompilerCount                          = 4                                         {product} {ergonomic}
     uint ConcGCThreads                            = 3                                         {product} {ergonomic}
     uint G1ConcRefinementThreads                  = 10                                        {product} {ergonomic}
     uint G1EagerReclaimRemSetThreshold            = 16                                   {experimental} {ergonomic}
   size_t G1HeapRegionSize                         = 2097152                                   {product} {ergonomic}
     uint G1RemSetArrayOfCardsEntries              = 16                                   {experimental} {ergonomic}
     uint G1RemSetHowlMaxNumBuckets                = 8                                    {experimental} {ergonomic}
     uint G1RemSetHowlNumBuckets                   = 8                                    {experimental} {ergonomic}
   size_t InitialHeapSize                          = 8388608                                   {product} {ergonomic}
     bool IntelJccErratumMitigation                = false                             {ARCH diagnostic} {ergonomic}
   size_t MarkStackSize                            = 4194304                                   {product} {ergonomic}
   size_t MarkStackSizeMax                         = 536870912                                 {product} {ergonomic}
   size_t MaxHeapSize                              = 4257218560                                {product} {ergonomic}
   size_t MaxNewSize                               = 2554331136                                {product} {ergonomic}
 uint64_t MaxRAM                                   = 17026142208                               {product} {ergonomic}
   size_t MinHeapDeltaBytes                        = 2097152                                   {product} {ergonomic}
   size_t MinHeapSize                              = 8388608                                   {product} {ergonomic}
   size_t NonNMethodCodeHeapSize                   = 5898240                                {pd product} {ergonomic}
   size_t NonProfiledCodeHeapSize                  = 122945536                              {pd product} {ergonomic}
   size_t ProfiledCodeHeapSize                     = 122945536                              {pd product} {ergonomic}
   size_t ReservedCodeCacheSize                    = 251789312                              {pd product} {ergonomic}
     bool SegmentedCodeCache                       = true                                      {product} {ergonomic}
   size_t SoftMaxHeapSize                          = 4257218560                             {manageable} {ergonomic}
     bool UseCompressedOops                        = true                           {product lp64_product} {ergonomic}
     bool UseCondCardMark                          = true                                      {product} {ergonomic}
     bool UseFastUnorderedTimeStamps               = true                                 {experimental} {ergonomic}
     bool UseG1GC                                  = true                                      {product} {ergonomic}
     bool UseLargePagesIndividualAllocation        = false                                  {pd product} {ergonomic}
      int X86ICacheSync                            = 3                                 {ARCH diagnostic} {ergonomic}

Logging:
Log output configuration:
 #0: stdout all=warning uptime,level,tags foldmultilines=false
 #1: stderr all=off uptime,level,tags foldmultilines=false

Release file:
IMPLEMENTOR="Eclipse Adoptium" 
IMPLEMENTOR_VERSION="Temurin-26.0.1+8" 
JAVA_RUNTIME_VERSION="26.0.1+8" 
JAVA_VERSION="26.0.1" 
JAVA_VERSION_DATE="2026-04-21" 
LIBC="default" 
MODULES="java.base java.compiler java.datatransfer java.xml java.prefs java.desktop java.instrument java.logging java.management java.security.sasl java.naming java.rmi java.management.rmi java.net.http java.scripting java.security.jgss java.transaction.xa java.sql java.sql.rowset java.xml.crypto java.se java.smartcardio jdk.accessibility jdk.internal.jvmstat jdk.attach jdk.charsets jdk.internal.opt jdk.zipfs jdk.compiler jdk.crypto.cryptoki jdk.crypto.ec jdk.crypto.mscapi jdk.dynalink jdk.internal.ed jdk.editpad jdk.internal.vm.ci jdk.graal.compiler jdk.graal.compiler.management jdk.hotspot.agent jdk.httpserver jdk.incubator.vector jdk.internal.le jdk.internal.md jdk.jartool jdk.javadoc jdk.jcmd jdk.management jdk.management.agent jdk.jconsole jdk.jdeps jdk.jdwp.agent jdk.jdi jdk.jfr jdk.jlink jdk.jpackage jdk.jshell jdk.jstatd jdk.localedata jdk.management.jfr jdk.naming.dns jdk.naming.rmi jdk.net jdk.nio.mapmode jdk.sctp jdk.security.auth jdk.security.jgss jdk.unsupported jdk.unsupported.desktop jdk.xml.dom" 
OS_ARCH="x86_64" 
OS_NAME="Windows" 
SOURCE=".:git:1cafccec39fb" 
BUILD_SOURCE="git:a612825ee82a20ac872d60958c349854c1f29a8e"
BUILD_SOURCE_REPO="https://github.com/adoptium/temurin-build.git"
SOURCE_REPO="https://github.com/adoptium/jdk26u.git"
FULL_VERSION="26.0.1+8"
SEMANTIC_VERSION="26.0.1+8"
BUILD_INFO="OS: Windows Server 2022 Version: 10.0"
JVM_VARIANT="Hotspot"
JVM_VERSION="26.0.1+8"
IMAGE_TYPE="JDK"

Environment Variables:
JAVA_HOME=C:\Program Files\Apache NetBeans\jdk
PATH=C:\Program Files (x86)\Common Files\Oracle\Java\javapath;C:\WINDOWS\system32;C:\WINDOWS;C:\WINDOWS\System32\Wbem;C:\WINDOWS\System32\WindowsPowerShell\v1.0\;C:\WINDOWS\System32\OpenSSH\;C:\Program Files (x86)\NVIDIA Corporation\PhysX\Common;C:\Program Files\NVIDIA Corporation\NVIDIA NvDLISR;C:\Program Files\dotnet\;C:\Program Files\Git\cmd;C:\Users\DVDSTORE\AppData\Local\Microsoft\WindowsApps;C:\Users\DVDSTORE\AppData\Local\Programs\Microsoft VS Code\bin;;C:\Program Files\Apache NetBeans\bin\
USERNAME=DVDSTORE
OS=Windows_NT
PROCESSOR_IDENTIFIER=Intel64 Family 6 Model 151 Stepping 5, GenuineIntel
TMP=C:\Users\DVDSTORE\AppData\Local\Temp
TEMP=C:\Users\DVDSTORE\AppData\Local\Temp




Compilation memory statistics disabled.

Periodic native trim disabled

---------------  S Y S T E M  ---------------

OS:
 Windows 11 , 64 bit Build 26100 (10.0.26100.8875)
OS uptime: 3 days 17:10 hours

CPU: total 12 (initial active 12) (6 cores per cpu, 2 threads per core) family 6 model 151 stepping 5 microcode 0x2d, cx8, cmov, fxsr, ht, mmx, 3dnowpref, sse, sse2, sse3, ssse3, sse4.1, sse4.2, popcnt, lzcnt, tsc, tscinvbit, avx, avx2, aes, erms, clmul, bmi1, bmi2, adx, sha, fma, vzeroupper, clflush, clflushopt, clwb, serialize, rdtscp, rdpid, fsrm, gfni, f16c, pku, cet_ibt, cet_ss
Processor Information for the first 12 processors :
  Max Mhz: 2500, Current Mhz: 2500, Mhz Limit: 2500

Memory: 4k page, system-wide physical 16237M (1105M free)
TotalPageFile size 28525M (AvailPageFile size 5M)
current process WorkingSet (physical memory assigned to process): 77M, peak: 77M
current process commit charge ("private bytes"): 117M, peak: 125M

vm_info: OpenJDK 64-Bit Server VM (26.0.1+8) for windows-amd64 JRE (26.0.1+8), built on 2026-04-21T00:00:00Z with MS VC++ 17.12 (VS2022)

END.
