#
# There is insufficient memory for the Java Runtime Environment to continue.
# Native memory allocation (malloc) failed to allocate 1294744 bytes. Error detail: Chunk::new
# Possible reasons:
#   The system is out of physical RAM or swap space
#   This process is running with CompressedOops enabled, and the Java Heap may be blocking the growth of the native heap
# Possible solutions:
#   Reduce memory load on the system
#   Increase physical memory or swap space
#   Check if swap backing store is full
#   Decrease Java heap size (-Xmx/-Xms)
#   Decrease number of Java threads
#   Decrease Java thread stack sizes (-Xss)
#   Set larger code cache with -XX:ReservedCodeCacheSize=
#   JVM is running with Zero Based Compressed Oops mode in which the Java heap is
#     placed in the first 32GB address space. The Java Heap base address is the
#     maximum limit for the native heap growth. Please use -XX:HeapBaseMinAddress
#     to set the Java Heap base and to place the Java Heap above 32GB virtual address.
# This output file may be truncated or incomplete.
#
#  Out of Memory Error (arena.cpp:193), pid=53540, tid=54464
#
# JRE version: OpenJDK Runtime Environment Temurin-26.0.1+8 (26.0.1+8) (build 26.0.1+8)
# Java VM: OpenJDK 64-Bit Server VM Temurin-26.0.1+8 (26.0.1+8, mixed mode, sharing, tiered, compressed oops, compressed class ptrs, g1 gc, windows-amd64)
# No core dump will be written. Minidumps are not enabled by default on client versions of Windows
#

---------------  S U M M A R Y ------------

Command Line: --enable-native-access=ALL-UNNAMED -Dclassworlds.conf=C:\Program Files\Apache NetBeans\java\maven\bin\m2.conf -Dmaven.home=C:\Program Files\Apache NetBeans\java\maven -Dlibrary.jansi.path=C:\Program Files\Apache NetBeans\java\maven\lib\jansi-native -Dmaven.multiModuleProjectDirectory=C:\Users\DVDSTORE\Desktop\LeetCode\ArrayList\ArrayList org.codehaus.plexus.classworlds.launcher.Launcher -Dexec.vmArgs= -Dexec.args=${exec.vmArgs} -classpath %classpath ${exec.mainClass} ${exec.appArgs} -Dexec.appArgs= -Dexec.mainClass=com.mycompany.arraylist.Driver -Dexec.executable=C:\Program Files\Apache NetBeans\jdk\bin\java.exe -Dmaven.ext.class.path=C:\Program Files\Apache NetBeans\java\maven-nblib\netbeans-eventspy.jar --no-transfer-progress process-classes org.codehaus.mojo:exec-maven-plugin:3.5.1:exec

Host: 12th Gen Intel(R) Core(TM) i5-12400F, 12 cores, 15G,  Windows 11 , 64 bit Build 26100 (10.0.26100.8875)
Time: Wed Aug 19 09:14:25 2026 Egypt Daylight Time elapsed time: 14.287150 seconds (0d 0h 0m 14s)

---------------  T H R E A D  ---------------

Current thread (0x000001a2584511c0):  JavaThread "C2 CompilerThread0" daemon [_thread_in_native, id=54464, stack(0x000000733e400000,0x000000733e500000) (1024K)]


Current CompileTask:
C2:14287 1744   !   4       java.util.jar.JarFile::checkForSpecialAttributes (163 bytes)

Stack: [0x000000733e400000,0x000000733e500000]
Native frames: (J=compiled Java code, j=interpreted, Vv=VM code, C=native code)
V  [jvm.dll+0x7db749]  (no source info available)
V  [jvm.dll+0x7a82bd]  (no source info available)
V  [jvm.dll+0xa44a60]  (no source info available)
V  [jvm.dll+0xa46eb1]  (no source info available)
V  [jvm.dll+0xa475c3]  (no source info available)
V  [jvm.dll+0x311a96]  (no source info available)
V  [jvm.dll+0x120316]  (no source info available)
V  [jvm.dll+0x12063e]  (no source info available)
V  [jvm.dll+0x1b2836]  (no source info available)
V  [jvm.dll+0x3ce802]  (no source info available)
V  [jvm.dll+0x7e430f]  (no source info available)
V  [jvm.dll+0x2d4597]  (no source info available)
V  [jvm.dll+0x2d350f]  (no source info available)
V  [jvm.dll+0x249670]  (no source info available)
V  [jvm.dll+0x2e363c]  (no source info available)
V  [jvm.dll+0x2e181d]  (no source info available)
V  [jvm.dll+0x4a82ae]  (no source info available)
V  [jvm.dll+0x9e3039]  (no source info available)
V  [jvm.dll+0x7dd228]  (no source info available)
C  [ucrtbase.dll+0x2cd30]  (no source info available)
C  [KERNEL32.DLL+0x2e957]  (no source info available)
C  [ntdll.dll+0xaad6c]  (no source info available)

Lock stack of current Java thread (top to bottom):


---------------  P R O C E S S  ---------------

Threads class SMR info:
_java_thread_list=0x000001a25d7fe190, length=11, elements={
0x000001a235c27920, 0x000001a258442750, 0x000001a258443d10, 0x000001a258445a20,
0x000001a2584465d0, 0x000001a258448190, 0x000001a25844c950, 0x000001a2584511c0,
0x000001a25845a190, 0x000001a2589d6650, 0x000001a2589daff0
}

Java Threads: ( => current thread )
  0x000001a235c27920 JavaThread "main"                              [_thread_blocked, id=48032, stack(0x000000733d500000,0x000000733d600000) (1024K)]
  0x000001a258442750 JavaThread "Reference Handler"          daemon [_thread_blocked, id=54416, stack(0x000000733de00000,0x000000733df00000) (1024K)]
  0x000001a258443d10 JavaThread "Finalizer"                  daemon [_thread_blocked, id=54424, stack(0x000000733df00000,0x000000733e000000) (1024K)]
  0x000001a258445a20 JavaThread "Signal Dispatcher"          daemon [_thread_blocked, id=54432, stack(0x000000733e000000,0x000000733e100000) (1024K)]
  0x000001a2584465d0 JavaThread "Attach Listener"            daemon [_thread_blocked, id=54440, stack(0x000000733e100000,0x000000733e200000) (1024K)]
  0x000001a258448190 JavaThread "Service Thread"             daemon [_thread_blocked, id=54448, stack(0x000000733e200000,0x000000733e300000) (1024K)]
  0x000001a25844c950 JavaThread "Monitor Deflation Thread"   daemon [_thread_blocked, id=54456, stack(0x000000733e300000,0x000000733e400000) (1024K)]
=>0x000001a2584511c0 JavaThread "C2 CompilerThread0"         daemon [_thread_in_native, id=54464, stack(0x000000733e400000,0x000000733e500000) (1024K)]
  0x000001a25845a190 JavaThread "C1 CompilerThread0"         daemon [_thread_blocked, id=54476, stack(0x000000733e500000,0x000000733e600000) (1024K)]
  0x000001a2589d6650 JavaThread "Notification Thread"        daemon [_thread_blocked, id=54508, stack(0x000000733e600000,0x000000733e700000) (1024K)]
  0x000001a2589daff0 JavaThread "Common-Cleaner"             daemon [_thread_blocked, id=54512, stack(0x000000733e700000,0x000000733e800000) (1024K)]
Total: 11

Other Threads:
  0x000001a2584302c0 VMThread "VM Thread"                           [id=54392, stack(0x000000733dd00000,0x000000733de00000) (1024K)]
  0x000001a25841eba0 WatcherThread "VM Periodic Task Thread"        [id=54388, stack(0x000000733dc00000,0x000000733dd00000) (1024K)]
  0x000001a238130a90 WorkerThread "GC Thread#0"                     [id=53368, stack(0x000000733d600000,0x000000733d700000) (1024K)]
  0x000001a258b4e140 WorkerThread "GC Thread#1"                     [id=59348, stack(0x000000733e900000,0x000000733ea00000) (1024K)]
  0x000001a25d770d30 WorkerThread "GC Thread#2"                     [id=60368, stack(0x000000733e800000,0x000000733e900000) (1024K)]
  0x000001a25d846b90 WorkerThread "GC Thread#3"                     [id=61044, stack(0x000000733ea00000,0x000000733eb00000) (1024K)]
  0x000001a2381497f0 ConcurrentGCThread "G1 Main Marker"            [id=53320, stack(0x000000733d700000,0x000000733d800000) (1024K)]
  0x000001a23814ca90 WorkerThread "G1 Conc#0"                       [id=53748, stack(0x000000733d800000,0x000000733d900000) (1024K)]
  0x000001a2582e19f0 WorkerThread "G1 Refinement Workers#0"         [id=54236, stack(0x000000733da00000,0x000000733db00000) (1024K)]
  0x000001a2582e1030 ConcurrentGCThread "G1 Refine Control"         [id=52004, stack(0x000000733d900000,0x000000733da00000) (1024K)]
  0x000001a2582e31b0 ConcurrentGCThread "G1 Service"                [id=46332, stack(0x000000733db00000,0x000000733dc00000) (1024K)]
Total: 11

Threads with active compile tasks:
C2 CompilerThread0  14508 1744   !   4       java.util.jar.JarFile::checkForSpecialAttributes (163 bytes)
Total: 1

VM state: not at safepoint (normal execution)

VM Mutex/Monitor currently owned by a thread: None

Heap address: 0x0000000702400000, size: 4060 MB, Compressed Oops mode: Zero based, Oop shift amount: 3

CDS archive(s) mapped at: [0x0000000085000000-0x0000000085de0000-0x0000000085de0000), size 14548992, SharedBaseAddress: 0x0000000085000000, ArchiveRelocationMode: 1.
Compressed class space mapped at: 0x0000000086000000-0x00000000c6000000, reserved size: 1073741824
UseCompressedClassPointers 1, UseCompactObjectHeaders 0
Narrow klass pointer bits 32, Max shift 3
Narrow klass base: 0x0000000085000000, Narrow klass shift: 0
Encoding Range: [0x0000000085000000 - 0x0000000185000000), (4294967296 bytes)
Klass Range:    [0x0000000085000000 - 0x00000000c6000000), (1090519040 bytes)
Klass ID Range:  [8 - 1090519033) (1090519025)
Protection zone: [0x0000000085000000 - 0x0000000085010000), (65536 bytes)

GC Precious Log:
 CardTable entry size: 512
 Card Set container configuration: InlinePtr #cards 4 size 8 Array Of Cards #cards 16 size 48 Howl #buckets 8 coarsen threshold 3686 Howl Bitmap #cards 512 size 80 coarsen threshold 460 Card regions per heap region 1 cards per card region 4096
 CPUs: 12 total, 12 available
 Memory: 16237M
 Large Page Support: Disabled
 NUMA Support: Disabled
 Compressed Oops: Enabled (Zero based)
 Heap Region Size: 2M
 Heap Min Capacity: 8M
 Heap Initial Capacity: 8M
 Heap Max Capacity: 4060M
 Pre-touch: Disabled
 Parallel Workers: 10
 Concurrent Workers: 3
 Concurrent Refinement Workers: 10
 Periodic GC: Disabled

Heap:
 garbage-first heap   total reserved 4157440K, committed 14336K, used 5051K [0x0000000702400000, 0x0000000800000000)
  region size 2M, 2 eden (4M), 1 survivor (2M), 3 old (6M), 0 humongous (0M), 1 free (2M)

Heap Regions: E=young(eden), S=young(survivor), O=old, HS=humongous(starts), HC=humongous(continues), CS=collection set, F=free, TAMS=top-at-mark-start, PB=parsable bottom
|    0|0x0000000702400000, 0x0000000702600000, 0x0000000702600000|100%| O|  |TAMS 0x0000000702400000| PB 0x0000000702400000| Untracked |  0
|    1|0x0000000702600000, 0x000000070269a940, 0x0000000702800000| 30%| O|  |TAMS 0x0000000702600000| PB 0x0000000702600000| Untracked |  0
|    2|0x0000000702800000, 0x0000000702800000, 0x0000000702a00000|  0%| F|  |TAMS 0x0000000702800000| PB 0x0000000702800000| Untracked |  0
|    3|0x0000000702a00000, 0x0000000702b2c7f8, 0x0000000702c00000| 58%| S|CS|TAMS 0x0000000702a00000| PB 0x0000000702a00000| Complete  |  0
|    4|0x0000000702c00000, 0x0000000702c87038, 0x0000000702e00000| 26%| E|CS|TAMS 0x0000000702c00000| PB 0x0000000702c00000| Complete  |  0
|    5|0x0000000702e00000, 0x0000000703000000, 0x0000000703000000|100%| E|CS|TAMS 0x0000000702e00000| PB 0x0000000702e00000| Complete  |  0
| 2029|0x00000007ffe00000, 0x00000007fff27b70, 0x0000000800000000| 57%| O|  |TAMS 0x00000007ffe00000| PB 0x00000007ffe00000| Untracked |  0

Card table byte_map: [0x000001a251500000,0x000001a251cf0000] _byte_map_base: 0x000001a24dcee000
Refinement table byte_map: [0x000001a250d10000,0x000001a251500000] _byte_map_base: 0x000001a24d4fe000

Marking Bits: (CMBitMap*) 0x000001a238131210
 Bits: [0x000001a251cf0000, 0x000001a255c60000)

Polling page: 0x000001a235f80000

Metaspace:
Metaspace        used 7620K, committed 7808K, reserved 1114112K
 class space     used 920K, committed 1024K, reserved 1048576K

Usage:
  Non-class:      6.54 MB used.
      Class:    920.09 KB used.
       Both:      7.44 MB used.

Virtual space:
  Non-class space:       64.00 MB reserved,       6.62 MB ( 10%) committed,  1 nodes.
      Class space:        1.00 GB reserved,       1.00 MB ( <1%) committed,  1 nodes.
             Both:        1.06 GB reserved,       7.62 MB ( <1%) committed. 

Chunk freelists:
   Non-Class:  7.73 MB
       Class:  15.04 MB
        Both:  22.77 MB

MaxMetaspaceSize: unlimited
CompressedClassSpaceSize: 1.00 GB
Initial GC threshold: 21.00 MB
Current GC threshold: 21.00 MB
CDS: on
 - commit_granule_bytes: 65536.
 - commit_granule_words: 8192.
 - virtual_space_node_default_size: 8388608.
 - enlarge_chunks_in_place: 1.
UseCompressedClassPointers 1, UseCompactObjectHeaders 0
Narrow klass pointer bits 32, Max shift 3
Narrow klass base: 0x0000000085000000, Narrow klass shift: 0
Encoding Range: [0x0000000085000000 - 0x0000000185000000), (4294967296 bytes)
Klass Range:    [0x0000000085000000 - 0x00000000c6000000), (1090519040 bytes)
Klass ID Range:  [8 - 1090519033) (1090519025)
Protection zone: [0x0000000085000000 - 0x0000000085010000), (65536 bytes)


Internal statistics:

num_allocs_failed_limit: 0.
num_arena_births: 60.
num_arena_deaths: 0.
num_vsnodes_births: 2.
num_vsnodes_deaths: 0.
num_space_committed: 122.
num_space_uncommitted: 0.
num_chunks_returned_to_freelist: 0.
num_chunks_taken_from_freelist: 306.
num_chunk_merges: 0.
num_chunk_splits: 195.
num_chunks_enlarged: 160.
num_inconsistent_stats: 0.

CodeHeap 'non-profiled nmethods': size=120064Kb used=553Kb max_used=553Kb free=119510Kb
 bounds [0x000001a248a90000, 0x000001a248d00000, 0x000001a24ffd0000]
CodeHeap 'profiled nmethods': size=120064Kb used=2703Kb max_used=2703Kb free=117360Kb
 bounds [0x000001a240fb0000, 0x000001a241260000, 0x000001a2484f0000]
CodeHeap 'non-nmethods': size=5760Kb used=1376Kb max_used=1403Kb free=4383Kb
 bounds [0x000001a2484f0000, 0x000001a248760000, 0x000001a248a90000]
CodeCache: size=245888Kb, used=4632Kb, max_used=4659Kb, free=241253Kb
 total_blobs=2274, nmethods=1792, adapters=385, full_count=0
Compilation: enabled, stopped_count=0, restarted_count=0

Compilation events (20 events):
Event: 12.490 Thread 0x000001a25845a190 1736       3       org.codehaus.plexus.classworlds.realm.ClassRealm::getResource (25 bytes)
Event: 12.490 Thread 0x000001a25845a190 nmethod 1736 0x000001a241232b88 code [0x000001a241232c80, 0x000001a241232ec8]
Event: 12.491 Thread 0x000001a25845a190 1737       3       java.nio.HeapByteBuffer::<init> (21 bytes)
Event: 12.491 Thread 0x000001a25845a190 nmethod 1737 0x000001a241232f08 code [0x000001a241233000, 0x000001a241233210]
Event: 12.491 Thread 0x000001a25845a190 1738       3       java.nio.CharBuffer::allocate (20 bytes)
Event: 12.491 Thread 0x000001a25845a190 nmethod 1738 0x000001a241233288 code [0x000001a241233380, 0x000001a241233580]
Event: 12.491 Thread 0x000001a25845a190 1739       3       java.util.concurrent.TimeUnit::toMillis (69 bytes)
Event: 12.491 Thread 0x000001a25845a190 nmethod 1739 0x000001a241233588 code [0x000001a241233680, 0x000001a241233940]
Event: 13.167 Thread 0x000001a2584511c0 nmethod 1732 0x000001a248b18c88 code [0x000001a248b18d80, 0x000001a248b19ad0]
Event: 13.263 Thread 0x000001a25845a190 1740       3       org.eclipse.sisu.space.IndexedClassFinder$1::hasMoreElements (87 bytes)
Event: 13.264 Thread 0x000001a25845a190 nmethod 1740 0x000001a241233988 code [0x000001a241233a80, 0x000001a241234850]
Event: 13.271 Thread 0x000001a25845a190 1741       3       java.util.zip.ZipFile$Source$Key::hashCode (58 bytes)
Event: 13.272 Thread 0x000001a25845a190 nmethod 1741 0x000001a241234888 code [0x000001a241234980, 0x000001a241235220]
Event: 13.272 Thread 0x000001a25845a190 1742       3       java.nio.charset.Charset::hashCode (8 bytes)
Event: 13.272 Thread 0x000001a25845a190 nmethod 1742 0x000001a241235288 code [0x000001a241235380, 0x000001a2412355c8]
Event: 13.272 Thread 0x000001a25845a190 1743       3       java.lang.Long::hashCode (8 bytes)
Event: 13.272 Thread 0x000001a25845a190 nmethod 1743 0x000001a241235608 code [0x000001a241235700, 0x000001a2412357e8]
Event: 13.272 Thread 0x000001a2584511c0 1744   !   4       java.util.jar.JarFile::checkForSpecialAttributes (163 bytes)
Event: 13.273 Thread 0x000001a25845a190 1745       3       jdk.internal.classfile.impl.StackMapGenerator$Frame::pushStack (84 bytes)
Event: 13.273 Thread 0x000001a25845a190 nmethod 1745 0x000001a241235908 code [0x000001a241235a00, 0x000001a241236018]

GC Heap Usage History (20 events):
Event: 8.103 {heap Before GC invocations=1 (full 0):
 garbage-first heap   total reserved 4157440K, committed 10240K, used 2686K [0x0000000702400000, 0x0000000800000000)
  region size 2M, 1 eden (2M), 1 survivor (2M), 1 old (2M), 0 humongous (0M), 2 free (4M)
}
Event: 8.105 {heap After GC invocations=2 (full 0):
 garbage-first heap   total reserved 4157440K, committed 10240K, used 2934K [0x0000000702400000, 0x0000000800000000)
  region size 2M, 0 eden (0M), 1 survivor (2M), 2 old (4M), 0 humongous (0M), 2 free (4M)
}
Event: 8.205 {heap Before GC invocations=2 (full 0):
 garbage-first heap   total reserved 4157440K, committed 10240K, used 4982K [0x0000000702400000, 0x0000000800000000)
  region size 2M, 1 eden (2M), 1 survivor (2M), 2 old (4M), 0 humongous (0M), 1 free (2M)
}
Event: 8.207 {heap After GC invocations=3 (full 0):
 garbage-first heap   total reserved 4157440K, committed 10240K, used 3491K [0x0000000702400000, 0x0000000800000000)
  region size 2M, 0 eden (0M), 1 survivor (2M), 2 old (4M), 0 humongous (0M), 2 free (4M)
}
Event: 8.403 {heap Before GC invocations=3 (full 0):
 garbage-first heap   total reserved 4157440K, committed 10240K, used 5539K [0x0000000702400000, 0x0000000800000000)
  region size 2M, 1 eden (2M), 1 survivor (2M), 2 old (4M), 0 humongous (0M), 1 free (2M)
}
Event: 8.405 {heap After GC invocations=4 (full 0):
 garbage-first heap   total reserved 4157440K, committed 14336K, used 3983K [0x0000000702400000, 0x0000000800000000)
  region size 2M, 0 eden (0M), 1 survivor (2M), 2 old (4M), 0 humongous (0M), 4 free (8M)
}
Event: 9.399 {heap Before GC invocations=4 (full 0):
 garbage-first heap   total reserved 4157440K, committed 14336K, used 8079K [0x0000000702400000, 0x0000000800000000)
  region size 2M, 2 eden (4M), 1 survivor (2M), 2 old (4M), 0 humongous (0M), 2 free (4M)
}
Event: 9.401 {heap After GC invocations=5 (full 0):
 garbage-first heap   total reserved 4157440K, committed 14336K, used 4069K [0x0000000702400000, 0x0000000800000000)
  region size 2M, 0 eden (0M), 1 survivor (2M), 2 old (4M), 0 humongous (0M), 4 free (8M)
}
Event: 9.757 {heap Before GC invocations=5 (full 0):
 garbage-first heap   total reserved 4157440K, committed 14336K, used 8165K [0x0000000702400000, 0x0000000800000000)
  region size 2M, 2 eden (4M), 1 survivor (2M), 2 old (4M), 0 humongous (0M), 2 free (4M)
}
Event: 9.760 {heap After GC invocations=6 (full 0):
 garbage-first heap   total reserved 4157440K, committed 14336K, used 4479K [0x0000000702400000, 0x0000000800000000)
  region size 2M, 0 eden (0M), 1 survivor (2M), 3 old (6M), 0 humongous (0M), 3 free (6M)
}
Event: 9.917 {heap Before GC invocations=6 (full 0):
 garbage-first heap   total reserved 4157440K, committed 14336K, used 6527K [0x0000000702400000, 0x0000000800000000)
  region size 2M, 1 eden (2M), 1 survivor (2M), 3 old (6M), 0 humongous (0M), 2 free (4M)
}
Event: 9.921 {heap After GC invocations=7 (full 0):
 garbage-first heap   total reserved 4157440K, committed 14336K, used 4448K [0x0000000702400000, 0x0000000800000000)
  region size 2M, 0 eden (0M), 1 survivor (2M), 3 old (6M), 0 humongous (0M), 3 free (6M)
}
Event: 10.473 {heap Before GC invocations=7 (full 0):
 garbage-first heap   total reserved 4157440K, committed 14336K, used 8544K [0x0000000702400000, 0x0000000800000000)
  region size 2M, 2 eden (4M), 1 survivor (2M), 3 old (6M), 0 humongous (0M), 1 free (2M)
}
Event: 10.475 {heap After GC invocations=8 (full 0):
 garbage-first heap   total reserved 4157440K, committed 14336K, used 4601K [0x0000000702400000, 0x0000000800000000)
  region size 2M, 0 eden (0M), 1 survivor (2M), 3 old (6M), 0 humongous (0M), 3 free (6M)
}
Event: 10.802 {heap Before GC invocations=8 (full 0):
 garbage-first heap   total reserved 4157440K, committed 14336K, used 8697K [0x0000000702400000, 0x0000000800000000)
  region size 2M, 2 eden (4M), 1 survivor (2M), 3 old (6M), 0 humongous (0M), 1 free (2M)
}
Event: 10.804 {heap After GC invocations=9 (full 0):
 garbage-first heap   total reserved 4157440K, committed 14336K, used 4872K [0x0000000702400000, 0x0000000800000000)
  region size 2M, 0 eden (0M), 1 survivor (2M), 3 old (6M), 0 humongous (0M), 3 free (6M)
}
Event: 11.199 {heap Before GC invocations=9 (full 0):
 garbage-first heap   total reserved 4157440K, committed 14336K, used 8968K [0x0000000702400000, 0x0000000800000000)
  region size 2M, 2 eden (4M), 1 survivor (2M), 3 old (6M), 0 humongous (0M), 1 free (2M)
}
Event: 11.200 {heap After GC invocations=10 (full 0):
 garbage-first heap   total reserved 4157440K, committed 14336K, used 4847K [0x0000000702400000, 0x0000000800000000)
  region size 2M, 0 eden (0M), 1 survivor (2M), 3 old (6M), 0 humongous (0M), 3 free (6M)
}
Event: 12.471 {heap Before GC invocations=10 (full 0):
 garbage-first heap   total reserved 4157440K, committed 14336K, used 8943K [0x0000000702400000, 0x0000000800000000)
  region size 2M, 2 eden (4M), 1 survivor (2M), 3 old (6M), 0 humongous (0M), 1 free (2M)
}
Event: 12.482 {heap After GC invocations=11 (full 0):
 garbage-first heap   total reserved 4157440K, committed 14336K, used 5051K [0x0000000702400000, 0x0000000800000000)
  region size 2M, 0 eden (0M), 1 survivor (2M), 3 old (6M), 0 humongous (0M), 3 free (6M)
}

Metaspace Usage History (20 events):
Event: 8.103 {metaspace Before GC invocations=1 (full 0):
 Metaspace       used 1964K, committed 2176K, reserved 1114112K
  class space    used 185K, committed 256K, reserved 1048576K
}
Event: 8.105 {metaspace After GC invocations=2 (full 0):
 Metaspace       used 1964K, committed 2176K, reserved 1114112K
  class space    used 185K, committed 256K, reserved 1048576K
}
Event: 8.205 {metaspace Before GC invocations=2 (full 0):
 Metaspace       used 2504K, committed 2688K, reserved 1114112K
  class space    used 237K, committed 320K, reserved 1048576K
}
Event: 8.207 {metaspace After GC invocations=3 (full 0):
 Metaspace       used 2504K, committed 2688K, reserved 1114112K
  class space    used 237K, committed 320K, reserved 1048576K
}
Event: 8.403 {metaspace Before GC invocations=3 (full 0):
 Metaspace       used 2966K, committed 3136K, reserved 1114112K
  class space    used 302K, committed 384K, reserved 1048576K
}
Event: 8.405 {metaspace After GC invocations=4 (full 0):
 Metaspace       used 2966K, committed 3136K, reserved 1114112K
  class space    used 302K, committed 384K, reserved 1048576K
}
Event: 9.399 {metaspace Before GC invocations=4 (full 0):
 Metaspace       used 4537K, committed 4672K, reserved 1114112K
  class space    used 504K, committed 576K, reserved 1048576K
}
Event: 9.401 {metaspace After GC invocations=5 (full 0):
 Metaspace       used 4537K, committed 4672K, reserved 1114112K
  class space    used 504K, committed 576K, reserved 1048576K
}
Event: 9.757 {metaspace Before GC invocations=5 (full 0):
 Metaspace       used 5446K, committed 5632K, reserved 1114112K
  class space    used 654K, committed 768K, reserved 1048576K
}
Event: 9.760 {metaspace After GC invocations=6 (full 0):
 Metaspace       used 5446K, committed 5632K, reserved 1114112K
  class space    used 654K, committed 768K, reserved 1048576K
}
Event: 9.917 {metaspace Before GC invocations=6 (full 0):
 Metaspace       used 5511K, committed 5696K, reserved 1114112K
  class space    used 669K, committed 768K, reserved 1048576K
}
Event: 9.921 {metaspace After GC invocations=7 (full 0):
 Metaspace       used 5511K, committed 5696K, reserved 1114112K
  class space    used 669K, committed 768K, reserved 1048576K
}
Event: 10.473 {metaspace Before GC invocations=7 (full 0):
 Metaspace       used 5792K, committed 5952K, reserved 1114112K
  class space    used 714K, committed 832K, reserved 1048576K
}
Event: 10.475 {metaspace After GC invocations=8 (full 0):
 Metaspace       used 5792K, committed 5952K, reserved 1114112K
  class space    used 714K, committed 832K, reserved 1048576K
}
Event: 10.802 {metaspace Before GC invocations=8 (full 0):
 Metaspace       used 6345K, committed 6592K, reserved 1114112K
  class space    used 772K, committed 896K, reserved 1048576K
}
Event: 10.804 {metaspace After GC invocations=9 (full 0):
 Metaspace       used 6345K, committed 6592K, reserved 1114112K
  class space    used 772K, committed 896K, reserved 1048576K
}
Event: 11.199 {metaspace Before GC invocations=9 (full 0):
 Metaspace       used 6771K, committed 6912K, reserved 1114112K
  class space    used 822K, committed 896K, reserved 1048576K
}
Event: 11.200 {metaspace After GC invocations=10 (full 0):
 Metaspace       used 6771K, committed 6912K, reserved 1114112K
  class space    used 822K, committed 896K, reserved 1048576K
}
Event: 12.471 {metaspace Before GC invocations=10 (full 0):
 Metaspace       used 7153K, committed 7296K, reserved 1114112K
  class space    used 868K, committed 960K, reserved 1048576K
}
Event: 12.482 {metaspace After GC invocations=11 (full 0):
 Metaspace       used 7153K, committed 7296K, reserved 1114112K
  class space    used 868K, committed 960K, reserved 1048576K
}

Dll operation events (14 events):
Event: 0.041 Attempting to load shared library C:\Program Files\Apache NetBeans\jdk\bin\java.dll
Event: 0.042 Loaded shared library C:\Program Files\Apache NetBeans\jdk\bin\java.dll
Event: 0.274 Attempting to load shared library C:\Program Files\Apache NetBeans\jdk\bin\net.dll
Event: 0.275 Loaded shared library C:\Program Files\Apache NetBeans\jdk\bin\net.dll
Event: 0.287 Attempting to load shared library C:\Program Files\Apache NetBeans\jdk\bin\nio.dll
Event: 0.364 Loaded shared library C:\Program Files\Apache NetBeans\jdk\bin\nio.dll
Event: 0.385 Attempting to load shared library C:\Program Files\Apache NetBeans\jdk\bin\zip.dll
Event: 0.387 Loaded shared library C:\Program Files\Apache NetBeans\jdk\bin\zip.dll
Event: 0.662 Attempting to load shared library C:\Program Files\Apache NetBeans\java\maven\lib\jansi-native\Windows\x86_64\jansi.dll
Event: 0.662 Loaded shared library C:\Program Files\Apache NetBeans\java\maven\lib\jansi-native\Windows\x86_64\jansi.dll
Event: 0.671 Attempting to load shared library C:\Program Files\Apache NetBeans\jdk\bin\verify.dll
Event: 0.672 Loaded shared library C:\Program Files\Apache NetBeans\jdk\bin\verify.dll
Event: 7.870 Attempting to load shared library C:\Program Files\Apache NetBeans\jdk\bin\jimage.dll
Event: 7.870 Loaded shared library C:\Program Files\Apache NetBeans\jdk\bin\jimage.dll

Deoptimization events (20 events):
Event: 10.019 Thread 0x000001a235c27920 DEOPT PACKING pc=0x000001a248ae2064 sp=0x000000733d5fe050
Event: 10.019 Thread 0x000001a235c27920 DEOPT UNPACKING pc=0x000001a24857c802 sp=0x000000733d5fdde8 mode 2
Event: 10.020 Thread 0x000001a235c27920 Uncommon trap: trap_request=0xffffff45 fr.pc=0x000001a248ae5c98 relative=0x0000000000002818
Event: 10.020 Thread 0x000001a235c27920 Uncommon trap: reason=unstable_if action=reinterpret pc=0x000001a248ae5c98 method=sun.nio.cs.StreamDecoder.implRead([CII)I @ 186 c2
Event: 10.020 Thread 0x000001a235c27920 DEOPT PACKING pc=0x000001a248ae5c98 sp=0x000000733d5fdf70
Event: 10.020 Thread 0x000001a235c27920 DEOPT UNPACKING pc=0x000001a24857c802 sp=0x000000733d5fdcc0 mode 2
Event: 10.115 Thread 0x000001a235c27920 Uncommon trap: trap_request=0xffffff45 fr.pc=0x000001a248aebb18 relative=0x0000000000000a98
Event: 10.115 Thread 0x000001a235c27920 Uncommon trap: reason=unstable_if action=reinterpret pc=0x000001a248aebb18 method=org.codehaus.plexus.util.xml.pull.MXParser.nextImpl()I @ 241 c2
Event: 10.115 Thread 0x000001a235c27920 DEOPT PACKING pc=0x000001a248aebb18 sp=0x000000733d5fe390
Event: 10.115 Thread 0x000001a235c27920 DEOPT UNPACKING pc=0x000001a24857c802 sp=0x000000733d5fe300 mode 2
Event: 11.007 Thread 0x000001a235c27920 Uncommon trap: trap_request=0xffffff45 fr.pc=0x000001a248b077d4 relative=0x00000000000005d4
Event: 11.007 Thread 0x000001a235c27920 Uncommon trap: reason=unstable_if action=reinterpret pc=0x000001a248b077d4 method=java.lang.String.<init>([CIILjava/lang/Void;)V @ 5 c2
Event: 11.007 Thread 0x000001a235c27920 DEOPT PACKING pc=0x000001a248b077d4 sp=0x000000733d5fdf40
Event: 11.007 Thread 0x000001a235c27920 DEOPT UNPACKING pc=0x000001a24857c802 sp=0x000000733d5fddc0 mode 2
Event: 11.102 Thread 0x000001a235c27920 DEOPT PACKING pc=0x000001a24117eee0 sp=0x000000733d5fe110
Event: 11.102 Thread 0x000001a235c27920 DEOPT UNPACKING pc=0x000001a248541a02 sp=0x000000733d5fd580 mode 0
Event: 11.205 Thread 0x000001a235c27920 Uncommon trap: trap_request=0xffffff45 fr.pc=0x000001a248afd260 relative=0x0000000000000260
Event: 11.205 Thread 0x000001a235c27920 Uncommon trap: reason=unstable_if action=reinterpret pc=0x000001a248afd260 method=java.lang.String.<init>([CIILjava/lang/Void;)V @ 5 c2
Event: 11.205 Thread 0x000001a235c27920 DEOPT PACKING pc=0x000001a248afd260 sp=0x000000733d5fde10
Event: 11.205 Thread 0x000001a235c27920 DEOPT UNPACKING pc=0x000001a24857c802 sp=0x000000733d5fddb0 mode 2

Classes loaded (20 events):
Event: 9.533 Loading class sun/reflect/generics/visitor/TypeTreeVisitor done
Event: 9.533 Loading class sun/reflect/generics/visitor/Reifier done
Event: 9.547 Loading class java/lang/annotation/IncompleteAnnotationException
Event: 9.547 Loading class java/lang/annotation/IncompleteAnnotationException done
Event: 9.548 Loading class jdk/internal/foreign/MemorySessionImpl
Event: 9.549 Loading class java/lang/foreign/MemorySegment$Scope
Event: 9.549 Loading class java/lang/foreign/MemorySegment$Scope done
Event: 9.549 Loading class jdk/internal/foreign/MemorySessionImpl done
Event: 9.780 Loading class java/lang/foreign/MemorySegment
Event: 9.781 Loading class java/lang/foreign/MemorySegment done
Event: 10.454 Loading class sun/reflect/generics/reflectiveObjects/TypeVariableImpl
Event: 10.454 Loading class sun/reflect/generics/reflectiveObjects/LazyReflectiveObjectGenerator
Event: 10.454 Loading class sun/reflect/generics/reflectiveObjects/LazyReflectiveObjectGenerator done
Event: 10.454 Loading class sun/reflect/generics/reflectiveObjects/TypeVariableImpl done
Event: 10.454 Loading class sun/reflect/generics/reflectiveObjects/ParameterizedTypeImpl
Event: 10.454 Loading class sun/reflect/generics/reflectiveObjects/ParameterizedTypeImpl done
Event: 11.337 Loading class java/lang/Deprecated
Event: 11.337 Loading class java/lang/Deprecated done
Event: 13.272 Loading class java/lang/invoke/MethodHandle$1
Event: 13.272 Loading class java/lang/invoke/MethodHandle$1 done

Classes unloaded (0 events):
No events

Classes redefined (0 events):
No events

Internal exceptions (20 events):
Event: 0.670 Thread 0x000001a235c27920 Exception <a 'sun/nio/fs/WindowsException'{0x00000007029f54e8}> (0x00000007029f54e8) 
thrown [s\src\hotspot\share\prims\jni.cpp, line 514]
Event: 0.670 Thread 0x000001a235c27920 Exception <a 'sun/nio/fs/WindowsException'{0x00000007029f5b20}> (0x00000007029f5b20) 
thrown [s\src\hotspot\share\prims\jni.cpp, line 514]
Event: 0.670 Thread 0x000001a235c27920 Exception <a 'sun/nio/fs/WindowsException'{0x00000007029f6108}> (0x00000007029f6108) 
thrown [s\src\hotspot\share\prims\jni.cpp, line 514]
Event: 0.670 Thread 0x000001a235c27920 Exception <a 'sun/nio/fs/WindowsException'{0x00000007029f6678}> (0x00000007029f6678) 
thrown [s\src\hotspot\share\prims\jni.cpp, line 514]
Event: 0.670 Thread 0x000001a235c27920 Exception <a 'sun/nio/fs/WindowsException'{0x00000007029f6bc8}> (0x00000007029f6bc8) 
thrown [s\src\hotspot\share\prims\jni.cpp, line 514]
Event: 0.670 Thread 0x000001a235c27920 Exception <a 'sun/nio/fs/WindowsException'{0x00000007029f70b8}> (0x00000007029f70b8) 
thrown [s\src\hotspot\share\prims\jni.cpp, line 514]
Event: 0.670 Thread 0x000001a235c27920 Exception <a 'sun/nio/fs/WindowsException'{0x00000007029f7560}> (0x00000007029f7560) 
thrown [s\src\hotspot\share\prims\jni.cpp, line 514]
Event: 7.877 Thread 0x000001a235c27920 Exception <a 'java/lang/NoSuchMethodError'{0x0000000702a5cef0}: 'void java.lang.invoke.DirectMethodHandle$Holder.invokeVirtual(java.lang.Object, java.lang.Object)'> (0x0000000702a5cef0) 
thrown [s\src\hotspot\share\interpreter\linkResolver.cpp, line 804]
Event: 7.880 Thread 0x000001a235c27920 Exception <a 'java/lang/NoSuchMethodError'{0x0000000702a8dec0}: 'void java.lang.invoke.DirectMethodHandle$Holder.invokeStatic(java.lang.Object, java.lang.Object)'> (0x0000000702a8dec0) 
thrown [s\src\hotspot\share\interpreter\linkResolver.cpp, line 804]
Event: 7.881 Thread 0x000001a235c27920 Exception <a 'java/lang/NoSuchMethodError'{0x0000000702a95c68}: 'void java.lang.invoke.DirectMethodHandle$Holder.invokeStaticInit(java.lang.Object, java.lang.Object)'> (0x0000000702a95c68) 
thrown [s\src\hotspot\share\interpreter\linkResolver.cpp, line 804]
Event: 7.887 Thread 0x000001a235c27920 Exception <a 'java/lang/NoSuchMethodError'{0x0000000702ac56f0}: 'void java.lang.invoke.DirectMethodHandle$Holder.invokeSpecial(java.lang.Object, java.lang.Object, java.lang.Object, java.lang.Object, java.lang.Object)'> (0x0000000702ac56f0) 
thrown [s\src\hotspot\share\interpreter\linkResolver.cpp, line 804]
Event: 7.897 Thread 0x000001a235c27920 Exception <a 'java/lang/NoSuchMethodError'{0x0000000702b06a38}: 'void java.lang.invoke.DirectMethodHandle$Holder.invokeStatic(java.lang.Object, java.lang.Object, java.lang.Object)'> (0x0000000702b06a38) 
thrown [s\src\hotspot\share\interpreter\linkResolver.cpp, line 804]
Event: 8.142 Thread 0x000001a235c27920 Exception <a 'java/lang/NoSuchMethodError'{0x0000000702a951e0}: 'java.lang.Object java.lang.invoke.DirectMethodHandle$Holder.invokeSpecialIFC(java.lang.Object, java.lang.Object, java.lang.Object, java.lang.Object)'> (0x0000000702a951e0) 
thrown [s\src\hotspot\share\interpreter\linkResolver.cpp, line 804]
Event: 9.142 Thread 0x000001a235c27920 Exception <a 'java/lang/NoSuchMethodError'{0x0000000702fbad30}: 'void java.lang.invoke.DirectMethodHandle$Holder.invokeSpecial(java.lang.Object, java.lang.Object, java.lang.Object)'> (0x0000000702fbad30) 
thrown [s\src\hotspot\share\interpreter\linkResolver.cpp, line 804]
Event: 9.332 Thread 0x000001a235c27920 Exception <a 'java/lang/NoSuchMethodError'{0x0000000702d6be28}: 'java.lang.Object java.lang.invoke.DirectMethodHandle$Holder.invokeInterface(java.lang.Object, java.lang.Object)'> (0x0000000702d6be28) 
thrown [s\src\hotspot\share\interpreter\linkResolver.cpp, line 804]
Event: 9.407 Thread 0x000001a235c27920 Exception <a 'java/lang/NoSuchMethodError'{0x0000000702e18990}: 'int java.lang.invoke.DirectMethodHandle$Holder.invokeStatic(java.lang.Object, java.lang.Object, java.lang.Object, java.lang.Object)'> (0x0000000702e18990) 
thrown [s\src\hotspot\share\interpreter\linkResolver.cpp, line 804]
Event: 9.410 Thread 0x000001a235c27920 Exception <a 'java/lang/NoSuchMethodError'{0x0000000702e41d18}: 'int java.lang.invoke.DirectMethodHandle$Holder.invokeSpecialIFC(java.lang.Object, java.lang.Object, java.lang.Object, java.lang.Object, java.lang.Object)'> (0x0000000702e41d18) 
thrown [s\src\hotspot\share\interpreter\linkResolver.cpp, line 804]
Event: 9.513 Thread 0x000001a235c27920 Exception <a 'java/lang/NoSuchMethodError'{0x0000000702f8da48}: 'java.lang.Object java.lang.invoke.DirectMethodHandle$Holder.newInvokeSpecial(java.lang.Object, java.lang.Object, java.lang.Object, java.lang.Object, java.lang.Object)'> (0x0000000702f8da48) 
thrown [s\src\hotspot\share\interpreter\linkResolver.cpp, line 804]
Event: 9.539 Thread 0x000001a235c27920 Exception <a 'java/lang/NoSuchMethodError'{0x0000000702ca6c10}: 'int java.lang.invoke.DirectMethodHandle$Holder.invokeStaticInit(java.lang.Object, java.lang.Object)'> (0x0000000702ca6c10) 
thrown [s\src\hotspot\share\interpreter\linkResolver.cpp, line 804]
Event: 9.547 Thread 0x000001a235c27920 Exception <a 'java/lang/NoClassDefFoundError'{0x0000000702ce13b0}: javax/enterprise/inject/Typed> (0x0000000702ce13b0) 
thrown [s\src\hotspot\share\classfile\systemDictionary.cpp, line 318]

VM Operations (20 events):
Event: 8.205 Executing safepoint VM operation: G1CollectForAllocation (G1 Evacuation Pause)
Event: 8.207 Executing safepoint VM operation: G1CollectForAllocation (G1 Evacuation Pause) done
Event: 8.403 Executing safepoint VM operation: G1CollectForAllocation (G1 Evacuation Pause)
Event: 8.406 Executing safepoint VM operation: G1CollectForAllocation (G1 Evacuation Pause) done
Event: 9.319 Executing non-safepoint VM operation: HandshakeAllThreads (Deoptimize)
Event: 9.319 Executing non-safepoint VM operation: HandshakeAllThreads (Deoptimize) done
Event: 9.399 Executing safepoint VM operation: G1CollectForAllocation (G1 Evacuation Pause)
Event: 9.401 Executing safepoint VM operation: G1CollectForAllocation (G1 Evacuation Pause) done
Event: 9.757 Executing safepoint VM operation: G1CollectForAllocation (G1 Evacuation Pause)
Event: 9.760 Executing safepoint VM operation: G1CollectForAllocation (G1 Evacuation Pause) done
Event: 9.855 Executing safepoint VM operation: G1CollectForAllocation (G1 Evacuation Pause)
Event: 9.921 Executing safepoint VM operation: G1CollectForAllocation (G1 Evacuation Pause) done
Event: 10.473 Executing safepoint VM operation: G1CollectForAllocation (G1 Evacuation Pause)
Event: 10.475 Executing safepoint VM operation: G1CollectForAllocation (G1 Evacuation Pause) done
Event: 10.802 Executing safepoint VM operation: G1CollectForAllocation (G1 Evacuation Pause)
Event: 10.804 Executing safepoint VM operation: G1CollectForAllocation (G1 Evacuation Pause) done
Event: 11.198 Executing safepoint VM operation: G1CollectForAllocation (G1 Evacuation Pause)
Event: 11.200 Executing safepoint VM operation: G1CollectForAllocation (G1 Evacuation Pause) done
Event: 12.470 Executing safepoint VM operation: G1CollectForAllocation (G1 Evacuation Pause)
Event: 12.482 Executing safepoint VM operation: G1CollectForAllocation (G1 Evacuation Pause) done

Memory protections (0 events):
No events

Nmethod flushes (0 events):
No events

Events (19 events):
Event: 0.205 Thread 0x000001a235c27920 Thread added: 0x000001a235c27920
Event: 0.233 Thread 0x000001a235c27920 Thread added: 0x000001a258442750
Event: 0.233 Thread 0x000001a235c27920 Thread added: 0x000001a258443d10
Event: 0.233 Thread 0x000001a235c27920 Thread added: 0x000001a258445a20
Event: 0.233 Thread 0x000001a235c27920 Thread added: 0x000001a2584465d0
Event: 0.233 Thread 0x000001a235c27920 Thread added: 0x000001a258448190
Event: 0.234 Thread 0x000001a235c27920 Thread added: 0x000001a25844c950
Event: 0.234 Thread 0x000001a235c27920 Thread added: 0x000001a2584511c0
Event: 0.234 Thread 0x000001a235c27920 Thread added: 0x000001a25845a190
Event: 0.270 Thread 0x000001a235c27920 Thread added: 0x000001a2589d6650
Event: 0.272 Thread 0x000001a235c27920 Thread added: 0x000001a2589daff0
Event: 0.472 Thread 0x000001a25845a190 Thread added: 0x000001a258ac7410
Event: 0.602 Thread 0x000001a258ac7410 Thread exited: 0x000001a258ac7410
Event: 0.659 Thread 0x000001a235c27920 Thread added: 0x000001a258cfd850
Event: 7.878 Thread 0x000001a258cfd850 Thread exited: 0x000001a258cfd850
Event: 9.559 Thread 0x000001a25845a190 Thread added: 0x000001a25d874af0
Event: 9.822 Thread 0x000001a25845a190 Thread added: 0x000001a25d93c350
Event: 10.173 Thread 0x000001a25d93c350 Thread exited: 0x000001a25d93c350
Event: 10.173 Thread 0x000001a25d874af0 Thread exited: 0x000001a25d874af0


Dynamic libraries:
0x00007ff623720000 - 0x00007ff62372e000 	C:\Program Files\Apache NetBeans\jdk\bin\java.exe
0x00007ff832b60000 - 0x00007ff832dc6000 	C:\WINDOWS\SYSTEM32\ntdll.dll
0x00007ff831820000 - 0x00007ff8318e9000 	C:\WINDOWS\System32\KERNEL32.DLL
0x00007ff82fd80000 - 0x00007ff83017e000 	C:\WINDOWS\System32\KERNELBASE.dll
0x00007ff82cc20000 - 0x00007ff82ccc0000 	C:\WINDOWS\SYSTEM32\apphelp.dll
0x00007ff830670000 - 0x00007ff8307bc000 	C:\WINDOWS\System32\ucrtbase.dll
0x00007ff805820000 - 0x00007ff805837000 	C:\Program Files\Apache NetBeans\jdk\bin\jli.dll
0x00007ff8315a0000 - 0x00007ff831767000 	C:\WINDOWS\System32\USER32.dll
0x00007ff830440000 - 0x00007ff830467000 	C:\WINDOWS\System32\win32u.dll
0x00007ff8312b0000 - 0x00007ff8312db000 	C:\WINDOWS\System32\GDI32.dll
0x00007ff830190000 - 0x00007ff8302ba000 	C:\WINDOWS\System32\gdi32full.dll
0x00007ff830470000 - 0x00007ff830513000 	C:\WINDOWS\System32\msvcp_win.dll
0x00007ff806240000 - 0x00007ff80625e000 	C:\Program Files\Apache NetBeans\jdk\bin\VCRUNTIME140.dll
0x00007ff815670000 - 0x00007ff815902000 	C:\WINDOWS\WinSxS\amd64_microsoft.windows.common-controls_6595b64144ccf1df_6.0.26100.8875_none_3e0d5d42e32fe9dd\COMCTL32.dll
0x00007ff831770000 - 0x00007ff831819000 	C:\WINDOWS\System32\msvcrt.dll
0x00007ff8323e0000 - 0x00007ff832412000 	C:\WINDOWS\System32\IMM32.DLL
0x000000005b940000 - 0x000000005b94d000 	C:\Program Files (x86)\360\Total Security\safemon\SafeWrapper.dll
0x00007ff832960000 - 0x00007ff832a17000 	C:\WINDOWS\System32\ADVAPI32.dll
0x00007ff830890000 - 0x00007ff83093a000 	C:\WINDOWS\System32\sechost.dll
0x00007ff830b50000 - 0x00007ff830c68000 	C:\WINDOWS\System32\RPCRT4.dll
0x00007ff8296f0000 - 0x00007ff8297f5000 	C:\Program Files (x86)\360\Total Security\safemon\libzdtp64.dll
0x00007ff831aa0000 - 0x00007ff832232000 	C:\WINDOWS\System32\SHELL32.dll
0x00007ff8319f0000 - 0x00007ff831a57000 	C:\WINDOWS\System32\SHLWAPI.dll
0x00007ff82f7c0000 - 0x00007ff82f7cb000 	C:\WINDOWS\SYSTEM32\VERSION.dll
0x00007ff82ae80000 - 0x00007ff82ae8c000 	C:\Program Files\Apache NetBeans\jdk\bin\vcruntime140_1.dll
0x00007fffb1950000 - 0x00007fffb19dd000 	C:\Program Files\Apache NetBeans\jdk\bin\msvcp140.dll
0x00007fff8c260000 - 0x00007fff8d1f9000 	C:\Program Files\Apache NetBeans\jdk\bin\server\jvm.dll
0x00007ff832440000 - 0x00007ff8324c0000 	C:\WINDOWS\System32\WS2_32.dll
0x00007ff82fbe0000 - 0x00007ff82fc3e000 	C:\WINDOWS\SYSTEM32\POWRPROF.dll
0x00007ff821b50000 - 0x00007ff821b86000 	C:\WINDOWS\SYSTEM32\WINMM.dll
0x00007ff82fbc0000 - 0x00007ff82fbd4000 	C:\WINDOWS\SYSTEM32\UMPDC.dll
0x00007ff82e9e0000 - 0x00007ff82e9fb000 	C:\WINDOWS\SYSTEM32\kernel.appcore.dll
0x00007ff8186a0000 - 0x00007ff8186aa000 	C:\Program Files\Apache NetBeans\jdk\bin\jimage.dll
0x00007ff81fc20000 - 0x00007ff81fe62000 	C:\WINDOWS\SYSTEM32\DBGHELP.DLL
0x00007ff830f20000 - 0x00007ff8312a3000 	C:\WINDOWS\System32\combase.dll
0x00007ff8314c0000 - 0x00007ff831599000 	C:\WINDOWS\System32\OLEAUT32.dll
0x00007ff816360000 - 0x00007ff81639b000 	C:\WINDOWS\SYSTEM32\dbgcore.DLL
0x00007ff8307d0000 - 0x00007ff83087c000 	C:\WINDOWS\System32\bcryptPrimitives.dll
0x00007ff805a80000 - 0x00007ff805a9e000 	C:\Program Files\Apache NetBeans\jdk\bin\java.dll
0x00007ff832240000 - 0x00007ff8323d9000 	C:\WINDOWS\System32\ole32.dll
0x00007ff82d7e0000 - 0x00007ff82e072000 	C:\WINDOWS\SYSTEM32\windows.storage.dll
0x00007ff8318f0000 - 0x00007ff8319e7000 	C:\WINDOWS\System32\SHCORE.dll
0x00007ff82fca0000 - 0x00007ff82fcc9000 	C:\WINDOWS\SYSTEM32\profapi.dll
0x00007ff800060000 - 0x00007ff800071000 	C:\Program Files\Apache NetBeans\jdk\bin\net.dll
0x00007ff82ef90000 - 0x00007ff82effc000 	C:\WINDOWS\system32\mswsock.dll
0x00007ffffa340000 - 0x00007ffffa356000 	C:\Program Files\Apache NetBeans\jdk\bin\nio.dll
0x00007ff8016f0000 - 0x00007ff801707000 	C:\Program Files\Apache NetBeans\jdk\bin\zip.dll
0x00007ffff5920000 - 0x00007ffff5944000 	C:\Program Files\Apache NetBeans\java\maven\lib\jansi-native\Windows\x86_64\jansi.dll
0x00007ff814b00000 - 0x00007ff814b10000 	C:\Program Files\Apache NetBeans\jdk\bin\verify.dll

JVMTI agents: none

dbghelp: loaded successfully - version: 4.0.5 - missing functions: none
symbol engine: initialized successfully - sym options: 0x614 - pdb path: .;C:\Program Files\Apache NetBeans\jdk\bin;C:\WINDOWS\SYSTEM32;C:\WINDOWS\WinSxS\amd64_microsoft.windows.common-controls_6595b64144ccf1df_6.0.26100.8875_none_3e0d5d42e32fe9dd;C:\Program Files (x86)\360\Total Security\safemon;C:\Program Files\Apache NetBeans\jdk\bin\server;C:\Program Files\Apache NetBeans\java\maven\lib\jansi-native\Windows\x86_64

VM Arguments:
jvm_args: --enable-native-access=ALL-UNNAMED -Dclassworlds.conf=C:\Program Files\Apache NetBeans\java\maven\bin\m2.conf -Dmaven.home=C:\Program Files\Apache NetBeans\java\maven -Dlibrary.jansi.path=C:\Program Files\Apache NetBeans\java\maven\lib\jansi-native -Dmaven.multiModuleProjectDirectory=C:\Users\DVDSTORE\Desktop\LeetCode\ArrayList\ArrayList 
java_command: org.codehaus.plexus.classworlds.launcher.Launcher -Dexec.vmArgs= -Dexec.args=${exec.vmArgs} -classpath %classpath ${exec.mainClass} ${exec.appArgs} -Dexec.appArgs= -Dexec.mainClass=com.mycompany.arraylist.Driver -Dexec.executable=C:\Program Files\Apache NetBeans\jdk\bin\java.exe -Dmaven.ext.class.path=C:\Program Files\Apache NetBeans\java\maven-nblib\netbeans-eventspy.jar --no-transfer-progress process-classes org.codehaus.mojo:exec-maven-plugin:3.5.1:exec
java_class_path (initial): C:\Program Files\Apache NetBeans\java\maven\boot\plexus-classworlds-2.9.0.jar
Launcher Type: SUN_STANDARD

[Global flags]
     bool AOTAdapterCaching                        = false                                  {diagnostic} {ergonomic}
     bool AOTInvokeDynamicLinking                  = false                                  {diagnostic} {ergonomic}
     bool AOTRecordTraining                        = false                                  {diagnostic} {ergonomic}
     bool AOTReplayTraining                        = false                                  {diagnostic} {ergonomic}
     bool AOTStubCaching                           = false                                  {diagnostic} {ergonomic}
     intx CICompilerCount                          = 4                                         {product} {ergonomic}
     uint ConcGCThreads                            = 3                                         {product} {ergonomic}
     uint G1ConcRefinementThreads                  = 10                                        {product} {ergonomic}
     uint G1EagerReclaimRemSetThreshold            = 16                                   {experimental} {ergonomic}
   size_t G1HeapRegionSize                         = 2097152                                   {product} {ergonomic}
     uint G1RemSetArrayOfCardsEntries              = 16                                   {experimental} {ergonomic}
     uint G1RemSetHowlMaxNumBuckets                = 8                                    {experimental} {ergonomic}
     uint G1RemSetHowlNumBuckets                   = 8                                    {experimental} {ergonomic}
   size_t InitialHeapSize                          = 8388608                                   {product} {ergonomic}
     bool IntelJccErratumMitigation                = false                             {ARCH diagnostic} {ergonomic}
   size_t MarkStackSize                            = 4194304                                   {product} {ergonomic}
   size_t MarkStackSizeMax                         = 536870912                                 {product} {ergonomic}
   size_t MaxHeapSize                              = 4257218560                                {product} {ergonomic}
   size_t MaxNewSize                               = 2554331136                                {product} {ergonomic}
 uint64_t MaxRAM                                   = 17026142208                               {product} {ergonomic}
   size_t MinHeapDeltaBytes                        = 2097152                                   {product} {ergonomic}
   size_t MinHeapSize                              = 8388608                                   {product} {ergonomic}
   size_t NonNMethodCodeHeapSize                   = 5898240                                {pd product} {ergonomic}
   size_t NonProfiledCodeHeapSize                  = 122945536                              {pd product} {ergonomic}
   size_t ProfiledCodeHeapSize                     = 122945536                              {pd product} {ergonomic}
   size_t ReservedCodeCacheSize                    = 251789312                              {pd product} {ergonomic}
     bool SegmentedCodeCache                       = true                                      {product} {ergonomic}
   size_t SoftMaxHeapSize                          = 4257218560                             {manageable} {ergonomic}
     bool UseCompressedOops                        = true                           {product lp64_product} {ergonomic}
     bool UseCondCardMark                          = true                                      {product} {ergonomic}
     bool UseFastUnorderedTimeStamps               = true                                 {experimental} {ergonomic}
     bool UseG1GC                                  = true                                      {product} {ergonomic}
     bool UseLargePagesIndividualAllocation        = false                                  {pd product} {ergonomic}
      int X86ICacheSync                            = 3                                 {ARCH diagnostic} {ergonomic}

Logging:
Log output configuration:
 #0: stdout all=warning uptime,level,tags foldmultilines=false
 #1: stderr all=off uptime,level,tags foldmultilines=false

Release file:
IMPLEMENTOR="Eclipse Adoptium" 
IMPLEMENTOR_VERSION="Temurin-26.0.1+8" 
JAVA_RUNTIME_VERSION="26.0.1+8" 
JAVA_VERSION="26.0.1" 
JAVA_VERSION_DATE="2026-04-21" 
LIBC="default" 
MODULES="java.base java.compiler java.datatransfer java.xml java.prefs java.desktop java.instrument java.logging java.management java.security.sasl java.naming java.rmi java.management.rmi java.net.http java.scripting java.security.jgss java.transaction.xa java.sql java.sql.rowset java.xml.crypto java.se java.smartcardio jdk.accessibility jdk.internal.jvmstat jdk.attach jdk.charsets jdk.internal.opt jdk.zipfs jdk.compiler jdk.crypto.cryptoki jdk.crypto.ec jdk.crypto.mscapi jdk.dynalink jdk.internal.ed jdk.editpad jdk.internal.vm.ci jdk.graal.compiler jdk.graal.compiler.management jdk.hotspot.agent jdk.httpserver jdk.incubator.vector jdk.internal.le jdk.internal.md jdk.jartool jdk.javadoc jdk.jcmd jdk.management jdk.management.agent jdk.jconsole jdk.jdeps jdk.jdwp.agent jdk.jdi jdk.jfr jdk.jlink jdk.jpackage jdk.jshell jdk.jstatd jdk.localedata jdk.management.jfr jdk.naming.dns jdk.naming.rmi jdk.net jdk.nio.mapmode jdk.sctp jdk.security.auth jdk.security.jgss jdk.unsupported jdk.unsupported.desktop jdk.xml.dom" 
OS_ARCH="x86_64" 
OS_NAME="Windows" 
SOURCE=".:git:1cafccec39fb" 
BUILD_SOURCE="git:a612825ee82a20ac872d60958c349854c1f29a8e"
BUILD_SOURCE_REPO="https://github.com/adoptium/temurin-build.git"
SOURCE_REPO="https://github.com/adoptium/jdk26u.git"
FULL_VERSION="26.0.1+8"
SEMANTIC_VERSION="26.0.1+8"
BUILD_INFO="OS: Windows Server 2022 Version: 10.0"
JVM_VARIANT="Hotspot"
JVM_VERSION="26.0.1+8"
IMAGE_TYPE="JDK"

Environment Variables:
JAVA_HOME=C:\Program Files\Apache NetBeans\jdk
PATH=C:\Program Files (x86)\Common Files\Oracle\Java\javapath;C:\WINDOWS\system32;C:\WINDOWS;C:\WINDOWS\System32\Wbem;C:\WINDOWS\System32\WindowsPowerShell\v1.0\;C:\WINDOWS\System32\OpenSSH\;C:\Program Files (x86)\NVIDIA Corporation\PhysX\Common;C:\Program Files\NVIDIA Corporation\NVIDIA NvDLISR;C:\Program Files\dotnet\;C:\Program Files\Git\cmd;C:\Users\DVDSTORE\AppData\Local\Microsoft\WindowsApps;C:\Users\DVDSTORE\AppData\Local\Programs\Microsoft VS Code\bin;;C:\Program Files\Apache NetBeans\bin\
USERNAME=DVDSTORE
OS=Windows_NT
PROCESSOR_IDENTIFIER=Intel64 Family 6 Model 151 Stepping 5, GenuineIntel
TMP=C:\Users\DVDSTORE\AppData\Local\Temp
TEMP=C:\Users\DVDSTORE\AppData\Local\Temp




Compilation memory statistics disabled.

Periodic native trim disabled

---------------  S Y S T E M  ---------------

OS:
 Windows 11 , 64 bit Build 26100 (10.0.26100.8875)
OS uptime: 3 days 17:10 hours

CPU: total 12 (initial active 12) (6 cores per cpu, 2 threads per core) family 6 model 151 stepping 5 microcode 0x2d, cx8, cmov, fxsr, ht, mmx, 3dnowpref, sse, sse2, sse3, ssse3, sse4.1, sse4.2, popcnt, lzcnt, tsc, tscinvbit, avx, avx2, aes, erms, clmul, bmi1, bmi2, adx, sha, fma, vzeroupper, clflush, clflushopt, clwb, serialize, rdtscp, rdpid, fsrm, gfni, f16c, pku, cet_ibt, cet_ss
Processor Information for the first 12 processors :
  Max Mhz: 2500, Current Mhz: 2500, Mhz Limit: 2500

Memory: 4k page, system-wide physical 16237M (1563M free)
TotalPageFile size 28525M (AvailPageFile size 462M)
current process WorkingSet (physical memory assigned to process): 77M, peak: 81M
current process commit charge ("private bytes"): 120M, peak: 129M

vm_info: OpenJDK 64-Bit Server VM (26.0.1+8) for windows-amd64 JRE (26.0.1+8), built on 2026-04-21T00:00:00Z with MS VC++ 17.12 (VS2022)

END.
