#
# There is insufficient memory for the Java Runtime Environment to continue.
# Native memory allocation (malloc) failed to allocate 1183768 bytes. Error detail: Chunk::new
# Possible reasons:
#   The system is out of physical RAM or swap space
#   This process is running with CompressedOops enabled, and the Java Heap may be blocking the growth of the native heap
# Possible solutions:
#   Reduce memory load on the system
#   Increase physical memory or swap space
#   Check if swap backing store is full
#   Decrease Java heap size (-Xmx/-Xms)
#   Decrease number of Java threads
#   Decrease Java thread stack sizes (-Xss)
#   Set larger code cache with -XX:ReservedCodeCacheSize=
#   JVM is running with Zero Based Compressed Oops mode in which the Java heap is
#     placed in the first 32GB address space. The Java Heap base address is the
#     maximum limit for the native heap growth. Please use -XX:HeapBaseMinAddress
#     to set the Java Heap base and to place the Java Heap above 32GB virtual address.
# This output file may be truncated or incomplete.
#
#  Out of Memory Error (arena.cpp:193), pid=50940, tid=44756
#
# JRE version: OpenJDK Runtime Environment Temurin-26.0.1+8 (26.0.1+8) (build 26.0.1+8)
# Java VM: OpenJDK 64-Bit Server VM Temurin-26.0.1+8 (26.0.1+8, mixed mode, sharing, tiered, compressed oops, compressed class ptrs, g1 gc, windows-amd64)
# No core dump will be written. Minidumps are not enabled by default on client versions of Windows
#

---------------  S U M M A R Y ------------

Command Line: --enable-native-access=ALL-UNNAMED -Dclassworlds.conf=C:\Program Files\Apache NetBeans\java\maven\bin\m2.conf -Dmaven.home=C:\Program Files\Apache NetBeans\java\maven -Dlibrary.jansi.path=C:\Program Files\Apache NetBeans\java\maven\lib\jansi-native -Dmaven.multiModuleProjectDirectory=C:\Users\DVDSTORE\Desktop\LeetCode\ArrayList\ArrayList org.codehaus.plexus.classworlds.launcher.Launcher -Dexec.vmArgs= -Dexec.args=${exec.vmArgs} -classpath %classpath ${exec.mainClass} ${exec.appArgs} -Dexec.appArgs= -Dexec.mainClass=com.mycompany.arraylist.Driver -Dexec.executable=C:\Program Files\Apache NetBeans\jdk\bin\java.exe -Dmaven.ext.class.path=C:\Program Files\Apache NetBeans\java\maven-nblib\netbeans-eventspy.jar --no-transfer-progress process-classes org.codehaus.mojo:exec-maven-plugin:3.5.1:exec

Host: 12th Gen Intel(R) Core(TM) i5-12400F, 12 cores, 15G,  Windows 11 , 64 bit Build 26100 (10.0.26100.8875)
Time: Wed Aug 19 09:14:36 2026 Egypt Daylight Time elapsed time: 23.107183 seconds (0d 0h 0m 23s)

---------------  T H R E A D  ---------------

Current thread (0x000002007ff49db0):  JavaThread "C2 CompilerThread0" daemon [_thread_in_native, id=44756, stack(0x0000002656a00000,0x0000002656b00000) (1024K)]


Current CompileTask:
C2:23107 3897       4       org.apache.maven.model.ConfigurationContainer::setLocation (156 bytes)

Stack: [0x0000002656a00000,0x0000002656b00000]
Native frames: (J=compiled Java code, j=interpreted, Vv=VM code, C=native code)
V  [jvm.dll+0x7db749]  (no source info available)
V  [jvm.dll+0x7a82bd]  (no source info available)
V  [jvm.dll+0xa44a60]  (no source info available)
V  [jvm.dll+0xa46eb1]  (no source info available)
V  [jvm.dll+0xa475c3]  (no source info available)
V  [jvm.dll+0x311a96]  (no source info available)
V  [jvm.dll+0x120316]  (no source info available)
V  [jvm.dll+0x12063e]  (no source info available)
V  [jvm.dll+0x1b2836]  (no source info available)
V  [jvm.dll+0x3ce802]  (no source info available)
V  [jvm.dll+0x7e430f]  (no source info available)
V  [jvm.dll+0x2d4597]  (no source info available)
V  [jvm.dll+0x2d350f]  (no source info available)
V  [jvm.dll+0x249670]  (no source info available)
V  [jvm.dll+0x2e363c]  (no source info available)
V  [jvm.dll+0x2e181d]  (no source info available)
V  [jvm.dll+0x4a82ae]  (no source info available)
V  [jvm.dll+0x9e3039]  (no source info available)
V  [jvm.dll+0x7dd228]  (no source info available)
C  [ucrtbase.dll+0x2cd30]  (no source info available)
C  [KERNEL32.DLL+0x2e957]  (no source info available)
C  [ntdll.dll+0xaad6c]  (no source info available)

Lock stack of current Java thread (top to bottom):


---------------  P R O C E S S  ---------------

Threads class SMR info:
_java_thread_list=0x000002000bd32360, length=11, elements={
0x00000200638a4c90, 0x000002007ff3d130, 0x000002007ff3e850, 0x000002007ff41f90,
0x000002007ff42b40, 0x000002007ff44700, 0x000002007ff48ec0, 0x000002007ff49db0,
0x000002007ffb77a0, 0x00000200065598b0, 0x000002000655b070
}

Java Threads: ( => current thread )
  0x00000200638a4c90 JavaThread "main"                              [_thread_in_native, id=26444, stack(0x0000002655b00000,0x0000002655c00000) (1024K)]
  0x000002007ff3d130 JavaThread "Reference Handler"          daemon [_thread_blocked, id=46536, stack(0x0000002656400000,0x0000002656500000) (1024K)]
  0x000002007ff3e850 JavaThread "Finalizer"                  daemon [_thread_blocked, id=44792, stack(0x0000002656500000,0x0000002656600000) (1024K)]
  0x000002007ff41f90 JavaThread "Signal Dispatcher"          daemon [_thread_blocked, id=13096, stack(0x0000002656600000,0x0000002656700000) (1024K)]
  0x000002007ff42b40 JavaThread "Attach Listener"            daemon [_thread_blocked, id=43740, stack(0x0000002656700000,0x0000002656800000) (1024K)]
  0x000002007ff44700 JavaThread "Service Thread"             daemon [_thread_blocked, id=43176, stack(0x0000002656800000,0x0000002656900000) (1024K)]
  0x000002007ff48ec0 JavaThread "Monitor Deflation Thread"   daemon [_thread_blocked, id=44420, stack(0x0000002656900000,0x0000002656a00000) (1024K)]
=>0x000002007ff49db0 JavaThread "C2 CompilerThread0"         daemon [_thread_in_native, id=44756, stack(0x0000002656a00000,0x0000002656b00000) (1024K)]
  0x000002007ffb77a0 JavaThread "C1 CompilerThread0"         daemon [_thread_in_vm, id=45532, stack(0x0000002656b00000,0x0000002656c00000) (1024K)]
  0x00000200065598b0 JavaThread "Notification Thread"        daemon [_thread_blocked, id=49220, stack(0x0000002656c00000,0x0000002656d00000) (1024K)]
  0x000002000655b070 JavaThread "Common-Cleaner"             daemon [_thread_blocked, id=48588, stack(0x0000002656d00000,0x0000002656e00000) (1024K)]
Total: 11

Other Threads:
  0x000002007ff2ab30 VMThread "VM Thread"                           [id=46884, stack(0x0000002656300000,0x0000002656400000) (1024K)]
  0x000002007fdf24b0 WatcherThread "VM Periodic Task Thread"        [id=48496, stack(0x0000002656200000,0x0000002656300000) (1024K)]
  0x0000020065caf1c0 WorkerThread "GC Thread#0"                     [id=37160, stack(0x0000002655c00000,0x0000002655d00000) (1024K)]
  0x000002000b0876c0 WorkerThread "GC Thread#1"                     [id=52920, stack(0x0000002656e00000,0x0000002656f00000) (1024K)]
  0x000002000b8665c0 WorkerThread "GC Thread#2"                     [id=56004, stack(0x0000002657100000,0x0000002657200000) (1024K)]
  0x000002000b853e50 WorkerThread "GC Thread#3"                     [id=27504, stack(0x0000002657200000,0x0000002657300000) (1024K)]
  0x000002000bab7740 WorkerThread "GC Thread#4"                     [id=56912, stack(0x0000002657300000,0x0000002657400000) (1024K)]
  0x000002000bf7d860 WorkerThread "GC Thread#5"                     [id=58168, stack(0x0000002657000000,0x0000002657100000) (1024K)]
  0x000002000bf7dc80 WorkerThread "GC Thread#6"                     [id=58172, stack(0x0000002657400000,0x0000002657500000) (1024K)]
  0x000002000be1e1b0 WorkerThread "GC Thread#7"                     [id=41568, stack(0x0000002657500000,0x0000002657600000) (1024K)]
  0x000002000be1fb90 WorkerThread "GC Thread#8"                     [id=47780, stack(0x0000002657600000,0x0000002657700000) (1024K)]
  0x000002000be1e600 WorkerThread "GC Thread#9"                     [id=48640, stack(0x0000002657700000,0x0000002657800000) (1024K)]
  0x0000020065cc7f20 ConcurrentGCThread "G1 Main Marker"            [id=47368, stack(0x0000002655d00000,0x0000002655e00000) (1024K)]
  0x0000020065cc92b0 WorkerThread "G1 Conc#0"                       [id=46328, stack(0x0000002655e00000,0x0000002655f00000) (1024K)]
  0x000002007fde5580 WorkerThread "G1 Refinement Workers#0"         [id=29892, stack(0x0000002656000000,0x0000002656100000) (1024K)]
  0x000002007fde4d10 ConcurrentGCThread "G1 Refine Control"         [id=47664, stack(0x0000002655f00000,0x0000002656000000) (1024K)]
  0x000002007fde6d60 ConcurrentGCThread "G1 Service"                [id=40352, stack(0x0000002656100000,0x0000002656200000) (1024K)]
Total: 17

Threads with active compile tasks:
C2 CompilerThread0  23342 3897       4       org.apache.maven.model.ConfigurationContainer::setLocation (156 bytes)
C1 CompilerThread0  23342 3944   !   3       java.util.regex.Pattern::<init> (144 bytes)
Total: 2

VM state: not at safepoint (normal execution)

VM Mutex/Monitor currently owned by a thread:  ([mutex/lock_event])
[0x00007fff8d0fe408] MethodCompileQueue_lock - owner thread: 0x000002007ffb77a0
[0x00007fff8d0ff888] CodeCache_lock - owner thread: 0x000002007ffb77a0
[0x00007fff8d0ffb08] Compile_lock - owner thread: 0x000002007ffb77a0

Heap address: 0x0000000702400000, size: 4060 MB, Compressed Oops mode: Zero based, Oop shift amount: 3

CDS archive(s) mapped at: [0x0000000094000000-0x0000000094de0000-0x0000000094de0000), size 14548992, SharedBaseAddress: 0x0000000094000000, ArchiveRelocationMode: 1.
Compressed class space mapped at: 0x0000000095000000-0x00000000d5000000, reserved size: 1073741824
UseCompressedClassPointers 1, UseCompactObjectHeaders 0
Narrow klass pointer bits 32, Max shift 3
Narrow klass base: 0x0000000094000000, Narrow klass shift: 0
Encoding Range: [0x0000000094000000 - 0x0000000194000000), (4294967296 bytes)
Klass Range:    [0x0000000094000000 - 0x00000000d5000000), (1090519040 bytes)
Klass ID Range:  [8 - 1090519033) (1090519025)
Protection zone: [0x0000000094000000 - 0x0000000094010000), (65536 bytes)

GC Precious Log:
 CardTable entry size: 512
 Card Set container configuration: InlinePtr #cards 4 size 8 Array Of Cards #cards 16 size 48 Howl #buckets 8 coarsen threshold 3686 Howl Bitmap #cards 512 size 80 coarsen threshold 460 Card regions per heap region 1 cards per card region 4096
 CPUs: 12 total, 12 available
 Memory: 16237M
 Large Page Support: Disabled
 NUMA Support: Disabled
 Compressed Oops: Enabled (Zero based)
 Heap Region Size: 2M
 Heap Min Capacity: 8M
 Heap Initial Capacity: 8M
 Heap Max Capacity: 4060M
 Pre-touch: Disabled
 Parallel Workers: 10
 Concurrent Workers: 3
 Concurrent Refinement Workers: 10
 Periodic GC: Disabled

Heap:
 garbage-first heap   total reserved 4157440K, committed 30720K, used 13736K [0x0000000702400000, 0x0000000800000000)
  region size 2M, 2 eden (4M), 1 survivor (2M), 6 old (12M), 0 humongous (0M), 6 free (12M)

Heap Regions: E=young(eden), S=young(survivor), O=old, HS=humongous(starts), HC=humongous(continues), CS=collection set, F=free, TAMS=top-at-mark-start, PB=parsable bottom
|    0|0x0000000702400000, 0x0000000702600000, 0x0000000702600000|100%| O|  |TAMS 0x0000000702400000| PB 0x0000000702400000| Untracked |  0
|    1|0x0000000702600000, 0x0000000702800000, 0x0000000702800000|100%| O|  |TAMS 0x0000000702600000| PB 0x0000000702600000| Untracked |  0
|    2|0x0000000702800000, 0x0000000702a00000, 0x0000000702a00000|100%| O|  |TAMS 0x0000000702800000| PB 0x0000000702800000| Untracked |  0
|    3|0x0000000702a00000, 0x0000000702c00000, 0x0000000702c00000|100%| O|  |TAMS 0x0000000702a00000| PB 0x0000000702a00000| Untracked |  0
|    4|0x0000000702c00000, 0x0000000702cc0828, 0x0000000702e00000| 37%| O|  |TAMS 0x0000000702c00000| PB 0x0000000702c00000| Untracked |  0
|    5|0x0000000702e00000, 0x0000000702e00000, 0x0000000703000000|  0%| F|  |TAMS 0x0000000702e00000| PB 0x0000000702e00000| Untracked |  0
|    6|0x0000000703000000, 0x0000000703181e48, 0x0000000703200000| 75%| S|CS|TAMS 0x0000000703000000| PB 0x0000000703000000| Complete  |  0
|    7|0x0000000703200000, 0x0000000703200000, 0x0000000703400000|  0%| F|  |TAMS 0x0000000703200000| PB 0x0000000703200000| Untracked |  0
|    8|0x0000000703400000, 0x0000000703400000, 0x0000000703600000|  0%| F|  |TAMS 0x0000000703400000| PB 0x0000000703400000| Untracked |  0
|    9|0x0000000703600000, 0x0000000703600000, 0x0000000703800000|  0%| F|  |TAMS 0x0000000703600000| PB 0x0000000703600000| Untracked |  0
|   10|0x0000000703800000, 0x0000000703800000, 0x0000000703a00000|  0%| F|  |TAMS 0x0000000703800000| PB 0x0000000703800000| Untracked |  0
|   11|0x0000000703a00000, 0x0000000703a00000, 0x0000000703c00000|  0%| F|  |TAMS 0x0000000703a00000| PB 0x0000000703a00000| Untracked |  0
|   12|0x0000000703c00000, 0x0000000703cf4298, 0x0000000703e00000| 47%| E|CS|TAMS 0x0000000703c00000| PB 0x0000000703c00000| Complete  |  0
|   13|0x0000000703e00000, 0x0000000704000000, 0x0000000704000000|100%| E|CS|TAMS 0x0000000703e00000| PB 0x0000000703e00000| Complete  |  0
| 2029|0x00000007ffe00000, 0x00000007fff27b70, 0x0000000800000000| 57%| O|  |TAMS 0x00000007ffe00000| PB 0x00000007ffe00000| Untracked |  0

Card table byte_map: [0x000002007e890000,0x000002007f080000] _byte_map_base: 0x000002007b07e000
Refinement table byte_map: [0x000002007f080000,0x000002007f870000] _byte_map_base: 0x000002007b86e000

Marking Bits: (CMBitMap*) 0x0000020065caf940
 Bits: [0x0000020000000000, 0x0000020003f70000)

Polling page: 0x0000020063a20000

Metaspace:
Metaspace        used 16307K, committed 16640K, reserved 1114112K
 class space     used 2026K, committed 2176K, reserved 1048576K

Usage:
  Non-class:     13.95 MB used.
      Class:      1.98 MB used.
       Both:     15.93 MB used.

Virtual space:
  Non-class space:       64.00 MB reserved,      14.12 MB ( 22%) committed,  1 nodes.
      Class space:        1.00 GB reserved,       2.12 MB ( <1%) committed,  1 nodes.
             Both:        1.06 GB reserved,      16.25 MB (  1%) committed. 

Chunk freelists:
   Non-Class:  1.61 MB
       Class:  13.78 MB
        Both:  15.39 MB

MaxMetaspaceSize: unlimited
CompressedClassSpaceSize: 1.00 GB
Initial GC threshold: 21.00 MB
Current GC threshold: 21.00 MB
CDS: on
 - commit_granule_bytes: 65536.
 - commit_granule_words: 8192.
 - virtual_space_node_default_size: 8388608.
 - enlarge_chunks_in_place: 1.
UseCompressedClassPointers 1, UseCompactObjectHeaders 0
Narrow klass pointer bits 32, Max shift 3
Narrow klass base: 0x0000000094000000, Narrow klass shift: 0
Encoding Range: [0x0000000094000000 - 0x0000000194000000), (4294967296 bytes)
Klass Range:    [0x0000000094000000 - 0x00000000d5000000), (1090519040 bytes)
Klass ID Range:  [8 - 1090519033) (1090519025)
Protection zone: [0x0000000094000000 - 0x0000000094010000), (65536 bytes)


Internal statistics:

num_allocs_failed_limit: 0.
num_arena_births: 136.
num_arena_deaths: 0.
num_vsnodes_births: 2.
num_vsnodes_deaths: 0.
num_space_committed: 260.
num_space_uncommitted: 0.
num_chunks_returned_to_freelist: 0.
num_chunks_taken_from_freelist: 735.
num_chunk_merges: 0.
num_chunk_splits: 481.
num_chunks_enlarged: 376.
num_inconsistent_stats: 0.

CodeHeap 'non-profiled nmethods': size=120064Kb used=1289Kb max_used=1289Kb free=118774Kb
 bounds [0x0000020076610000, 0x0000020076880000, 0x000002007db50000]
CodeHeap 'profiled nmethods': size=120064Kb used=6206Kb max_used=6206Kb free=113857Kb
 bounds [0x000002006eb30000, 0x000002006f140000, 0x0000020076070000]
CodeHeap 'non-nmethods': size=5760Kb used=1413Kb max_used=1456Kb free=4346Kb
 bounds [0x0000020076070000, 0x00000200762e0000, 0x0000020076610000]
CodeCache: size=245888Kb, used=8908Kb, max_used=8951Kb, free=236977Kb
 total_blobs=4462, nmethods=3937, adapters=428, full_count=0
Compilation: enabled, stopped_count=0, restarted_count=0

Compilation events (20 events):
Event: 22.102 Thread 0x000002007ff49db0 3897       4       org.apache.maven.model.ConfigurationContainer::setLocation (156 bytes)
Event: 22.102 Thread 0x000002007ffb77a0 nmethod 3894 0x000002006f12d808 code [0x000002006f12d900, 0x000002006f12e7e8]
Event: 22.102 Thread 0x000002007ffb77a0 3895   !   3       org.apache.maven.model.RepositoryBase::clone (73 bytes)
Event: 22.103 Thread 0x000002007ffb77a0 nmethod 3895 0x000002006f12e808 code [0x000002006f12e900, 0x000002006f12f960]
Event: 22.103 Thread 0x000002007ffb77a0 3896       3       org.apache.maven.model.ModelBase::getLocation (366 bytes)
Event: 22.103 Thread 0x000002007ffb77a0 nmethod 3896 0x000002006f12f988 code [0x000002006f12fa80, 0x000002006f131130]
Event: 22.103 Thread 0x000002007ffb77a0 3898       1       org.apache.maven.model.RepositoryBase::setId (6 bytes)
Event: 22.104 Thread 0x000002007ffb77a0 nmethod 3898 0x000002007674e508 code [0x000002007674e600, 0x000002007674e708]
Event: 22.104 Thread 0x000002007ffb77a0 3899       1       org.apache.maven.model.ReportPlugin::setVersion (6 bytes)
Event: 22.104 Thread 0x000002007ffb77a0 nmethod 3899 0x000002007674e808 code [0x000002007674e900, 0x000002007674ea08]
Event: 22.104 Thread 0x000002007ffb77a0 3900       1       org.apache.maven.model.RepositoryPolicy::getUpdatePolicy (5 bytes)
Event: 22.104 Thread 0x000002007ffb77a0 nmethod 3900 0x000002007674eb08 code [0x000002007674ec00, 0x000002007674ecb8]
Event: 22.104 Thread 0x000002007ffb77a0 3901       1       org.apache.maven.model.RepositoryPolicy::getChecksumPolicy (5 bytes)
Event: 22.104 Thread 0x000002007ffb77a0 nmethod 3901 0x000002007674ee08 code [0x000002007674ef00, 0x000002007674efb8]
Event: 22.104 Thread 0x000002007ffb77a0 3902       1       java.util.Collections$SingletonSet::size (2 bytes)
Event: 22.104 Thread 0x000002007ffb77a0 nmethod 3902 0x000002007674f108 code [0x000002007674f200, 0x000002007674f2b8]
Event: 22.109 Thread 0x000002007ffb77a0 3903       3       org.eclipse.aether.artifact.AbstractArtifact::hashCode (83 bytes)
Event: 22.109 Thread 0x000002007ffb77a0 nmethod 3903 0x000002006f131188 code [0x000002006f131280, 0x000002006f131b88]
Event: 22.109 Thread 0x000002007ffb77a0 3904       3       org.eclipse.aether.artifact.AbstractArtifact::hash (13 bytes)
Event: 22.109 Thread 0x000002007ffb77a0 nmethod 3904 0x000002006f131c08 code [0x000002006f131d00, 0x000002006f131f10]

GC Heap Usage History (20 events):
Event: 0.722 {heap Before GC invocations=0 (full 0):
 garbage-first heap   total reserved 4157440K, committed 10240K, used 3230K [0x0000000702400000, 0x0000000800000000)
  region size 2M, 2 eden (4M), 0 survivor (0M), 1 old (2M), 0 humongous (0M), 2 free (4M)
}
Event: 0.842 {heap After GC invocations=1 (full 0):
 garbage-first heap   total reserved 4157440K, committed 10240K, used 2684K [0x0000000702400000, 0x0000000800000000)
  region size 2M, 0 eden (0M), 1 survivor (2M), 1 old (2M), 0 humongous (0M), 3 free (6M)
}
Event: 1.003 {heap Before GC invocations=1 (full 0):
 garbage-first heap   total reserved 4157440K, committed 10240K, used 2684K [0x0000000702400000, 0x0000000800000000)
  region size 2M, 1 eden (2M), 1 survivor (2M), 1 old (2M), 0 humongous (0M), 2 free (4M)
}
Event: 1.006 {heap After GC invocations=2 (full 0):
 garbage-first heap   total reserved 4157440K, committed 10240K, used 3101K [0x0000000702400000, 0x0000000800000000)
  region size 2M, 0 eden (0M), 1 survivor (2M), 2 old (4M), 0 humongous (0M), 2 free (4M)
}
Event: 1.097 {heap Before GC invocations=2 (full 0):
 garbage-first heap   total reserved 4157440K, committed 10240K, used 5149K [0x0000000702400000, 0x0000000800000000)
  region size 2M, 1 eden (2M), 1 survivor (2M), 2 old (4M), 0 humongous (0M), 1 free (2M)
}
Event: 1.098 {heap After GC invocations=3 (full 0):
 garbage-first heap   total reserved 4157440K, committed 30720K, used 3500K [0x0000000702400000, 0x0000000800000000)
  region size 2M, 0 eden (0M), 1 survivor (2M), 2 old (4M), 0 humongous (0M), 12 free (24M)
}
Event: 1.638 {heap Before GC invocations=3 (full 0):
 garbage-first heap   total reserved 4157440K, committed 30720K, used 15788K [0x0000000702400000, 0x0000000800000000)
  region size 2M, 6 eden (12M), 1 survivor (2M), 2 old (4M), 0 humongous (0M), 6 free (12M)
}
Event: 1.641 {heap After GC invocations=4 (full 0):
 garbage-first heap   total reserved 4157440K, committed 30720K, used 4413K [0x0000000702400000, 0x0000000800000000)
  region size 2M, 0 eden (0M), 1 survivor (2M), 2 old (4M), 0 humongous (0M), 12 free (24M)
}
Event: 1.994 {heap Before GC invocations=4 (full 0):
 garbage-first heap   total reserved 4157440K, committed 30720K, used 14653K [0x0000000702400000, 0x0000000800000000)
  region size 2M, 6 eden (12M), 1 survivor (2M), 2 old (4M), 0 humongous (0M), 6 free (12M)
}
Event: 1.998 {heap After GC invocations=5 (full 0):
 garbage-first heap   total reserved 4157440K, committed 30720K, used 4887K [0x0000000702400000, 0x0000000800000000)
  region size 2M, 0 eden (0M), 1 survivor (2M), 3 old (6M), 0 humongous (0M), 11 free (22M)
}
Event: 2.448 {heap Before GC invocations=5 (full 0):
 garbage-first heap   total reserved 4157440K, committed 30720K, used 19223K [0x0000000702400000, 0x0000000800000000)
  region size 2M, 7 eden (14M), 1 survivor (2M), 3 old (6M), 0 humongous (0M), 4 free (8M)
}
Event: 2.453 {heap After GC invocations=6 (full 0):
 garbage-first heap   total reserved 4157440K, committed 30720K, used 5712K [0x0000000702400000, 0x0000000800000000)
  region size 2M, 0 eden (0M), 1 survivor (2M), 3 old (6M), 0 humongous (0M), 11 free (22M)
}
Event: 3.973 {heap Before GC invocations=6 (full 0):
 garbage-first heap   total reserved 4157440K, committed 30720K, used 22096K [0x0000000702400000, 0x0000000800000000)
  region size 2M, 8 eden (16M), 1 survivor (2M), 3 old (6M), 0 humongous (0M), 3 free (6M)
}
Event: 3.979 {heap After GC invocations=7 (full 0):
 garbage-first heap   total reserved 4157440K, committed 30720K, used 7651K [0x0000000702400000, 0x0000000800000000)
  region size 2M, 0 eden (0M), 2 survivor (4M), 3 old (6M), 0 humongous (0M), 10 free (20M)
}
Event: 17.928 {heap Before GC invocations=7 (full 0):
 garbage-first heap   total reserved 4157440K, committed 30720K, used 21987K [0x0000000702400000, 0x0000000800000000)
  region size 2M, 7 eden (14M), 2 survivor (4M), 3 old (6M), 0 humongous (0M), 3 free (6M)
}
Event: 17.935 {heap After GC invocations=8 (full 0):
 garbage-first heap   total reserved 4157440K, committed 30720K, used 9007K [0x0000000702400000, 0x0000000800000000)
  region size 2M, 0 eden (0M), 2 survivor (4M), 4 old (8M), 0 humongous (0M), 9 free (18M)
}
Event: 20.125 {heap Before GC invocations=8 (full 0):
 garbage-first heap   total reserved 4157440K, committed 30720K, used 21295K [0x0000000702400000, 0x0000000800000000)
  region size 2M, 6 eden (12M), 2 survivor (4M), 4 old (8M), 0 humongous (0M), 3 free (6M)
}
Event: 20.131 {heap After GC invocations=9 (full 0):
 garbage-first heap   total reserved 4157440K, committed 30720K, used 10389K [0x0000000702400000, 0x0000000800000000)
  region size 2M, 0 eden (0M), 1 survivor (2M), 5 old (10M), 0 humongous (0M), 9 free (18M)
}
Event: 22.097 {heap Before GC invocations=9 (full 0):
 garbage-first heap   total reserved 4157440K, committed 30720K, used 22677K [0x0000000702400000, 0x0000000800000000)
  region size 2M, 6 eden (12M), 1 survivor (2M), 5 old (10M), 0 humongous (0M), 3 free (6M)
}
Event: 22.100 {heap After GC invocations=10 (full 0):
 garbage-first heap   total reserved 4157440K, committed 30720K, used 11688K [0x0000000702400000, 0x0000000800000000)
  region size 2M, 0 eden (0M), 1 survivor (2M), 6 old (12M), 0 humongous (0M), 8 free (16M)
}

Metaspace Usage History (20 events):
Event: 0.722 {metaspace Before GC invocations=0 (full 0):
 Metaspace       used 1122K, committed 1280K, reserved 1114112K
  class space    used 92K, committed 128K, reserved 1048576K
}
Event: 0.842 {metaspace After GC invocations=1 (full 0):
 Metaspace       used 1122K, committed 1280K, reserved 1114112K
  class space    used 92K, committed 128K, reserved 1048576K
}
Event: 1.003 {metaspace Before GC invocations=1 (full 0):
 Metaspace       used 1987K, committed 2176K, reserved 1114112K
  class space    used 186K, committed 256K, reserved 1048576K
}
Event: 1.006 {metaspace After GC invocations=2 (full 0):
 Metaspace       used 1987K, committed 2176K, reserved 1114112K
  class space    used 186K, committed 256K, reserved 1048576K
}
Event: 1.097 {metaspace Before GC invocations=2 (full 0):
 Metaspace       used 2517K, committed 2752K, reserved 1114112K
  class space    used 238K, committed 320K, reserved 1048576K
}
Event: 1.098 {metaspace After GC invocations=3 (full 0):
 Metaspace       used 2517K, committed 2752K, reserved 1114112K
  class space    used 238K, committed 320K, reserved 1048576K
}
Event: 1.638 {metaspace Before GC invocations=3 (full 0):
 Metaspace       used 5536K, committed 5760K, reserved 1114112K
  class space    used 669K, committed 768K, reserved 1048576K
}
Event: 1.641 {metaspace After GC invocations=4 (full 0):
 Metaspace       used 5536K, committed 5760K, reserved 1114112K
  class space    used 669K, committed 768K, reserved 1048576K
}
Event: 1.994 {metaspace Before GC invocations=4 (full 0):
 Metaspace       used 6672K, committed 6848K, reserved 1114112K
  class space    used 810K, committed 896K, reserved 1048576K
}
Event: 1.998 {metaspace After GC invocations=5 (full 0):
 Metaspace       used 6672K, committed 6848K, reserved 1114112K
  class space    used 810K, committed 896K, reserved 1048576K
}
Event: 2.448 {metaspace Before GC invocations=5 (full 0):
 Metaspace       used 9144K, committed 9344K, reserved 1114112K
  class space    used 1139K, committed 1216K, reserved 1048576K
}
Event: 2.453 {metaspace After GC invocations=6 (full 0):
 Metaspace       used 9144K, committed 9344K, reserved 1114112K
  class space    used 1139K, committed 1216K, reserved 1048576K
}
Event: 3.973 {metaspace Before GC invocations=6 (full 0):
 Metaspace       used 12230K, committed 12416K, reserved 1114112K
  class space    used 1578K, committed 1664K, reserved 1048576K
}
Event: 3.979 {metaspace After GC invocations=7 (full 0):
 Metaspace       used 12230K, committed 12416K, reserved 1114112K
  class space    used 1578K, committed 1664K, reserved 1048576K
}
Event: 17.928 {metaspace Before GC invocations=7 (full 0):
 Metaspace       used 14860K, committed 15104K, reserved 1114112K
  class space    used 1874K, committed 1984K, reserved 1048576K
}
Event: 17.935 {metaspace After GC invocations=8 (full 0):
 Metaspace       used 14860K, committed 15104K, reserved 1114112K
  class space    used 1874K, committed 1984K, reserved 1048576K
}
Event: 20.125 {metaspace Before GC invocations=8 (full 0):
 Metaspace       used 15300K, committed 15552K, reserved 1114112K
  class space    used 1908K, committed 1984K, reserved 1048576K
}
Event: 20.131 {metaspace After GC invocations=9 (full 0):
 Metaspace       used 15300K, committed 15552K, reserved 1114112K
  class space    used 1908K, committed 1984K, reserved 1048576K
}
Event: 22.097 {metaspace Before GC invocations=9 (full 0):
 Metaspace       used 16279K, committed 16576K, reserved 1114112K
  class space    used 2024K, committed 2176K, reserved 1048576K
}
Event: 22.100 {metaspace After GC invocations=10 (full 0):
 Metaspace       used 16279K, committed 16576K, reserved 1114112K
  class space    used 2024K, committed 2176K, reserved 1048576K
}

Dll operation events (14 events):
Event: 0.048 Attempting to load shared library C:\Program Files\Apache NetBeans\jdk\bin\java.dll
Event: 0.050 Loaded shared library C:\Program Files\Apache NetBeans\jdk\bin\java.dll
Event: 0.303 Attempting to load shared library C:\Program Files\Apache NetBeans\jdk\bin\net.dll
Event: 0.310 Loaded shared library C:\Program Files\Apache NetBeans\jdk\bin\net.dll
Event: 0.316 Attempting to load shared library C:\Program Files\Apache NetBeans\jdk\bin\nio.dll
Event: 0.316 Loaded shared library C:\Program Files\Apache NetBeans\jdk\bin\nio.dll
Event: 0.325 Attempting to load shared library C:\Program Files\Apache NetBeans\jdk\bin\zip.dll
Event: 0.325 Loaded shared library C:\Program Files\Apache NetBeans\jdk\bin\zip.dll
Event: 0.639 Attempting to load shared library C:\Program Files\Apache NetBeans\java\maven\lib\jansi-native\Windows\x86_64\jansi.dll
Event: 0.646 Loaded shared library C:\Program Files\Apache NetBeans\java\maven\lib\jansi-native\Windows\x86_64\jansi.dll
Event: 0.656 Attempting to load shared library C:\Program Files\Apache NetBeans\jdk\bin\jimage.dll
Event: 0.656 Loaded shared library C:\Program Files\Apache NetBeans\jdk\bin\jimage.dll
Event: 0.849 Attempting to load shared library C:\Program Files\Apache NetBeans\jdk\bin\verify.dll
Event: 0.850 Loaded shared library C:\Program Files\Apache NetBeans\jdk\bin\verify.dll

Deoptimization events (20 events):
Event: 21.488 Thread 0x00000200638a4c90 DEOPT UNPACKING pc=0x00000200760fc802 sp=0x0000002655bfdcf8 mode 2
Event: 21.716 Thread 0x00000200638a4c90 DEOPT PACKING pc=0x000002006f0b3e15 sp=0x0000002655bfcb60
Event: 21.716 Thread 0x00000200638a4c90 DEOPT UNPACKING pc=0x00000200760c1a02 sp=0x0000002655bfc098 mode 0
Event: 21.878 Thread 0x00000200638a4c90 DEOPT PACKING pc=0x000002006f0b3e15 sp=0x0000002655bfc980
Event: 21.878 Thread 0x00000200638a4c90 DEOPT UNPACKING pc=0x00000200760c1a02 sp=0x0000002655bfbeb8 mode 0
Event: 21.880 Thread 0x00000200638a4c90 Uncommon trap: trap_request=0xffffffcc fr.pc=0x00000200767486a0 relative=0x00000000000003a0
Event: 21.880 Thread 0x00000200638a4c90 Uncommon trap: reason=intrinsic_or_type_checked_inlining action=make_not_entrant pc=0x00000200767486a0 method=java.util.Arrays.copyOf([Ljava/lang/Object;ILjava/lang/Class;)[Ljava/lang/Object; @ 35 c2
Event: 21.880 Thread 0x00000200638a4c90 DEOPT PACKING pc=0x00000200767486a0 sp=0x0000002655bfc790
Event: 21.880 Thread 0x00000200638a4c90 DEOPT UNPACKING pc=0x00000200760fc802 sp=0x0000002655bfc720 mode 2
Event: 22.090 Thread 0x00000200638a4c90 Uncommon trap: trap_request=0xffffff6e fr.pc=0x000002007666da98 relative=0x0000000000000398
Event: 22.090 Thread 0x00000200638a4c90 Uncommon trap: reason=predicate action=maybe_recompile pc=0x000002007666da98 method=java.nio.charset.CharsetDecoder.decode(Ljava/nio/ByteBuffer;Ljava/nio/CharBuffer;Z)Ljava/nio/charset/CoderResult; @ 54 c2
Event: 22.090 Thread 0x00000200638a4c90 DEOPT PACKING pc=0x000002007666da98 sp=0x0000002655bfc620
Event: 22.090 Thread 0x00000200638a4c90 DEOPT UNPACKING pc=0x00000200760fc802 sp=0x0000002655bfc5c0 mode 2
Event: 22.090 Thread 0x00000200638a4c90 DEOPT PACKING pc=0x000002006f0b3e15 sp=0x0000002655bfc7c0
Event: 22.090 Thread 0x00000200638a4c90 DEOPT UNPACKING pc=0x00000200760c1a02 sp=0x0000002655bfbcf8 mode 0
Event: 22.091 Thread 0x00000200638a4c90 DEOPT PACKING pc=0x000002006f0b3e15 sp=0x0000002655bfc680
Event: 22.091 Thread 0x00000200638a4c90 DEOPT UNPACKING pc=0x00000200760c1a02 sp=0x0000002655bfbbb8 mode 0
Event: 22.109 Thread 0x00000200638a4c90 Uncommon trap: trap_request=0xffffff45 fr.pc=0x00000200766a2f64 relative=0x00000000000001e4
Event: 22.109 Thread 0x00000200638a4c90 Uncommon trap: reason=unstable_if action=reinterpret pc=0x00000200766a2f64 method=java.util.WeakHashMap.expungeStaleEntries()V @ 9 c2
Event: 22.109 Thread 0x00000200638a4c90 DEOPT PACKING pc=0x00000200766a2f64 sp=0x0000002655bfd060

Classes loaded (20 events):
Event: 21.457 Loading class java/io/Externalizable done
Event: 21.457 Loading class java/time/zone/Ser done
Event: 21.457 Loading class java/time/Month
Event: 21.457 Loading class java/time/Month done
Event: 21.457 Loading class java/time/DayOfWeek
Event: 21.457 Loading class java/time/DayOfWeek done
Event: 21.457 Loading class java/time/zone/ZoneOffsetTransitionRule$TimeDefinition
Event: 21.458 Loading class java/time/zone/ZoneOffsetTransitionRule$TimeDefinition done
Event: 21.458 Loading class java/time/zone/ZoneOffsetTransition
Event: 21.458 Loading class java/time/zone/ZoneOffsetTransition done
Event: 21.458 Loading class java/time/Year
Event: 21.458 Loading class java/time/Year done
Event: 21.465 Loading class jdk/internal/reflect/MethodHandleBooleanFieldAccessorImpl
Event: 21.467 Loading class jdk/internal/reflect/MethodHandleBooleanFieldAccessorImpl done
Event: 21.564 Loading class java/lang/Character$UnicodeBlock
Event: 21.606 Loading class java/lang/Character$Subset
Event: 21.606 Loading class java/lang/Character$Subset done
Event: 21.606 Loading class java/lang/Character$UnicodeBlock done
Event: 22.089 Loading class sun/nio/cs/ISO_8859_1$Decoder
Event: 22.090 Loading class sun/nio/cs/ISO_8859_1$Decoder done

Classes unloaded (0 events):
No events

Classes redefined (0 events):
No events

Internal exceptions (20 events):
Event: 21.611 Thread 0x00000200638a4c90 Exception <a 'java/io/IOException'{0x0000000703695e08}> (0x0000000703695e08) 
thrown [s\src\hotspot\share\prims\jni.cpp, line 514]
Event: 21.611 Thread 0x00000200638a4c90 Exception <a 'java/io/IOException'{0x0000000703696408}> (0x0000000703696408) 
thrown [s\src\hotspot\share\prims\jni.cpp, line 514]
Event: 21.611 Thread 0x00000200638a4c90 Exception <a 'java/io/IOException'{0x00000007036969d0}> (0x00000007036969d0) 
thrown [s\src\hotspot\share\prims\jni.cpp, line 514]
Event: 21.611 Thread 0x00000200638a4c90 Exception <a 'java/io/IOException'{0x0000000703696f98}> (0x0000000703696f98) 
thrown [s\src\hotspot\share\prims\jni.cpp, line 514]
Event: 21.612 Thread 0x00000200638a4c90 Exception <a 'java/io/IOException'{0x00000007036a59e8}> (0x00000007036a59e8) 
thrown [s\src\hotspot\share\prims\jni.cpp, line 514]
Event: 21.612 Thread 0x00000200638a4c90 Exception <a 'java/io/IOException'{0x00000007036a5fe8}> (0x00000007036a5fe8) 
thrown [s\src\hotspot\share\prims\jni.cpp, line 514]
Event: 21.612 Thread 0x00000200638a4c90 Exception <a 'java/io/IOException'{0x00000007036a65b0}> (0x00000007036a65b0) 
thrown [s\src\hotspot\share\prims\jni.cpp, line 514]
Event: 21.612 Thread 0x00000200638a4c90 Exception <a 'java/io/IOException'{0x00000007036a6b78}> (0x00000007036a6b78) 
thrown [s\src\hotspot\share\prims\jni.cpp, line 514]
Event: 21.613 Thread 0x00000200638a4c90 Exception <a 'java/io/IOException'{0x00000007036b0c08}> (0x00000007036b0c08) 
thrown [s\src\hotspot\share\prims\jni.cpp, line 514]
Event: 21.613 Thread 0x00000200638a4c90 Exception <a 'java/io/IOException'{0x00000007036b1208}> (0x00000007036b1208) 
thrown [s\src\hotspot\share\prims\jni.cpp, line 514]
Event: 21.613 Thread 0x00000200638a4c90 Exception <a 'java/io/IOException'{0x00000007036b17d0}> (0x00000007036b17d0) 
thrown [s\src\hotspot\share\prims\jni.cpp, line 514]
Event: 21.613 Thread 0x00000200638a4c90 Exception <a 'java/io/IOException'{0x00000007036b1d98}> (0x00000007036b1d98) 
thrown [s\src\hotspot\share\prims\jni.cpp, line 514]
Event: 21.614 Thread 0x00000200638a4c90 Exception <a 'java/io/IOException'{0x00000007036b2658}> (0x00000007036b2658) 
thrown [s\src\hotspot\share\prims\jni.cpp, line 514]
Event: 21.614 Thread 0x00000200638a4c90 Exception <a 'java/io/IOException'{0x00000007036b2c58}> (0x00000007036b2c58) 
thrown [s\src\hotspot\share\prims\jni.cpp, line 514]
Event: 21.614 Thread 0x00000200638a4c90 Exception <a 'java/io/IOException'{0x00000007036b3220}> (0x00000007036b3220) 
thrown [s\src\hotspot\share\prims\jni.cpp, line 514]
Event: 21.614 Thread 0x00000200638a4c90 Exception <a 'java/io/IOException'{0x00000007036b37e8}> (0x00000007036b37e8) 
thrown [s\src\hotspot\share\prims\jni.cpp, line 514]
Event: 21.614 Thread 0x00000200638a4c90 Exception <a 'java/io/IOException'{0x00000007036b4a48}> (0x00000007036b4a48) 
thrown [s\src\hotspot\share\prims\jni.cpp, line 514]
Event: 21.614 Thread 0x00000200638a4c90 Exception <a 'java/io/IOException'{0x00000007036b5048}> (0x00000007036b5048) 
thrown [s\src\hotspot\share\prims\jni.cpp, line 514]
Event: 21.614 Thread 0x00000200638a4c90 Exception <a 'java/io/IOException'{0x00000007036b5610}> (0x00000007036b5610) 
thrown [s\src\hotspot\share\prims\jni.cpp, line 514]
Event: 21.614 Thread 0x00000200638a4c90 Exception <a 'java/io/IOException'{0x00000007036b5bd8}> (0x00000007036b5bd8) 
thrown [s\src\hotspot\share\prims\jni.cpp, line 514]

VM Operations (20 events):
Event: 3.973 Executing safepoint VM operation: G1CollectForAllocation (G1 Evacuation Pause)
Event: 3.979 Executing safepoint VM operation: G1CollectForAllocation (G1 Evacuation Pause) done
Event: 4.009 Executing non-safepoint VM operation: HandshakeAllThreads (Deoptimize)
Event: 4.009 Executing non-safepoint VM operation: HandshakeAllThreads (Deoptimize) done
Event: 4.035 Executing non-safepoint VM operation: HandshakeAllThreads (Deoptimize)
Event: 4.035 Executing non-safepoint VM operation: HandshakeAllThreads (Deoptimize) done
Event: 4.190 Executing non-safepoint VM operation: HandshakeAllThreads (Deoptimize)
Event: 4.190 Executing non-safepoint VM operation: HandshakeAllThreads (Deoptimize) done
Event: 4.239 Executing non-safepoint VM operation: HandshakeAllThreads (Deoptimize)
Event: 4.240 Executing non-safepoint VM operation: HandshakeAllThreads (Deoptimize) done
Event: 4.240 Executing non-safepoint VM operation: HandshakeAllThreads (Deoptimize)
Event: 4.240 Executing non-safepoint VM operation: HandshakeAllThreads (Deoptimize) done
Event: 17.928 Executing safepoint VM operation: G1CollectForAllocation (G1 Evacuation Pause)
Event: 17.935 Executing safepoint VM operation: G1CollectForAllocation (G1 Evacuation Pause) done
Event: 20.125 Executing safepoint VM operation: G1CollectForAllocation (G1 Evacuation Pause)
Event: 20.131 Executing safepoint VM operation: G1CollectForAllocation (G1 Evacuation Pause) done
Event: 21.467 Executing non-safepoint VM operation: HandshakeAllThreads (Deoptimize)
Event: 21.467 Executing non-safepoint VM operation: HandshakeAllThreads (Deoptimize) done
Event: 22.097 Executing safepoint VM operation: G1CollectForAllocation (G1 Evacuation Pause)
Event: 22.100 Executing safepoint VM operation: G1CollectForAllocation (G1 Evacuation Pause) done

Memory protections (0 events):
No events

Nmethod flushes (0 events):
No events

Events (20 events):
Event: 0.262 Thread 0x00000200638a4c90 Thread added: 0x000002007ff3d130
Event: 0.262 Thread 0x00000200638a4c90 Thread added: 0x000002007ff3e850
Event: 0.262 Thread 0x00000200638a4c90 Thread added: 0x000002007ff41f90
Event: 0.262 Thread 0x00000200638a4c90 Thread added: 0x000002007ff42b40
Event: 0.262 Thread 0x00000200638a4c90 Thread added: 0x000002007ff44700
Event: 0.262 Thread 0x00000200638a4c90 Thread added: 0x000002007ff48ec0
Event: 0.263 Thread 0x00000200638a4c90 Thread added: 0x000002007ff49db0
Event: 0.280 Thread 0x00000200638a4c90 Thread added: 0x000002007ffb77a0
Event: 0.287 Thread 0x00000200638a4c90 Thread added: 0x00000200065598b0
Event: 0.289 Thread 0x00000200638a4c90 Thread added: 0x000002000655b070
Event: 0.387 Thread 0x000002007ffb77a0 Thread added: 0x00000200066c2d80
Event: 0.587 Thread 0x00000200066c2d80 Thread exited: 0x00000200066c2d80
Event: 0.632 Thread 0x00000200638a4c90 Thread added: 0x000002000b05c470
Event: 0.688 Thread 0x000002000b05c470 Thread exited: 0x000002000b05c470
Event: 1.592 Thread 0x000002007ffb77a0 Thread added: 0x000002000b77bfa0
Event: 1.611 Thread 0x000002007ffb77a0 Thread added: 0x000002000b7ccb00
Event: 2.831 Thread 0x000002000b7ccb00 Thread exited: 0x000002000b7ccb00
Event: 2.899 Thread 0x000002000b77bfa0 Thread exited: 0x000002000b77bfa0
Event: 3.670 Thread 0x000002007ff49db0 Thread added: 0x000002000bfac850
Event: 4.343 Thread 0x000002000bfac850 Thread exited: 0x000002000bfac850


Dynamic libraries:
0x00007ff623720000 - 0x00007ff62372e000 	C:\Program Files\Apache NetBeans\jdk\bin\java.exe
0x00007ff832b60000 - 0x00007ff832dc6000 	C:\WINDOWS\SYSTEM32\ntdll.dll
0x00007ff831820000 - 0x00007ff8318e9000 	C:\WINDOWS\System32\KERNEL32.DLL
0x00007ff82fd80000 - 0x00007ff83017e000 	C:\WINDOWS\System32\KERNELBASE.dll
0x00007ff82cc20000 - 0x00007ff82ccc0000 	C:\WINDOWS\SYSTEM32\apphelp.dll
0x00007ff830670000 - 0x00007ff8307bc000 	C:\WINDOWS\System32\ucrtbase.dll
0x00007ff805820000 - 0x00007ff805837000 	C:\Program Files\Apache NetBeans\jdk\bin\jli.dll
0x00007ff8315a0000 - 0x00007ff831767000 	C:\WINDOWS\System32\USER32.dll
0x00007ff830440000 - 0x00007ff830467000 	C:\WINDOWS\System32\win32u.dll
0x00007ff8312b0000 - 0x00007ff8312db000 	C:\WINDOWS\System32\GDI32.dll
0x00007ff830190000 - 0x00007ff8302ba000 	C:\WINDOWS\System32\gdi32full.dll
0x00007ff830470000 - 0x00007ff830513000 	C:\WINDOWS\System32\msvcp_win.dll
0x00007ff806240000 - 0x00007ff80625e000 	C:\Program Files\Apache NetBeans\jdk\bin\VCRUNTIME140.dll
0x00007ff815670000 - 0x00007ff815902000 	C:\WINDOWS\WinSxS\amd64_microsoft.windows.common-controls_6595b64144ccf1df_6.0.26100.8875_none_3e0d5d42e32fe9dd\COMCTL32.dll
0x00007ff831770000 - 0x00007ff831819000 	C:\WINDOWS\System32\msvcrt.dll
0x00007ff8323e0000 - 0x00007ff832412000 	C:\WINDOWS\System32\IMM32.DLL
0x000000005b940000 - 0x000000005b94d000 	C:\Program Files (x86)\360\Total Security\safemon\SafeWrapper.dll
0x00007ff832960000 - 0x00007ff832a17000 	C:\WINDOWS\System32\ADVAPI32.dll
0x00007ff830890000 - 0x00007ff83093a000 	C:\WINDOWS\System32\sechost.dll
0x00007ff830b50000 - 0x00007ff830c68000 	C:\WINDOWS\System32\RPCRT4.dll
0x00007ff8296f0000 - 0x00007ff8297f5000 	C:\Program Files (x86)\360\Total Security\safemon\libzdtp64.dll
0x00007ff831aa0000 - 0x00007ff832232000 	C:\WINDOWS\System32\SHELL32.dll
0x00007ff8319f0000 - 0x00007ff831a57000 	C:\WINDOWS\System32\SHLWAPI.dll
0x00007ff82f7c0000 - 0x00007ff82f7cb000 	C:\WINDOWS\SYSTEM32\VERSION.dll
0x00007ff82ae80000 - 0x00007ff82ae8c000 	C:\Program Files\Apache NetBeans\jdk\bin\vcruntime140_1.dll
0x00007fffb1950000 - 0x00007fffb19dd000 	C:\Program Files\Apache NetBeans\jdk\bin\msvcp140.dll
0x00007fff8c260000 - 0x00007fff8d1f9000 	C:\Program Files\Apache NetBeans\jdk\bin\server\jvm.dll
0x00007ff832440000 - 0x00007ff8324c0000 	C:\WINDOWS\System32\WS2_32.dll
0x00007ff82fbe0000 - 0x00007ff82fc3e000 	C:\WINDOWS\SYSTEM32\POWRPROF.dll
0x00007ff821b50000 - 0x00007ff821b86000 	C:\WINDOWS\SYSTEM32\WINMM.dll
0x00007ff82fbc0000 - 0x00007ff82fbd4000 	C:\WINDOWS\SYSTEM32\UMPDC.dll
0x00007ff82e9e0000 - 0x00007ff82e9fb000 	C:\WINDOWS\SYSTEM32\kernel.appcore.dll
0x00007ff8186a0000 - 0x00007ff8186aa000 	C:\Program Files\Apache NetBeans\jdk\bin\jimage.dll
0x00007ff81fc20000 - 0x00007ff81fe62000 	C:\WINDOWS\SYSTEM32\DBGHELP.DLL
0x00007ff830f20000 - 0x00007ff8312a3000 	C:\WINDOWS\System32\combase.dll
0x00007ff8314c0000 - 0x00007ff831599000 	C:\WINDOWS\System32\OLEAUT32.dll
0x00007ff816360000 - 0x00007ff81639b000 	C:\WINDOWS\SYSTEM32\dbgcore.DLL
0x00007ff8307d0000 - 0x00007ff83087c000 	C:\WINDOWS\System32\bcryptPrimitives.dll
0x00007ff805a80000 - 0x00007ff805a9e000 	C:\Program Files\Apache NetBeans\jdk\bin\java.dll
0x00007ff832240000 - 0x00007ff8323d9000 	C:\WINDOWS\System32\ole32.dll
0x00007ff82d7e0000 - 0x00007ff82e072000 	C:\WINDOWS\SYSTEM32\windows.storage.dll
0x00007ff8318f0000 - 0x00007ff8319e7000 	C:\WINDOWS\System32\SHCORE.dll
0x00007ff82fca0000 - 0x00007ff82fcc9000 	C:\WINDOWS\SYSTEM32\profapi.dll
0x00007ff800060000 - 0x00007ff800071000 	C:\Program Files\Apache NetBeans\jdk\bin\net.dll
0x00007ff82ef90000 - 0x00007ff82effc000 	C:\WINDOWS\system32\mswsock.dll
0x00007ffffa340000 - 0x00007ffffa356000 	C:\Program Files\Apache NetBeans\jdk\bin\nio.dll
0x00007ff8016f0000 - 0x00007ff801707000 	C:\Program Files\Apache NetBeans\jdk\bin\zip.dll
0x00007ffff5920000 - 0x00007ffff5944000 	C:\Program Files\Apache NetBeans\java\maven\lib\jansi-native\Windows\x86_64\jansi.dll
0x00007ff814b00000 - 0x00007ff814b10000 	C:\Program Files\Apache NetBeans\jdk\bin\verify.dll

JVMTI agents: none

dbghelp: loaded successfully - version: 4.0.5 - missing functions: none
symbol engine: initialized successfully - sym options: 0x614 - pdb path: .;C:\Program Files\Apache NetBeans\jdk\bin;C:\WINDOWS\SYSTEM32;C:\WINDOWS\WinSxS\amd64_microsoft.windows.common-controls_6595b64144ccf1df_6.0.26100.8875_none_3e0d5d42e32fe9dd;C:\Program Files (x86)\360\Total Security\safemon;C:\Program Files\Apache NetBeans\jdk\bin\server;C:\Program Files\Apache NetBeans\java\maven\lib\jansi-native\Windows\x86_64

VM Arguments:
jvm_args: --enable-native-access=ALL-UNNAMED -Dclassworlds.conf=C:\Program Files\Apache NetBeans\java\maven\bin\m2.conf -Dmaven.home=C:\Program Files\Apache NetBeans\java\maven -Dlibrary.jansi.path=C:\Program Files\Apache NetBeans\java\maven\lib\jansi-native -Dmaven.multiModuleProjectDirectory=C:\Users\DVDSTORE\Desktop\LeetCode\ArrayList\ArrayList 
java_command: org.codehaus.plexus.classworlds.launcher.Launcher -Dexec.vmArgs= -Dexec.args=${exec.vmArgs} -classpath %classpath ${exec.mainClass} ${exec.appArgs} -Dexec.appArgs= -Dexec.mainClass=com.mycompany.arraylist.Driver -Dexec.executable=C:\Program Files\Apache NetBeans\jdk\bin\java.exe -Dmaven.ext.class.path=C:\Program Files\Apache NetBeans\java\maven-nblib\netbeans-eventspy.jar --no-transfer-progress process-classes org.codehaus.mojo:exec-maven-plugin:3.5.1:exec
java_class_path (initial): C:\Program Files\Apache NetBeans\java\maven\boot\plexus-classworlds-2.9.0.jar
Launcher Type: SUN_STANDARD

[Global flags]
     bool AOTAdapterCaching                        = false                                  {diagnostic} {ergonomic}
     bool AOTInvokeDynamicLinking                  = false                                  {diagnostic} {ergonomic}
     bool AOTRecordTraining                        = false                                  {diagnostic} {ergonomic}
     bool AOTReplayTraining                        = false                                  {diagnostic} {ergonomic}
     bool AOTStubCaching                           = false                                  {diagnostic} {ergonomic}
     intx CICompilerCount                          = 4                                         {product} {ergonomic}
     uint ConcGCThreads                            = 3                                         {product} {ergonomic}
     uint G1ConcRefinementThreads                  = 10                                        {product} {ergonomic}
     uint G1EagerReclaimRemSetThreshold            = 16                                   {experimental} {ergonomic}
   size_t G1HeapRegionSize                         = 2097152                                   {product} {ergonomic}
     uint G1RemSetArrayOfCardsEntries              = 16                                   {experimental} {ergonomic}
     uint G1RemSetHowlMaxNumBuckets                = 8                                    {experimental} {ergonomic}
     uint G1RemSetHowlNumBuckets                   = 8                                    {experimental} {ergonomic}
   size_t InitialHeapSize                          = 8388608                                   {product} {ergonomic}
     bool IntelJccErratumMitigation                = false                             {ARCH diagnostic} {ergonomic}
   size_t MarkStackSize                            = 4194304                                   {product} {ergonomic}
   size_t MarkStackSizeMax                         = 536870912                                 {product} {ergonomic}
   size_t MaxHeapSize                              = 4257218560                                {product} {ergonomic}
   size_t MaxNewSize                               = 2554331136                                {product} {ergonomic}
 uint64_t MaxRAM                                   = 17026142208                               {product} {ergonomic}
   size_t MinHeapDeltaBytes                        = 2097152                                   {product} {ergonomic}
   size_t MinHeapSize                              = 8388608                                   {product} {ergonomic}
   size_t NonNMethodCodeHeapSize                   = 5898240                                {pd product} {ergonomic}
   size_t NonProfiledCodeHeapSize                  = 122945536                              {pd product} {ergonomic}
   size_t ProfiledCodeHeapSize                     = 122945536                              {pd product} {ergonomic}
   size_t ReservedCodeCacheSize                    = 251789312                              {pd product} {ergonomic}
     bool SegmentedCodeCache                       = true                                      {product} {ergonomic}
   size_t SoftMaxHeapSize                          = 4257218560                             {manageable} {ergonomic}
     bool UseCompressedOops                        = true                           {product lp64_product} {ergonomic}
     bool UseCondCardMark                          = true                                      {product} {ergonomic}
     bool UseFastUnorderedTimeStamps               = true                                 {experimental} {ergonomic}
     bool UseG1GC                                  = true                                      {product} {ergonomic}
     bool UseLargePagesIndividualAllocation        = false                                  {pd product} {ergonomic}
      int X86ICacheSync                            = 3                                 {ARCH diagnostic} {ergonomic}

Logging:
Log output configuration:
 #0: stdout all=warning uptime,level,tags foldmultilines=false
 #1: stderr all=off uptime,level,tags foldmultilines=false

Release file:
IMPLEMENTOR="Eclipse Adoptium" 
IMPLEMENTOR_VERSION="Temurin-26.0.1+8" 
JAVA_RUNTIME_VERSION="26.0.1+8" 
JAVA_VERSION="26.0.1" 
JAVA_VERSION_DATE="2026-04-21" 
LIBC="default" 
MODULES="java.base java.compiler java.datatransfer java.xml java.prefs java.desktop java.instrument java.logging java.management java.security.sasl java.naming java.rmi java.management.rmi java.net.http java.scripting java.security.jgss java.transaction.xa java.sql java.sql.rowset java.xml.crypto java.se java.smartcardio jdk.accessibility jdk.internal.jvmstat jdk.attach jdk.charsets jdk.internal.opt jdk.zipfs jdk.compiler jdk.crypto.cryptoki jdk.crypto.ec jdk.crypto.mscapi jdk.dynalink jdk.internal.ed jdk.editpad jdk.internal.vm.ci jdk.graal.compiler jdk.graal.compiler.management jdk.hotspot.agent jdk.httpserver jdk.incubator.vector jdk.internal.le jdk.internal.md jdk.jartool jdk.javadoc jdk.jcmd jdk.management jdk.management.agent jdk.jconsole jdk.jdeps jdk.jdwp.agent jdk.jdi jdk.jfr jdk.jlink jdk.jpackage jdk.jshell jdk.jstatd jdk.localedata jdk.management.jfr jdk.naming.dns jdk.naming.rmi jdk.net jdk.nio.mapmode jdk.sctp jdk.security.auth jdk.security.jgss jdk.unsupported jdk.unsupported.desktop jdk.xml.dom" 
OS_ARCH="x86_64" 
OS_NAME="Windows" 
SOURCE=".:git:1cafccec39fb" 
BUILD_SOURCE="git:a612825ee82a20ac872d60958c349854c1f29a8e"
BUILD_SOURCE_REPO="https://github.com/adoptium/temurin-build.git"
SOURCE_REPO="https://github.com/adoptium/jdk26u.git"
FULL_VERSION="26.0.1+8"
SEMANTIC_VERSION="26.0.1+8"
BUILD_INFO="OS: Windows Server 2022 Version: 10.0"
JVM_VARIANT="Hotspot"
JVM_VERSION="26.0.1+8"
IMAGE_TYPE="JDK"

Environment Variables:
JAVA_HOME=C:\Program Files\Apache NetBeans\jdk
PATH=C:\Program Files (x86)\Common Files\Oracle\Java\javapath;C:\WINDOWS\system32;C:\WINDOWS;C:\WINDOWS\System32\Wbem;C:\WINDOWS\System32\WindowsPowerShell\v1.0\;C:\WINDOWS\System32\OpenSSH\;C:\Program Files (x86)\NVIDIA Corporation\PhysX\Common;C:\Program Files\NVIDIA Corporation\NVIDIA NvDLISR;C:\Program Files\dotnet\;C:\Program Files\Git\cmd;C:\Users\DVDSTORE\AppData\Local\Microsoft\WindowsApps;C:\Users\DVDSTORE\AppData\Local\Programs\Microsoft VS Code\bin;;C:\Program Files\Apache NetBeans\bin\
USERNAME=DVDSTORE
OS=Windows_NT
PROCESSOR_IDENTIFIER=Intel64 Family 6 Model 151 Stepping 5, GenuineIntel
TMP=C:\Users\DVDSTORE\AppData\Local\Temp
TEMP=C:\Users\DVDSTORE\AppData\Local\Temp




Compilation memory statistics disabled.

Periodic native trim disabled

---------------  S Y S T E M  ---------------

OS:
 Windows 11 , 64 bit Build 26100 (10.0.26100.8875)
OS uptime: 3 days 17:10 hours

CPU: total 12 (initial active 12) (6 cores per cpu, 2 threads per core) family 6 model 151 stepping 5 microcode 0x2d, cx8, cmov, fxsr, ht, mmx, 3dnowpref, sse, sse2, sse3, ssse3, sse4.1, sse4.2, popcnt, lzcnt, tsc, tscinvbit, avx, avx2, aes, erms, clmul, bmi1, bmi2, adx, sha, fma, vzeroupper, clflush, clflushopt, clwb, serialize, rdtscp, rdpid, fsrm, gfni, f16c, pku, cet_ibt, cet_ss
Processor Information for the first 12 processors :
  Max Mhz: 2500, Current Mhz: 2500, Mhz Limit: 2500

Memory: 4k page, system-wide physical 16237M (1933M free)
TotalPageFile size 28525M (AvailPageFile size 133M)
current process WorkingSet (physical memory assigned to process): 111M, peak: 111M
current process commit charge ("private bytes"): 153M, peak: 164M

vm_info: OpenJDK 64-Bit Server VM (26.0.1+8) for windows-amd64 JRE (26.0.1+8), built on 2026-04-21T00:00:00Z with MS VC++ 17.12 (VS2022)

END.
