#
# There is insufficient memory for the Java Runtime Environment to continue.
# Native memory allocation (malloc) failed to allocate 554904 bytes. Error detail: Chunk::new
# Possible reasons:
#   The system is out of physical RAM or swap space
#   This process is running with CompressedOops enabled, and the Java Heap may be blocking the growth of the native heap
# Possible solutions:
#   Reduce memory load on the system
#   Increase physical memory or swap space
#   Check if swap backing store is full
#   Decrease Java heap size (-Xmx/-Xms)
#   Decrease number of Java threads
#   Decrease Java thread stack sizes (-Xss)
#   Set larger code cache with -XX:ReservedCodeCacheSize=
#   JVM is running with Zero Based Compressed Oops mode in which the Java heap is
#     placed in the first 32GB address space. The Java Heap base address is the
#     maximum limit for the native heap growth. Please use -XX:HeapBaseMinAddress
#     to set the Java Heap base and to place the Java Heap above 32GB virtual address.
# This output file may be truncated or incomplete.
#
#  Out of Memory Error (arena.cpp:193), pid=48060, tid=40476
#
# JRE version: OpenJDK Runtime Environment Temurin-26.0.1+8 (26.0.1+8) (build 26.0.1+8)
# Java VM: OpenJDK 64-Bit Server VM Temurin-26.0.1+8 (26.0.1+8, mixed mode, sharing, tiered, compressed oops, compressed class ptrs, g1 gc, windows-amd64)
# No core dump will be written. Minidumps are not enabled by default on client versions of Windows
#

---------------  S U M M A R Y ------------

Command Line: --enable-native-access=ALL-UNNAMED -Dclassworlds.conf=C:\Program Files\Apache NetBeans\java\maven\bin\m2.conf -Dmaven.home=C:\Program Files\Apache NetBeans\java\maven -Dlibrary.jansi.path=C:\Program Files\Apache NetBeans\java\maven\lib\jansi-native -Dmaven.multiModuleProjectDirectory=C:\Users\DVDSTORE\Desktop\LeetCode\ArrayList\ArrayList org.codehaus.plexus.classworlds.launcher.Launcher -Dexec.vmArgs= -Dexec.args=${exec.vmArgs} -classpath %classpath ${exec.mainClass} ${exec.appArgs} -Dexec.appArgs= -Dexec.mainClass=com.mycompany.arraylist.Driver -Dexec.executable=C:\Program Files\Apache NetBeans\jdk\bin\java.exe -Dmaven.ext.class.path=C:\Program Files\Apache NetBeans\java\maven-nblib\netbeans-eventspy.jar --no-transfer-progress process-classes org.codehaus.mojo:exec-maven-plugin:3.5.1:exec

Host: 12th Gen Intel(R) Core(TM) i5-12400F, 12 cores, 15G,  Windows 11 , 64 bit Build 26100 (10.0.26100.8875)
Time: Wed Aug 19 09:14:37 2026 Egypt Daylight Time elapsed time: 22.793320 seconds (0d 0h 0m 22s)

---------------  T H R E A D  ---------------

Current thread (0x0000016e6880d370):  JavaThread "C2 CompilerThread0" daemon [_thread_in_native, id=40476, stack(0x0000005e03d00000,0x0000005e03e00000) (1024K)]


Current CompileTask:
C2:22793 3827  s    4       java.lang.StringBuffer::append (13 bytes)

Stack: [0x0000005e03d00000,0x0000005e03e00000]
Native frames: (J=compiled Java code, j=interpreted, Vv=VM code, C=native code)
V  [jvm.dll+0x7db749]  (no source info available)
V  [jvm.dll+0x7a82bd]  (no source info available)
V  [jvm.dll+0xa44a60]  (no source info available)
V  [jvm.dll+0xa46eb1]  (no source info available)
V  [jvm.dll+0xa475c3]  (no source info available)
V  [jvm.dll+0x311a96]  (no source info available)
V  [jvm.dll+0x120316]  (no source info available)
V  [jvm.dll+0x12063e]  (no source info available)
V  [jvm.dll+0x1b2836]  (no source info available)
V  [jvm.dll+0x3ce802]  (no source info available)
V  [jvm.dll+0x7e430f]  (no source info available)
V  [jvm.dll+0x2d4597]  (no source info available)
V  [jvm.dll+0x2d350f]  (no source info available)
V  [jvm.dll+0x249670]  (no source info available)
V  [jvm.dll+0x2e363c]  (no source info available)
V  [jvm.dll+0x2e181d]  (no source info available)
V  [jvm.dll+0x4a82ae]  (no source info available)
V  [jvm.dll+0x9e3039]  (no source info available)
V  [jvm.dll+0x7dd228]  (no source info available)
C  [ucrtbase.dll+0x2cd30]  (no source info available)
C  [KERNEL32.DLL+0x2e957]  (no source info available)
C  [ntdll.dll+0xaad6c]  (no source info available)

Lock stack of current Java thread (top to bottom):


---------------  P R O C E S S  ---------------

Threads class SMR info:
_java_thread_list=0x0000016e6d719190, length=11, elements={
0x0000016e461764e0, 0x0000016e68801460, 0x0000016e68801eb0, 0x0000016e68805150,
0x0000016e68805d00, 0x0000016e688078c0, 0x0000016e68808470, 0x0000016e6880d370,
0x0000016e68817df0, 0x0000016e6885d9b0, 0x0000016e68862340
}

Java Threads: ( => current thread )
  0x0000016e461764e0 JavaThread "main"                              [_thread_in_vm, id=55448, stack(0x0000005e02e00000,0x0000005e02f00000) (1024K)]
  0x0000016e68801460 JavaThread "Reference Handler"          daemon [_thread_blocked, id=56052, stack(0x0000005e03700000,0x0000005e03800000) (1024K)]
  0x0000016e68801eb0 JavaThread "Finalizer"                  daemon [_thread_blocked, id=56056, stack(0x0000005e03800000,0x0000005e03900000) (1024K)]
  0x0000016e68805150 JavaThread "Signal Dispatcher"          daemon [_thread_blocked, id=56260, stack(0x0000005e03900000,0x0000005e03a00000) (1024K)]
  0x0000016e68805d00 JavaThread "Attach Listener"            daemon [_thread_blocked, id=56232, stack(0x0000005e03a00000,0x0000005e03b00000) (1024K)]
  0x0000016e688078c0 JavaThread "Service Thread"             daemon [_thread_blocked, id=49196, stack(0x0000005e03b00000,0x0000005e03c00000) (1024K)]
  0x0000016e68808470 JavaThread "Monitor Deflation Thread"   daemon [_thread_blocked, id=55572, stack(0x0000005e03c00000,0x0000005e03d00000) (1024K)]
=>0x0000016e6880d370 JavaThread "C2 CompilerThread0"         daemon [_thread_in_native, id=40476, stack(0x0000005e03d00000,0x0000005e03e00000) (1024K)]
  0x0000016e68817df0 JavaThread "C1 CompilerThread0"         daemon [_thread_blocked, id=47844, stack(0x0000005e03e00000,0x0000005e03f00000) (1024K)]
  0x0000016e6885d9b0 JavaThread "Notification Thread"        daemon [_thread_blocked, id=56336, stack(0x0000005e03f00000,0x0000005e04000000) (1024K)]
  0x0000016e68862340 JavaThread "Common-Cleaner"             daemon [_thread_blocked, id=56340, stack(0x0000005e04000000,0x0000005e04100000) (1024K)]
Total: 11

Other Threads:
  0x0000016e687ee350 VMThread "VM Thread"                           [id=47996, stack(0x0000005e03600000,0x0000005e03700000) (1024K)]
  0x0000016e686b8bd0 WatcherThread "VM Periodic Task Thread"        [id=50212, stack(0x0000005e03500000,0x0000005e03600000) (1024K)]
  0x0000016e48602230 WorkerThread "GC Thread#0"                     [id=55756, stack(0x0000005e02f00000,0x0000005e03000000) (1024K)]
  0x0000016e6d3a39e0 WorkerThread "GC Thread#1"                     [id=56224, stack(0x0000005e04200000,0x0000005e04300000) (1024K)]
  0x0000016e6dd03f00 WorkerThread "GC Thread#2"                     [id=57904, stack(0x0000005e04400000,0x0000005e04500000) (1024K)]
  0x0000016e6dbbc910 WorkerThread "GC Thread#3"                     [id=56012, stack(0x0000005e04100000,0x0000005e04200000) (1024K)]
  0x0000016e6dd9e970 WorkerThread "GC Thread#4"                     [id=59344, stack(0x0000005e04300000,0x0000005e04400000) (1024K)]
  0x0000016e6d3fd590 WorkerThread "GC Thread#5"                     [id=58840, stack(0x0000005e04500000,0x0000005e04600000) (1024K)]
  0x0000016e6e279b10 WorkerThread "GC Thread#6"                     [id=57336, stack(0x0000005e04600000,0x0000005e04700000) (1024K)]
  0x0000016e6de4ebc0 WorkerThread "GC Thread#7"                     [id=49856, stack(0x0000005e04800000,0x0000005e04900000) (1024K)]
  0x0000016e6de4d630 WorkerThread "GC Thread#8"                     [id=51004, stack(0x0000005e04900000,0x0000005e04a00000) (1024K)]
  0x0000016e6de509f0 WorkerThread "GC Thread#9"                     [id=51080, stack(0x0000005e04a00000,0x0000005e04b00000) (1024K)]
  0x0000016e4861af90 ConcurrentGCThread "G1 Main Marker"            [id=55760, stack(0x0000005e03000000,0x0000005e03100000) (1024K)]
  0x0000016e4861d2e0 WorkerThread "G1 Conc#0"                       [id=55764, stack(0x0000005e03100000,0x0000005e03200000) (1024K)]
  0x0000016e4863cb90 WorkerThread "G1 Refinement Workers#0"         [id=55772, stack(0x0000005e03300000,0x0000005e03400000) (1024K)]
  0x0000016e4863c1d0 ConcurrentGCThread "G1 Refine Control"         [id=55768, stack(0x0000005e03200000,0x0000005e03300000) (1024K)]
  0x0000016e4863e4c0 ConcurrentGCThread "G1 Service"                [id=55776, stack(0x0000005e03400000,0x0000005e03500000) (1024K)]
Total: 17

Threads with active compile tasks:
C2 CompilerThread0  23208 3827  s    4       java.lang.StringBuffer::append (13 bytes)
Total: 1

VM state: not at safepoint (normal execution)

VM Mutex/Monitor currently owned by a thread: None

Heap address: 0x0000000702400000, size: 4060 MB, Compressed Oops mode: Zero based, Oop shift amount: 3

CDS archive(s) mapped at: [0x0000000019000000-0x0000000019de0000-0x0000000019de0000), size 14548992, SharedBaseAddress: 0x0000000019000000, ArchiveRelocationMode: 1.
Compressed class space mapped at: 0x000000001a000000-0x000000005a000000, reserved size: 1073741824
UseCompressedClassPointers 1, UseCompactObjectHeaders 0
Narrow klass pointer bits 32, Max shift 3
Narrow klass base: 0x0000000019000000, Narrow klass shift: 0
Encoding Range: [0x0000000019000000 - 0x0000000119000000), (4294967296 bytes)
Klass Range:    [0x0000000019000000 - 0x000000005a000000), (1090519040 bytes)
Klass ID Range:  [8 - 1090519033) (1090519025)
Protection zone: [0x0000000019000000 - 0x0000000019010000), (65536 bytes)

GC Precious Log:
 CardTable entry size: 512
 Card Set container configuration: InlinePtr #cards 4 size 8 Array Of Cards #cards 16 size 48 Howl #buckets 8 coarsen threshold 3686 Howl Bitmap #cards 512 size 80 coarsen threshold 460 Card regions per heap region 1 cards per card region 4096
 CPUs: 12 total, 12 available
 Memory: 16237M
 Large Page Support: Disabled
 NUMA Support: Disabled
 Compressed Oops: Enabled (Zero based)
 Heap Region Size: 2M
 Heap Min Capacity: 8M
 Heap Initial Capacity: 8M
 Heap Max Capacity: 4060M
 Pre-touch: Disabled
 Parallel Workers: 10
 Concurrent Workers: 3
 Concurrent Refinement Workers: 10
 Periodic GC: Disabled

Heap:
 garbage-first heap   total reserved 4157440K, committed 30720K, used 18604K [0x0000000702400000, 0x0000000800000000)
  region size 2M, 5 eden (10M), 1 survivor (2M), 5 old (10M), 0 humongous (0M), 4 free (8M)

Heap Regions: E=young(eden), S=young(survivor), O=old, HS=humongous(starts), HC=humongous(continues), CS=collection set, F=free, TAMS=top-at-mark-start, PB=parsable bottom
|    0|0x0000000702400000, 0x0000000702600000, 0x0000000702600000|100%| O|  |TAMS 0x0000000702400000| PB 0x0000000702400000| Untracked |  0
|    1|0x0000000702600000, 0x0000000702800000, 0x0000000702800000|100%| O|  |TAMS 0x0000000702600000| PB 0x0000000702600000| Untracked |  0
|    2|0x0000000702800000, 0x0000000702a00000, 0x0000000702a00000|100%| O|  |TAMS 0x0000000702800000| PB 0x0000000702800000| Untracked |  0
|    3|0x0000000702a00000, 0x0000000702b7a6d8, 0x0000000702c00000| 73%| O|  |TAMS 0x0000000702a00000| PB 0x0000000702a00000| Untracked |  0
|    4|0x0000000702c00000, 0x0000000702c00000, 0x0000000702e00000|  0%| F|  |TAMS 0x0000000702c00000| PB 0x0000000702c00000| Untracked |  0
|    5|0x0000000702e00000, 0x0000000702e00000, 0x0000000703000000|  0%| F|  |TAMS 0x0000000702e00000| PB 0x0000000702e00000| Untracked |  0
|    6|0x0000000703000000, 0x0000000703000000, 0x0000000703200000|  0%| F|  |TAMS 0x0000000703000000| PB 0x0000000703000000| Untracked |  0
|    7|0x0000000703200000, 0x0000000703389110, 0x0000000703400000| 76%| S|CS|TAMS 0x0000000703200000| PB 0x0000000703200000| Complete  |  0
|    8|0x0000000703400000, 0x0000000703400000, 0x0000000703600000|  0%| F|  |TAMS 0x0000000703400000| PB 0x0000000703400000| Untracked |  0
|    9|0x0000000703600000, 0x000000070372abb0, 0x0000000703800000| 58%| E|CS|TAMS 0x0000000703600000| PB 0x0000000703600000| Complete  |  0
|   10|0x0000000703800000, 0x0000000703a00000, 0x0000000703a00000|100%| E|CS|TAMS 0x0000000703800000| PB 0x0000000703800000| Complete  |  0
|   11|0x0000000703a00000, 0x0000000703c00000, 0x0000000703c00000|100%| E|CS|TAMS 0x0000000703a00000| PB 0x0000000703a00000| Complete  |  0
|   12|0x0000000703c00000, 0x0000000703e00000, 0x0000000703e00000|100%| E|CS|TAMS 0x0000000703c00000| PB 0x0000000703c00000| Complete  |  0
|   13|0x0000000703e00000, 0x0000000704000000, 0x0000000704000000|100%| E|CS|TAMS 0x0000000703e00000| PB 0x0000000703e00000| Complete  |  0
| 2029|0x00000007ffe00000, 0x00000007fff27b70, 0x0000000800000000| 57%| O|  |TAMS 0x00000007ffe00000| PB 0x00000007ffe00000| Untracked |  0

Card table byte_map: [0x0000016e619d0000,0x0000016e621c0000] _byte_map_base: 0x0000016e5e1be000
Refinement table byte_map: [0x0000016e611e0000,0x0000016e619d0000] _byte_map_base: 0x0000016e5d9ce000

Marking Bits: (CMBitMap*) 0x0000016e486029b0
 Bits: [0x0000016e621c0000, 0x0000016e66130000)

Polling page: 0x0000016e47d40000

Metaspace:
Metaspace        used 16245K, committed 16512K, reserved 1114112K
 class space     used 2024K, committed 2176K, reserved 1048576K

Usage:
  Non-class:     13.89 MB used.
      Class:      1.98 MB used.
       Both:     15.87 MB used.

Virtual space:
  Non-class space:       64.00 MB reserved,      14.00 MB ( 22%) committed,  1 nodes.
      Class space:        1.00 GB reserved,       2.12 MB ( <1%) committed,  1 nodes.
             Both:        1.06 GB reserved,      16.12 MB (  1%) committed. 

Chunk freelists:
   Non-Class:  1.66 MB
       Class:  13.78 MB
        Both:  15.44 MB

MaxMetaspaceSize: unlimited
CompressedClassSpaceSize: 1.00 GB
Initial GC threshold: 21.00 MB
Current GC threshold: 21.00 MB
CDS: on
 - commit_granule_bytes: 65536.
 - commit_granule_words: 8192.
 - virtual_space_node_default_size: 8388608.
 - enlarge_chunks_in_place: 1.
UseCompressedClassPointers 1, UseCompactObjectHeaders 0
Narrow klass pointer bits 32, Max shift 3
Narrow klass base: 0x0000000019000000, Narrow klass shift: 0
Encoding Range: [0x0000000019000000 - 0x0000000119000000), (4294967296 bytes)
Klass Range:    [0x0000000019000000 - 0x000000005a000000), (1090519040 bytes)
Klass ID Range:  [8 - 1090519033) (1090519025)
Protection zone: [0x0000000019000000 - 0x0000000019010000), (65536 bytes)


Internal statistics:

num_allocs_failed_limit: 0.
num_arena_births: 136.
num_arena_deaths: 0.
num_vsnodes_births: 2.
num_vsnodes_deaths: 0.
num_space_committed: 258.
num_space_uncommitted: 0.
num_chunks_returned_to_freelist: 0.
num_chunks_taken_from_freelist: 727.
num_chunk_merges: 0.
num_chunk_splits: 480.
num_chunks_enlarged: 378.
num_inconsistent_stats: 0.

CodeHeap 'non-profiled nmethods': size=120064Kb used=1228Kb max_used=1228Kb free=118835Kb
 bounds [0x0000016e58f60000, 0x0000016e591d0000, 0x0000016e604a0000]
CodeHeap 'profiled nmethods': size=120064Kb used=6040Kb max_used=6040Kb free=114023Kb
 bounds [0x0000016e51480000, 0x0000016e51a70000, 0x0000016e589c0000]
CodeHeap 'non-nmethods': size=5760Kb used=1416Kb max_used=1454Kb free=4343Kb
 bounds [0x0000016e589c0000, 0x0000016e58c30000, 0x0000016e58f60000]
CodeCache: size=245888Kb, used=8684Kb, max_used=8722Kb, free=237201Kb
 total_blobs=4355, nmethods=3829, adapters=428, full_count=0
Compilation: enabled, stopped_count=0, restarted_count=0

Compilation events (20 events):
Event: 20.738 Thread 0x0000016e6880d370 nmethod 3818 0x0000016e59092d88 code [0x0000016e59092e80, 0x0000016e59092f10]
Event: 20.739 Thread 0x0000016e68817df0 3819       3       java.util.WeakHashMap::keySet (25 bytes)
Event: 20.740 Thread 0x0000016e68817df0 nmethod 3819 0x0000016e51a5cc88 code [0x0000016e51a5cd80, 0x0000016e51a5d1a0]
Event: 20.740 Thread 0x0000016e68817df0 3822       3       java.util.jar.JarFile::getManEntry (39 bytes)
Event: 20.740 Thread 0x0000016e68817df0 nmethod 3822 0x0000016e51a5d208 code [0x0000016e51a5d300, 0x0000016e51a5d688]
Event: 20.740 Thread 0x0000016e68817df0 3820       3       java.util.WeakHashMap$KeySet::<init> (15 bytes)
Event: 20.740 Thread 0x0000016e68817df0 nmethod 3820 0x0000016e51a5d708 code [0x0000016e51a5d800, 0x0000016e51a5dbc0]
Event: 20.740 Thread 0x0000016e68817df0 3821       3       java.nio.file.Files::readAttributes (11 bytes)
Event: 20.740 Thread 0x0000016e68817df0 nmethod 3821 0x0000016e51a5dc08 code [0x0000016e51a5dd00, 0x0000016e51a5dfa8]
Event: 20.745 Thread 0x0000016e68817df0 3823       3       java.lang.Character$UnicodeBlock::<init> (17 bytes)
Event: 20.745 Thread 0x0000016e68817df0 nmethod 3823 0x0000016e51a5e008 code [0x0000016e51a5e100, 0x0000016e51a5e528]
Event: 20.745 Thread 0x0000016e68817df0 3824       3       java.lang.Character$Subset::<init> (24 bytes)
Event: 20.745 Thread 0x0000016e68817df0 nmethod 3824 0x0000016e51a5e588 code [0x0000016e51a5e680, 0x0000016e51a5e930]
Event: 20.747 Thread 0x0000016e68817df0 3825       3       java.util.Calendar::internalSet (8 bytes)
Event: 20.747 Thread 0x0000016e68817df0 nmethod 3825 0x0000016e51a5e988 code [0x0000016e51a5ea80, 0x0000016e51a5eba8]
Event: 20.747 Thread 0x0000016e68817df0 3826       3       java.net.URI$Parser::at (23 bytes)
Event: 20.747 Thread 0x0000016e68817df0 nmethod 3826 0x0000016e51a5ec88 code [0x0000016e51a5ed80, 0x0000016e51a5f468]
Event: 20.786 Thread 0x0000016e6880d370 3827  s    4       java.lang.StringBuffer::append (13 bytes)
Event: 20.786 Thread 0x0000016e68817df0 3828       3       org.netbeans.shaded.json.simple.JSONValue::escape (276 bytes)
Event: 20.788 Thread 0x0000016e68817df0 nmethod 3828 0x0000016e51a5f488 code [0x0000016e51a5f580, 0x0000016e51a62ab0]

GC Heap Usage History (18 events):
Event: 1.211 {heap Before GC invocations=0 (full 0):
 garbage-first heap   total reserved 4157440K, committed 10240K, used 3230K [0x0000000702400000, 0x0000000800000000)
  region size 2M, 2 eden (4M), 0 survivor (0M), 1 old (2M), 0 humongous (0M), 2 free (4M)
}
Event: 1.329 {heap After GC invocations=1 (full 0):
 garbage-first heap   total reserved 4157440K, committed 10240K, used 2686K [0x0000000702400000, 0x0000000800000000)
  region size 2M, 0 eden (0M), 1 survivor (2M), 1 old (2M), 0 humongous (0M), 3 free (6M)
}
Event: 1.456 {heap Before GC invocations=1 (full 0):
 garbage-first heap   total reserved 4157440K, committed 10240K, used 2686K [0x0000000702400000, 0x0000000800000000)
  region size 2M, 1 eden (2M), 1 survivor (2M), 1 old (2M), 0 humongous (0M), 2 free (4M)
}
Event: 1.458 {heap After GC invocations=2 (full 0):
 garbage-first heap   total reserved 4157440K, committed 10240K, used 2898K [0x0000000702400000, 0x0000000800000000)
  region size 2M, 0 eden (0M), 1 survivor (2M), 2 old (4M), 0 humongous (0M), 2 free (4M)
}
Event: 1.559 {heap Before GC invocations=2 (full 0):
 garbage-first heap   total reserved 4157440K, committed 10240K, used 4946K [0x0000000702400000, 0x0000000800000000)
  region size 2M, 1 eden (2M), 1 survivor (2M), 2 old (4M), 0 humongous (0M), 1 free (2M)
}
Event: 1.561 {heap After GC invocations=3 (full 0):
 garbage-first heap   total reserved 4157440K, committed 30720K, used 3454K [0x0000000702400000, 0x0000000800000000)
  region size 2M, 0 eden (0M), 1 survivor (2M), 2 old (4M), 0 humongous (0M), 12 free (24M)
}
Event: 2.303 {heap Before GC invocations=3 (full 0):
 garbage-first heap   total reserved 4157440K, committed 30720K, used 15742K [0x0000000702400000, 0x0000000800000000)
  region size 2M, 6 eden (12M), 1 survivor (2M), 2 old (4M), 0 humongous (0M), 6 free (12M)
}
Event: 2.307 {heap After GC invocations=4 (full 0):
 garbage-first heap   total reserved 4157440K, committed 30720K, used 4462K [0x0000000702400000, 0x0000000800000000)
  region size 2M, 0 eden (0M), 1 survivor (2M), 2 old (4M), 0 humongous (0M), 12 free (24M)
}
Event: 2.931 {heap Before GC invocations=4 (full 0):
 garbage-first heap   total reserved 4157440K, committed 30720K, used 16750K [0x0000000702400000, 0x0000000800000000)
  region size 2M, 6 eden (12M), 1 survivor (2M), 2 old (4M), 0 humongous (0M), 6 free (12M)
}
Event: 2.935 {heap After GC invocations=5 (full 0):
 garbage-first heap   total reserved 4157440K, committed 30720K, used 4834K [0x0000000702400000, 0x0000000800000000)
  region size 2M, 0 eden (0M), 1 survivor (2M), 3 old (6M), 0 humongous (0M), 11 free (22M)
}
Event: 3.880 {heap Before GC invocations=5 (full 0):
 garbage-first heap   total reserved 4157440K, committed 30720K, used 19170K [0x0000000702400000, 0x0000000800000000)
  region size 2M, 7 eden (14M), 1 survivor (2M), 3 old (6M), 0 humongous (0M), 4 free (8M)
}
Event: 3.883 {heap After GC invocations=6 (full 0):
 garbage-first heap   total reserved 4157440K, committed 30720K, used 5749K [0x0000000702400000, 0x0000000800000000)
  region size 2M, 0 eden (0M), 1 survivor (2M), 3 old (6M), 0 humongous (0M), 11 free (22M)
}
Event: 5.790 {heap Before GC invocations=6 (full 0):
 garbage-first heap   total reserved 4157440K, committed 30720K, used 22133K [0x0000000702400000, 0x0000000800000000)
  region size 2M, 8 eden (16M), 1 survivor (2M), 3 old (6M), 0 humongous (0M), 3 free (6M)
}
Event: 5.795 {heap After GC invocations=7 (full 0):
 garbage-first heap   total reserved 4157440K, committed 30720K, used 7674K [0x0000000702400000, 0x0000000800000000)
  region size 2M, 0 eden (0M), 2 survivor (4M), 3 old (6M), 0 humongous (0M), 10 free (20M)
}
Event: 16.571 {heap Before GC invocations=7 (full 0):
 garbage-first heap   total reserved 4157440K, committed 30720K, used 22010K [0x0000000702400000, 0x0000000800000000)
  region size 2M, 7 eden (14M), 2 survivor (4M), 3 old (6M), 0 humongous (0M), 3 free (6M)
}
Event: 16.577 {heap After GC invocations=8 (full 0):
 garbage-first heap   total reserved 4157440K, committed 30720K, used 9331K [0x0000000702400000, 0x0000000800000000)
  region size 2M, 0 eden (0M), 2 survivor (4M), 4 old (8M), 0 humongous (0M), 9 free (18M)
}
Event: 18.307 {heap Before GC invocations=8 (full 0):
 garbage-first heap   total reserved 4157440K, committed 30720K, used 19571K [0x0000000702400000, 0x0000000800000000)
  region size 2M, 6 eden (12M), 2 survivor (4M), 4 old (8M), 0 humongous (0M), 3 free (6M)
}
Event: 18.314 {heap After GC invocations=9 (full 0):
 garbage-first heap   total reserved 4157440K, committed 30720K, used 10412K [0x0000000702400000, 0x0000000800000000)
  region size 2M, 0 eden (0M), 1 survivor (2M), 5 old (10M), 0 humongous (0M), 9 free (18M)
}

Metaspace Usage History (18 events):
Event: 1.211 {metaspace Before GC invocations=0 (full 0):
 Metaspace       used 1083K, committed 1216K, reserved 1114112K
  class space    used 88K, committed 128K, reserved 1048576K
}
Event: 1.329 {metaspace After GC invocations=1 (full 0):
 Metaspace       used 1083K, committed 1216K, reserved 1114112K
  class space    used 88K, committed 128K, reserved 1048576K
}
Event: 1.456 {metaspace Before GC invocations=1 (full 0):
 Metaspace       used 1975K, committed 2176K, reserved 1114112K
  class space    used 185K, committed 256K, reserved 1048576K
}
Event: 1.458 {metaspace After GC invocations=2 (full 0):
 Metaspace       used 1975K, committed 2176K, reserved 1114112K
  class space    used 185K, committed 256K, reserved 1048576K
}
Event: 1.559 {metaspace Before GC invocations=2 (full 0):
 Metaspace       used 2510K, committed 2688K, reserved 1114112K
  class space    used 237K, committed 320K, reserved 1048576K
}
Event: 1.561 {metaspace After GC invocations=3 (full 0):
 Metaspace       used 2510K, committed 2688K, reserved 1114112K
  class space    used 237K, committed 320K, reserved 1048576K
}
Event: 2.303 {metaspace Before GC invocations=3 (full 0):
 Metaspace       used 5522K, committed 5760K, reserved 1114112K
  class space    used 668K, committed 768K, reserved 1048576K
}
Event: 2.307 {metaspace After GC invocations=4 (full 0):
 Metaspace       used 5522K, committed 5760K, reserved 1114112K
  class space    used 668K, committed 768K, reserved 1048576K
}
Event: 2.931 {metaspace Before GC invocations=4 (full 0):
 Metaspace       used 6692K, committed 6912K, reserved 1114112K
  class space    used 810K, committed 896K, reserved 1048576K
}
Event: 2.935 {metaspace After GC invocations=5 (full 0):
 Metaspace       used 6692K, committed 6912K, reserved 1114112K
  class space    used 810K, committed 896K, reserved 1048576K
}
Event: 3.880 {metaspace Before GC invocations=5 (full 0):
 Metaspace       used 9165K, committed 9344K, reserved 1114112K
  class space    used 1139K, committed 1216K, reserved 1048576K
}
Event: 3.883 {metaspace After GC invocations=6 (full 0):
 Metaspace       used 9165K, committed 9344K, reserved 1114112K
  class space    used 1139K, committed 1216K, reserved 1048576K
}
Event: 5.790 {metaspace Before GC invocations=6 (full 0):
 Metaspace       used 12294K, committed 12544K, reserved 1114112K
  class space    used 1576K, committed 1664K, reserved 1048576K
}
Event: 5.795 {metaspace After GC invocations=7 (full 0):
 Metaspace       used 12294K, committed 12544K, reserved 1114112K
  class space    used 1576K, committed 1664K, reserved 1048576K
}
Event: 16.571 {metaspace Before GC invocations=7 (full 0):
 Metaspace       used 14888K, committed 15168K, reserved 1114112K
  class space    used 1874K, committed 1984K, reserved 1048576K
}
Event: 16.577 {metaspace After GC invocations=8 (full 0):
 Metaspace       used 14888K, committed 15168K, reserved 1114112K
  class space    used 1874K, committed 1984K, reserved 1048576K
}
Event: 18.307 {metaspace Before GC invocations=8 (full 0):
 Metaspace       used 15320K, committed 15552K, reserved 1114112K
  class space    used 1908K, committed 1984K, reserved 1048576K
}
Event: 18.314 {metaspace After GC invocations=9 (full 0):
 Metaspace       used 15320K, committed 15552K, reserved 1114112K
  class space    used 1908K, committed 1984K, reserved 1048576K
}

Dll operation events (14 events):
Event: 0.013 Attempting to load shared library C:\Program Files\Apache NetBeans\jdk\bin\java.dll
Event: 0.014 Loaded shared library C:\Program Files\Apache NetBeans\jdk\bin\java.dll
Event: 0.632 Attempting to load shared library C:\Program Files\Apache NetBeans\jdk\bin\net.dll
Event: 0.844 Loaded shared library C:\Program Files\Apache NetBeans\jdk\bin\net.dll
Event: 0.846 Attempting to load shared library C:\Program Files\Apache NetBeans\jdk\bin\nio.dll
Event: 0.847 Loaded shared library C:\Program Files\Apache NetBeans\jdk\bin\nio.dll
Event: 0.856 Attempting to load shared library C:\Program Files\Apache NetBeans\jdk\bin\zip.dll
Event: 0.856 Loaded shared library C:\Program Files\Apache NetBeans\jdk\bin\zip.dll
Event: 1.175 Attempting to load shared library C:\Program Files\Apache NetBeans\java\maven\lib\jansi-native\Windows\x86_64\jansi.dll
Event: 1.175 Loaded shared library C:\Program Files\Apache NetBeans\java\maven\lib\jansi-native\Windows\x86_64\jansi.dll
Event: 1.185 Attempting to load shared library C:\Program Files\Apache NetBeans\jdk\bin\verify.dll
Event: 1.211 Loaded shared library C:\Program Files\Apache NetBeans\jdk\bin\verify.dll
Event: 1.360 Attempting to load shared library C:\Program Files\Apache NetBeans\jdk\bin\jimage.dll
Event: 1.360 Loaded shared library C:\Program Files\Apache NetBeans\jdk\bin\jimage.dll

Deoptimization events (20 events):
Event: 19.972 Thread 0x0000016e461764e0 DEOPT PACKING pc=0x0000016e5901f984 sp=0x0000005e02efda60
Event: 19.972 Thread 0x0000016e461764e0 DEOPT UNPACKING pc=0x0000016e58a57602 sp=0x0000005e02efd9e8 mode 2
Event: 19.972 Thread 0x0000016e461764e0 Uncommon trap: trap_request=0xffffffc6 fr.pc=0x0000016e5901f984 relative=0x0000000000000084
Event: 19.972 Thread 0x0000016e461764e0 Uncommon trap: reason=bimorphic_or_optimized_type_check action=maybe_recompile pc=0x0000016e5901f984 method=com.google.inject.internal.LinkedBindingImpl.acceptTargetVisitor(Lcom/google/inject/spi/BindingTargetVisitor;)Ljava/lang/Object; @ 2 c2
Event: 19.972 Thread 0x0000016e461764e0 DEOPT PACKING pc=0x0000016e5901f984 sp=0x0000005e02efda60
Event: 19.972 Thread 0x0000016e461764e0 DEOPT UNPACKING pc=0x0000016e58a57602 sp=0x0000005e02efd9e8 mode 2
Event: 19.981 Thread 0x0000016e461764e0 Uncommon trap: trap_request=0xffffffc6 fr.pc=0x0000016e5901f984 relative=0x0000000000000084
Event: 19.981 Thread 0x0000016e461764e0 Uncommon trap: reason=bimorphic_or_optimized_type_check action=maybe_recompile pc=0x0000016e5901f984 method=com.google.inject.internal.LinkedBindingImpl.acceptTargetVisitor(Lcom/google/inject/spi/BindingTargetVisitor;)Ljava/lang/Object; @ 2 c2
Event: 19.981 Thread 0x0000016e461764e0 DEOPT PACKING pc=0x0000016e5901f984 sp=0x0000005e02efda60
Event: 19.981 Thread 0x0000016e461764e0 DEOPT UNPACKING pc=0x0000016e58a57602 sp=0x0000005e02efd9e8 mode 2
Event: 19.981 Thread 0x0000016e461764e0 Uncommon trap: trap_request=0xffffffc6 fr.pc=0x0000016e5901f984 relative=0x0000000000000084
Event: 19.981 Thread 0x0000016e461764e0 Uncommon trap: reason=bimorphic_or_optimized_type_check action=maybe_recompile pc=0x0000016e5901f984 method=com.google.inject.internal.LinkedBindingImpl.acceptTargetVisitor(Lcom/google/inject/spi/BindingTargetVisitor;)Ljava/lang/Object; @ 2 c2
Event: 19.981 Thread 0x0000016e461764e0 DEOPT PACKING pc=0x0000016e5901f984 sp=0x0000005e02efda60
Event: 19.981 Thread 0x0000016e461764e0 DEOPT UNPACKING pc=0x0000016e58a57602 sp=0x0000005e02efd9e8 mode 2
Event: 20.339 Thread 0x0000016e461764e0 Uncommon trap: trap_request=0xffffffcc fr.pc=0x0000016e5908bea0 relative=0x00000000000003a0
Event: 20.339 Thread 0x0000016e461764e0 Uncommon trap: reason=intrinsic_or_type_checked_inlining action=make_not_entrant pc=0x0000016e5908bea0 method=java.util.Arrays.copyOf([Ljava/lang/Object;ILjava/lang/Class;)[Ljava/lang/Object; @ 35 c2
Event: 20.339 Thread 0x0000016e461764e0 DEOPT PACKING pc=0x0000016e5908bea0 sp=0x0000005e02efc2c0
Event: 20.339 Thread 0x0000016e461764e0 DEOPT UNPACKING pc=0x0000016e58a57602 sp=0x0000005e02efc250 mode 2
Event: 20.692 Thread 0x0000016e461764e0 DEOPT PACKING pc=0x0000016e519399dc sp=0x0000005e02efe220
Event: 20.692 Thread 0x0000016e461764e0 DEOPT UNPACKING pc=0x0000016e58a11a02 sp=0x0000005e02efd6a8 mode 0

Classes loaded (20 events):
Event: 20.343 Loading class java/time/zone/Ser
Event: 20.343 Loading class java/io/Externalizable
Event: 20.343 Loading class java/io/Externalizable done
Event: 20.343 Loading class java/time/zone/Ser done
Event: 20.344 Loading class java/time/Month
Event: 20.344 Loading class java/time/Month done
Event: 20.344 Loading class java/time/DayOfWeek
Event: 20.344 Loading class java/time/DayOfWeek done
Event: 20.344 Loading class java/time/zone/ZoneOffsetTransitionRule$TimeDefinition
Event: 20.344 Loading class java/time/zone/ZoneOffsetTransitionRule$TimeDefinition done
Event: 20.344 Loading class java/time/zone/ZoneOffsetTransition
Event: 20.344 Loading class java/time/zone/ZoneOffsetTransition done
Event: 20.344 Loading class java/time/Year
Event: 20.345 Loading class java/time/Year done
Event: 20.644 Loading class jdk/internal/reflect/MethodHandleBooleanFieldAccessorImpl
Event: 20.644 Loading class jdk/internal/reflect/MethodHandleBooleanFieldAccessorImpl done
Event: 20.742 Loading class java/lang/Character$UnicodeBlock
Event: 20.744 Loading class java/lang/Character$Subset
Event: 20.744 Loading class java/lang/Character$Subset done
Event: 20.744 Loading class java/lang/Character$UnicodeBlock done

Classes unloaded (0 events):
No events

Classes redefined (0 events):
No events

Internal exceptions (20 events):
Event: 16.904 Thread 0x0000016e461764e0 Exception <a 'java/io/IOException'{0x0000000703a27810}> (0x0000000703a27810) 
thrown [s\src\hotspot\share\prims\jni.cpp, line 514]
Event: 16.904 Thread 0x0000016e461764e0 Exception <a 'java/io/IOException'{0x0000000703a27dd8}> (0x0000000703a27dd8) 
thrown [s\src\hotspot\share\prims\jni.cpp, line 514]
Event: 16.904 Thread 0x0000016e461764e0 Exception <a 'java/io/IOException'{0x0000000703a28698}> (0x0000000703a28698) 
thrown [s\src\hotspot\share\prims\jni.cpp, line 514]
Event: 16.904 Thread 0x0000016e461764e0 Exception <a 'java/io/IOException'{0x0000000703a28c98}> (0x0000000703a28c98) 
thrown [s\src\hotspot\share\prims\jni.cpp, line 514]
Event: 16.904 Thread 0x0000016e461764e0 Exception <a 'java/io/IOException'{0x0000000703a29260}> (0x0000000703a29260) 
thrown [s\src\hotspot\share\prims\jni.cpp, line 514]
Event: 16.904 Thread 0x0000016e461764e0 Exception <a 'java/io/IOException'{0x0000000703a29828}> (0x0000000703a29828) 
thrown [s\src\hotspot\share\prims\jni.cpp, line 514]
Event: 16.904 Thread 0x0000016e461764e0 Exception <a 'java/io/IOException'{0x0000000703a2ab38}> (0x0000000703a2ab38) 
thrown [s\src\hotspot\share\prims\jni.cpp, line 514]
Event: 16.905 Thread 0x0000016e461764e0 Exception <a 'java/io/IOException'{0x0000000703a2b138}> (0x0000000703a2b138) 
thrown [s\src\hotspot\share\prims\jni.cpp, line 514]
Event: 16.905 Thread 0x0000016e461764e0 Exception <a 'java/io/IOException'{0x0000000703a2b700}> (0x0000000703a2b700) 
thrown [s\src\hotspot\share\prims\jni.cpp, line 514]
Event: 16.905 Thread 0x0000016e461764e0 Exception <a 'java/io/IOException'{0x0000000703a2bcc8}> (0x0000000703a2bcc8) 
thrown [s\src\hotspot\share\prims\jni.cpp, line 514]
Event: 16.906 Thread 0x0000016e461764e0 Exception <a 'java/lang/NoSuchMethodError'{0x0000000703a3eb50}: 'java.lang.Object java.lang.invoke.DirectMethodHandle$Holder.newInvokeSpecial(java.lang.Object, java.lang.Object, java.lang.Object, java.lang.Object, java.lang.Object, java.lang.Object, java.lang.Object)'> (0x0000000703a3eb50) 
thrown [s\src\hotspot\share\interpreter\linkResolver.cpp, line 804]
Event: 20.118 Thread 0x0000016e461764e0 Exception <a 'java/lang/NoSuchMethodError'{0x0000000703848660}: 'int java.lang.invoke.DirectMethodHandle$Holder.invokeVirtual(java.lang.Object, java.lang.Object)'> (0x0000000703848660) 
thrown [s\src\hotspot\share\interpreter\linkResolver.cpp, line 804]
Event: 20.786 Thread 0x0000016e461764e0 Exception <a 'java/io/IOException'{0x0000000703680080}> (0x0000000703680080) 
thrown [s\src\hotspot\share\prims\jni.cpp, line 514]
Event: 20.786 Thread 0x0000016e461764e0 Exception <a 'java/io/IOException'{0x0000000703680680}> (0x0000000703680680) 
thrown [s\src\hotspot\share\prims\jni.cpp, line 514]
Event: 20.786 Thread 0x0000016e461764e0 Exception <a 'java/io/IOException'{0x0000000703680c48}> (0x0000000703680c48) 
thrown [s\src\hotspot\share\prims\jni.cpp, line 514]
Event: 20.786 Thread 0x0000016e461764e0 Exception <a 'java/io/IOException'{0x0000000703681210}> (0x0000000703681210) 
thrown [s\src\hotspot\share\prims\jni.cpp, line 514]
Event: 20.787 Thread 0x0000016e461764e0 Exception <a 'java/io/IOException'{0x000000070368f918}> (0x000000070368f918) 
thrown [s\src\hotspot\share\prims\jni.cpp, line 514]
Event: 20.787 Thread 0x0000016e461764e0 Exception <a 'java/io/IOException'{0x000000070368ff18}> (0x000000070368ff18) 
thrown [s\src\hotspot\share\prims\jni.cpp, line 514]
Event: 20.787 Thread 0x0000016e461764e0 Exception <a 'java/io/IOException'{0x00000007036904e0}> (0x00000007036904e0) 
thrown [s\src\hotspot\share\prims\jni.cpp, line 514]
Event: 20.787 Thread 0x0000016e461764e0 Exception <a 'java/io/IOException'{0x0000000703690aa8}> (0x0000000703690aa8) 
thrown [s\src\hotspot\share\prims\jni.cpp, line 514]

VM Operations (20 events):
Event: 5.498 Executing non-safepoint VM operation: HandshakeAllThreads (Deoptimize)
Event: 5.498 Executing non-safepoint VM operation: HandshakeAllThreads (Deoptimize) done
Event: 5.790 Executing safepoint VM operation: G1CollectForAllocation (G1 Evacuation Pause)
Event: 5.796 Executing safepoint VM operation: G1CollectForAllocation (G1 Evacuation Pause) done
Event: 6.122 Executing non-safepoint VM operation: HandshakeAllThreads (Deoptimize)
Event: 6.122 Executing non-safepoint VM operation: HandshakeAllThreads (Deoptimize) done
Event: 6.377 Executing non-safepoint VM operation: HandshakeAllThreads (Deoptimize)
Event: 6.377 Executing non-safepoint VM operation: HandshakeAllThreads (Deoptimize) done
Event: 6.681 Executing non-safepoint VM operation: HandshakeAllThreads (Deoptimize)
Event: 6.681 Executing non-safepoint VM operation: HandshakeAllThreads (Deoptimize) done
Event: 6.822 Executing non-safepoint VM operation: HandshakeAllThreads (Deoptimize)
Event: 6.822 Executing non-safepoint VM operation: HandshakeAllThreads (Deoptimize) done
Event: 6.826 Executing non-safepoint VM operation: HandshakeAllThreads (Deoptimize)
Event: 6.826 Executing non-safepoint VM operation: HandshakeAllThreads (Deoptimize) done
Event: 16.571 Executing safepoint VM operation: G1CollectForAllocation (G1 Evacuation Pause)
Event: 16.577 Executing safepoint VM operation: G1CollectForAllocation (G1 Evacuation Pause) done
Event: 18.307 Executing safepoint VM operation: G1CollectForAllocation (G1 Evacuation Pause)
Event: 18.314 Executing safepoint VM operation: G1CollectForAllocation (G1 Evacuation Pause) done
Event: 20.644 Executing non-safepoint VM operation: HandshakeAllThreads (Deoptimize)
Event: 20.644 Executing non-safepoint VM operation: HandshakeAllThreads (Deoptimize) done

Memory protections (0 events):
No events

Nmethod flushes (0 events):
No events

Events (20 events):
Event: 0.573 Thread 0x0000016e461764e0 Thread added: 0x0000016e68801460
Event: 0.573 Thread 0x0000016e461764e0 Thread added: 0x0000016e68801eb0
Event: 0.573 Thread 0x0000016e461764e0 Thread added: 0x0000016e68805150
Event: 0.573 Thread 0x0000016e461764e0 Thread added: 0x0000016e68805d00
Event: 0.573 Thread 0x0000016e461764e0 Thread added: 0x0000016e688078c0
Event: 0.573 Thread 0x0000016e461764e0 Thread added: 0x0000016e68808470
Event: 0.573 Thread 0x0000016e461764e0 Thread added: 0x0000016e6880d370
Event: 0.574 Thread 0x0000016e461764e0 Thread added: 0x0000016e68817df0
Event: 0.582 Thread 0x0000016e461764e0 Thread added: 0x0000016e6885d9b0
Event: 0.584 Thread 0x0000016e461764e0 Thread added: 0x0000016e68862340
Event: 1.173 Thread 0x0000016e461764e0 Thread added: 0x0000016e6d395650
Event: 1.377 Thread 0x0000016e6d395650 Thread exited: 0x0000016e6d395650
Event: 1.619 Thread 0x0000016e68817df0 Thread added: 0x0000016e6da9e480
Event: 1.896 Thread 0x0000016e6da9e480 Thread exited: 0x0000016e6da9e480
Event: 2.085 Thread 0x0000016e68817df0 Thread added: 0x0000016e6dbc2fb0
Event: 2.122 Thread 0x0000016e68817df0 Thread added: 0x0000016e6db977c0
Event: 2.493 Thread 0x0000016e6db977c0 Thread exited: 0x0000016e6db977c0
Event: 2.493 Thread 0x0000016e6dbc2fb0 Thread exited: 0x0000016e6dbc2fb0
Event: 16.888 Thread 0x0000016e68817df0 Thread added: 0x0000016e6e322010
Event: 17.470 Thread 0x0000016e6e322010 Thread exited: 0x0000016e6e322010


Dynamic libraries:
0x00007ff623720000 - 0x00007ff62372e000 	C:\Program Files\Apache NetBeans\jdk\bin\java.exe
0x00007ff832b60000 - 0x00007ff832dc6000 	C:\WINDOWS\SYSTEM32\ntdll.dll
0x00007ff831820000 - 0x00007ff8318e9000 	C:\WINDOWS\System32\KERNEL32.DLL
0x00007ff82fd80000 - 0x00007ff83017e000 	C:\WINDOWS\System32\KERNELBASE.dll
0x00007ff82cc20000 - 0x00007ff82ccc0000 	C:\WINDOWS\SYSTEM32\apphelp.dll
0x00007ff830670000 - 0x00007ff8307bc000 	C:\WINDOWS\System32\ucrtbase.dll
0x00007ff805820000 - 0x00007ff805837000 	C:\Program Files\Apache NetBeans\jdk\bin\jli.dll
0x00007ff8315a0000 - 0x00007ff831767000 	C:\WINDOWS\System32\USER32.dll
0x00007ff830440000 - 0x00007ff830467000 	C:\WINDOWS\System32\win32u.dll
0x00007ff8312b0000 - 0x00007ff8312db000 	C:\WINDOWS\System32\GDI32.dll
0x00007ff830190000 - 0x00007ff8302ba000 	C:\WINDOWS\System32\gdi32full.dll
0x00007ff830470000 - 0x00007ff830513000 	C:\WINDOWS\System32\msvcp_win.dll
0x00007ff806240000 - 0x00007ff80625e000 	C:\Program Files\Apache NetBeans\jdk\bin\VCRUNTIME140.dll
0x00007ff815670000 - 0x00007ff815902000 	C:\WINDOWS\WinSxS\amd64_microsoft.windows.common-controls_6595b64144ccf1df_6.0.26100.8875_none_3e0d5d42e32fe9dd\COMCTL32.dll
0x00007ff831770000 - 0x00007ff831819000 	C:\WINDOWS\System32\msvcrt.dll
0x00007ff8323e0000 - 0x00007ff832412000 	C:\WINDOWS\System32\IMM32.DLL
0x000000005b940000 - 0x000000005b94d000 	C:\Program Files (x86)\360\Total Security\safemon\SafeWrapper.dll
0x00007ff832960000 - 0x00007ff832a17000 	C:\WINDOWS\System32\ADVAPI32.dll
0x00007ff830890000 - 0x00007ff83093a000 	C:\WINDOWS\System32\sechost.dll
0x00007ff830b50000 - 0x00007ff830c68000 	C:\WINDOWS\System32\RPCRT4.dll
0x00007ff8296f0000 - 0x00007ff8297f5000 	C:\Program Files (x86)\360\Total Security\safemon\libzdtp64.dll
0x00007ff831aa0000 - 0x00007ff832232000 	C:\WINDOWS\System32\SHELL32.dll
0x00007ff8319f0000 - 0x00007ff831a57000 	C:\WINDOWS\System32\SHLWAPI.dll
0x00007ff82f7c0000 - 0x00007ff82f7cb000 	C:\WINDOWS\SYSTEM32\VERSION.dll
0x00007ff82ae80000 - 0x00007ff82ae8c000 	C:\Program Files\Apache NetBeans\jdk\bin\vcruntime140_1.dll
0x00007fffb1950000 - 0x00007fffb19dd000 	C:\Program Files\Apache NetBeans\jdk\bin\msvcp140.dll
0x00007fff8c260000 - 0x00007fff8d1f9000 	C:\Program Files\Apache NetBeans\jdk\bin\server\jvm.dll
0x00007ff832440000 - 0x00007ff8324c0000 	C:\WINDOWS\System32\WS2_32.dll
0x00007ff82fbe0000 - 0x00007ff82fc3e000 	C:\WINDOWS\SYSTEM32\POWRPROF.dll
0x00007ff821b50000 - 0x00007ff821b86000 	C:\WINDOWS\SYSTEM32\WINMM.dll
0x00007ff82fbc0000 - 0x00007ff82fbd4000 	C:\WINDOWS\SYSTEM32\UMPDC.dll
0x00007ff82e9e0000 - 0x00007ff82e9fb000 	C:\WINDOWS\SYSTEM32\kernel.appcore.dll
0x00007ff8186a0000 - 0x00007ff8186aa000 	C:\Program Files\Apache NetBeans\jdk\bin\jimage.dll
0x00007ff81fc20000 - 0x00007ff81fe62000 	C:\WINDOWS\SYSTEM32\DBGHELP.DLL
0x00007ff830f20000 - 0x00007ff8312a3000 	C:\WINDOWS\System32\combase.dll
0x00007ff8314c0000 - 0x00007ff831599000 	C:\WINDOWS\System32\OLEAUT32.dll
0x00007ff816360000 - 0x00007ff81639b000 	C:\WINDOWS\SYSTEM32\dbgcore.DLL
0x00007ff8307d0000 - 0x00007ff83087c000 	C:\WINDOWS\System32\bcryptPrimitives.dll
0x00007ff805a80000 - 0x00007ff805a9e000 	C:\Program Files\Apache NetBeans\jdk\bin\java.dll
0x00007ff832240000 - 0x00007ff8323d9000 	C:\WINDOWS\System32\ole32.dll
0x00007ff82d7e0000 - 0x00007ff82e072000 	C:\WINDOWS\SYSTEM32\windows.storage.dll
0x00007ff8318f0000 - 0x00007ff8319e7000 	C:\WINDOWS\System32\SHCORE.dll
0x00007ff82fca0000 - 0x00007ff82fcc9000 	C:\WINDOWS\SYSTEM32\profapi.dll
0x00007ff800060000 - 0x00007ff800071000 	C:\Program Files\Apache NetBeans\jdk\bin\net.dll
0x00007ff82ef90000 - 0x00007ff82effc000 	C:\WINDOWS\system32\mswsock.dll
0x00007ffffa340000 - 0x00007ffffa356000 	C:\Program Files\Apache NetBeans\jdk\bin\nio.dll
0x00007ff8016f0000 - 0x00007ff801707000 	C:\Program Files\Apache NetBeans\jdk\bin\zip.dll
0x00007ffff5920000 - 0x00007ffff5944000 	C:\Program Files\Apache NetBeans\java\maven\lib\jansi-native\Windows\x86_64\jansi.dll
0x00007ff814b00000 - 0x00007ff814b10000 	C:\Program Files\Apache NetBeans\jdk\bin\verify.dll

JVMTI agents: none

dbghelp: loaded successfully - version: 4.0.5 - missing functions: none
symbol engine: initialized successfully - sym options: 0x614 - pdb path: .;C:\Program Files\Apache NetBeans\jdk\bin;C:\WINDOWS\SYSTEM32;C:\WINDOWS\WinSxS\amd64_microsoft.windows.common-controls_6595b64144ccf1df_6.0.26100.8875_none_3e0d5d42e32fe9dd;C:\Program Files (x86)\360\Total Security\safemon;C:\Program Files\Apache NetBeans\jdk\bin\server;C:\Program Files\Apache NetBeans\java\maven\lib\jansi-native\Windows\x86_64

VM Arguments:
jvm_args: --enable-native-access=ALL-UNNAMED -Dclassworlds.conf=C:\Program Files\Apache NetBeans\java\maven\bin\m2.conf -Dmaven.home=C:\Program Files\Apache NetBeans\java\maven -Dlibrary.jansi.path=C:\Program Files\Apache NetBeans\java\maven\lib\jansi-native -Dmaven.multiModuleProjectDirectory=C:\Users\DVDSTORE\Desktop\LeetCode\ArrayList\ArrayList 
java_command: org.codehaus.plexus.classworlds.launcher.Launcher -Dexec.vmArgs= -Dexec.args=${exec.vmArgs} -classpath %classpath ${exec.mainClass} ${exec.appArgs} -Dexec.appArgs= -Dexec.mainClass=com.mycompany.arraylist.Driver -Dexec.executable=C:\Program Files\Apache NetBeans\jdk\bin\java.exe -Dmaven.ext.class.path=C:\Program Files\Apache NetBeans\java\maven-nblib\netbeans-eventspy.jar --no-transfer-progress process-classes org.codehaus.mojo:exec-maven-plugin:3.5.1:exec
java_class_path (initial): C:\Program Files\Apache NetBeans\java\maven\boot\plexus-classworlds-2.9.0.jar
Launcher Type: SUN_STANDARD

[Global flags]
     bool AOTAdapterCaching                        = false                                  {diagnostic} {ergonomic}
     bool AOTInvokeDynamicLinking                  = false                                  {diagnostic} {ergonomic}
     bool AOTRecordTraining                        = false                                  {diagnostic} {ergonomic}
     bool AOTReplayTraining                        = false                                  {diagnostic} {ergonomic}
     bool AOTStubCaching                           = false                                  {diagnostic} {ergonomic}
     intx CICompilerCount                          = 4                                         {product} {ergonomic}
     uint ConcGCThreads                            = 3                                         {product} {ergonomic}
     uint G1ConcRefinementThreads                  = 10                                        {product} {ergonomic}
     uint G1EagerReclaimRemSetThreshold            = 16                                   {experimental} {ergonomic}
   size_t G1HeapRegionSize                         = 2097152                                   {product} {ergonomic}
     uint G1RemSetArrayOfCardsEntries              = 16                                   {experimental} {ergonomic}
     uint G1RemSetHowlMaxNumBuckets                = 8                                    {experimental} {ergonomic}
     uint G1RemSetHowlNumBuckets                   = 8                                    {experimental} {ergonomic}
   size_t InitialHeapSize                          = 8388608                                   {product} {ergonomic}
     bool IntelJccErratumMitigation                = false                             {ARCH diagnostic} {ergonomic}
   size_t MarkStackSize                            = 4194304                                   {product} {ergonomic}
   size_t MarkStackSizeMax                         = 536870912                                 {product} {ergonomic}
   size_t MaxHeapSize                              = 4257218560                                {product} {ergonomic}
   size_t MaxNewSize                               = 2554331136                                {product} {ergonomic}
 uint64_t MaxRAM                                   = 17026142208                               {product} {ergonomic}
   size_t MinHeapDeltaBytes                        = 2097152                                   {product} {ergonomic}
   size_t MinHeapSize                              = 8388608                                   {product} {ergonomic}
   size_t NonNMethodCodeHeapSize                   = 5898240                                {pd product} {ergonomic}
   size_t NonProfiledCodeHeapSize                  = 122945536                              {pd product} {ergonomic}
   size_t ProfiledCodeHeapSize                     = 122945536                              {pd product} {ergonomic}
   size_t ReservedCodeCacheSize                    = 251789312                              {pd product} {ergonomic}
     bool SegmentedCodeCache                       = true                                      {product} {ergonomic}
   size_t SoftMaxHeapSize                          = 4257218560                             {manageable} {ergonomic}
     bool UseCompressedOops                        = true                           {product lp64_product} {ergonomic}
     bool UseCondCardMark                          = true                                      {product} {ergonomic}
     bool UseFastUnorderedTimeStamps               = true                                 {experimental} {ergonomic}
     bool UseG1GC                                  = true                                      {product} {ergonomic}
     bool UseLargePagesIndividualAllocation        = false                                  {pd product} {ergonomic}
      int X86ICacheSync                            = 3                                 {ARCH diagnostic} {ergonomic}

Logging:
Log output configuration:
 #0: stdout all=warning uptime,level,tags foldmultilines=false
 #1: stderr all=off uptime,level,tags foldmultilines=false

Release file:
IMPLEMENTOR="Eclipse Adoptium" 
IMPLEMENTOR_VERSION="Temurin-26.0.1+8" 
JAVA_RUNTIME_VERSION="26.0.1+8" 
JAVA_VERSION="26.0.1" 
JAVA_VERSION_DATE="2026-04-21" 
LIBC="default" 
MODULES="java.base java.compiler java.datatransfer java.xml java.prefs java.desktop java.instrument java.logging java.management java.security.sasl java.naming java.rmi java.management.rmi java.net.http java.scripting java.security.jgss java.transaction.xa java.sql java.sql.rowset java.xml.crypto java.se java.smartcardio jdk.accessibility jdk.internal.jvmstat jdk.attach jdk.charsets jdk.internal.opt jdk.zipfs jdk.compiler jdk.crypto.cryptoki jdk.crypto.ec jdk.crypto.mscapi jdk.dynalink jdk.internal.ed jdk.editpad jdk.internal.vm.ci jdk.graal.compiler jdk.graal.compiler.management jdk.hotspot.agent jdk.httpserver jdk.incubator.vector jdk.internal.le jdk.internal.md jdk.jartool jdk.javadoc jdk.jcmd jdk.management jdk.management.agent jdk.jconsole jdk.jdeps jdk.jdwp.agent jdk.jdi jdk.jfr jdk.jlink jdk.jpackage jdk.jshell jdk.jstatd jdk.localedata jdk.management.jfr jdk.naming.dns jdk.naming.rmi jdk.net jdk.nio.mapmode jdk.sctp jdk.security.auth jdk.security.jgss jdk.unsupported jdk.unsupported.desktop jdk.xml.dom" 
OS_ARCH="x86_64" 
OS_NAME="Windows" 
SOURCE=".:git:1cafccec39fb" 
BUILD_SOURCE="git:a612825ee82a20ac872d60958c349854c1f29a8e"
BUILD_SOURCE_REPO="https://github.com/adoptium/temurin-build.git"
SOURCE_REPO="https://github.com/adoptium/jdk26u.git"
FULL_VERSION="26.0.1+8"
SEMANTIC_VERSION="26.0.1+8"
BUILD_INFO="OS: Windows Server 2022 Version: 10.0"
JVM_VARIANT="Hotspot"
JVM_VERSION="26.0.1+8"
IMAGE_TYPE="JDK"

Environment Variables:
JAVA_HOME=C:\Program Files\Apache NetBeans\jdk
PATH=C:\Program Files (x86)\Common Files\Oracle\Java\javapath;C:\WINDOWS\system32;C:\WINDOWS;C:\WINDOWS\System32\Wbem;C:\WINDOWS\System32\WindowsPowerShell\v1.0\;C:\WINDOWS\System32\OpenSSH\;C:\Program Files (x86)\NVIDIA Corporation\PhysX\Common;C:\Program Files\NVIDIA Corporation\NVIDIA NvDLISR;C:\Program Files\dotnet\;C:\Program Files\Git\cmd;C:\Users\DVDSTORE\AppData\Local\Microsoft\WindowsApps;C:\Users\DVDSTORE\AppData\Local\Programs\Microsoft VS Code\bin;;C:\Program Files\Apache NetBeans\bin\
USERNAME=DVDSTORE
OS=Windows_NT
PROCESSOR_IDENTIFIER=Intel64 Family 6 Model 151 Stepping 5, GenuineIntel
TMP=C:\Users\DVDSTORE\AppData\Local\Temp
TEMP=C:\Users\DVDSTORE\AppData\Local\Temp




Compilation memory statistics disabled.

Periodic native trim disabled

---------------  S Y S T E M  ---------------

OS:
 Windows 11 , 64 bit Build 26100 (10.0.26100.8875)
OS uptime: 3 days 17:10 hours

CPU: total 12 (initial active 12) (6 cores per cpu, 2 threads per core) family 6 model 151 stepping 5 microcode 0x2d, cx8, cmov, fxsr, ht, mmx, 3dnowpref, sse, sse2, sse3, ssse3, sse4.1, sse4.2, popcnt, lzcnt, tsc, tscinvbit, avx, avx2, aes, erms, clmul, bmi1, bmi2, adx, sha, fma, vzeroupper, clflush, clflushopt, clwb, serialize, rdtscp, rdpid, fsrm, gfni, f16c, pku, cet_ibt, cet_ss
Processor Information for the first 12 processors :
  Max Mhz: 2500, Current Mhz: 2500, Mhz Limit: 2500

Memory: 4k page, system-wide physical 16237M (2001M free)
TotalPageFile size 28525M (AvailPageFile size 376M)
current process WorkingSet (physical memory assigned to process): 108M, peak: 110M
current process commit charge ("private bytes"): 147M, peak: 162M

vm_info: OpenJDK 64-Bit Server VM (26.0.1+8) for windows-amd64 JRE (26.0.1+8), built on 2026-04-21T00:00:00Z with MS VC++ 17.12 (VS2022)

END.
