#
# There is insufficient memory for the Java Runtime Environment to continue.
# Native memory allocation (malloc) failed to allocate 1313240 bytes. Error detail: Chunk::new
# Possible reasons:
#   The system is out of physical RAM or swap space
#   This process is running with CompressedOops enabled, and the Java Heap may be blocking the growth of the native heap
# Possible solutions:
#   Reduce memory load on the system
#   Increase physical memory or swap space
#   Check if swap backing store is full
#   Decrease Java heap size (-Xmx/-Xms)
#   Decrease number of Java threads
#   Decrease Java thread stack sizes (-Xss)
#   Set larger code cache with -XX:ReservedCodeCacheSize=
#   JVM is running with Zero Based Compressed Oops mode in which the Java heap is
#     placed in the first 32GB address space. The Java Heap base address is the
#     maximum limit for the native heap growth. Please use -XX:HeapBaseMinAddress
#     to set the Java Heap base and to place the Java Heap above 32GB virtual address.
# This output file may be truncated or incomplete.
#
#  Out of Memory Error (arena.cpp:193), pid=18668, tid=30384
#
# JRE version: OpenJDK Runtime Environment Temurin-26.0.1+8 (26.0.1+8) (build 26.0.1+8)
# Java VM: OpenJDK 64-Bit Server VM Temurin-26.0.1+8 (26.0.1+8, mixed mode, sharing, tiered, compressed oops, compressed class ptrs, g1 gc, windows-amd64)
# No core dump will be written. Minidumps are not enabled by default on client versions of Windows
#

---------------  S U M M A R Y ------------

Command Line: --enable-native-access=ALL-UNNAMED -Dclassworlds.conf=C:\Program Files\Apache NetBeans\java\maven\bin\m2.conf -Dmaven.home=C:\Program Files\Apache NetBeans\java\maven -Dlibrary.jansi.path=C:\Program Files\Apache NetBeans\java\maven\lib\jansi-native -Dmaven.multiModuleProjectDirectory=C:\Users\DVDSTORE\Desktop\LeetCode\ArrayList\ArrayList org.codehaus.plexus.classworlds.launcher.Launcher -Dexec.vmArgs= -Dexec.args=${exec.vmArgs} -classpath %classpath ${exec.mainClass} ${exec.appArgs} -Dexec.appArgs= -Dexec.mainClass=com.mycompany.arraylist.Driver -Dexec.executable=C:\Program Files\Apache NetBeans\jdk\bin\java.exe -Dmaven.ext.class.path=C:\Program Files\Apache NetBeans\java\maven-nblib\netbeans-eventspy.jar --no-transfer-progress process-classes org.codehaus.mojo:exec-maven-plugin:3.5.1:exec

Host: 12th Gen Intel(R) Core(TM) i5-12400F, 12 cores, 15G,  Windows 11 , 64 bit Build 26100 (10.0.26100.8875)
Time: Wed Aug 19 09:14:37 2026 Egypt Daylight Time elapsed time: 1.630865 seconds (0d 0h 0m 1s)

---------------  T H R E A D  ---------------

Current thread (0x000002a7961be770):  JavaThread "C2 CompilerThread1" daemon [_thread_in_native, id=30384, stack(0x000000e7ff100000,0x000000e7ff200000) (1024K)]


Current CompileTask:
C2:1630 1639 %     4       java.util.jar.JarFile::match @ 14 (132 bytes)

Stack: [0x000000e7ff100000,0x000000e7ff200000]
Native frames: (J=compiled Java code, j=interpreted, Vv=VM code, C=native code)
V  [jvm.dll+0x7db749]  (no source info available)
V  [jvm.dll+0x7a82bd]  (no source info available)
V  [jvm.dll+0xa44a60]  (no source info available)
V  [jvm.dll+0xa46eb1]  (no source info available)
V  [jvm.dll+0xa475c3]  (no source info available)
V  [jvm.dll+0x311a96]  (no source info available)
V  [jvm.dll+0x120316]  (no source info available)
V  [jvm.dll+0x12063e]  (no source info available)
V  [jvm.dll+0x1b2836]  (no source info available)
V  [jvm.dll+0x3ce802]  (no source info available)
V  [jvm.dll+0x7e430f]  (no source info available)
V  [jvm.dll+0x2d4597]  (no source info available)
V  [jvm.dll+0x2d350f]  (no source info available)
V  [jvm.dll+0x249670]  (no source info available)
V  [jvm.dll+0x2e363c]  (no source info available)
V  [jvm.dll+0x2e181d]  (no source info available)
V  [jvm.dll+0x4a82ae]  (no source info available)
V  [jvm.dll+0x9e3039]  (no source info available)
V  [jvm.dll+0x7dd228]  (no source info available)
C  [ucrtbase.dll+0x2cd30]  (no source info available)
C  [KERNEL32.DLL+0x2e957]  (no source info available)
C  [ntdll.dll+0xaad6c]  (no source info available)

Lock stack of current Java thread (top to bottom):


---------------  P R O C E S S  ---------------

Threads class SMR info:
_java_thread_list=0x000002a7973c59d0, length=12, elements={
0x000002a7eefa6b80, 0x000002a7915e6a00, 0x000002a7915e71b0, 0x000002a7915ee4f0,
0x000002a7915f1730, 0x000002a7915f3650, 0x000002a791602230, 0x000002a791605260,
0x000002a791609b20, 0x000002a79611c5d0, 0x000002a79612bdd0, 0x000002a7961be770
}

Java Threads: ( => current thread )
  0x000002a7eefa6b80 JavaThread "main"                              [_thread_in_vm, id=50280, stack(0x000000e7fde00000,0x000000e7fdf00000) (1024K)]
  0x000002a7915e6a00 JavaThread "Reference Handler"          daemon [_thread_blocked, id=47900, stack(0x000000e7fe700000,0x000000e7fe800000) (1024K)]
  0x000002a7915e71b0 JavaThread "Finalizer"                  daemon [_thread_blocked, id=29000, stack(0x000000e7fe800000,0x000000e7fe900000) (1024K)]
  0x000002a7915ee4f0 JavaThread "Signal Dispatcher"          daemon [_thread_blocked, id=62184, stack(0x000000e7fe900000,0x000000e7fea00000) (1024K)]
  0x000002a7915f1730 JavaThread "Attach Listener"            daemon [_thread_blocked, id=29400, stack(0x000000e7fea00000,0x000000e7feb00000) (1024K)]
  0x000002a7915f3650 JavaThread "Service Thread"             daemon [_thread_blocked, id=57388, stack(0x000000e7feb00000,0x000000e7fec00000) (1024K)]
  0x000002a791602230 JavaThread "Monitor Deflation Thread"   daemon [_thread_blocked, id=52152, stack(0x000000e7fec00000,0x000000e7fed00000) (1024K)]
  0x000002a791605260 JavaThread "C2 CompilerThread0"         daemon [_thread_blocked, id=44180, stack(0x000000e7fed00000,0x000000e7fee00000) (1024K)]
  0x000002a791609b20 JavaThread "C1 CompilerThread0"         daemon [_thread_blocked, id=49076, stack(0x000000e7fee00000,0x000000e7fef00000) (1024K)]
  0x000002a79611c5d0 JavaThread "Notification Thread"        daemon [_thread_blocked, id=35836, stack(0x000000e7fef00000,0x000000e7ff000000) (1024K)]
  0x000002a79612bdd0 JavaThread "Common-Cleaner"             daemon [_thread_blocked, id=28736, stack(0x000000e7ff000000,0x000000e7ff100000) (1024K)]
=>0x000002a7961be770 JavaThread "C2 CompilerThread1"         daemon [_thread_in_native, id=30384, stack(0x000000e7ff100000,0x000000e7ff200000) (1024K)]
Total: 12

Other Threads:
  0x000002a7915d6a70 VMThread "VM Thread"                           [id=18964, stack(0x000000e7fe600000,0x000000e7fe700000) (1024K)]
  0x000002a7915c4920 WatcherThread "VM Periodic Task Thread"        [id=41940, stack(0x000000e7fe500000,0x000000e7fe600000) (1024K)]
  0x000002a7f1440360 WorkerThread "GC Thread#0"                     [id=50284, stack(0x000000e7fdf00000,0x000000e7fe000000) (1024K)]
  0x000002a796530290 WorkerThread "GC Thread#1"                     [id=50464, stack(0x000000e7ff300000,0x000000e7ff400000) (1024K)]
  0x000002a796ba5c80 WorkerThread "GC Thread#2"                     [id=51488, stack(0x000000e7ff400000,0x000000e7ff500000) (1024K)]
  0x000002a796cae190 WorkerThread "GC Thread#3"                     [id=42156, stack(0x000000e7ff500000,0x000000e7ff600000) (1024K)]
  0x000002a7f145a930 ConcurrentGCThread "G1 Main Marker"            [id=46568, stack(0x000000e7fe000000,0x000000e7fe100000) (1024K)]
  0x000002a7f145b4b0 WorkerThread "G1 Conc#0"                       [id=7124, stack(0x000000e7fe100000,0x000000e7fe200000) (1024K)]
  0x000002a79148df50 WorkerThread "G1 Refinement Workers#0"         [id=46240, stack(0x000000e7fe300000,0x000000e7fe400000) (1024K)]
  0x000002a7f147eb20 ConcurrentGCThread "G1 Refine Control"         [id=18332, stack(0x000000e7fe200000,0x000000e7fe300000) (1024K)]
  0x000002a791497790 ConcurrentGCThread "G1 Service"                [id=46188, stack(0x000000e7fe400000,0x000000e7fe500000) (1024K)]
Total: 11

Threads with active compile tasks:
C2 CompilerThread1  2046 1639 %     4       java.util.jar.JarFile::match @ 14 (132 bytes)
Total: 1

VM state: not at safepoint (normal execution)

VM Mutex/Monitor currently owned by a thread: None

Heap address: 0x0000000702400000, size: 4060 MB, Compressed Oops mode: Zero based, Oop shift amount: 3

CDS archive(s) mapped at: [0x0000000001000000-0x0000000001de0000-0x0000000001de0000), size 14548992, SharedBaseAddress: 0x0000000001000000, ArchiveRelocationMode: 1.
Compressed class space mapped at: 0x0000000002000000-0x0000000042000000, reserved size: 1073741824
UseCompressedClassPointers 1, UseCompactObjectHeaders 0
Narrow klass pointer bits 32, Max shift 3
Narrow klass base: 0x0000000001000000, Narrow klass shift: 0
Encoding Range: [0x0000000001000000 - 0x0000000101000000), (4294967296 bytes)
Klass Range:    [0x0000000001000000 - 0x0000000042000000), (1090519040 bytes)
Klass ID Range:  [8 - 1090519033) (1090519025)
Protection zone: [0x0000000001000000 - 0x0000000001010000), (65536 bytes)

GC Precious Log:
 CardTable entry size: 512
 Card Set container configuration: InlinePtr #cards 4 size 8 Array Of Cards #cards 16 size 48 Howl #buckets 8 coarsen threshold 3686 Howl Bitmap #cards 512 size 80 coarsen threshold 460 Card regions per heap region 1 cards per card region 4096
 CPUs: 12 total, 12 available
 Memory: 16237M
 Large Page Support: Disabled
 NUMA Support: Disabled
 Compressed Oops: Enabled (Zero based)
 Heap Region Size: 2M
 Heap Min Capacity: 8M
 Heap Initial Capacity: 8M
 Heap Max Capacity: 4060M
 Pre-touch: Disabled
 Parallel Workers: 10
 Concurrent Workers: 3
 Concurrent Refinement Workers: 10
 Periodic GC: Disabled

Heap:
 garbage-first heap   total reserved 4157440K, committed 28672K, used 6911K [0x0000000702400000, 0x0000000800000000)
  region size 2M, 2 eden (4M), 1 survivor (2M), 3 old (6M), 0 humongous (0M), 8 free (16M)

Heap Regions: E=young(eden), S=young(survivor), O=old, HS=humongous(starts), HC=humongous(continues), CS=collection set, F=free, TAMS=top-at-mark-start, PB=parsable bottom
|    0|0x0000000702400000, 0x0000000702600000, 0x0000000702600000|100%| O|  |TAMS 0x0000000702400000| PB 0x0000000702400000| Untracked |  0
|    1|0x0000000702600000, 0x0000000702620e80, 0x0000000702800000|  6%| O|  |TAMS 0x0000000702600000| PB 0x0000000702600000| Untracked |  0
|    2|0x0000000702800000, 0x0000000702800000, 0x0000000702a00000|  0%| F|  |TAMS 0x0000000702800000| PB 0x0000000702800000| Untracked |  0
|    3|0x0000000702a00000, 0x0000000702a00000, 0x0000000702c00000|  0%| F|  |TAMS 0x0000000702a00000| PB 0x0000000702a00000| Untracked |  0
|    4|0x0000000702c00000, 0x0000000702c00000, 0x0000000702e00000|  0%| F|  |TAMS 0x0000000702c00000| PB 0x0000000702c00000| Untracked |  0
|    5|0x0000000702e00000, 0x0000000702f77550, 0x0000000703000000| 73%| S|CS|TAMS 0x0000000702e00000| PB 0x0000000702e00000| Complete  |  0
|    6|0x0000000703000000, 0x0000000703000000, 0x0000000703200000|  0%| F|  |TAMS 0x0000000703000000| PB 0x0000000703000000| Untracked |  0
|    7|0x0000000703200000, 0x0000000703200000, 0x0000000703400000|  0%| F|  |TAMS 0x0000000703200000| PB 0x0000000703200000| Untracked |  0
|    8|0x0000000703400000, 0x0000000703400000, 0x0000000703600000|  0%| F|  |TAMS 0x0000000703400000| PB 0x0000000703400000| Untracked |  0
|    9|0x0000000703600000, 0x0000000703600000, 0x0000000703800000|  0%| F|  |TAMS 0x0000000703600000| PB 0x0000000703600000| Untracked |  0
|   10|0x0000000703800000, 0x0000000703800000, 0x0000000703a00000|  0%| F|  |TAMS 0x0000000703800000| PB 0x0000000703800000| Untracked |  0
|   11|0x0000000703a00000, 0x0000000703a3c370, 0x0000000703c00000| 11%| E|CS|TAMS 0x0000000703a00000| PB 0x0000000703a00000| Complete  |  0
|   12|0x0000000703c00000, 0x0000000703e00000, 0x0000000703e00000|100%| E|CS|TAMS 0x0000000703c00000| PB 0x0000000703c00000| Complete  |  0
| 2029|0x00000007ffe00000, 0x00000007fff27b70, 0x0000000800000000| 57%| O|  |TAMS 0x00000007ffe00000| PB 0x00000007ffe00000| Untracked |  0

Card table byte_map: [0x000002a7fb000000,0x000002a7fb7f0000] _byte_map_base: 0x000002a7f77ee000
Refinement table byte_map: [0x000002a7fb7f0000,0x000002a7fbfe0000] _byte_map_base: 0x000002a7f7fde000

Marking Bits: (CMBitMap*) 0x000002a7f1440ae0
 Bits: [0x000002a7fbfe0000, 0x000002a7fff50000)

Polling page: 0x000002a7ef4a0000

Metaspace:
Metaspace        used 7050K, committed 7232K, reserved 1114112K
 class space     used 856K, committed 960K, reserved 1048576K

Usage:
  Non-class:      6.05 MB used.
      Class:    856.78 KB used.
       Both:      6.89 MB used.

Virtual space:
  Non-class space:       64.00 MB reserved,       6.12 MB ( 10%) committed,  1 nodes.
      Class space:        1.00 GB reserved,     960.00 KB ( <1%) committed,  1 nodes.
             Both:        1.06 GB reserved,       7.06 MB ( <1%) committed. 

Chunk freelists:
   Non-Class:  8.16 MB
       Class:  15.09 MB
        Both:  23.25 MB

MaxMetaspaceSize: unlimited
CompressedClassSpaceSize: 1.00 GB
Initial GC threshold: 21.00 MB
Current GC threshold: 21.00 MB
CDS: on
 - commit_granule_bytes: 65536.
 - commit_granule_words: 8192.
 - virtual_space_node_default_size: 8388608.
 - enlarge_chunks_in_place: 1.
UseCompressedClassPointers 1, UseCompactObjectHeaders 0
Narrow klass pointer bits 32, Max shift 3
Narrow klass base: 0x0000000001000000, Narrow klass shift: 0
Encoding Range: [0x0000000001000000 - 0x0000000101000000), (4294967296 bytes)
Klass Range:    [0x0000000001000000 - 0x0000000042000000), (1090519040 bytes)
Klass ID Range:  [8 - 1090519033) (1090519025)
Protection zone: [0x0000000001000000 - 0x0000000001010000), (65536 bytes)


Internal statistics:

num_allocs_failed_limit: 0.
num_arena_births: 56.
num_arena_deaths: 0.
num_vsnodes_births: 2.
num_vsnodes_deaths: 0.
num_space_committed: 113.
num_space_uncommitted: 0.
num_chunks_returned_to_freelist: 0.
num_chunks_taken_from_freelist: 278.
num_chunk_merges: 0.
num_chunk_splits: 176.
num_chunks_enlarged: 147.
num_inconsistent_stats: 0.

CodeHeap 'non-profiled nmethods': size=120064Kb used=562Kb max_used=562Kb free=119501Kb
 bounds [0x000002a787ae0000, 0x000002a787d50000, 0x000002a78f020000]
CodeHeap 'profiled nmethods': size=120064Kb used=2366Kb max_used=2366Kb free=117697Kb
 bounds [0x000002a780000000, 0x000002a780270000, 0x000002a787540000]
CodeHeap 'non-nmethods': size=5760Kb used=1355Kb max_used=1407Kb free=4404Kb
 bounds [0x000002a787540000, 0x000002a7877b0000, 0x000002a787ae0000]
CodeCache: size=245888Kb, used=4283Kb, max_used=4335Kb, free=241602Kb
 total_blobs=2176, nmethods=1707, adapters=373, full_count=0
Compilation: enabled, stopped_count=0, restarted_count=0

Compilation events (20 events):
Event: 0.620 Thread 0x000002a791609b20 1635       3       jdk.internal.misc.Unsafe::weakCompareAndSetInt (11 bytes)
Event: 0.620 Thread 0x000002a796d22690 1636       4       java.util.concurrent.ConcurrentHashMap$BaseIterator::hasNext (13 bytes)
Event: 0.620 Thread 0x000002a791609b20 nmethod 1635 0x000002a780232d08 code [0x000002a780232e00, 0x000002a780232f10]
Event: 0.620 Thread 0x000002a796d22690 nmethod 1636 0x000002a787b62288 code [0x000002a787b62380, 0x000002a787b623f0]
Event: 0.626 Thread 0x000002a791609b20 1637       3       jdk.internal.loader.URLClassPath::findResource (35 bytes)
Event: 0.626 Thread 0x000002a791609b20 nmethod 1637 0x000002a780233008 code [0x000002a780233100, 0x000002a780233418]
Event: 0.626 Thread 0x000002a791609b20 1638       3       java.util.ArrayDeque::<init> (14 bytes)
Event: 0.626 Thread 0x000002a791609b20 nmethod 1638 0x000002a780233488 code [0x000002a780233580, 0x000002a780233828]
Event: 0.627 Thread 0x000002a7961be770 1639 %     4       java.util.jar.JarFile::match @ 14 (132 bytes)
Event: 0.628 Thread 0x000002a791609b20 1640       3       com.google.inject.Key::get (12 bytes)
Event: 0.628 Thread 0x000002a791609b20 nmethod 1640 0x000002a780233888 code [0x000002a780233980, 0x000002a780233f60]
Event: 0.628 Thread 0x000002a791609b20 1641       3       com.google.common.cache.LocalCache::expiresAfterWrite (15 bytes)
Event: 0.628 Thread 0x000002a796d22690 1642       4       java.util.concurrent.ConcurrentHashMap$ValueIterator::next (34 bytes)
Event: 0.628 Thread 0x000002a791609b20 nmethod 1641 0x000002a780233f88 code [0x000002a780234080, 0x000002a7802341d0]
Event: 0.628 Thread 0x000002a791609b20 1643       1       jdk.internal.loader.URLClassPath$JarLoader$1::getURL (5 bytes)
Event: 0.628 Thread 0x000002a791609b20 nmethod 1643 0x000002a787b62588 code [0x000002a787b62680, 0x000002a787b62738]
Event: 0.630 Thread 0x000002a791609b20 1645       3       java.util.WeakHashMap::isEmpty (13 bytes)
Event: 0.630 Thread 0x000002a791609b20 nmethod 1645 0x000002a780234288 code [0x000002a780234380, 0x000002a7802345b8]
Event: 0.630 Thread 0x000002a791609b20 1646       3       java.util.WeakHashMap::size (18 bytes)
Event: 0.630 Thread 0x000002a791609b20 nmethod 1646 0x000002a780234608 code [0x000002a780234700, 0x000002a780234898]

GC Heap Usage History (10 events):
Event: 0.134 {heap Before GC invocations=0 (full 0):
 garbage-first heap   total reserved 4157440K, committed 10240K, used 3230K [0x0000000702400000, 0x0000000800000000)
  region size 2M, 2 eden (4M), 0 survivor (0M), 1 old (2M), 0 humongous (0M), 2 free (4M)
}
Event: 0.135 {heap After GC invocations=1 (full 0):
 garbage-first heap   total reserved 4157440K, committed 10240K, used 2844K [0x0000000702400000, 0x0000000800000000)
  region size 2M, 0 eden (0M), 1 survivor (2M), 1 old (2M), 0 humongous (0M), 3 free (6M)
}
Event: 0.193 {heap Before GC invocations=1 (full 0):
 garbage-first heap   total reserved 4157440K, committed 10240K, used 4892K [0x0000000702400000, 0x0000000800000000)
  region size 2M, 1 eden (2M), 1 survivor (2M), 1 old (2M), 0 humongous (0M), 2 free (4M)
}
Event: 0.195 {heap After GC invocations=2 (full 0):
 garbage-first heap   total reserved 4157440K, committed 10240K, used 2919K [0x0000000702400000, 0x0000000800000000)
  region size 2M, 0 eden (0M), 1 survivor (2M), 2 old (4M), 0 humongous (0M), 2 free (4M)
}
Event: 0.240 {heap Before GC invocations=2 (full 0):
 garbage-first heap   total reserved 4157440K, committed 10240K, used 4967K [0x0000000702400000, 0x0000000800000000)
  region size 2M, 1 eden (2M), 1 survivor (2M), 2 old (4M), 0 humongous (0M), 1 free (2M)
}
Event: 0.241 {heap After GC invocations=3 (full 0):
 garbage-first heap   total reserved 4157440K, committed 10240K, used 3459K [0x0000000702400000, 0x0000000800000000)
  region size 2M, 0 eden (0M), 1 survivor (2M), 2 old (4M), 0 humongous (0M), 2 free (4M)
}
Event: 0.282 {heap Before GC invocations=3 (full 0):
 garbage-first heap   total reserved 4157440K, committed 10240K, used 3459K [0x0000000702400000, 0x0000000800000000)
  region size 2M, 1 eden (2M), 1 survivor (2M), 2 old (4M), 0 humongous (0M), 1 free (2M)
}
Event: 0.284 {heap After GC invocations=4 (full 0):
 garbage-first heap   total reserved 4157440K, committed 28672K, used 3929K [0x0000000702400000, 0x0000000800000000)
  region size 2M, 0 eden (0M), 1 survivor (2M), 2 old (4M), 0 humongous (0M), 11 free (22M)
}
Event: 0.453 {heap Before GC invocations=4 (full 0):
 garbage-first heap   total reserved 4157440K, committed 28672K, used 16217K [0x0000000702400000, 0x0000000800000000)
  region size 2M, 6 eden (12M), 1 survivor (2M), 2 old (4M), 0 humongous (0M), 5 free (10M)
}
Event: 0.455 {heap After GC invocations=5 (full 0):
 garbage-first heap   total reserved 4157440K, committed 28672K, used 4424K [0x0000000702400000, 0x0000000800000000)
  region size 2M, 0 eden (0M), 1 survivor (2M), 2 old (4M), 0 humongous (0M), 11 free (22M)
}

Metaspace Usage History (10 events):
Event: 0.134 {metaspace Before GC invocations=0 (full 0):
 Metaspace       used 1135K, committed 1280K, reserved 1114112K
  class space    used 92K, committed 128K, reserved 1048576K
}
Event: 0.135 {metaspace After GC invocations=1 (full 0):
 Metaspace       used 1135K, committed 1280K, reserved 1114112K
  class space    used 92K, committed 128K, reserved 1048576K
}
Event: 0.193 {metaspace Before GC invocations=1 (full 0):
 Metaspace       used 1959K, committed 2176K, reserved 1114112K
  class space    used 185K, committed 256K, reserved 1048576K
}
Event: 0.195 {metaspace After GC invocations=2 (full 0):
 Metaspace       used 1959K, committed 2176K, reserved 1114112K
  class space    used 185K, committed 256K, reserved 1048576K
}
Event: 0.240 {metaspace Before GC invocations=2 (full 0):
 Metaspace       used 2496K, committed 2688K, reserved 1114112K
  class space    used 237K, committed 320K, reserved 1048576K
}
Event: 0.241 {metaspace After GC invocations=3 (full 0):
 Metaspace       used 2496K, committed 2688K, reserved 1114112K
  class space    used 237K, committed 320K, reserved 1048576K
}
Event: 0.282 {metaspace Before GC invocations=3 (full 0):
 Metaspace       used 2949K, committed 3072K, reserved 1114112K
  class space    used 302K, committed 384K, reserved 1048576K
}
Event: 0.284 {metaspace After GC invocations=4 (full 0):
 Metaspace       used 2949K, committed 3072K, reserved 1114112K
  class space    used 302K, committed 384K, reserved 1048576K
}
Event: 0.453 {metaspace Before GC invocations=4 (full 0):
 Metaspace       used 5591K, committed 5760K, reserved 1114112K
  class space    used 679K, committed 768K, reserved 1048576K
}
Event: 0.455 {metaspace After GC invocations=5 (full 0):
 Metaspace       used 5591K, committed 5760K, reserved 1114112K
  class space    used 679K, committed 768K, reserved 1048576K
}

Dll operation events (14 events):
Event: 0.008 Attempting to load shared library C:\Program Files\Apache NetBeans\jdk\bin\java.dll
Event: 0.009 Loaded shared library C:\Program Files\Apache NetBeans\jdk\bin\java.dll
Event: 0.041 Attempting to load shared library C:\Program Files\Apache NetBeans\jdk\bin\net.dll
Event: 0.041 Loaded shared library C:\Program Files\Apache NetBeans\jdk\bin\net.dll
Event: 0.043 Attempting to load shared library C:\Program Files\Apache NetBeans\jdk\bin\nio.dll
Event: 0.043 Loaded shared library C:\Program Files\Apache NetBeans\jdk\bin\nio.dll
Event: 0.046 Attempting to load shared library C:\Program Files\Apache NetBeans\jdk\bin\zip.dll
Event: 0.046 Loaded shared library C:\Program Files\Apache NetBeans\jdk\bin\zip.dll
Event: 0.128 Attempting to load shared library C:\Program Files\Apache NetBeans\java\maven\lib\jansi-native\Windows\x86_64\jansi.dll
Event: 0.129 Loaded shared library C:\Program Files\Apache NetBeans\java\maven\lib\jansi-native\Windows\x86_64\jansi.dll
Event: 0.130 Attempting to load shared library C:\Program Files\Apache NetBeans\jdk\bin\jimage.dll
Event: 0.130 Loaded shared library C:\Program Files\Apache NetBeans\jdk\bin\jimage.dll
Event: 0.139 Attempting to load shared library C:\Program Files\Apache NetBeans\jdk\bin\verify.dll
Event: 0.140 Loaded shared library C:\Program Files\Apache NetBeans\jdk\bin\verify.dll

Deoptimization events (20 events):
Event: 0.543 Thread 0x000002a7eefa6b80 DEOPT PACKING pc=0x000002a787b5a780 sp=0x000000e7fdefdf90
Event: 0.543 Thread 0x000002a7eefa6b80 DEOPT UNPACKING pc=0x000002a787664102 sp=0x000000e7fdefdf08 mode 2
Event: 0.543 Thread 0x000002a7eefa6b80 Uncommon trap: trap_request=0xffffffde fr.pc=0x000002a787b5a780 relative=0x0000000000000100
Event: 0.543 Thread 0x000002a7eefa6b80 Uncommon trap: reason=class_check action=maybe_recompile pc=0x000002a787b5a780 method=jdk.internal.misc.Unsafe.allocateUninitializedArray(Ljava/lang/Class;I)Ljava/lang/Object; @ 51 c2
Event: 0.543 Thread 0x000002a7eefa6b80 DEOPT PACKING pc=0x000002a787b5a780 sp=0x000000e7fdefddb0
Event: 0.543 Thread 0x000002a7eefa6b80 DEOPT UNPACKING pc=0x000002a787664102 sp=0x000000e7fdefdd28 mode 2
Event: 0.543 Thread 0x000002a7eefa6b80 Uncommon trap: trap_request=0xffffffde fr.pc=0x000002a787b5a780 relative=0x0000000000000100
Event: 0.543 Thread 0x000002a7eefa6b80 Uncommon trap: reason=class_check action=maybe_recompile pc=0x000002a787b5a780 method=jdk.internal.misc.Unsafe.allocateUninitializedArray(Ljava/lang/Class;I)Ljava/lang/Object; @ 51 c2
Event: 0.543 Thread 0x000002a7eefa6b80 DEOPT PACKING pc=0x000002a787b5a780 sp=0x000000e7fdefde60
Event: 0.543 Thread 0x000002a7eefa6b80 DEOPT UNPACKING pc=0x000002a787664102 sp=0x000000e7fdefddd8 mode 2
Event: 0.543 Thread 0x000002a7eefa6b80 Uncommon trap: trap_request=0xffffffde fr.pc=0x000002a787b5a780 relative=0x0000000000000100
Event: 0.543 Thread 0x000002a7eefa6b80 Uncommon trap: reason=class_check action=maybe_recompile pc=0x000002a787b5a780 method=jdk.internal.misc.Unsafe.allocateUninitializedArray(Ljava/lang/Class;I)Ljava/lang/Object; @ 51 c2
Event: 0.543 Thread 0x000002a7eefa6b80 DEOPT PACKING pc=0x000002a787b5a780 sp=0x000000e7fdefd850
Event: 0.543 Thread 0x000002a7eefa6b80 DEOPT UNPACKING pc=0x000002a787664102 sp=0x000000e7fdefd7c8 mode 2
Event: 0.588 Thread 0x000002a7eefa6b80 Uncommon trap: trap_request=0xffffff45 fr.pc=0x000002a787b5b254 relative=0x00000000000005d4
Event: 0.588 Thread 0x000002a7eefa6b80 Uncommon trap: reason=unstable_if action=reinterpret pc=0x000002a787b5b254 method=java.lang.String.<init>([CIILjava/lang/Void;)V @ 5 c2
Event: 0.588 Thread 0x000002a7eefa6b80 DEOPT PACKING pc=0x000002a787b5b254 sp=0x000000e7fdefe130
Event: 0.588 Thread 0x000002a7eefa6b80 DEOPT UNPACKING pc=0x000002a787664102 sp=0x000000e7fdefdfb0 mode 2
Event: 0.604 Thread 0x000002a7eefa6b80 DEOPT PACKING pc=0x000002a7801cf6be sp=0x000000e7fdefe300
Event: 0.604 Thread 0x000002a7eefa6b80 DEOPT UNPACKING pc=0x000002a787591a02 sp=0x000000e7fdefd770 mode 0

Classes loaded (20 events):
Event: 0.400 Loading class sun/reflect/generics/tree/TypeVariableSignature
Event: 0.400 Loading class sun/reflect/generics/tree/TypeVariableSignature done
Event: 0.400 Loading class sun/reflect/generics/visitor/Reifier
Event: 0.400 Loading class sun/reflect/generics/visitor/TypeTreeVisitor
Event: 0.400 Loading class sun/reflect/generics/visitor/TypeTreeVisitor done
Event: 0.400 Loading class sun/reflect/generics/visitor/Reifier done
Event: 0.410 Loading class java/lang/annotation/IncompleteAnnotationException
Event: 0.410 Loading class java/lang/annotation/IncompleteAnnotationException done
Event: 0.413 Loading class jdk/internal/foreign/MemorySessionImpl
Event: 0.413 Loading class java/lang/foreign/MemorySegment$Scope
Event: 0.413 Loading class java/lang/foreign/MemorySegment$Scope done
Event: 0.413 Loading class jdk/internal/foreign/MemorySessionImpl done
Event: 0.433 Loading class java/lang/foreign/MemorySegment
Event: 0.433 Loading class java/lang/foreign/MemorySegment done
Event: 0.470 Loading class sun/reflect/generics/reflectiveObjects/TypeVariableImpl
Event: 0.470 Loading class sun/reflect/generics/reflectiveObjects/LazyReflectiveObjectGenerator
Event: 0.470 Loading class sun/reflect/generics/reflectiveObjects/LazyReflectiveObjectGenerator done
Event: 0.470 Loading class sun/reflect/generics/reflectiveObjects/TypeVariableImpl done
Event: 0.470 Loading class sun/reflect/generics/reflectiveObjects/ParameterizedTypeImpl
Event: 0.470 Loading class sun/reflect/generics/reflectiveObjects/ParameterizedTypeImpl done

Classes unloaded (0 events):
No events

Classes redefined (0 events):
No events

Internal exceptions (20 events):
Event: 0.138 Thread 0x000002a7eefa6b80 Exception <a 'sun/nio/fs/WindowsException'{0x0000000702a154a0}> (0x0000000702a154a0) 
thrown [s\src\hotspot\share\prims\jni.cpp, line 514]
Event: 0.138 Thread 0x000002a7eefa6b80 Exception <a 'sun/nio/fs/WindowsException'{0x0000000702a15ad8}> (0x0000000702a15ad8) 
thrown [s\src\hotspot\share\prims\jni.cpp, line 514]
Event: 0.138 Thread 0x000002a7eefa6b80 Exception <a 'sun/nio/fs/WindowsException'{0x0000000702a160c0}> (0x0000000702a160c0) 
thrown [s\src\hotspot\share\prims\jni.cpp, line 514]
Event: 0.138 Thread 0x000002a7eefa6b80 Exception <a 'sun/nio/fs/WindowsException'{0x0000000702a16630}> (0x0000000702a16630) 
thrown [s\src\hotspot\share\prims\jni.cpp, line 514]
Event: 0.138 Thread 0x000002a7eefa6b80 Exception <a 'sun/nio/fs/WindowsException'{0x0000000702a16b80}> (0x0000000702a16b80) 
thrown [s\src\hotspot\share\prims\jni.cpp, line 514]
Event: 0.138 Thread 0x000002a7eefa6b80 Exception <a 'sun/nio/fs/WindowsException'{0x0000000702a17070}> (0x0000000702a17070) 
thrown [s\src\hotspot\share\prims\jni.cpp, line 514]
Event: 0.139 Thread 0x000002a7eefa6b80 Exception <a 'sun/nio/fs/WindowsException'{0x0000000702a17518}> (0x0000000702a17518) 
thrown [s\src\hotspot\share\prims\jni.cpp, line 514]
Event: 0.146 Thread 0x000002a7eefa6b80 Exception <a 'java/lang/NoSuchMethodError'{0x0000000702a74c78}: 'void java.lang.invoke.DirectMethodHandle$Holder.invokeVirtual(java.lang.Object, java.lang.Object)'> (0x0000000702a74c78) 
thrown [s\src\hotspot\share\interpreter\linkResolver.cpp, line 804]
Event: 0.149 Thread 0x000002a7eefa6b80 Exception <a 'java/lang/NoSuchMethodError'{0x0000000702a966d0}: 'void java.lang.invoke.DirectMethodHandle$Holder.invokeStatic(java.lang.Object, java.lang.Object)'> (0x0000000702a966d0) 
thrown [s\src\hotspot\share\interpreter\linkResolver.cpp, line 804]
Event: 0.149 Thread 0x000002a7eefa6b80 Exception <a 'java/lang/NoSuchMethodError'{0x0000000702a9e740}: 'void java.lang.invoke.DirectMethodHandle$Holder.invokeStaticInit(java.lang.Object, java.lang.Object)'> (0x0000000702a9e740) 
thrown [s\src\hotspot\share\interpreter\linkResolver.cpp, line 804]
Event: 0.154 Thread 0x000002a7eefa6b80 Exception <a 'java/lang/NoSuchMethodError'{0x0000000702ad2190}: 'void java.lang.invoke.DirectMethodHandle$Holder.invokeSpecial(java.lang.Object, java.lang.Object, java.lang.Object, java.lang.Object, java.lang.Object)'> (0x0000000702ad2190) 
thrown [s\src\hotspot\share\interpreter\linkResolver.cpp, line 804]
Event: 0.161 Thread 0x000002a7eefa6b80 Exception <a 'java/lang/NoSuchMethodError'{0x0000000702b0f3d0}: 'void java.lang.invoke.DirectMethodHandle$Holder.invokeStatic(java.lang.Object, java.lang.Object, java.lang.Object)'> (0x0000000702b0f3d0) 
thrown [s\src\hotspot\share\interpreter\linkResolver.cpp, line 804]
Event: 0.208 Thread 0x000002a7eefa6b80 Exception <a 'java/lang/NoSuchMethodError'{0x0000000702a95068}: 'java.lang.Object java.lang.invoke.DirectMethodHandle$Holder.invokeSpecialIFC(java.lang.Object, java.lang.Object, java.lang.Object, java.lang.Object)'> (0x0000000702a95068) 
thrown [s\src\hotspot\share\interpreter\linkResolver.cpp, line 804]
Event: 0.314 Thread 0x000002a7eefa6b80 Exception <a 'java/lang/NoSuchMethodError'{0x0000000703db7518}: 'void java.lang.invoke.DirectMethodHandle$Holder.invokeSpecial(java.lang.Object, java.lang.Object, java.lang.Object)'> (0x0000000703db7518) 
thrown [s\src\hotspot\share\interpreter\linkResolver.cpp, line 804]
Event: 0.345 Thread 0x000002a7eefa6b80 Exception <a 'java/lang/NoSuchMethodError'{0x0000000703b68ed0}: 'java.lang.Object java.lang.invoke.DirectMethodHandle$Holder.invokeInterface(java.lang.Object, java.lang.Object)'> (0x0000000703b68ed0) 
thrown [s\src\hotspot\share\interpreter\linkResolver.cpp, line 804]
Event: 0.355 Thread 0x000002a7eefa6b80 Exception <a 'java/lang/NoSuchMethodError'{0x0000000703815780}: 'int java.lang.invoke.DirectMethodHandle$Holder.invokeStatic(java.lang.Object, java.lang.Object, java.lang.Object, java.lang.Object)'> (0x0000000703815780) 
thrown [s\src\hotspot\share\interpreter\linkResolver.cpp, line 804]
Event: 0.357 Thread 0x000002a7eefa6b80 Exception <a 'java/lang/NoSuchMethodError'{0x000000070383f350}: 'int java.lang.invoke.DirectMethodHandle$Holder.invokeSpecialIFC(java.lang.Object, java.lang.Object, java.lang.Object, java.lang.Object, java.lang.Object)'> (0x000000070383f350) 
thrown [s\src\hotspot\share\interpreter\linkResolver.cpp, line 804]
Event: 0.382 Thread 0x000002a7eefa6b80 Exception <a 'java/lang/NoSuchMethodError'{0x000000070398d168}: 'java.lang.Object java.lang.invoke.DirectMethodHandle$Holder.newInvokeSpecial(java.lang.Object, java.lang.Object, java.lang.Object, java.lang.Object, java.lang.Object)'> (0x000000070398d168) 
thrown [s\src\hotspot\share\interpreter\linkResolver.cpp, line 804]
Event: 0.404 Thread 0x000002a7eefa6b80 Exception <a 'java/lang/NoSuchMethodError'{0x00000007036a7ba8}: 'int java.lang.invoke.DirectMethodHandle$Holder.invokeStaticInit(java.lang.Object, java.lang.Object)'> (0x00000007036a7ba8) 
thrown [s\src\hotspot\share\interpreter\linkResolver.cpp, line 804]
Event: 0.411 Thread 0x000002a7eefa6b80 Exception <a 'java/lang/NoClassDefFoundError'{0x00000007036e2cc0}: javax/enterprise/inject/Typed> (0x00000007036e2cc0) 
thrown [s\src\hotspot\share\classfile\systemDictionary.cpp, line 318]

VM Operations (18 events):
Event: 0.047 Executing non-safepoint VM operation: HandshakeAllThreads (Deoptimize)
Event: 0.047 Executing non-safepoint VM operation: HandshakeAllThreads (Deoptimize) done
Event: 0.123 Executing non-safepoint VM operation: HandshakeAllThreads (Deoptimize)
Event: 0.123 Executing non-safepoint VM operation: HandshakeAllThreads (Deoptimize) done
Event: 0.134 Executing non-safepoint VM operation: HandshakeAllThreads (Deoptimize)
Event: 0.134 Executing non-safepoint VM operation: HandshakeAllThreads (Deoptimize) done
Event: 0.134 Executing safepoint VM operation: G1CollectForAllocation (G1 Evacuation Pause)
Event: 0.135 Executing safepoint VM operation: G1CollectForAllocation (G1 Evacuation Pause) done
Event: 0.193 Executing safepoint VM operation: G1CollectForAllocation (G1 Evacuation Pause)
Event: 0.195 Executing safepoint VM operation: G1CollectForAllocation (G1 Evacuation Pause) done
Event: 0.240 Executing safepoint VM operation: G1CollectForAllocation (G1 Evacuation Pause)
Event: 0.241 Executing safepoint VM operation: G1CollectForAllocation (G1 Evacuation Pause) done
Event: 0.282 Executing safepoint VM operation: G1CollectForAllocation (G1 Evacuation Pause)
Event: 0.284 Executing safepoint VM operation: G1CollectForAllocation (G1 Evacuation Pause) done
Event: 0.340 Executing non-safepoint VM operation: HandshakeAllThreads (Deoptimize)
Event: 0.340 Executing non-safepoint VM operation: HandshakeAllThreads (Deoptimize) done
Event: 0.453 Executing safepoint VM operation: G1CollectForAllocation (G1 Evacuation Pause)
Event: 0.455 Executing safepoint VM operation: G1CollectForAllocation (G1 Evacuation Pause) done

Memory protections (0 events):
No events

Nmethod flushes (0 events):
No events

Events (15 events):
Event: 0.020 Thread 0x000002a7eefa6b80 Thread added: 0x000002a7eefa6b80
Event: 0.031 Thread 0x000002a7eefa6b80 Thread added: 0x000002a7915e6a00
Event: 0.031 Thread 0x000002a7eefa6b80 Thread added: 0x000002a7915e71b0
Event: 0.031 Thread 0x000002a7eefa6b80 Thread added: 0x000002a7915ee4f0
Event: 0.031 Thread 0x000002a7eefa6b80 Thread added: 0x000002a7915f1730
Event: 0.031 Thread 0x000002a7eefa6b80 Thread added: 0x000002a7915f3650
Event: 0.031 Thread 0x000002a7eefa6b80 Thread added: 0x000002a791602230
Event: 0.031 Thread 0x000002a7eefa6b80 Thread added: 0x000002a791605260
Event: 0.031 Thread 0x000002a7eefa6b80 Thread added: 0x000002a791609b20
Event: 0.038 Thread 0x000002a7eefa6b80 Thread added: 0x000002a79611c5d0
Event: 0.039 Thread 0x000002a7eefa6b80 Thread added: 0x000002a79612bdd0
Event: 0.079 Thread 0x000002a791609b20 Thread added: 0x000002a7961be770
Event: 0.127 Thread 0x000002a7eefa6b80 Thread added: 0x000002a79643a0f0
Event: 0.140 Thread 0x000002a79643a0f0 Thread exited: 0x000002a79643a0f0
Event: 0.430 Thread 0x000002a791609b20 Thread added: 0x000002a796d22690


Dynamic libraries:
0x00007ff623720000 - 0x00007ff62372e000 	C:\Program Files\Apache NetBeans\jdk\bin\java.exe
0x00007ff832b60000 - 0x00007ff832dc6000 	C:\WINDOWS\SYSTEM32\ntdll.dll
0x00007ff831820000 - 0x00007ff8318e9000 	C:\WINDOWS\System32\KERNEL32.DLL
0x00007ff82fd80000 - 0x00007ff83017e000 	C:\WINDOWS\System32\KERNELBASE.dll
0x00007ff82cc20000 - 0x00007ff82ccc0000 	C:\WINDOWS\SYSTEM32\apphelp.dll
0x00007ff830670000 - 0x00007ff8307bc000 	C:\WINDOWS\System32\ucrtbase.dll
0x00007ff806240000 - 0x00007ff80625e000 	C:\Program Files\Apache NetBeans\jdk\bin\VCRUNTIME140.dll
0x00007ff805820000 - 0x00007ff805837000 	C:\Program Files\Apache NetBeans\jdk\bin\jli.dll
0x00007ff8315a0000 - 0x00007ff831767000 	C:\WINDOWS\System32\USER32.dll
0x00007ff830440000 - 0x00007ff830467000 	C:\WINDOWS\System32\win32u.dll
0x00007ff8312b0000 - 0x00007ff8312db000 	C:\WINDOWS\System32\GDI32.dll
0x00007ff815670000 - 0x00007ff815902000 	C:\WINDOWS\WinSxS\amd64_microsoft.windows.common-controls_6595b64144ccf1df_6.0.26100.8875_none_3e0d5d42e32fe9dd\COMCTL32.dll
0x00007ff830190000 - 0x00007ff8302ba000 	C:\WINDOWS\System32\gdi32full.dll
0x00007ff831770000 - 0x00007ff831819000 	C:\WINDOWS\System32\msvcrt.dll
0x00007ff830470000 - 0x00007ff830513000 	C:\WINDOWS\System32\msvcp_win.dll
0x00007ff8323e0000 - 0x00007ff832412000 	C:\WINDOWS\System32\IMM32.DLL
0x000000005b940000 - 0x000000005b94d000 	C:\Program Files (x86)\360\Total Security\safemon\SafeWrapper.dll
0x00007ff832960000 - 0x00007ff832a17000 	C:\WINDOWS\System32\ADVAPI32.dll
0x00007ff830890000 - 0x00007ff83093a000 	C:\WINDOWS\System32\sechost.dll
0x00007ff830b50000 - 0x00007ff830c68000 	C:\WINDOWS\System32\RPCRT4.dll
0x00007ff8296f0000 - 0x00007ff8297f5000 	C:\Program Files (x86)\360\Total Security\safemon\libzdtp64.dll
0x00007ff831aa0000 - 0x00007ff832232000 	C:\WINDOWS\System32\SHELL32.dll
0x00007ff8319f0000 - 0x00007ff831a57000 	C:\WINDOWS\System32\SHLWAPI.dll
0x00007ff82f7c0000 - 0x00007ff82f7cb000 	C:\WINDOWS\SYSTEM32\VERSION.dll
0x00007ff82ae80000 - 0x00007ff82ae8c000 	C:\Program Files\Apache NetBeans\jdk\bin\vcruntime140_1.dll
0x00007fffb1950000 - 0x00007fffb19dd000 	C:\Program Files\Apache NetBeans\jdk\bin\msvcp140.dll
0x00007fff8c260000 - 0x00007fff8d1f9000 	C:\Program Files\Apache NetBeans\jdk\bin\server\jvm.dll
0x00007ff832440000 - 0x00007ff8324c0000 	C:\WINDOWS\System32\WS2_32.dll
0x00007ff82fbe0000 - 0x00007ff82fc3e000 	C:\WINDOWS\SYSTEM32\POWRPROF.dll
0x00007ff821b50000 - 0x00007ff821b86000 	C:\WINDOWS\SYSTEM32\WINMM.dll
0x00007ff82fbc0000 - 0x00007ff82fbd4000 	C:\WINDOWS\SYSTEM32\UMPDC.dll
0x00007ff82e9e0000 - 0x00007ff82e9fb000 	C:\WINDOWS\SYSTEM32\kernel.appcore.dll
0x00007ff8186a0000 - 0x00007ff8186aa000 	C:\Program Files\Apache NetBeans\jdk\bin\jimage.dll
0x00007ff81fc20000 - 0x00007ff81fe62000 	C:\WINDOWS\SYSTEM32\DBGHELP.DLL
0x00007ff830f20000 - 0x00007ff8312a3000 	C:\WINDOWS\System32\combase.dll
0x00007ff8314c0000 - 0x00007ff831599000 	C:\WINDOWS\System32\OLEAUT32.dll
0x00007ff816360000 - 0x00007ff81639b000 	C:\WINDOWS\SYSTEM32\dbgcore.DLL
0x00007ff8307d0000 - 0x00007ff83087c000 	C:\WINDOWS\System32\bcryptPrimitives.dll
0x00007ff805a80000 - 0x00007ff805a9e000 	C:\Program Files\Apache NetBeans\jdk\bin\java.dll
0x00007ff832240000 - 0x00007ff8323d9000 	C:\WINDOWS\System32\ole32.dll
0x00007ff82d7e0000 - 0x00007ff82e072000 	C:\WINDOWS\SYSTEM32\windows.storage.dll
0x00007ff8318f0000 - 0x00007ff8319e7000 	C:\WINDOWS\System32\SHCORE.dll
0x00007ff82fca0000 - 0x00007ff82fcc9000 	C:\WINDOWS\SYSTEM32\profapi.dll
0x00007ff800060000 - 0x00007ff800071000 	C:\Program Files\Apache NetBeans\jdk\bin\net.dll
0x00007ff82ef90000 - 0x00007ff82effc000 	C:\WINDOWS\system32\mswsock.dll
0x00007ffffa340000 - 0x00007ffffa356000 	C:\Program Files\Apache NetBeans\jdk\bin\nio.dll
0x00007ff8016f0000 - 0x00007ff801707000 	C:\Program Files\Apache NetBeans\jdk\bin\zip.dll
0x00007ffff5920000 - 0x00007ffff5944000 	C:\Program Files\Apache NetBeans\java\maven\lib\jansi-native\Windows\x86_64\jansi.dll
0x00007ff814b00000 - 0x00007ff814b10000 	C:\Program Files\Apache NetBeans\jdk\bin\verify.dll

JVMTI agents: none

dbghelp: loaded successfully - version: 4.0.5 - missing functions: none
symbol engine: initialized successfully - sym options: 0x614 - pdb path: .;C:\Program Files\Apache NetBeans\jdk\bin;C:\WINDOWS\SYSTEM32;C:\WINDOWS\WinSxS\amd64_microsoft.windows.common-controls_6595b64144ccf1df_6.0.26100.8875_none_3e0d5d42e32fe9dd;C:\Program Files (x86)\360\Total Security\safemon;C:\Program Files\Apache NetBeans\jdk\bin\server;C:\Program Files\Apache NetBeans\java\maven\lib\jansi-native\Windows\x86_64

VM Arguments:
jvm_args: --enable-native-access=ALL-UNNAMED -Dclassworlds.conf=C:\Program Files\Apache NetBeans\java\maven\bin\m2.conf -Dmaven.home=C:\Program Files\Apache NetBeans\java\maven -Dlibrary.jansi.path=C:\Program Files\Apache NetBeans\java\maven\lib\jansi-native -Dmaven.multiModuleProjectDirectory=C:\Users\DVDSTORE\Desktop\LeetCode\ArrayList\ArrayList 
java_command: org.codehaus.plexus.classworlds.launcher.Launcher -Dexec.vmArgs= -Dexec.args=${exec.vmArgs} -classpath %classpath ${exec.mainClass} ${exec.appArgs} -Dexec.appArgs= -Dexec.mainClass=com.mycompany.arraylist.Driver -Dexec.executable=C:\Program Files\Apache NetBeans\jdk\bin\java.exe -Dmaven.ext.class.path=C:\Program Files\Apache NetBeans\java\maven-nblib\netbeans-eventspy.jar --no-transfer-progress process-classes org.codehaus.mojo:exec-maven-plugin:3.5.1:exec
java_class_path (initial): C:\Program Files\Apache NetBeans\java\maven\boot\plexus-classworlds-2.9.0.jar
Launcher Type: SUN_STANDARD

[Global flags]
     bool AOTAdapterCaching                        = false                                  {diagnostic} {ergonomic}
     bool AOTInvokeDynamicLinking                  = false                                  {diagnostic} {ergonomic}
     bool AOTRecordTraining                        = false                                  {diagnostic} {ergonomic}
     bool AOTReplayTraining                        = false                                  {diagnostic} {ergonomic}
     bool AOTStubCaching                           = false                                  {diagnostic} {ergonomic}
     intx CICompilerCount                          = 4                                         {product} {ergonomic}
     uint ConcGCThreads                            = 3                                         {product} {ergonomic}
     uint G1ConcRefinementThreads                  = 10                                        {product} {ergonomic}
     uint G1EagerReclaimRemSetThreshold            = 16                                   {experimental} {ergonomic}
   size_t G1HeapRegionSize                         = 2097152                                   {product} {ergonomic}
     uint G1RemSetArrayOfCardsEntries              = 16                                   {experimental} {ergonomic}
     uint G1RemSetHowlMaxNumBuckets                = 8                                    {experimental} {ergonomic}
     uint G1RemSetHowlNumBuckets                   = 8                                    {experimental} {ergonomic}
   size_t InitialHeapSize                          = 8388608                                   {product} {ergonomic}
     bool IntelJccErratumMitigation                = false                             {ARCH diagnostic} {ergonomic}
   size_t MarkStackSize                            = 4194304                                   {product} {ergonomic}
   size_t MarkStackSizeMax                         = 536870912                                 {product} {ergonomic}
   size_t MaxHeapSize                              = 4257218560                                {product} {ergonomic}
   size_t MaxNewSize                               = 2554331136                                {product} {ergonomic}
 uint64_t MaxRAM                                   = 17026142208                               {product} {ergonomic}
   size_t MinHeapDeltaBytes                        = 2097152                                   {product} {ergonomic}
   size_t MinHeapSize                              = 8388608                                   {product} {ergonomic}
   size_t NonNMethodCodeHeapSize                   = 5898240                                {pd product} {ergonomic}
   size_t NonProfiledCodeHeapSize                  = 122945536                              {pd product} {ergonomic}
   size_t ProfiledCodeHeapSize                     = 122945536                              {pd product} {ergonomic}
   size_t ReservedCodeCacheSize                    = 251789312                              {pd product} {ergonomic}
     bool SegmentedCodeCache                       = true                                      {product} {ergonomic}
   size_t SoftMaxHeapSize                          = 4257218560                             {manageable} {ergonomic}
     bool UseCompressedOops                        = true                           {product lp64_product} {ergonomic}
     bool UseCondCardMark                          = true                                      {product} {ergonomic}
     bool UseFastUnorderedTimeStamps               = true                                 {experimental} {ergonomic}
     bool UseG1GC                                  = true                                      {product} {ergonomic}
     bool UseLargePagesIndividualAllocation        = false                                  {pd product} {ergonomic}
      int X86ICacheSync                            = 3                                 {ARCH diagnostic} {ergonomic}

Logging:
Log output configuration:
 #0: stdout all=warning uptime,level,tags foldmultilines=false
 #1: stderr all=off uptime,level,tags foldmultilines=false

Release file:
IMPLEMENTOR="Eclipse Adoptium" 
IMPLEMENTOR_VERSION="Temurin-26.0.1+8" 
JAVA_RUNTIME_VERSION="26.0.1+8" 
JAVA_VERSION="26.0.1" 
JAVA_VERSION_DATE="2026-04-21" 
LIBC="default" 
MODULES="java.base java.compiler java.datatransfer java.xml java.prefs java.desktop java.instrument java.logging java.management java.security.sasl java.naming java.rmi java.management.rmi java.net.http java.scripting java.security.jgss java.transaction.xa java.sql java.sql.rowset java.xml.crypto java.se java.smartcardio jdk.accessibility jdk.internal.jvmstat jdk.attach jdk.charsets jdk.internal.opt jdk.zipfs jdk.compiler jdk.crypto.cryptoki jdk.crypto.ec jdk.crypto.mscapi jdk.dynalink jdk.internal.ed jdk.editpad jdk.internal.vm.ci jdk.graal.compiler jdk.graal.compiler.management jdk.hotspot.agent jdk.httpserver jdk.incubator.vector jdk.internal.le jdk.internal.md jdk.jartool jdk.javadoc jdk.jcmd jdk.management jdk.management.agent jdk.jconsole jdk.jdeps jdk.jdwp.agent jdk.jdi jdk.jfr jdk.jlink jdk.jpackage jdk.jshell jdk.jstatd jdk.localedata jdk.management.jfr jdk.naming.dns jdk.naming.rmi jdk.net jdk.nio.mapmode jdk.sctp jdk.security.auth jdk.security.jgss jdk.unsupported jdk.unsupported.desktop jdk.xml.dom" 
OS_ARCH="x86_64" 
OS_NAME="Windows" 
SOURCE=".:git:1cafccec39fb" 
BUILD_SOURCE="git:a612825ee82a20ac872d60958c349854c1f29a8e"
BUILD_SOURCE_REPO="https://github.com/adoptium/temurin-build.git"
SOURCE_REPO="https://github.com/adoptium/jdk26u.git"
FULL_VERSION="26.0.1+8"
SEMANTIC_VERSION="26.0.1+8"
BUILD_INFO="OS: Windows Server 2022 Version: 10.0"
JVM_VARIANT="Hotspot"
JVM_VERSION="26.0.1+8"
IMAGE_TYPE="JDK"

Environment Variables:
JAVA_HOME=C:\Program Files\Apache NetBeans\jdk
PATH=C:\Program Files (x86)\Common Files\Oracle\Java\javapath;C:\WINDOWS\system32;C:\WINDOWS;C:\WINDOWS\System32\Wbem;C:\WINDOWS\System32\WindowsPowerShell\v1.0\;C:\WINDOWS\System32\OpenSSH\;C:\Program Files (x86)\NVIDIA Corporation\PhysX\Common;C:\Program Files\NVIDIA Corporation\NVIDIA NvDLISR;C:\Program Files\dotnet\;C:\Program Files\Git\cmd;C:\Users\DVDSTORE\AppData\Local\Microsoft\WindowsApps;C:\Users\DVDSTORE\AppData\Local\Programs\Microsoft VS Code\bin;;C:\Program Files\Apache NetBeans\bin\
USERNAME=DVDSTORE
OS=Windows_NT
PROCESSOR_IDENTIFIER=Intel64 Family 6 Model 151 Stepping 5, GenuineIntel
TMP=C:\Users\DVDSTORE\AppData\Local\Temp
TEMP=C:\Users\DVDSTORE\AppData\Local\Temp




Compilation memory statistics disabled.

Periodic native trim disabled

---------------  S Y S T E M  ---------------

OS:
 Windows 11 , 64 bit Build 26100 (10.0.26100.8875)
OS uptime: 3 days 17:10 hours

CPU: total 12 (initial active 12) (6 cores per cpu, 2 threads per core) family 6 model 151 stepping 5 microcode 0x2d, cx8, cmov, fxsr, ht, mmx, 3dnowpref, sse, sse2, sse3, ssse3, sse4.1, sse4.2, popcnt, lzcnt, tsc, tscinvbit, avx, avx2, aes, erms, clmul, bmi1, bmi2, adx, sha, fma, vzeroupper, clflush, clflushopt, clwb, serialize, rdtscp, rdpid, fsrm, gfni, f16c, pku, cet_ibt, cet_ss
Processor Information for the first 12 processors :
  Max Mhz: 2500, Current Mhz: 2500, Mhz Limit: 2500

Memory: 4k page, system-wide physical 16237M (1998M free)
TotalPageFile size 28525M (AvailPageFile size 372M)
current process WorkingSet (physical memory assigned to process): 96M, peak: 98M
current process commit charge ("private bytes"): 139M, peak: 147M

vm_info: OpenJDK 64-Bit Server VM (26.0.1+8) for windows-amd64 JRE (26.0.1+8), built on 2026-04-21T00:00:00Z with MS VC++ 17.12 (VS2022)

END.
