#
# There is insufficient memory for the Java Runtime Environment to continue.
# Native memory allocation (malloc) failed to allocate 2423000 bytes. Error detail: Chunk::new
# Possible reasons:
#   The system is out of physical RAM or swap space
#   This process is running with CompressedOops enabled, and the Java Heap may be blocking the growth of the native heap
# Possible solutions:
#   Reduce memory load on the system
#   Increase physical memory or swap space
#   Check if swap backing store is full
#   Decrease Java heap size (-Xmx/-Xms)
#   Decrease number of Java threads
#   Decrease Java thread stack sizes (-Xss)
#   Set larger code cache with -XX:ReservedCodeCacheSize=
#   JVM is running with Zero Based Compressed Oops mode in which the Java heap is
#     placed in the first 32GB address space. The Java Heap base address is the
#     maximum limit for the native heap growth. Please use -XX:HeapBaseMinAddress
#     to set the Java Heap base and to place the Java Heap above 32GB virtual address.
# This output file may be truncated or incomplete.
#
#  Out of Memory Error (arena.cpp:193), pid=51744, tid=52696
#
# JRE version: OpenJDK Runtime Environment Temurin-26.0.1+8 (26.0.1+8) (build 26.0.1+8)
# Java VM: OpenJDK 64-Bit Server VM Temurin-26.0.1+8 (26.0.1+8, mixed mode, sharing, tiered, compressed oops, compressed class ptrs, g1 gc, windows-amd64)
# No core dump will be written. Minidumps are not enabled by default on client versions of Windows
#

---------------  S U M M A R Y ------------

Command Line: --enable-native-access=ALL-UNNAMED -Dclassworlds.conf=C:\Program Files\Apache NetBeans\java\maven\bin\m2.conf -Dmaven.home=C:\Program Files\Apache NetBeans\java\maven -Dlibrary.jansi.path=C:\Program Files\Apache NetBeans\java\maven\lib\jansi-native -Dmaven.multiModuleProjectDirectory=C:\Users\DVDSTORE\Desktop\LeetCode\ArrayList\ArrayList org.codehaus.plexus.classworlds.launcher.Launcher -Dexec.vmArgs= -Dexec.args=${exec.vmArgs} -classpath %classpath ${exec.mainClass} ${exec.appArgs} -Dexec.appArgs= -Dexec.mainClass=com.mycompany.arraylist.Driver -Dexec.executable=C:\Program Files\Apache NetBeans\jdk\bin\java.exe -Dmaven.ext.class.path=C:\Program Files\Apache NetBeans\java\maven-nblib\netbeans-eventspy.jar --no-transfer-progress process-classes org.codehaus.mojo:exec-maven-plugin:3.5.1:exec

Host: 12th Gen Intel(R) Core(TM) i5-12400F, 12 cores, 15G,  Windows 11 , 64 bit Build 26100 (10.0.26100.8875)
Time: Wed Aug 19 09:14:36 2026 Egypt Daylight Time elapsed time: 8.428255 seconds (0d 0h 0m 8s)

---------------  T H R E A D  ---------------

Current thread (0x000001fc47f21810):  JavaThread "C2 CompilerThread0" daemon [_thread_in_native, id=52696, stack(0x0000007020e00000,0x0000007020f00000) (1024K)]


Current CompileTask:
C2:8428  655       4       java.util.jar.Manifest$FastInputStream::readLine (296 bytes)

Stack: [0x0000007020e00000,0x0000007020f00000]
Native frames: (J=compiled Java code, j=interpreted, Vv=VM code, C=native code)
V  [jvm.dll+0x7db749]  (no source info available)
V  [jvm.dll+0x7a82bd]  (no source info available)
V  [jvm.dll+0xa44a60]  (no source info available)
V  [jvm.dll+0xa46eb1]  (no source info available)
V  [jvm.dll+0xa475c3]  (no source info available)
V  [jvm.dll+0x311a96]  (no source info available)
V  [jvm.dll+0x120316]  (no source info available)
V  [jvm.dll+0x12063e]  (no source info available)
V  [jvm.dll+0x1b2836]  (no source info available)
V  [jvm.dll+0x3ce802]  (no source info available)
V  [jvm.dll+0x7e430f]  (no source info available)
V  [jvm.dll+0x2d4597]  (no source info available)
V  [jvm.dll+0x2d350f]  (no source info available)
V  [jvm.dll+0x249670]  (no source info available)
V  [jvm.dll+0x2e363c]  (no source info available)
V  [jvm.dll+0x2e181d]  (no source info available)
V  [jvm.dll+0x4a82ae]  (no source info available)
V  [jvm.dll+0x9e3039]  (no source info available)
V  [jvm.dll+0x7dd228]  (no source info available)
C  [ucrtbase.dll+0x2cd30]  (no source info available)
C  [KERNEL32.DLL+0x2e957]  (no source info available)
C  [ntdll.dll+0xaad6c]  (no source info available)

Lock stack of current Java thread (top to bottom):


---------------  P R O C E S S  ---------------

Threads class SMR info:
_java_thread_list=0x000001fc4d304cd0, length=12, elements={
0x000001fc258b68d0, 0x000001fc47f035b0, 0x000001fc47f03d60, 0x000001fc47f12ba0,
0x000001fc47f14130, 0x000001fc47f15cf0, 0x000001fc47f1c4c0, 0x000001fc47f21810,
0x000001fc47f25080, 0x000001fc485bd870, 0x000001fc485bee10, 0x000001fc47f24870
}

Java Threads: ( => current thread )
  0x000001fc258b68d0 JavaThread "main"                              [_thread_in_vm, id=57400, stack(0x000000701ff00000,0x0000007020000000) (1024K)]
  0x000001fc47f035b0 JavaThread "Reference Handler"          daemon [_thread_blocked, id=60684, stack(0x0000007020800000,0x0000007020900000) (1024K)]
  0x000001fc47f03d60 JavaThread "Finalizer"                  daemon [_thread_blocked, id=58844, stack(0x0000007020900000,0x0000007020a00000) (1024K)]
  0x000001fc47f12ba0 JavaThread "Signal Dispatcher"          daemon [_thread_blocked, id=53048, stack(0x0000007020a00000,0x0000007020b00000) (1024K)]
  0x000001fc47f14130 JavaThread "Attach Listener"            daemon [_thread_blocked, id=60012, stack(0x0000007020b00000,0x0000007020c00000) (1024K)]
  0x000001fc47f15cf0 JavaThread "Service Thread"             daemon [_thread_blocked, id=43316, stack(0x0000007020c00000,0x0000007020d00000) (1024K)]
  0x000001fc47f1c4c0 JavaThread "Monitor Deflation Thread"   daemon [_thread_blocked, id=60104, stack(0x0000007020d00000,0x0000007020e00000) (1024K)]
=>0x000001fc47f21810 JavaThread "C2 CompilerThread0"         daemon [_thread_in_native, id=52696, stack(0x0000007020e00000,0x0000007020f00000) (1024K)]
  0x000001fc47f25080 JavaThread "C1 CompilerThread0"         daemon [_thread_blocked, id=57452, stack(0x0000007020f00000,0x0000007021000000) (1024K)]
  0x000001fc485bd870 JavaThread "Notification Thread"        daemon [_thread_blocked, id=60764, stack(0x0000007021000000,0x0000007021100000) (1024K)]
  0x000001fc485bee10 JavaThread "Common-Cleaner"             daemon [_thread_blocked, id=60760, stack(0x0000007021100000,0x0000007021200000) (1024K)]
  0x000001fc47f24870 JavaThread "C2 CompilerThread1"         daemon [_thread_blocked, id=52192, stack(0x0000007021300000,0x0000007021400000) (1024K)]
Total: 12

Other Threads:
  0x000001fc47ef3620 VMThread "VM Thread"                           [id=54492, stack(0x0000007020700000,0x0000007020800000) (1024K)]
  0x000001fc47ee0530 WatcherThread "VM Periodic Task Thread"        [id=54484, stack(0x0000007020600000,0x0000007020700000) (1024K)]
  0x000001fc27cd09a0 WorkerThread "GC Thread#0"                     [id=39684, stack(0x0000007020000000,0x0000007020100000) (1024K)]
  0x000001fc4d039640 WorkerThread "GC Thread#1"                     [id=55800, stack(0x0000007021400000,0x0000007021500000) (1024K)]
  0x000001fc27ce9700 ConcurrentGCThread "G1 Main Marker"            [id=54036, stack(0x0000007020100000,0x0000007020200000) (1024K)]
  0x000001fc27cec9a0 WorkerThread "G1 Conc#0"                       [id=34604, stack(0x0000007020200000,0x0000007020300000) (1024K)]
  0x000001fc27d0dea0 WorkerThread "G1 Refinement Workers#0"         [id=53508, stack(0x0000007020400000,0x0000007020500000) (1024K)]
  0x000001fc27d0d4e0 ConcurrentGCThread "G1 Refine Control"         [id=53912, stack(0x0000007020300000,0x0000007020400000) (1024K)]
  0x000001fc27d0e810 ConcurrentGCThread "G1 Service"                [id=54088, stack(0x0000007020500000,0x0000007020600000) (1024K)]
Total: 9

Threads with active compile tasks:
C2 CompilerThread0  8585  655       4       java.util.jar.Manifest$FastInputStream::readLine (296 bytes)
Total: 1

VM state: not at safepoint (normal execution)

VM Mutex/Monitor currently owned by a thread: None

Heap address: 0x0000000702400000, size: 4060 MB, Compressed Oops mode: Zero based, Oop shift amount: 3

CDS archive(s) mapped at: [0x0000000005000000-0x0000000005de0000-0x0000000005de0000), size 14548992, SharedBaseAddress: 0x0000000005000000, ArchiveRelocationMode: 1.
Compressed class space mapped at: 0x0000000006000000-0x0000000046000000, reserved size: 1073741824
UseCompressedClassPointers 1, UseCompactObjectHeaders 0
Narrow klass pointer bits 32, Max shift 3
Narrow klass base: 0x0000000005000000, Narrow klass shift: 0
Encoding Range: [0x0000000005000000 - 0x0000000105000000), (4294967296 bytes)
Klass Range:    [0x0000000005000000 - 0x0000000046000000), (1090519040 bytes)
Klass ID Range:  [8 - 1090519033) (1090519025)
Protection zone: [0x0000000005000000 - 0x0000000005010000), (65536 bytes)

GC Precious Log:
 CardTable entry size: 512
 Card Set container configuration: InlinePtr #cards 4 size 8 Array Of Cards #cards 16 size 48 Howl #buckets 8 coarsen threshold 3686 Howl Bitmap #cards 512 size 80 coarsen threshold 460 Card regions per heap region 1 cards per card region 4096
 CPUs: 12 total, 12 available
 Memory: 16237M
 Large Page Support: Disabled
 NUMA Support: Disabled
 Compressed Oops: Enabled (Zero based)
 Heap Region Size: 2M
 Heap Min Capacity: 8M
 Heap Initial Capacity: 8M
 Heap Max Capacity: 4060M
 Pre-touch: Disabled
 Parallel Workers: 10
 Concurrent Workers: 3
 Concurrent Refinement Workers: 10
 Periodic GC: Disabled

Heap:
 garbage-first heap   total reserved 4157440K, committed 10240K, used 3999K [0x0000000702400000, 0x0000000800000000)
  region size 2M, 1 eden (2M), 1 survivor (2M), 2 old (4M), 0 humongous (0M), 1 free (2M)

Heap Regions: E=young(eden), S=young(survivor), O=old, HS=humongous(starts), HC=humongous(continues), CS=collection set, F=free, TAMS=top-at-mark-start, PB=parsable bottom
|    0|0x0000000702400000, 0x00000007025752b8, 0x0000000702600000| 72%| O|  |TAMS 0x0000000702400000| PB 0x0000000702400000| Untracked |  0
|    1|0x0000000702600000, 0x0000000702600000, 0x0000000702800000|  0%| F|  |TAMS 0x0000000702600000| PB 0x0000000702600000| Untracked |  0
|    2|0x0000000702800000, 0x000000070294b110, 0x0000000702a00000| 64%| S|CS|TAMS 0x0000000702800000| PB 0x0000000702800000| Complete  |  0
|    3|0x0000000702a00000, 0x0000000702b2fb60, 0x0000000702c00000| 59%| E|CS|TAMS 0x0000000702a00000| PB 0x0000000702a00000| Complete  |  0
| 2029|0x00000007ffe00000, 0x00000007fff27b70, 0x0000000800000000| 57%| O|  |TAMS 0x00000007ffe00000| PB 0x00000007ffe00000| Untracked |  0

Card table byte_map: [0x000001fc408d0000,0x000001fc410c0000] _byte_map_base: 0x000001fc3d0be000
Refinement table byte_map: [0x000001fc410c0000,0x000001fc418b0000] _byte_map_base: 0x000001fc3d8ae000

Marking Bits: (CMBitMap*) 0x000001fc27cd1120
 Bits: [0x000001fc418b0000, 0x000001fc45820000)

Polling page: 0x000001fc25d10000

Metaspace:
Metaspace        used 3429K, committed 3520K, reserved 1114112K
 class space     used 352K, committed 384K, reserved 1048576K

Usage:
  Non-class:      3.00 MB used.
      Class:    352.99 KB used.
       Both:      3.35 MB used.

Virtual space:
  Non-class space:       64.00 MB reserved,       3.06 MB (  5%) committed,  1 nodes.
      Class space:        1.00 GB reserved,     384.00 KB ( <1%) committed,  1 nodes.
             Both:        1.06 GB reserved,       3.44 MB ( <1%) committed. 

Chunk freelists:
   Non-Class:  10.38 MB
       Class:  15.50 MB
        Both:  25.88 MB

MaxMetaspaceSize: unlimited
CompressedClassSpaceSize: 1.00 GB
Initial GC threshold: 21.00 MB
Current GC threshold: 21.00 MB
CDS: on
 - commit_granule_bytes: 65536.
 - commit_granule_words: 8192.
 - virtual_space_node_default_size: 8388608.
 - enlarge_chunks_in_place: 1.
UseCompressedClassPointers 1, UseCompactObjectHeaders 0
Narrow klass pointer bits 32, Max shift 3
Narrow klass base: 0x0000000005000000, Narrow klass shift: 0
Encoding Range: [0x0000000005000000 - 0x0000000105000000), (4294967296 bytes)
Klass Range:    [0x0000000005000000 - 0x0000000046000000), (1090519040 bytes)
Klass ID Range:  [8 - 1090519033) (1090519025)
Protection zone: [0x0000000005000000 - 0x0000000005010000), (65536 bytes)


Internal statistics:

num_allocs_failed_limit: 0.
num_arena_births: 40.
num_arena_deaths: 0.
num_vsnodes_births: 2.
num_vsnodes_deaths: 0.
num_space_committed: 55.
num_space_uncommitted: 0.
num_chunks_returned_to_freelist: 0.
num_chunks_taken_from_freelist: 136.
num_chunk_merges: 0.
num_chunk_splits: 86.
num_chunks_enlarged: 69.
num_inconsistent_stats: 0.

CodeHeap 'non-profiled nmethods': size=120064Kb used=243Kb max_used=243Kb free=119820Kb
 bounds [0x000001fc38630000, 0x000001fc388a0000, 0x000001fc3fb70000]
CodeHeap 'profiled nmethods': size=120064Kb used=1293Kb max_used=1293Kb free=118770Kb
 bounds [0x000001fc30b50000, 0x000001fc30dc0000, 0x000001fc38090000]
CodeHeap 'non-nmethods': size=5760Kb used=1344Kb max_used=1376Kb free=4415Kb
 bounds [0x000001fc38090000, 0x000001fc38300000, 0x000001fc38630000]
CodeCache: size=245888Kb, used=2880Kb, max_used=2912Kb, free=243005Kb
 total_blobs=1371, nmethods=914, adapters=361, full_count=0
Compilation: enabled, stopped_count=0, restarted_count=0

Compilation events (20 events):
Event: 7.288 Thread 0x000001fc47f25080 nmethod 652 0x000001fc30c10f88 code [0x000001fc30c11080, 0x000001fc30c11858]
Event: 7.289 Thread 0x000001fc47f21810  653       4       java.util.zip.ZipFile::ensureOpen (40 bytes)
Event: 7.290 Thread 0x000001fc47f21810 nmethod 653 0x000001fc3865d188 code [0x000001fc3865d280, 0x000001fc3865d338]
Event: 7.415 Thread 0x000001fc47f21810  654       4       jdk.internal.util.ArraysSupport::mismatch (103 bytes)
Event: 7.415 Thread 0x000001fc47f25080  656       3       java.lang.ReflectiveOperationException::<init> (7 bytes)
Event: 7.416 Thread 0x000001fc47f25080 nmethod 656 0x000001fc30c11888 code [0x000001fc30c11980, 0x000001fc30c11b08]
Event: 7.416 Thread 0x000001fc47f25080  657       3       java.lang.Exception::<init> (7 bytes)
Event: 7.416 Thread 0x000001fc47f25080 nmethod 657 0x000001fc30c11b88 code [0x000001fc30c11c80, 0x000001fc30c11da8]
Event: 7.417 Thread 0x000001fc47f21810 nmethod 654 0x000001fc3865d488 code [0x000001fc3865d580, 0x000001fc3865d7d0]
Event: 7.418 Thread 0x000001fc47f21810  655       4       java.util.jar.Manifest$FastInputStream::readLine (296 bytes)
Event: 7.419 Thread 0x000001fc47f25080  658       3       org.codehaus.plexus.classworlds.realm.ClassRealm::loadClass (7 bytes)
Event: 7.419 Thread 0x000001fc47f25080 nmethod 658 0x000001fc30c11e88 code [0x000001fc30c11f80, 0x000001fc30c12140]
Event: 7.419 Thread 0x000001fc47f25080  659   !   3       org.codehaus.plexus.classworlds.realm.ClassRealm::loadClass (33 bytes)
Event: 7.420 Thread 0x000001fc47f25080 nmethod 659 0x000001fc30c12188 code [0x000001fc30c12280, 0x000001fc30c12520]
Event: 7.420 Thread 0x000001fc47f25080  661       3       sun.net.util.IPAddressUtil::checkHostString (65 bytes)
Event: 7.420 Thread 0x000001fc47f25080 nmethod 661 0x000001fc30c12588 code [0x000001fc30c12680, 0x000001fc30c12878]
Event: 7.420 Thread 0x000001fc47f25080  662   !   3       java.net.URL::set (114 bytes)
Event: 7.421 Thread 0x000001fc47f25080 nmethod 662 0x000001fc30c12888 code [0x000001fc30c12980, 0x000001fc30c13720]
Event: 7.421 Thread 0x000001fc47f25080  660       3       java.net.URL::toExternalForm (9 bytes)
Event: 7.421 Thread 0x000001fc47f25080 nmethod 660 0x000001fc30c13788 code [0x000001fc30c13880, 0x000001fc30c13a48]

GC Heap Usage History (4 events):
Event: 1.383 {heap Before GC invocations=0 (full 0):
 garbage-first heap   total reserved 4157440K, committed 10240K, used 3230K [0x0000000702400000, 0x0000000800000000)
  region size 2M, 2 eden (4M), 0 survivor (0M), 1 old (2M), 0 humongous (0M), 2 free (4M)
}
Event: 2.159 {heap After GC invocations=1 (full 0):
 garbage-first heap   total reserved 4157440K, committed 10240K, used 2686K [0x0000000702400000, 0x0000000800000000)
  region size 2M, 0 eden (0M), 1 survivor (2M), 1 old (2M), 0 humongous (0M), 3 free (6M)
}
Event: 7.061 {heap Before GC invocations=1 (full 0):
 garbage-first heap   total reserved 4157440K, committed 10240K, used 4734K [0x0000000702400000, 0x0000000800000000)
  region size 2M, 1 eden (2M), 1 survivor (2M), 1 old (2M), 0 humongous (0M), 2 free (4M)
}
Event: 7.064 {heap After GC invocations=2 (full 0):
 garbage-first heap   total reserved 4157440K, committed 10240K, used 2918K [0x0000000702400000, 0x0000000800000000)
  region size 2M, 0 eden (0M), 1 survivor (2M), 2 old (4M), 0 humongous (0M), 2 free (4M)
}

Metaspace Usage History (4 events):
Event: 1.383 {metaspace Before GC invocations=0 (full 0):
 Metaspace       used 1083K, committed 1216K, reserved 1114112K
  class space    used 88K, committed 128K, reserved 1048576K
}
Event: 2.159 {metaspace After GC invocations=1 (full 0):
 Metaspace       used 1083K, committed 1216K, reserved 1114112K
  class space    used 88K, committed 128K, reserved 1048576K
}
Event: 7.061 {metaspace Before GC invocations=1 (full 0):
 Metaspace       used 2040K, committed 2176K, reserved 1114112K
  class space    used 187K, committed 256K, reserved 1048576K
}
Event: 7.064 {metaspace After GC invocations=2 (full 0):
 Metaspace       used 2040K, committed 2176K, reserved 1114112K
  class space    used 187K, committed 256K, reserved 1048576K
}

Dll operation events (14 events):
Event: 0.037 Attempting to load shared library C:\Program Files\Apache NetBeans\jdk\bin\java.dll
Event: 0.038 Loaded shared library C:\Program Files\Apache NetBeans\jdk\bin\java.dll
Event: 0.138 Attempting to load shared library C:\Program Files\Apache NetBeans\jdk\bin\net.dll
Event: 0.139 Loaded shared library C:\Program Files\Apache NetBeans\jdk\bin\net.dll
Event: 0.143 Attempting to load shared library C:\Program Files\Apache NetBeans\jdk\bin\nio.dll
Event: 0.143 Loaded shared library C:\Program Files\Apache NetBeans\jdk\bin\nio.dll
Event: 0.150 Attempting to load shared library C:\Program Files\Apache NetBeans\jdk\bin\zip.dll
Event: 0.151 Loaded shared library C:\Program Files\Apache NetBeans\jdk\bin\zip.dll
Event: 0.886 Attempting to load shared library C:\Program Files\Apache NetBeans\java\maven\lib\jansi-native\Windows\x86_64\jansi.dll
Event: 0.887 Loaded shared library C:\Program Files\Apache NetBeans\java\maven\lib\jansi-native\Windows\x86_64\jansi.dll
Event: 0.909 Attempting to load shared library C:\Program Files\Apache NetBeans\jdk\bin\verify.dll
Event: 0.910 Loaded shared library C:\Program Files\Apache NetBeans\jdk\bin\verify.dll
Event: 2.245 Attempting to load shared library C:\Program Files\Apache NetBeans\jdk\bin\jimage.dll
Event: 2.245 Loaded shared library C:\Program Files\Apache NetBeans\jdk\bin\jimage.dll

Deoptimization events (20 events):
Event: 0.821 Thread 0x000001fc258b68d0 Uncommon trap: trap_request=0xffffff45 fr.pc=0x000001fc3864265c relative=0x000000000000005c
Event: 0.821 Thread 0x000001fc258b68d0 Uncommon trap: reason=unstable_if action=reinterpret pc=0x000001fc3864265c method=java.io.WinNTFileSystem.isSlash(C)Z @ 9 c2
Event: 0.821 Thread 0x000001fc258b68d0 DEOPT PACKING pc=0x000001fc3864265c sp=0x000000701fffe8c0
Event: 0.821 Thread 0x000001fc258b68d0 DEOPT UNPACKING pc=0x000001fc381b1a02 sp=0x000000701fffe848 mode 2
Event: 2.182 Thread 0x000001fc258b68d0 DEOPT PACKING pc=0x000001fc30b866f8 sp=0x000000701fffde80
Event: 2.182 Thread 0x000001fc258b68d0 DEOPT UNPACKING pc=0x000001fc380e1a02 sp=0x000000701fffd308 mode 0
Event: 6.574 Thread 0x000001fc258b68d0 DEOPT PACKING pc=0x000001fc30b6bb99 sp=0x000000701fffd1b0
Event: 6.574 Thread 0x000001fc258b68d0 DEOPT UNPACKING pc=0x000001fc380e1a02 sp=0x000000701fffc628 mode 0
Event: 6.741 Thread 0x000001fc258b68d0 DEOPT PACKING pc=0x000001fc30b6bb99 sp=0x000000701fffdb10
Event: 6.741 Thread 0x000001fc258b68d0 DEOPT UNPACKING pc=0x000001fc380e1a02 sp=0x000000701fffcf60 mode 0
Event: 6.759 Thread 0x000001fc258b68d0 DEOPT PACKING pc=0x000001fc30b6bb99 sp=0x000000701fffe060
Event: 6.759 Thread 0x000001fc258b68d0 DEOPT UNPACKING pc=0x000001fc380e1a02 sp=0x000000701fffd4b0 mode 0
Event: 6.924 Thread 0x000001fc258b68d0 DEOPT PACKING pc=0x000001fc30b866f8 sp=0x000000701fffe9b0
Event: 6.924 Thread 0x000001fc258b68d0 DEOPT UNPACKING pc=0x000001fc380e1a02 sp=0x000000701fffde20 mode 0
Event: 6.998 Thread 0x000001fc258b68d0 DEOPT PACKING pc=0x000001fc30b866f8 sp=0x000000701fffe480
Event: 6.998 Thread 0x000001fc258b68d0 DEOPT UNPACKING pc=0x000001fc380e1a02 sp=0x000000701fffd908 mode 0
Event: 7.415 Thread 0x000001fc258b68d0 DEOPT PACKING pc=0x000001fc30b748d8 sp=0x000000701fffa730
Event: 7.415 Thread 0x000001fc258b68d0 DEOPT UNPACKING pc=0x000001fc380e1a02 sp=0x000000701fff9bc0 mode 0
Event: 7.416 Thread 0x000001fc258b68d0 DEOPT PACKING pc=0x000001fc30b866f8 sp=0x000000701fffa760
Event: 7.416 Thread 0x000001fc258b68d0 DEOPT UNPACKING pc=0x000001fc380e1a02 sp=0x000000701fff9bd0 mode 0

Classes loaded (20 events):
Event: 6.715 Loading class java/lang/InstantiationException
Event: 6.715 Loading class java/lang/InstantiationException done
Event: 6.755 Loading class java/util/StringTokenizer
Event: 6.755 Loading class java/util/StringTokenizer done
Event: 6.921 Loading class java/io/StringReader
Event: 6.921 Loading class java/io/StringReader done
Event: 6.922 Loading class java/util/regex/Pattern$BnM
Event: 6.922 Loading class java/util/regex/Pattern$BnM done
Event: 6.923 Loading class java/util/regex/Pattern$SliceS
Event: 6.923 Loading class java/util/regex/Pattern$SliceS done
Event: 6.923 Loading class java/text/MessageFormat
Event: 6.924 Loading class java/text/MessageFormat done
Event: 6.924 Loading class java/io/Reader$2
Event: 6.924 Loading class java/io/Reader$2 done
Event: 6.997 Loading class java/io/EOFException
Event: 6.997 Loading class java/io/EOFException done
Event: 7.087 Loading class java/io/StringWriter
Event: 7.087 Loading class java/io/StringWriter done
Event: 7.420 Loading class java/lang/TypeNotPresentException
Event: 7.420 Loading class java/lang/TypeNotPresentException done

Classes unloaded (0 events):
No events

Classes redefined (0 events):
No events

Internal exceptions (20 events):
Event: 0.889 Thread 0x000001fc258b68d0 Exception <a 'java/lang/NullPointerException'{0x00000007029bc318}> (0x00000007029bc318) 
thrown [s\src\hotspot\share\interpreter\linkResolver.cpp, line 1428]
Event: 0.889 Thread 0x000001fc258b68d0 Exception <a 'java/lang/NullPointerException'{0x00000007029bc5f8}> (0x00000007029bc5f8) 
thrown [s\src\hotspot\share\interpreter\linkResolver.cpp, line 1428]
Event: 0.890 Thread 0x000001fc258b68d0 Exception <a 'java/lang/NullPointerException'{0x00000007029c1038}> (0x00000007029c1038) 
thrown [s\src\hotspot\share\interpreter\linkResolver.cpp, line 1428]
Event: 0.892 Thread 0x000001fc258b68d0 Exception <a 'java/lang/NullPointerException'{0x00000007029d2f18}> (0x00000007029d2f18) 
thrown [s\src\hotspot\share\interpreter\linkResolver.cpp, line 1428]
Event: 0.892 Thread 0x000001fc258b68d0 Exception <a 'java/lang/NullPointerException'{0x00000007029d31f8}> (0x00000007029d31f8) 
thrown [s\src\hotspot\share\interpreter\linkResolver.cpp, line 1428]
Event: 0.892 Thread 0x000001fc258b68d0 Exception <a 'java/lang/NullPointerException'{0x00000007029d34d8}> (0x00000007029d34d8) 
thrown [s\src\hotspot\share\interpreter\linkResolver.cpp, line 1428]
Event: 0.892 Thread 0x000001fc258b68d0 Exception <a 'java/lang/NullPointerException'{0x00000007029d37b8}> (0x00000007029d37b8) 
thrown [s\src\hotspot\share\interpreter\linkResolver.cpp, line 1428]
Event: 0.897 Thread 0x000001fc258b68d0 Exception <a 'sun/nio/fs/WindowsException'{0x00000007029f5ac8}> (0x00000007029f5ac8) 
thrown [s\src\hotspot\share\prims\jni.cpp, line 514]
Event: 0.897 Thread 0x000001fc258b68d0 Exception <a 'sun/nio/fs/WindowsException'{0x00000007029f6100}> (0x00000007029f6100) 
thrown [s\src\hotspot\share\prims\jni.cpp, line 514]
Event: 0.907 Thread 0x000001fc258b68d0 Exception <a 'sun/nio/fs/WindowsException'{0x00000007029f66e8}> (0x00000007029f66e8) 
thrown [s\src\hotspot\share\prims\jni.cpp, line 514]
Event: 0.907 Thread 0x000001fc258b68d0 Exception <a 'sun/nio/fs/WindowsException'{0x00000007029f6c58}> (0x00000007029f6c58) 
thrown [s\src\hotspot\share\prims\jni.cpp, line 514]
Event: 0.907 Thread 0x000001fc258b68d0 Exception <a 'sun/nio/fs/WindowsException'{0x00000007029f71a8}> (0x00000007029f71a8) 
thrown [s\src\hotspot\share\prims\jni.cpp, line 514]
Event: 0.908 Thread 0x000001fc258b68d0 Exception <a 'sun/nio/fs/WindowsException'{0x00000007029f7698}> (0x00000007029f7698) 
thrown [s\src\hotspot\share\prims\jni.cpp, line 514]
Event: 0.908 Thread 0x000001fc258b68d0 Exception <a 'sun/nio/fs/WindowsException'{0x00000007029f7b40}> (0x00000007029f7b40) 
thrown [s\src\hotspot\share\prims\jni.cpp, line 514]
Event: 2.187 Thread 0x000001fc258b68d0 Exception <a 'java/lang/NoSuchMethodError'{0x0000000702a312b0}: 'void java.lang.invoke.DirectMethodHandle$Holder.invokeVirtual(java.lang.Object, java.lang.Object)'> (0x0000000702a312b0) 
thrown [s\src\hotspot\share\interpreter\linkResolver.cpp, line 804]
Event: 2.190 Thread 0x000001fc258b68d0 Exception <a 'java/lang/NoSuchMethodError'{0x0000000702a52c60}: 'void java.lang.invoke.DirectMethodHandle$Holder.invokeStatic(java.lang.Object, java.lang.Object)'> (0x0000000702a52c60) 
thrown [s\src\hotspot\share\interpreter\linkResolver.cpp, line 804]
Event: 2.191 Thread 0x000001fc258b68d0 Exception <a 'java/lang/NoSuchMethodError'{0x0000000702a5ac48}: 'void java.lang.invoke.DirectMethodHandle$Holder.invokeStaticInit(java.lang.Object, java.lang.Object)'> (0x0000000702a5ac48) 
thrown [s\src\hotspot\share\interpreter\linkResolver.cpp, line 804]
Event: 2.224 Thread 0x000001fc258b68d0 Exception <a 'java/lang/NoSuchMethodError'{0x0000000702a927e0}: 'void java.lang.invoke.DirectMethodHandle$Holder.invokeSpecial(java.lang.Object, java.lang.Object, java.lang.Object, java.lang.Object, java.lang.Object)'> (0x0000000702a927e0) 
thrown [s\src\hotspot\share\interpreter\linkResolver.cpp, line 804]
Event: 2.243 Thread 0x000001fc258b68d0 Exception <a 'java/lang/NoSuchMethodError'{0x0000000702ad3b20}: 'void java.lang.invoke.DirectMethodHandle$Holder.invokeStatic(java.lang.Object, java.lang.Object, java.lang.Object)'> (0x0000000702ad3b20) 
thrown [s\src\hotspot\share\interpreter\linkResolver.cpp, line 804]
Event: 7.110 Thread 0x000001fc258b68d0 Exception <a 'java/lang/NoSuchMethodError'{0x0000000702a78f80}: 'java.lang.Object java.lang.invoke.DirectMethodHandle$Holder.invokeSpecialIFC(java.lang.Object, java.lang.Object, java.lang.Object, java.lang.Object)'> (0x0000000702a78f80) 
thrown [s\src\hotspot\share\interpreter\linkResolver.cpp, line 804]

VM Operations (10 events):
Event: 0.152 Executing non-safepoint VM operation: HandshakeAllThreads (Deoptimize)
Event: 0.197 Executing non-safepoint VM operation: HandshakeAllThreads (Deoptimize) done
Event: 0.878 Executing non-safepoint VM operation: HandshakeAllThreads (Deoptimize)
Event: 0.878 Executing non-safepoint VM operation: HandshakeAllThreads (Deoptimize) done
Event: 0.910 Executing safepoint VM operation: G1CollectForAllocation (G1 Evacuation Pause)
Event: 2.159 Executing safepoint VM operation: G1CollectForAllocation (G1 Evacuation Pause) done
Event: 2.249 Executing non-safepoint VM operation: HandshakeAllThreads (Deoptimize)
Event: 6.241 Executing non-safepoint VM operation: HandshakeAllThreads (Deoptimize) done
Event: 6.998 Executing safepoint VM operation: G1CollectForAllocation (G1 Evacuation Pause)
Event: 7.064 Executing safepoint VM operation: G1CollectForAllocation (G1 Evacuation Pause) done

Memory protections (0 events):
No events

Nmethod flushes (0 events):
No events

Events (15 events):
Event: 0.069 Thread 0x000001fc258b68d0 Thread added: 0x000001fc258b68d0
Event: 0.122 Thread 0x000001fc258b68d0 Thread added: 0x000001fc47f035b0
Event: 0.122 Thread 0x000001fc258b68d0 Thread added: 0x000001fc47f03d60
Event: 0.122 Thread 0x000001fc258b68d0 Thread added: 0x000001fc47f12ba0
Event: 0.123 Thread 0x000001fc258b68d0 Thread added: 0x000001fc47f14130
Event: 0.123 Thread 0x000001fc258b68d0 Thread added: 0x000001fc47f15cf0
Event: 0.123 Thread 0x000001fc258b68d0 Thread added: 0x000001fc47f1c4c0
Event: 0.123 Thread 0x000001fc258b68d0 Thread added: 0x000001fc47f21810
Event: 0.123 Thread 0x000001fc258b68d0 Thread added: 0x000001fc47f25080
Event: 0.131 Thread 0x000001fc258b68d0 Thread added: 0x000001fc485bd870
Event: 0.132 Thread 0x000001fc258b68d0 Thread added: 0x000001fc485bee10
Event: 0.248 Thread 0x000001fc47f25080 Thread added: 0x000001fc47f22830
Event: 0.401 Thread 0x000001fc47f22830 Thread exited: 0x000001fc47f22830
Event: 0.883 Thread 0x000001fc258b68d0 Thread added: 0x000001fc488a2420
Event: 7.111 Thread 0x000001fc488a2420 Thread exited: 0x000001fc488a2420


Dynamic libraries:
0x00007ff623720000 - 0x00007ff62372e000 	C:\Program Files\Apache NetBeans\jdk\bin\java.exe
0x00007ff832b60000 - 0x00007ff832dc6000 	C:\WINDOWS\SYSTEM32\ntdll.dll
0x00007ff831820000 - 0x00007ff8318e9000 	C:\WINDOWS\System32\KERNEL32.DLL
0x00007ff82fd80000 - 0x00007ff83017e000 	C:\WINDOWS\System32\KERNELBASE.dll
0x00007ff82cc20000 - 0x00007ff82ccc0000 	C:\WINDOWS\SYSTEM32\apphelp.dll
0x00007ff830670000 - 0x00007ff8307bc000 	C:\WINDOWS\System32\ucrtbase.dll
0x00007ff806240000 - 0x00007ff80625e000 	C:\Program Files\Apache NetBeans\jdk\bin\VCRUNTIME140.dll
0x00007ff805820000 - 0x00007ff805837000 	C:\Program Files\Apache NetBeans\jdk\bin\jli.dll
0x00007ff8315a0000 - 0x00007ff831767000 	C:\WINDOWS\System32\USER32.dll
0x00007ff830440000 - 0x00007ff830467000 	C:\WINDOWS\System32\win32u.dll
0x00007ff815670000 - 0x00007ff815902000 	C:\WINDOWS\WinSxS\amd64_microsoft.windows.common-controls_6595b64144ccf1df_6.0.26100.8875_none_3e0d5d42e32fe9dd\COMCTL32.dll
0x00007ff8312b0000 - 0x00007ff8312db000 	C:\WINDOWS\System32\GDI32.dll
0x00007ff831770000 - 0x00007ff831819000 	C:\WINDOWS\System32\msvcrt.dll
0x00007ff830190000 - 0x00007ff8302ba000 	C:\WINDOWS\System32\gdi32full.dll
0x00007ff830470000 - 0x00007ff830513000 	C:\WINDOWS\System32\msvcp_win.dll
0x00007ff8323e0000 - 0x00007ff832412000 	C:\WINDOWS\System32\IMM32.DLL
0x000000005b940000 - 0x000000005b94d000 	C:\Program Files (x86)\360\Total Security\safemon\SafeWrapper.dll
0x00007ff832960000 - 0x00007ff832a17000 	C:\WINDOWS\System32\ADVAPI32.dll
0x00007ff830890000 - 0x00007ff83093a000 	C:\WINDOWS\System32\sechost.dll
0x00007ff830b50000 - 0x00007ff830c68000 	C:\WINDOWS\System32\RPCRT4.dll
0x00007ff8296f0000 - 0x00007ff8297f5000 	C:\Program Files (x86)\360\Total Security\safemon\libzdtp64.dll
0x00007ff831aa0000 - 0x00007ff832232000 	C:\WINDOWS\System32\SHELL32.dll
0x00007ff8319f0000 - 0x00007ff831a57000 	C:\WINDOWS\System32\SHLWAPI.dll
0x00007ff82f7c0000 - 0x00007ff82f7cb000 	C:\WINDOWS\SYSTEM32\VERSION.dll
0x00007ff82ae80000 - 0x00007ff82ae8c000 	C:\Program Files\Apache NetBeans\jdk\bin\vcruntime140_1.dll
0x00007fffb1950000 - 0x00007fffb19dd000 	C:\Program Files\Apache NetBeans\jdk\bin\msvcp140.dll
0x00007fff8c260000 - 0x00007fff8d1f9000 	C:\Program Files\Apache NetBeans\jdk\bin\server\jvm.dll
0x00007ff832440000 - 0x00007ff8324c0000 	C:\WINDOWS\System32\WS2_32.dll
0x00007ff82fbe0000 - 0x00007ff82fc3e000 	C:\WINDOWS\SYSTEM32\POWRPROF.dll
0x00007ff821b50000 - 0x00007ff821b86000 	C:\WINDOWS\SYSTEM32\WINMM.dll
0x00007ff82fbc0000 - 0x00007ff82fbd4000 	C:\WINDOWS\SYSTEM32\UMPDC.dll
0x00007ff82e9e0000 - 0x00007ff82e9fb000 	C:\WINDOWS\SYSTEM32\kernel.appcore.dll
0x00007ff8186a0000 - 0x00007ff8186aa000 	C:\Program Files\Apache NetBeans\jdk\bin\jimage.dll
0x00007ff81fc20000 - 0x00007ff81fe62000 	C:\WINDOWS\SYSTEM32\DBGHELP.DLL
0x00007ff830f20000 - 0x00007ff8312a3000 	C:\WINDOWS\System32\combase.dll
0x00007ff8314c0000 - 0x00007ff831599000 	C:\WINDOWS\System32\OLEAUT32.dll
0x00007ff816360000 - 0x00007ff81639b000 	C:\WINDOWS\SYSTEM32\dbgcore.DLL
0x00007ff8307d0000 - 0x00007ff83087c000 	C:\WINDOWS\System32\bcryptPrimitives.dll
0x00007ff805a80000 - 0x00007ff805a9e000 	C:\Program Files\Apache NetBeans\jdk\bin\java.dll
0x00007ff832240000 - 0x00007ff8323d9000 	C:\WINDOWS\System32\ole32.dll
0x00007ff82d7e0000 - 0x00007ff82e072000 	C:\WINDOWS\SYSTEM32\windows.storage.dll
0x00007ff8318f0000 - 0x00007ff8319e7000 	C:\WINDOWS\System32\SHCORE.dll
0x00007ff82fca0000 - 0x00007ff82fcc9000 	C:\WINDOWS\SYSTEM32\profapi.dll
0x00007ff800060000 - 0x00007ff800071000 	C:\Program Files\Apache NetBeans\jdk\bin\net.dll
0x00007ff82ef90000 - 0x00007ff82effc000 	C:\WINDOWS\system32\mswsock.dll
0x00007ffffa340000 - 0x00007ffffa356000 	C:\Program Files\Apache NetBeans\jdk\bin\nio.dll
0x00007ff8016f0000 - 0x00007ff801707000 	C:\Program Files\Apache NetBeans\jdk\bin\zip.dll
0x00007ffff5920000 - 0x00007ffff5944000 	C:\Program Files\Apache NetBeans\java\maven\lib\jansi-native\Windows\x86_64\jansi.dll
0x00007ff814b00000 - 0x00007ff814b10000 	C:\Program Files\Apache NetBeans\jdk\bin\verify.dll

JVMTI agents: none

dbghelp: loaded successfully - version: 4.0.5 - missing functions: none
symbol engine: initialized successfully - sym options: 0x614 - pdb path: .;C:\Program Files\Apache NetBeans\jdk\bin;C:\WINDOWS\SYSTEM32;C:\WINDOWS\WinSxS\amd64_microsoft.windows.common-controls_6595b64144ccf1df_6.0.26100.8875_none_3e0d5d42e32fe9dd;C:\Program Files (x86)\360\Total Security\safemon;C:\Program Files\Apache NetBeans\jdk\bin\server;C:\Program Files\Apache NetBeans\java\maven\lib\jansi-native\Windows\x86_64

VM Arguments:
jvm_args: --enable-native-access=ALL-UNNAMED -Dclassworlds.conf=C:\Program Files\Apache NetBeans\java\maven\bin\m2.conf -Dmaven.home=C:\Program Files\Apache NetBeans\java\maven -Dlibrary.jansi.path=C:\Program Files\Apache NetBeans\java\maven\lib\jansi-native -Dmaven.multiModuleProjectDirectory=C:\Users\DVDSTORE\Desktop\LeetCode\ArrayList\ArrayList 
java_command: org.codehaus.plexus.classworlds.launcher.Launcher -Dexec.vmArgs= -Dexec.args=${exec.vmArgs} -classpath %classpath ${exec.mainClass} ${exec.appArgs} -Dexec.appArgs= -Dexec.mainClass=com.mycompany.arraylist.Driver -Dexec.executable=C:\Program Files\Apache NetBeans\jdk\bin\java.exe -Dmaven.ext.class.path=C:\Program Files\Apache NetBeans\java\maven-nblib\netbeans-eventspy.jar --no-transfer-progress process-classes org.codehaus.mojo:exec-maven-plugin:3.5.1:exec
java_class_path (initial): C:\Program Files\Apache NetBeans\java\maven\boot\plexus-classworlds-2.9.0.jar
Launcher Type: SUN_STANDARD

[Global flags]
     bool AOTAdapterCaching                        = false                                  {diagnostic} {ergonomic}
     bool AOTInvokeDynamicLinking                  = false                                  {diagnostic} {ergonomic}
     bool AOTRecordTraining                        = false                                  {diagnostic} {ergonomic}
     bool AOTReplayTraining                        = false                                  {diagnostic} {ergonomic}
     bool AOTStubCaching                           = false                                  {diagnostic} {ergonomic}
     intx CICompilerCount                          = 4                                         {product} {ergonomic}
     uint ConcGCThreads                            = 3                                         {product} {ergonomic}
     uint G1ConcRefinementThreads                  = 10                                        {product} {ergonomic}
     uint G1EagerReclaimRemSetThreshold            = 16                                   {experimental} {ergonomic}
   size_t G1HeapRegionSize                         = 2097152                                   {product} {ergonomic}
     uint G1RemSetArrayOfCardsEntries              = 16                                   {experimental} {ergonomic}
     uint G1RemSetHowlMaxNumBuckets                = 8                                    {experimental} {ergonomic}
     uint G1RemSetHowlNumBuckets                   = 8                                    {experimental} {ergonomic}
   size_t InitialHeapSize                          = 8388608                                   {product} {ergonomic}
     bool IntelJccErratumMitigation                = false                             {ARCH diagnostic} {ergonomic}
   size_t MarkStackSize                            = 4194304                                   {product} {ergonomic}
   size_t MarkStackSizeMax                         = 536870912                                 {product} {ergonomic}
   size_t MaxHeapSize                              = 4257218560                                {product} {ergonomic}
   size_t MaxNewSize                               = 2554331136                                {product} {ergonomic}
 uint64_t MaxRAM                                   = 17026142208                               {product} {ergonomic}
   size_t MinHeapDeltaBytes                        = 2097152                                   {product} {ergonomic}
   size_t MinHeapSize                              = 8388608                                   {product} {ergonomic}
   size_t NonNMethodCodeHeapSize                   = 5898240                                {pd product} {ergonomic}
   size_t NonProfiledCodeHeapSize                  = 122945536                              {pd product} {ergonomic}
   size_t ProfiledCodeHeapSize                     = 122945536                              {pd product} {ergonomic}
   size_t ReservedCodeCacheSize                    = 251789312                              {pd product} {ergonomic}
     bool SegmentedCodeCache                       = true                                      {product} {ergonomic}
   size_t SoftMaxHeapSize                          = 4257218560                             {manageable} {ergonomic}
     bool UseCompressedOops                        = true                           {product lp64_product} {ergonomic}
     bool UseCondCardMark                          = true                                      {product} {ergonomic}
     bool UseFastUnorderedTimeStamps               = true                                 {experimental} {ergonomic}
     bool UseG1GC                                  = true                                      {product} {ergonomic}
     bool UseLargePagesIndividualAllocation        = false                                  {pd product} {ergonomic}
      int X86ICacheSync                            = 3                                 {ARCH diagnostic} {ergonomic}

Logging:
Log output configuration:
 #0: stdout all=warning uptime,level,tags foldmultilines=false
 #1: stderr all=off uptime,level,tags foldmultilines=false

Release file:
IMPLEMENTOR="Eclipse Adoptium" 
IMPLEMENTOR_VERSION="Temurin-26.0.1+8" 
JAVA_RUNTIME_VERSION="26.0.1+8" 
JAVA_VERSION="26.0.1" 
JAVA_VERSION_DATE="2026-04-21" 
LIBC="default" 
MODULES="java.base java.compiler java.datatransfer java.xml java.prefs java.desktop java.instrument java.logging java.management java.security.sasl java.naming java.rmi java.management.rmi java.net.http java.scripting java.security.jgss java.transaction.xa java.sql java.sql.rowset java.xml.crypto java.se java.smartcardio jdk.accessibility jdk.internal.jvmstat jdk.attach jdk.charsets jdk.internal.opt jdk.zipfs jdk.compiler jdk.crypto.cryptoki jdk.crypto.ec jdk.crypto.mscapi jdk.dynalink jdk.internal.ed jdk.editpad jdk.internal.vm.ci jdk.graal.compiler jdk.graal.compiler.management jdk.hotspot.agent jdk.httpserver jdk.incubator.vector jdk.internal.le jdk.internal.md jdk.jartool jdk.javadoc jdk.jcmd jdk.management jdk.management.agent jdk.jconsole jdk.jdeps jdk.jdwp.agent jdk.jdi jdk.jfr jdk.jlink jdk.jpackage jdk.jshell jdk.jstatd jdk.localedata jdk.management.jfr jdk.naming.dns jdk.naming.rmi jdk.net jdk.nio.mapmode jdk.sctp jdk.security.auth jdk.security.jgss jdk.unsupported jdk.unsupported.desktop jdk.xml.dom" 
OS_ARCH="x86_64" 
OS_NAME="Windows" 
SOURCE=".:git:1cafccec39fb" 
BUILD_SOURCE="git:a612825ee82a20ac872d60958c349854c1f29a8e"
BUILD_SOURCE_REPO="https://github.com/adoptium/temurin-build.git"
SOURCE_REPO="https://github.com/adoptium/jdk26u.git"
FULL_VERSION="26.0.1+8"
SEMANTIC_VERSION="26.0.1+8"
BUILD_INFO="OS: Windows Server 2022 Version: 10.0"
JVM_VARIANT="Hotspot"
JVM_VERSION="26.0.1+8"
IMAGE_TYPE="JDK"

Environment Variables:
JAVA_HOME=C:\Program Files\Apache NetBeans\jdk
PATH=C:\Program Files (x86)\Common Files\Oracle\Java\javapath;C:\WINDOWS\system32;C:\WINDOWS;C:\WINDOWS\System32\Wbem;C:\WINDOWS\System32\WindowsPowerShell\v1.0\;C:\WINDOWS\System32\OpenSSH\;C:\Program Files (x86)\NVIDIA Corporation\PhysX\Common;C:\Program Files\NVIDIA Corporation\NVIDIA NvDLISR;C:\Program Files\dotnet\;C:\Program Files\Git\cmd;C:\Users\DVDSTORE\AppData\Local\Microsoft\WindowsApps;C:\Users\DVDSTORE\AppData\Local\Programs\Microsoft VS Code\bin;;C:\Program Files\Apache NetBeans\bin\
USERNAME=DVDSTORE
OS=Windows_NT
PROCESSOR_IDENTIFIER=Intel64 Family 6 Model 151 Stepping 5, GenuineIntel
TMP=C:\Users\DVDSTORE\AppData\Local\Temp
TEMP=C:\Users\DVDSTORE\AppData\Local\Temp




Compilation memory statistics disabled.

Periodic native trim disabled

---------------  S Y S T E M  ---------------

OS:
 Windows 11 , 64 bit Build 26100 (10.0.26100.8875)
OS uptime: 3 days 17:10 hours

CPU: total 12 (initial active 12) (6 cores per cpu, 2 threads per core) family 6 model 151 stepping 5 microcode 0x2d, cx8, cmov, fxsr, ht, mmx, 3dnowpref, sse, sse2, sse3, ssse3, sse4.1, sse4.2, popcnt, lzcnt, tsc, tscinvbit, avx, avx2, aes, erms, clmul, bmi1, bmi2, adx, sha, fma, vzeroupper, clflush, clflushopt, clwb, serialize, rdtscp, rdpid, fsrm, gfni, f16c, pku, cet_ibt, cet_ss
Processor Information for the first 12 processors :
  Max Mhz: 2500, Current Mhz: 2500, Mhz Limit: 2500

Memory: 4k page, system-wide physical 16237M (1877M free)
TotalPageFile size 28525M (AvailPageFile size 5M)
current process WorkingSet (physical memory assigned to process): 65M, peak: 65M
current process commit charge ("private bytes"): 107M, peak: 108M

vm_info: OpenJDK 64-Bit Server VM (26.0.1+8) for windows-amd64 JRE (26.0.1+8), built on 2026-04-21T00:00:00Z with MS VC++ 17.12 (VS2022)

END.
