#
# There is insufficient memory for the Java Runtime Environment to continue.
# Native memory allocation (malloc) failed to allocate 6325656 bytes. Error detail: Chunk::new
# Possible reasons:
#   The system is out of physical RAM or swap space
#   This process is running with CompressedOops enabled, and the Java Heap may be blocking the growth of the native heap
# Possible solutions:
#   Reduce memory load on the system
#   Increase physical memory or swap space
#   Check if swap backing store is full
#   Decrease Java heap size (-Xmx/-Xms)
#   Decrease number of Java threads
#   Decrease Java thread stack sizes (-Xss)
#   Set larger code cache with -XX:ReservedCodeCacheSize=
#   JVM is running with Zero Based Compressed Oops mode in which the Java heap is
#     placed in the first 32GB address space. The Java Heap base address is the
#     maximum limit for the native heap growth. Please use -XX:HeapBaseMinAddress
#     to set the Java Heap base and to place the Java Heap above 32GB virtual address.
# This output file may be truncated or incomplete.
#
#  Out of Memory Error (arena.cpp:193), pid=54320, tid=55288
#
# JRE version: OpenJDK Runtime Environment Temurin-26.0.1+8 (26.0.1+8) (build 26.0.1+8)
# Java VM: OpenJDK 64-Bit Server VM Temurin-26.0.1+8 (26.0.1+8, mixed mode, sharing, tiered, compressed oops, compressed class ptrs, g1 gc, windows-amd64)
# No core dump will be written. Minidumps are not enabled by default on client versions of Windows
#

---------------  S U M M A R Y ------------

Command Line: --enable-native-access=ALL-UNNAMED -Dclassworlds.conf=C:\Program Files\Apache NetBeans\java\maven\bin\m2.conf -Dmaven.home=C:\Program Files\Apache NetBeans\java\maven -Dlibrary.jansi.path=C:\Program Files\Apache NetBeans\java\maven\lib\jansi-native -Dmaven.multiModuleProjectDirectory=C:\Users\DVDSTORE\Desktop\LeetCode\ArrayList\ArrayList org.codehaus.plexus.classworlds.launcher.Launcher -Dexec.vmArgs= -Dexec.args=${exec.vmArgs} -classpath %classpath ${exec.mainClass} ${exec.appArgs} -Dexec.appArgs= -Dexec.mainClass=com.mycompany.arraylist.Driver -Dexec.executable=C:\Program Files\Apache NetBeans\jdk\bin\java.exe -Dmaven.ext.class.path=C:\Program Files\Apache NetBeans\java\maven-nblib\netbeans-eventspy.jar --no-transfer-progress process-classes org.codehaus.mojo:exec-maven-plugin:3.5.1:exec

Host: 12th Gen Intel(R) Core(TM) i5-12400F, 12 cores, 15G,  Windows 11 , 64 bit Build 26100 (10.0.26100.8875)
Time: Wed Aug 19 09:14:31 2026 Egypt Daylight Time elapsed time: 19.568852 seconds (0d 0h 0m 19s)

---------------  T H R E A D  ---------------

Current thread (0x000001ac33c3a7c0):  JavaThread "C2 CompilerThread0" daemon [_thread_in_native, id=55288, stack(0x00000036b3800000,0x00000036b3900000) (1024K)]


Current CompileTask:
C2:19568 3137       4       org.codehaus.plexus.util.xml.pull.MXParser::nextImpl (1208 bytes)

Stack: [0x00000036b3800000,0x00000036b3900000]
Native frames: (J=compiled Java code, j=interpreted, Vv=VM code, C=native code)
V  [jvm.dll+0x7db749]  (no source info available)
V  [jvm.dll+0x7a82bd]  (no source info available)
V  [jvm.dll+0xa44a60]  (no source info available)
V  [jvm.dll+0xa46eb1]  (no source info available)
V  [jvm.dll+0xa475c3]  (no source info available)
V  [jvm.dll+0x311a96]  (no source info available)
V  [jvm.dll+0x120316]  (no source info available)
V  [jvm.dll+0x12063e]  (no source info available)
V  [jvm.dll+0x1b2836]  (no source info available)
V  [jvm.dll+0x3ce802]  (no source info available)
V  [jvm.dll+0x7e430f]  (no source info available)
V  [jvm.dll+0x2d4597]  (no source info available)
V  [jvm.dll+0x2d350f]  (no source info available)
V  [jvm.dll+0x249670]  (no source info available)
V  [jvm.dll+0x2e363c]  (no source info available)
V  [jvm.dll+0x2e181d]  (no source info available)
V  [jvm.dll+0x4a82ae]  (no source info available)
V  [jvm.dll+0x9e3039]  (no source info available)
V  [jvm.dll+0x7dd228]  (no source info available)
C  [ucrtbase.dll+0x2cd30]  (no source info available)
C  [KERNEL32.DLL+0x2e957]  (no source info available)
C  [ntdll.dll+0xaad6c]  (no source info available)

Lock stack of current Java thread (top to bottom):


---------------  P R O C E S S  ---------------

Threads class SMR info:
_java_thread_list=0x000001ac39776fc0, length=12, elements={
0x000001ac11655130, 0x000001ac33c2d530, 0x000001ac33c2ec50, 0x000001ac33c329a0,
0x000001ac33c33550, 0x000001ac33c35110, 0x000001ac33c398d0, 0x000001ac33c3a7c0,
0x000001ac33c4a9f0, 0x000001ac33c974a0, 0x000001ac33c9bc60, 0x000001ac342d5530
}

Java Threads: ( => current thread )
  0x000001ac11655130 JavaThread "main"                              [_thread_in_vm, id=54604, stack(0x00000036b2900000,0x00000036b2a00000) (1024K)]
  0x000001ac33c2d530 JavaThread "Reference Handler"          daemon [_thread_blocked, id=55260, stack(0x00000036b3200000,0x00000036b3300000) (1024K)]
  0x000001ac33c2ec50 JavaThread "Finalizer"                  daemon [_thread_blocked, id=55264, stack(0x00000036b3300000,0x00000036b3400000) (1024K)]
  0x000001ac33c329a0 JavaThread "Signal Dispatcher"          daemon [_thread_blocked, id=55272, stack(0x00000036b3400000,0x00000036b3500000) (1024K)]
  0x000001ac33c33550 JavaThread "Attach Listener"            daemon [_thread_blocked, id=55276, stack(0x00000036b3500000,0x00000036b3600000) (1024K)]
  0x000001ac33c35110 JavaThread "Service Thread"             daemon [_thread_blocked, id=55280, stack(0x00000036b3600000,0x00000036b3700000) (1024K)]
  0x000001ac33c398d0 JavaThread "Monitor Deflation Thread"   daemon [_thread_blocked, id=55284, stack(0x00000036b3700000,0x00000036b3800000) (1024K)]
=>0x000001ac33c3a7c0 JavaThread "C2 CompilerThread0"         daemon [_thread_in_native, id=55288, stack(0x00000036b3800000,0x00000036b3900000) (1024K)]
  0x000001ac33c4a9f0 JavaThread "C1 CompilerThread0"         daemon [_thread_blocked, id=54184, stack(0x00000036b3900000,0x00000036b3a00000) (1024K)]
  0x000001ac33c974a0 JavaThread "Notification Thread"        daemon [_thread_blocked, id=46876, stack(0x00000036b3a00000,0x00000036b3b00000) (1024K)]
  0x000001ac33c9bc60 JavaThread "Common-Cleaner"             daemon [_thread_blocked, id=53180, stack(0x00000036b3b00000,0x00000036b3c00000) (1024K)]
  0x000001ac342d5530 JavaThread "C2 CompilerThread1"         daemon [_thread_blocked, id=37220, stack(0x00000036b4500000,0x00000036b4600000) (1024K)]
Total: 12

Other Threads:
  0x000001ac33c1af40 VMThread "VM Thread"                           [id=55236, stack(0x00000036b3100000,0x00000036b3200000) (1024K)]
  0x000001ac33ae41d0 WatcherThread "VM Periodic Task Thread"        [id=55228, stack(0x00000036b3000000,0x00000036b3100000) (1024K)]
  0x000001ac13a2f5d0 WorkerThread "GC Thread#0"                     [id=54996, stack(0x00000036b2a00000,0x00000036b2b00000) (1024K)]
  0x000001ac347e1360 WorkerThread "GC Thread#1"                     [id=52656, stack(0x00000036b3d00000,0x00000036b3e00000) (1024K)]
  0x000001ac39142550 WorkerThread "GC Thread#2"                     [id=38512, stack(0x00000036b3f00000,0x00000036b4000000) (1024K)]
  0x000001ac394cf320 WorkerThread "GC Thread#3"                     [id=41776, stack(0x00000036b3c00000,0x00000036b3d00000) (1024K)]
  0x000001ac393a6e30 WorkerThread "GC Thread#4"                     [id=42464, stack(0x00000036b3e00000,0x00000036b3f00000) (1024K)]
  0x000001ac393a8260 WorkerThread "GC Thread#5"                     [id=47116, stack(0x00000036b4000000,0x00000036b4100000) (1024K)]
  0x000001ac39747a00 WorkerThread "GC Thread#6"                     [id=57124, stack(0x00000036b4100000,0x00000036b4200000) (1024K)]
  0x000001ac39af8bf0 WorkerThread "GC Thread#7"                     [id=56908, stack(0x00000036b4200000,0x00000036b4300000) (1024K)]
  0x000001ac3456db70 WorkerThread "GC Thread#8"                     [id=55792, stack(0x00000036b4300000,0x00000036b4400000) (1024K)]
  0x000001ac13a48330 ConcurrentGCThread "G1 Main Marker"            [id=55000, stack(0x00000036b2b00000,0x00000036b2c00000) (1024K)]
  0x000001ac13a496c0 WorkerThread "G1 Conc#0"                       [id=55004, stack(0x00000036b2c00000,0x00000036b2d00000) (1024K)]
  0x000001ac33ad7870 WorkerThread "G1 Refinement Workers#0"         [id=55068, stack(0x00000036b2e00000,0x00000036b2f00000) (1024K)]
  0x000001ac13a69a00 ConcurrentGCThread "G1 Refine Control"         [id=55064, stack(0x00000036b2d00000,0x00000036b2e00000) (1024K)]
  0x000001ac33ad81e0 ConcurrentGCThread "G1 Service"                [id=55072, stack(0x00000036b2f00000,0x00000036b3000000) (1024K)]
Total: 16

Threads with active compile tasks:
C2 CompilerThread0  19786 3137       4       org.codehaus.plexus.util.xml.pull.MXParser::nextImpl (1208 bytes)
Total: 1

VM state: not at safepoint (normal execution)

VM Mutex/Monitor currently owned by a thread: None

Heap address: 0x0000000702400000, size: 4060 MB, Compressed Oops mode: Zero based, Oop shift amount: 3

CDS archive(s) mapped at: [0x0000000090000000-0x0000000090de0000-0x0000000090de0000), size 14548992, SharedBaseAddress: 0x0000000090000000, ArchiveRelocationMode: 1.
Compressed class space mapped at: 0x0000000091000000-0x00000000d1000000, reserved size: 1073741824
UseCompressedClassPointers 1, UseCompactObjectHeaders 0
Narrow klass pointer bits 32, Max shift 3
Narrow klass base: 0x0000000090000000, Narrow klass shift: 0
Encoding Range: [0x0000000090000000 - 0x0000000190000000), (4294967296 bytes)
Klass Range:    [0x0000000090000000 - 0x00000000d1000000), (1090519040 bytes)
Klass ID Range:  [8 - 1090519033) (1090519025)
Protection zone: [0x0000000090000000 - 0x0000000090010000), (65536 bytes)

GC Precious Log:
 CardTable entry size: 512
 Card Set container configuration: InlinePtr #cards 4 size 8 Array Of Cards #cards 16 size 48 Howl #buckets 8 coarsen threshold 3686 Howl Bitmap #cards 512 size 80 coarsen threshold 460 Card regions per heap region 1 cards per card region 4096
 CPUs: 12 total, 12 available
 Memory: 16237M
 Large Page Support: Disabled
 NUMA Support: Disabled
 Compressed Oops: Enabled (Zero based)
 Heap Region Size: 2M
 Heap Min Capacity: 8M
 Heap Initial Capacity: 8M
 Heap Max Capacity: 4060M
 Pre-touch: Disabled
 Parallel Workers: 10
 Concurrent Workers: 3
 Concurrent Refinement Workers: 10
 Periodic GC: Disabled

Heap:
 garbage-first heap   total reserved 4157440K, committed 30720K, used 18395K [0x0000000702400000, 0x0000000800000000)
  region size 2M, 6 eden (12M), 2 survivor (4M), 3 old (6M), 0 humongous (0M), 4 free (8M)

Heap Regions: E=young(eden), S=young(survivor), O=old, HS=humongous(starts), HC=humongous(continues), CS=collection set, F=free, TAMS=top-at-mark-start, PB=parsable bottom
|    0|0x0000000702400000, 0x0000000702600000, 0x0000000702600000|100%| O|  |TAMS 0x0000000702400000| PB 0x0000000702400000| Untracked |  0
|    1|0x0000000702600000, 0x00000007026cf090, 0x0000000702800000| 40%| O|  |TAMS 0x0000000702600000| PB 0x0000000702600000| Untracked |  0
|    2|0x0000000702800000, 0x0000000702800000, 0x0000000702a00000|  0%| F|  |TAMS 0x0000000702800000| PB 0x0000000702800000| Untracked |  0
|    3|0x0000000702a00000, 0x0000000702c00000, 0x0000000702c00000|100%| S|CS|TAMS 0x0000000702a00000| PB 0x0000000702a00000| Complete  |  0
|    4|0x0000000702c00000, 0x0000000702e00000, 0x0000000702e00000|100%| S|CS|TAMS 0x0000000702c00000| PB 0x0000000702c00000| Complete  |  0
|    5|0x0000000702e00000, 0x0000000702e00000, 0x0000000703000000|  0%| F|  |TAMS 0x0000000702e00000| PB 0x0000000702e00000| Untracked |  0
|    6|0x0000000703000000, 0x0000000703000000, 0x0000000703200000|  0%| F|  |TAMS 0x0000000703000000| PB 0x0000000703000000| Untracked |  0
|    7|0x0000000703200000, 0x0000000703200000, 0x0000000703400000|  0%| F|  |TAMS 0x0000000703200000| PB 0x0000000703200000| Untracked |  0
|    8|0x0000000703400000, 0x0000000703568478, 0x0000000703600000| 70%| E|CS|TAMS 0x0000000703400000| PB 0x0000000703400000| Complete  |  0
|    9|0x0000000703600000, 0x0000000703800000, 0x0000000703800000|100%| E|CS|TAMS 0x0000000703600000| PB 0x0000000703600000| Complete  |  0
|   10|0x0000000703800000, 0x0000000703a00000, 0x0000000703a00000|100%| E|CS|TAMS 0x0000000703800000| PB 0x0000000703800000| Complete  |  0
|   11|0x0000000703a00000, 0x0000000703c00000, 0x0000000703c00000|100%| E|CS|TAMS 0x0000000703a00000| PB 0x0000000703a00000| Complete  |  0
|   12|0x0000000703c00000, 0x0000000703e00000, 0x0000000703e00000|100%| E|CS|TAMS 0x0000000703c00000| PB 0x0000000703c00000| Complete  |  0
|   13|0x0000000703e00000, 0x0000000704000000, 0x0000000704000000|100%| E|CS|TAMS 0x0000000703e00000| PB 0x0000000703e00000| Complete  |  0
| 2029|0x00000007ffe00000, 0x00000007fff27b70, 0x0000000800000000| 57%| O|  |TAMS 0x00000007ffe00000| PB 0x00000007ffe00000| Untracked |  0

Card table byte_map: [0x000001ac2c610000,0x000001ac2ce00000] _byte_map_base: 0x000001ac28dfe000
Refinement table byte_map: [0x000001ac2ce00000,0x000001ac2d5f0000] _byte_map_base: 0x000001ac295ee000

Marking Bits: (CMBitMap*) 0x000001ac13a2fd50
 Bits: [0x000001ac2d5f0000, 0x000001ac31560000)

Polling page: 0x000001ac11800000

Metaspace:
Metaspace        used 14908K, committed 15168K, reserved 1114112K
 class space     used 1869K, committed 1984K, reserved 1048576K

Usage:
  Non-class:     12.73 MB used.
      Class:      1.83 MB used.
       Both:     14.56 MB used.

Virtual space:
  Non-class space:       64.00 MB reserved,      12.88 MB ( 20%) committed,  1 nodes.
      Class space:        1.00 GB reserved,       1.94 MB ( <1%) committed,  1 nodes.
             Both:        1.06 GB reserved,      14.81 MB (  1%) committed. 

Chunk freelists:
   Non-Class:  2.47 MB
       Class:  13.91 MB
        Both:  16.38 MB

MaxMetaspaceSize: unlimited
CompressedClassSpaceSize: 1.00 GB
Initial GC threshold: 21.00 MB
Current GC threshold: 21.00 MB
CDS: on
 - commit_granule_bytes: 65536.
 - commit_granule_words: 8192.
 - virtual_space_node_default_size: 8388608.
 - enlarge_chunks_in_place: 1.
UseCompressedClassPointers 1, UseCompactObjectHeaders 0
Narrow klass pointer bits 32, Max shift 3
Narrow klass base: 0x0000000090000000, Narrow klass shift: 0
Encoding Range: [0x0000000090000000 - 0x0000000190000000), (4294967296 bytes)
Klass Range:    [0x0000000090000000 - 0x00000000d1000000), (1090519040 bytes)
Klass ID Range:  [8 - 1090519033) (1090519025)
Protection zone: [0x0000000090000000 - 0x0000000090010000), (65536 bytes)


Internal statistics:

num_allocs_failed_limit: 0.
num_arena_births: 120.
num_arena_deaths: 0.
num_vsnodes_births: 2.
num_vsnodes_deaths: 0.
num_space_committed: 237.
num_space_uncommitted: 0.
num_chunks_returned_to_freelist: 0.
num_chunks_taken_from_freelist: 658.
num_chunk_merges: 0.
num_chunk_splits: 431.
num_chunks_enlarged: 342.
num_inconsistent_stats: 0.

CodeHeap 'non-profiled nmethods': size=120064Kb used=940Kb max_used=940Kb free=119124Kb
 bounds [0x000001ac24390000, 0x000001ac24600000, 0x000001ac2b8d0000]
CodeHeap 'profiled nmethods': size=120064Kb used=5001Kb max_used=5001Kb free=115062Kb
 bounds [0x000001ac1c8b0000, 0x000001ac1cda0000, 0x000001ac23df0000]
CodeHeap 'non-nmethods': size=5760Kb used=1393Kb max_used=1441Kb free=4366Kb
 bounds [0x000001ac23df0000, 0x000001ac24060000, 0x000001ac24390000]
CodeCache: size=245888Kb, used=7334Kb, max_used=7382Kb, free=238552Kb
 total_blobs=3754, nmethods=3247, adapters=409, full_count=0
Compilation: enabled, stopped_count=0, restarted_count=0

Compilation events (20 events):
Event: 19.519 Thread 0x000001ac33c4a9f0 nmethod 3156 0x000001ac1cd66b88 code [0x000001ac1cd66c80, 0x000001ac1cd67078]
Event: 19.520 Thread 0x000001ac33c4a9f0 3158       3       java.lang.reflect.Field::set (72 bytes)
Event: 19.521 Thread 0x000001ac33c4a9f0 nmethod 3158 0x000001ac1cd67108 code [0x000001ac1cd67200, 0x000001ac1cd67920]
Event: 19.521 Thread 0x000001ac33c4a9f0 3159       3       java.lang.reflect.Field::getOverrideFieldAccessor (18 bytes)
Event: 19.521 Thread 0x000001ac33c4a9f0 nmethod 3159 0x000001ac1cd67988 code [0x000001ac1cd67a80, 0x000001ac1cd67bf8]
Event: 19.521 Thread 0x000001ac33c4a9f0 3160   !   3       jdk.internal.reflect.MethodHandleObjectFieldAccessorImpl::set (70 bytes)
Event: 19.522 Thread 0x000001ac33c4a9f0 nmethod 3160 0x000001ac1cd67c88 code [0x000001ac1cd67d80, 0x000001ac1cd69ae8]
Event: 19.522 Thread 0x000001ac33c4a9f0 3162       3       java.lang.invoke.LambdaFormEditor::bindArgumentForm (255 bytes)
Event: 19.523 Thread 0x000001ac33c4a9f0 nmethod 3162 0x000001ac1cd69b08 code [0x000001ac1cd69c00, 0x000001ac1cd6b328]
Event: 19.523 Thread 0x000001ac33c4a9f0 3164       3       java.lang.invoke.LambdaFormEditor$TransformKey::of (49 bytes)
Event: 19.523 Thread 0x000001ac33c4a9f0 nmethod 3164 0x000001ac1cd6b388 code [0x000001ac1cd6b480, 0x000001ac1cd6b9b0]
Event: 19.523 Thread 0x000001ac33c4a9f0 3165       3       java.lang.invoke.LambdaFormEditor$TransformKey::bval (26 bytes)
Event: 19.523 Thread 0x000001ac33c4a9f0 nmethod 3165 0x000001ac1cd6ba08 code [0x000001ac1cd6bb00, 0x000001ac1cd6bbf8]
Event: 19.523 Thread 0x000001ac33c4a9f0 3166       3       java.lang.invoke.LambdaFormEditor$TransformKey::packedBytes (30 bytes)
Event: 19.523 Thread 0x000001ac33c4a9f0 nmethod 3166 0x000001ac1cd6bd08 code [0x000001ac1cd6be00, 0x000001ac1cd6bef8]
Event: 19.523 Thread 0x000001ac33c4a9f0 3163       1       com.google.inject.internal.InjectorBindingData::getIndexedExplicitBindings (5 bytes)
Event: 19.523 Thread 0x000001ac33c4a9f0 nmethod 3163 0x000001ac24473e88 code [0x000001ac24473f80, 0x000001ac24474038]
Event: 19.565 Thread 0x000001ac33c4a9f0 3168       3       org.eclipse.sisu.bean.BeanPropertyIterator::hasNext (127 bytes)
Event: 19.565 Thread 0x000001ac33c4a9f0 nmethod 3168 0x000001ac1cd6c008 code [0x000001ac1cd6c100, 0x000001ac1cd6d1d0]
Event: 19.565 Thread 0x000001ac33c4a9f0 3169       3       org.objectweb.asm.MethodWriter::visitFieldInsn (258 bytes)

GC Heap Usage History (16 events):
Event: 0.990 {heap Before GC invocations=0 (full 0):
 garbage-first heap   total reserved 4157440K, committed 10240K, used 3230K [0x0000000702400000, 0x0000000800000000)
  region size 2M, 2 eden (4M), 0 survivor (0M), 1 old (2M), 0 humongous (0M), 2 free (4M)
}
Event: 1.129 {heap After GC invocations=1 (full 0):
 garbage-first heap   total reserved 4157440K, committed 10240K, used 3004K [0x0000000702400000, 0x0000000800000000)
  region size 2M, 0 eden (0M), 1 survivor (2M), 1 old (2M), 0 humongous (0M), 3 free (6M)
}
Event: 1.367 {heap Before GC invocations=1 (full 0):
 garbage-first heap   total reserved 4157440K, committed 10240K, used 5052K [0x0000000702400000, 0x0000000800000000)
  region size 2M, 1 eden (2M), 1 survivor (2M), 1 old (2M), 0 humongous (0M), 2 free (4M)
}
Event: 1.369 {heap After GC invocations=2 (full 0):
 garbage-first heap   total reserved 4157440K, committed 10240K, used 2903K [0x0000000702400000, 0x0000000800000000)
  region size 2M, 0 eden (0M), 1 survivor (2M), 2 old (4M), 0 humongous (0M), 2 free (4M)
}
Event: 1.449 {heap Before GC invocations=2 (full 0):
 garbage-first heap   total reserved 4157440K, committed 10240K, used 4951K [0x0000000702400000, 0x0000000800000000)
  region size 2M, 1 eden (2M), 1 survivor (2M), 2 old (4M), 0 humongous (0M), 1 free (2M)
}
Event: 1.451 {heap After GC invocations=3 (full 0):
 garbage-first heap   total reserved 4157440K, committed 10240K, used 3390K [0x0000000702400000, 0x0000000800000000)
  region size 2M, 0 eden (0M), 1 survivor (2M), 2 old (4M), 0 humongous (0M), 2 free (4M)
}
Event: 1.553 {heap Before GC invocations=3 (full 0):
 garbage-first heap   total reserved 4157440K, committed 10240K, used 3390K [0x0000000702400000, 0x0000000800000000)
  region size 2M, 1 eden (2M), 1 survivor (2M), 2 old (4M), 0 humongous (0M), 1 free (2M)
}
Event: 1.554 {heap After GC invocations=4 (full 0):
 garbage-first heap   total reserved 4157440K, committed 30720K, used 3949K [0x0000000702400000, 0x0000000800000000)
  region size 2M, 0 eden (0M), 1 survivor (2M), 2 old (4M), 0 humongous (0M), 12 free (24M)
}
Event: 2.004 {heap Before GC invocations=4 (full 0):
 garbage-first heap   total reserved 4157440K, committed 30720K, used 16237K [0x0000000702400000, 0x0000000800000000)
  region size 2M, 6 eden (12M), 1 survivor (2M), 2 old (4M), 0 humongous (0M), 6 free (12M)
}
Event: 2.008 {heap After GC invocations=5 (full 0):
 garbage-first heap   total reserved 4157440K, committed 30720K, used 4541K [0x0000000702400000, 0x0000000800000000)
  region size 2M, 0 eden (0M), 1 survivor (2M), 2 old (4M), 0 humongous (0M), 12 free (24M)
}
Event: 2.751 {heap Before GC invocations=5 (full 0):
 garbage-first heap   total reserved 4157440K, committed 30720K, used 18877K [0x0000000702400000, 0x0000000800000000)
  region size 2M, 7 eden (14M), 1 survivor (2M), 2 old (4M), 0 humongous (0M), 5 free (10M)
}
Event: 2.754 {heap After GC invocations=6 (full 0):
 garbage-first heap   total reserved 4157440K, committed 30720K, used 4854K [0x0000000702400000, 0x0000000800000000)
  region size 2M, 0 eden (0M), 1 survivor (2M), 3 old (6M), 0 humongous (0M), 11 free (22M)
}
Event: 3.733 {heap Before GC invocations=6 (full 0):
 garbage-first heap   total reserved 4157440K, committed 30720K, used 19190K [0x0000000702400000, 0x0000000800000000)
  region size 2M, 7 eden (14M), 1 survivor (2M), 3 old (6M), 0 humongous (0M), 4 free (8M)
}
Event: 3.736 {heap After GC invocations=7 (full 0):
 garbage-first heap   total reserved 4157440K, committed 30720K, used 6107K [0x0000000702400000, 0x0000000800000000)
  region size 2M, 0 eden (0M), 1 survivor (2M), 3 old (6M), 0 humongous (0M), 11 free (22M)
}
Event: 4.857 {heap Before GC invocations=7 (full 0):
 garbage-first heap   total reserved 4157440K, committed 30720K, used 22491K [0x0000000702400000, 0x0000000800000000)
  region size 2M, 8 eden (16M), 1 survivor (2M), 3 old (6M), 0 humongous (0M), 3 free (6M)
}
Event: 4.863 {heap After GC invocations=8 (full 0):
 garbage-first heap   total reserved 4157440K, committed 30720K, used 8155K [0x0000000702400000, 0x0000000800000000)
  region size 2M, 0 eden (0M), 2 survivor (4M), 3 old (6M), 0 humongous (0M), 10 free (20M)
}

Metaspace Usage History (16 events):
Event: 0.990 {metaspace Before GC invocations=0 (full 0):
 Metaspace       used 1024K, committed 1152K, reserved 1114112K
  class space    used 83K, committed 128K, reserved 1048576K
}
Event: 1.129 {metaspace After GC invocations=1 (full 0):
 Metaspace       used 1024K, committed 1152K, reserved 1114112K
  class space    used 83K, committed 128K, reserved 1048576K
}
Event: 1.367 {metaspace Before GC invocations=1 (full 0):
 Metaspace       used 1979K, committed 2176K, reserved 1114112K
  class space    used 183K, committed 256K, reserved 1048576K
}
Event: 1.369 {metaspace After GC invocations=2 (full 0):
 Metaspace       used 1979K, committed 2176K, reserved 1114112K
  class space    used 183K, committed 256K, reserved 1048576K
}
Event: 1.449 {metaspace Before GC invocations=2 (full 0):
 Metaspace       used 2524K, committed 2752K, reserved 1114112K
  class space    used 236K, committed 320K, reserved 1048576K
}
Event: 1.451 {metaspace After GC invocations=3 (full 0):
 Metaspace       used 2524K, committed 2752K, reserved 1114112K
  class space    used 236K, committed 320K, reserved 1048576K
}
Event: 1.553 {metaspace Before GC invocations=3 (full 0):
 Metaspace       used 2980K, committed 3136K, reserved 1114112K
  class space    used 300K, committed 384K, reserved 1048576K
}
Event: 1.554 {metaspace After GC invocations=4 (full 0):
 Metaspace       used 2980K, committed 3136K, reserved 1114112K
  class space    used 300K, committed 384K, reserved 1048576K
}
Event: 2.004 {metaspace Before GC invocations=4 (full 0):
 Metaspace       used 5606K, committed 5824K, reserved 1114112K
  class space    used 676K, committed 768K, reserved 1048576K
}
Event: 2.008 {metaspace After GC invocations=5 (full 0):
 Metaspace       used 5606K, committed 5824K, reserved 1114112K
  class space    used 676K, committed 768K, reserved 1048576K
}
Event: 2.751 {metaspace Before GC invocations=5 (full 0):
 Metaspace       used 7050K, committed 7232K, reserved 1114112K
  class space    used 854K, committed 960K, reserved 1048576K
}
Event: 2.754 {metaspace After GC invocations=6 (full 0):
 Metaspace       used 7050K, committed 7232K, reserved 1114112K
  class space    used 854K, committed 960K, reserved 1048576K
}
Event: 3.733 {metaspace Before GC invocations=6 (full 0):
 Metaspace       used 10117K, committed 10304K, reserved 1114112K
  class space    used 1260K, committed 1344K, reserved 1048576K
}
Event: 3.736 {metaspace After GC invocations=7 (full 0):
 Metaspace       used 10117K, committed 10304K, reserved 1114112K
  class space    used 1260K, committed 1344K, reserved 1048576K
}
Event: 4.857 {metaspace Before GC invocations=7 (full 0):
 Metaspace       used 13254K, committed 13504K, reserved 1114112K
  class space    used 1684K, committed 1792K, reserved 1048576K
}
Event: 4.863 {metaspace After GC invocations=8 (full 0):
 Metaspace       used 13254K, committed 13504K, reserved 1114112K
  class space    used 1684K, committed 1792K, reserved 1048576K
}

Dll operation events (14 events):
Event: 0.194 Attempting to load shared library C:\Program Files\Apache NetBeans\jdk\bin\java.dll
Event: 0.196 Loaded shared library C:\Program Files\Apache NetBeans\jdk\bin\java.dll
Event: 0.515 Attempting to load shared library C:\Program Files\Apache NetBeans\jdk\bin\net.dll
Event: 0.515 Loaded shared library C:\Program Files\Apache NetBeans\jdk\bin\net.dll
Event: 0.571 Attempting to load shared library C:\Program Files\Apache NetBeans\jdk\bin\nio.dll
Event: 0.631 Loaded shared library C:\Program Files\Apache NetBeans\jdk\bin\nio.dll
Event: 0.634 Attempting to load shared library C:\Program Files\Apache NetBeans\jdk\bin\zip.dll
Event: 0.635 Loaded shared library C:\Program Files\Apache NetBeans\jdk\bin\zip.dll
Event: 0.839 Attempting to load shared library C:\Program Files\Apache NetBeans\java\maven\lib\jansi-native\Windows\x86_64\jansi.dll
Event: 0.928 Loaded shared library C:\Program Files\Apache NetBeans\java\maven\lib\jansi-native\Windows\x86_64\jansi.dll
Event: 1.135 Attempting to load shared library C:\Program Files\Apache NetBeans\jdk\bin\jimage.dll
Event: 1.135 Loaded shared library C:\Program Files\Apache NetBeans\jdk\bin\jimage.dll
Event: 1.138 Attempting to load shared library C:\Program Files\Apache NetBeans\jdk\bin\verify.dll
Event: 1.139 Loaded shared library C:\Program Files\Apache NetBeans\jdk\bin\verify.dll

Deoptimization events (20 events):
Event: 18.739 Thread 0x000001ac11655130 Uncommon trap: trap_request=0xffffff45 fr.pc=0x000001ac243e5d00 relative=0x0000000000000580
Event: 18.739 Thread 0x000001ac11655130 Uncommon trap: reason=unstable_if action=reinterpret pc=0x000001ac243e5d00 method=java.lang.String.decodeASCII([BI[CII)I @ 13 c2
Event: 18.739 Thread 0x000001ac11655130 DEOPT PACKING pc=0x000001ac243e5d00 sp=0x00000036b29fd780
Event: 18.739 Thread 0x000001ac11655130 DEOPT UNPACKING pc=0x000001ac23e87202 sp=0x00000036b29fd5a8 mode 2
Event: 19.078 Thread 0x000001ac11655130 Uncommon trap: trap_request=0xffffffde fr.pc=0x000001ac244041d4 relative=0x0000000000000654
Event: 19.078 Thread 0x000001ac11655130 Uncommon trap: reason=class_check action=maybe_recompile pc=0x000001ac244041d4 method=java.util.HashMap.putVal(ILjava/lang/Object;Ljava/lang/Object;ZZ)Ljava/lang/Object; @ 203 c2
Event: 19.078 Thread 0x000001ac11655130 DEOPT PACKING pc=0x000001ac244041d4 sp=0x00000036b29fdae0
Event: 19.078 Thread 0x000001ac11655130 DEOPT UNPACKING pc=0x000001ac23e87202 sp=0x00000036b29fd9e8 mode 2
Event: 19.170 Thread 0x000001ac11655130 Uncommon trap: trap_request=0xffffffde fr.pc=0x000001ac244041d4 relative=0x0000000000000654
Event: 19.170 Thread 0x000001ac11655130 Uncommon trap: reason=class_check action=maybe_recompile pc=0x000001ac244041d4 method=java.util.HashMap.putVal(ILjava/lang/Object;Ljava/lang/Object;ZZ)Ljava/lang/Object; @ 203 c2
Event: 19.170 Thread 0x000001ac11655130 DEOPT PACKING pc=0x000001ac244041d4 sp=0x00000036b29fdd00
Event: 19.170 Thread 0x000001ac11655130 DEOPT UNPACKING pc=0x000001ac23e87202 sp=0x00000036b29fdc08 mode 2
Event: 19.228 Thread 0x000001ac11655130 Uncommon trap: trap_request=0xffffffde fr.pc=0x000001ac244041d4 relative=0x0000000000000654
Event: 19.228 Thread 0x000001ac11655130 Uncommon trap: reason=class_check action=maybe_recompile pc=0x000001ac244041d4 method=java.util.HashMap.putVal(ILjava/lang/Object;Ljava/lang/Object;ZZ)Ljava/lang/Object; @ 203 c2
Event: 19.228 Thread 0x000001ac11655130 DEOPT PACKING pc=0x000001ac244041d4 sp=0x00000036b29fda00
Event: 19.229 Thread 0x000001ac11655130 DEOPT UNPACKING pc=0x000001ac23e87202 sp=0x00000036b29fd908 mode 2
Event: 19.504 Thread 0x000001ac11655130 Uncommon trap: trap_request=0xffffff45 fr.pc=0x000001ac2446ce94 relative=0x0000000000000d14
Event: 19.504 Thread 0x000001ac11655130 Uncommon trap: reason=unstable_if action=reinterpret pc=0x000001ac2446ce94 method=org.codehaus.plexus.util.xml.pull.MXParser.nextImpl()I @ 1167 c2
Event: 19.504 Thread 0x000001ac11655130 DEOPT PACKING pc=0x000001ac2446ce94 sp=0x00000036b29fe160
Event: 19.504 Thread 0x000001ac11655130 DEOPT UNPACKING pc=0x000001ac23e87202 sp=0x00000036b29fe0d8 mode 2

Classes loaded (20 events):
Event: 18.208 Loading class sun/nio/fs/WindowsFileSystemProvider$1
Event: 18.208 Loading class sun/nio/fs/WindowsFileSystemProvider$1 done
Event: 18.209 Loading class sun/nio/fs/WindowsChannelFactory$2
Event: 18.209 Loading class sun/nio/fs/WindowsChannelFactory$2 done
Event: 18.209 Loading class sun/nio/ch/FileLockImpl
Event: 18.209 Loading class sun/nio/ch/FileLockImpl done
Event: 18.209 Loading class sun/nio/ch/FileLockTable
Event: 18.209 Loading class sun/nio/ch/FileLockTable done
Event: 18.209 Loading class sun/nio/ch/FileKey
Event: 18.209 Loading class sun/nio/ch/FileKey done
Event: 18.209 Loading class sun/nio/ch/FileLockTable$FileLockReference
Event: 18.209 Loading class sun/nio/ch/FileLockTable$FileLockReference done
Event: 18.210 Loading class java/util/AbstractMap$2
Event: 18.210 Loading class java/util/AbstractMap$2 done
Event: 18.210 Loading class java/util/AbstractMap$ValueIterator
Event: 18.210 Loading class java/util/AbstractMap$ValueIterator done
Event: 18.221 Loading class java/util/Formatter$FixedString
Event: 18.222 Loading class java/util/Formatter$FixedString done
Event: 19.229 Loading class java/util/stream/Streams$RangeIntSpliterator
Event: 19.229 Loading class java/util/stream/Streams$RangeIntSpliterator done

Classes unloaded (0 events):
No events

Classes redefined (0 events):
No events

Internal exceptions (20 events):
Event: 1.795 Thread 0x000001ac11655130 Exception <a 'java/lang/NoSuchMethodError'{0x0000000703a3f5f8}: 'int java.lang.invoke.DirectMethodHandle$Holder.invokeSpecialIFC(java.lang.Object, java.lang.Object, java.lang.Object, java.lang.Object, java.lang.Object)'> (0x0000000703a3f5f8) 
thrown [s\src\hotspot\share\interpreter\linkResolver.cpp, line 804]
Event: 1.845 Thread 0x000001ac11655130 Exception <a 'java/lang/NoSuchMethodError'{0x0000000703b8d748}: 'java.lang.Object java.lang.invoke.DirectMethodHandle$Holder.newInvokeSpecial(java.lang.Object, java.lang.Object, java.lang.Object, java.lang.Object, java.lang.Object)'> (0x0000000703b8d748) 
thrown [s\src\hotspot\share\interpreter\linkResolver.cpp, line 804]
Event: 1.889 Thread 0x000001ac11655130 Exception <a 'java/lang/NoSuchMethodError'{0x00000007038a7cd0}: 'int java.lang.invoke.DirectMethodHandle$Holder.invokeStaticInit(java.lang.Object, java.lang.Object)'> (0x00000007038a7cd0) 
thrown [s\src\hotspot\share\interpreter\linkResolver.cpp, line 804]
Event: 1.898 Thread 0x000001ac11655130 Exception <a 'java/lang/NoClassDefFoundError'{0x00000007038df9b8}: javax/enterprise/inject/Typed> (0x00000007038df9b8) 
thrown [s\src\hotspot\share\classfile\systemDictionary.cpp, line 318]
Event: 3.803 Thread 0x000001ac11655130 Exception <a 'java/lang/NoSuchMethodError'{0x0000000703f78d30}: 'void java.lang.invoke.DirectMethodHandle$Holder.invokeStaticInit(java.lang.Object, java.lang.Object, java.lang.Object)'> (0x0000000703f78d30) 
thrown [s\src\hotspot\share\interpreter\linkResolver.cpp, line 804]
Event: 3.824 Thread 0x000001ac11655130 Implicit null exception at 0x000001ac243fa31d to 0x000001ac243fa4ac
Event: 3.826 Thread 0x000001ac11655130 Exception <a 'java/lang/NoSuchMethodError'{0x0000000703c046e8}: 'java.lang.Object java.lang.invoke.Invokers$Holder.invokeExact_MT(java.lang.Object, int, java.lang.Object)'> (0x0000000703c046e8) 
thrown [s\src\hotspot\share\interpreter\linkResolver.cpp, line 804]
Event: 4.566 Thread 0x000001ac11655130 Exception <a 'java/lang/NoSuchMethodError'{0x0000000703429da8}: 'void java.lang.invoke.Invokers$Holder.invokeExact_MT(java.lang.Object, java.lang.Object, java.lang.Object, java.lang.Object)'> (0x0000000703429da8) 
thrown [s\src\hotspot\share\interpreter\linkResolver.cpp, line 804]
Event: 4.588 Thread 0x000001ac11655130 Exception <a 'java/lang/NoClassDefFoundError'{0x00000007034ba718}: com/google/inject/servlet/ServletModuleTargetVisitor> (0x00000007034ba718) 
thrown [s\src\hotspot\share\classfile\systemDictionary.cpp, line 318]
Event: 4.751 Thread 0x000001ac11655130 Exception <a 'java/lang/NoSuchMethodError'{0x00000007033d7398}: 'java.lang.Object java.lang.invoke.DirectMethodHandle$Holder.invokeStaticInit(java.lang.Object, int, int, int, int)'> (0x00000007033d7398) 
thrown [s\src\hotspot\share\interpreter\linkResolver.cpp, line 804]
Event: 4.965 Thread 0x000001ac11655130 Exception <a 'java/lang/NoSuchMethodError'{0x0000000703f5d518}: 'java.lang.Object java.lang.invoke.DirectMethodHandle$Holder.invokeVirtual(java.lang.Object, java.lang.Object, java.lang.Object)'> (0x0000000703f5d518) 
thrown [s\src\hotspot\share\interpreter\linkResolver.cpp, line 804]
Event: 4.967 Thread 0x000001ac11655130 Exception <a 'java/lang/NoSuchMethodError'{0x0000000703f84d30}: 'void java.lang.invoke.DirectMethodHandle$Holder.invokeSpecial(java.lang.Object, java.lang.Object, java.lang.Object, java.lang.Object, java.lang.Object, java.lang.Object)'> (0x0000000703f84d30) 
thrown [s\src\hotspot\share\interpreter\linkResolver.cpp, line 804]
Event: 5.035 Thread 0x000001ac11655130 Exception <a 'java/lang/NoSuchMethodError'{0x0000000703d45f08}: 'void java.lang.invoke.DirectMethodHandle$Holder.invokeVirtual(java.lang.Object, java.lang.Object, int)'> (0x0000000703d45f08) 
thrown [s\src\hotspot\share\interpreter\linkResolver.cpp, line 804]
Event: 5.038 Thread 0x000001ac11655130 Exception <a 'java/lang/NoSuchMethodError'{0x0000000703d5e738}: 'java.lang.Object java.lang.invoke.DirectMethodHandle$Holder.invokeStatic(java.lang.Object, java.lang.Object, java.lang.Object, java.lang.Object, int)'> (0x0000000703d5e738) 
thrown [s\src\hotspot\share\interpreter\linkResolver.cpp, line 804]
Event: 5.042 Thread 0x000001ac11655130 Exception <a 'java/lang/NoSuchMethodError'{0x0000000703d70230}: 'void java.lang.invoke.DirectMethodHandle$Holder.invokeSpecial(java.lang.Object, java.lang.Object, java.lang.Object, int)'> (0x0000000703d70230) 
thrown [s\src\hotspot\share\interpreter\linkResolver.cpp, line 804]
Event: 5.042 Thread 0x000001ac11655130 Exception <a 'java/lang/NoSuchMethodError'{0x0000000703d785c8}: 'void java.lang.invoke.DelegatingMethodHandle$Holder.reinvoke_L(java.lang.Object, java.lang.Object, int)'> (0x0000000703d785c8) 
thrown [s\src\hotspot\share\interpreter\linkResolver.cpp, line 804]
Event: 18.193 Thread 0x000001ac11655130 Exception <a 'java/io/IOException'{0x0000000703ace710}> (0x0000000703ace710) 
thrown [s\src\hotspot\share\prims\jni.cpp, line 514]
Event: 18.193 Thread 0x000001ac11655130 Exception <a 'java/io/IOException'{0x0000000703aced10}> (0x0000000703aced10) 
thrown [s\src\hotspot\share\prims\jni.cpp, line 514]
Event: 18.193 Thread 0x000001ac11655130 Exception <a 'java/io/IOException'{0x0000000703acf2d8}> (0x0000000703acf2d8) 
thrown [s\src\hotspot\share\prims\jni.cpp, line 514]
Event: 18.193 Thread 0x000001ac11655130 Exception <a 'java/io/IOException'{0x0000000703acf5f0}> (0x0000000703acf5f0) 
thrown [s\src\hotspot\share\prims\jni.cpp, line 514]

VM Operations (20 events):
Event: 3.928 Executing non-safepoint VM operation: HandshakeAllThreads (Deoptimize)
Event: 3.928 Executing non-safepoint VM operation: HandshakeAllThreads (Deoptimize) done
Event: 3.964 Executing non-safepoint VM operation: HandshakeAllThreads (Deoptimize)
Event: 3.964 Executing non-safepoint VM operation: HandshakeAllThreads (Deoptimize) done
Event: 4.027 Executing non-safepoint VM operation: HandshakeAllThreads (Deoptimize)
Event: 4.027 Executing non-safepoint VM operation: HandshakeAllThreads (Deoptimize) done
Event: 4.557 Executing non-safepoint VM operation: HandshakeAllThreads (Deoptimize)
Event: 4.557 Executing non-safepoint VM operation: HandshakeAllThreads (Deoptimize) done
Event: 4.719 Executing non-safepoint VM operation: HandshakeAllThreads (Deoptimize)
Event: 4.719 Executing non-safepoint VM operation: HandshakeAllThreads (Deoptimize) done
Event: 4.740 Executing non-safepoint VM operation: HandshakeAllThreads (Deoptimize)
Event: 4.740 Executing non-safepoint VM operation: HandshakeAllThreads (Deoptimize) done
Event: 4.765 Executing non-safepoint VM operation: HandshakeAllThreads (Deoptimize)
Event: 4.765 Executing non-safepoint VM operation: HandshakeAllThreads (Deoptimize) done
Event: 4.854 Executing non-safepoint VM operation: HandshakeAllThreads (Deoptimize)
Event: 4.854 Executing non-safepoint VM operation: HandshakeAllThreads (Deoptimize) done
Event: 4.856 Executing non-safepoint VM operation: HandshakeAllThreads (Deoptimize)
Event: 4.856 Executing non-safepoint VM operation: HandshakeAllThreads (Deoptimize) done
Event: 4.857 Executing safepoint VM operation: G1CollectForAllocation (G1 Evacuation Pause)
Event: 4.863 Executing safepoint VM operation: G1CollectForAllocation (G1 Evacuation Pause) done

Memory protections (0 events):
No events

Nmethod flushes (0 events):
No events

Events (17 events):
Event: 0.437 Thread 0x000001ac11655130 Thread added: 0x000001ac11655130
Event: 0.466 Thread 0x000001ac11655130 Thread added: 0x000001ac33c2d530
Event: 0.466 Thread 0x000001ac11655130 Thread added: 0x000001ac33c2ec50
Event: 0.469 Thread 0x000001ac11655130 Thread added: 0x000001ac33c329a0
Event: 0.469 Thread 0x000001ac11655130 Thread added: 0x000001ac33c33550
Event: 0.469 Thread 0x000001ac11655130 Thread added: 0x000001ac33c35110
Event: 0.469 Thread 0x000001ac11655130 Thread added: 0x000001ac33c398d0
Event: 0.469 Thread 0x000001ac11655130 Thread added: 0x000001ac33c3a7c0
Event: 0.476 Thread 0x000001ac11655130 Thread added: 0x000001ac33c4a9f0
Event: 0.492 Thread 0x000001ac11655130 Thread added: 0x000001ac33c974a0
Event: 0.494 Thread 0x000001ac11655130 Thread added: 0x000001ac33c9bc60
Event: 0.836 Thread 0x000001ac11655130 Thread added: 0x000001ac347aa4b0
Event: 1.144 Thread 0x000001ac347aa4b0 Thread exited: 0x000001ac347aa4b0
Event: 1.914 Thread 0x000001ac33c4a9f0 Thread added: 0x000001ac3908dea0
Event: 1.924 Thread 0x000001ac33c4a9f0 Thread added: 0x000001ac34f6de10
Event: 2.548 Thread 0x000001ac34f6de10 Thread exited: 0x000001ac34f6de10
Event: 2.669 Thread 0x000001ac3908dea0 Thread exited: 0x000001ac3908dea0


Dynamic libraries:
0x00007ff623720000 - 0x00007ff62372e000 	C:\Program Files\Apache NetBeans\jdk\bin\java.exe
0x00007ff832b60000 - 0x00007ff832dc6000 	C:\WINDOWS\SYSTEM32\ntdll.dll
0x00007ff831820000 - 0x00007ff8318e9000 	C:\WINDOWS\System32\KERNEL32.DLL
0x00007ff82fd80000 - 0x00007ff83017e000 	C:\WINDOWS\System32\KERNELBASE.dll
0x00007ff82cc20000 - 0x00007ff82ccc0000 	C:\WINDOWS\SYSTEM32\apphelp.dll
0x00007ff830670000 - 0x00007ff8307bc000 	C:\WINDOWS\System32\ucrtbase.dll
0x00007ff805820000 - 0x00007ff805837000 	C:\Program Files\Apache NetBeans\jdk\bin\jli.dll
0x00007ff8315a0000 - 0x00007ff831767000 	C:\WINDOWS\System32\USER32.dll
0x00007ff830440000 - 0x00007ff830467000 	C:\WINDOWS\System32\win32u.dll
0x00007ff8312b0000 - 0x00007ff8312db000 	C:\WINDOWS\System32\GDI32.dll
0x00007ff830190000 - 0x00007ff8302ba000 	C:\WINDOWS\System32\gdi32full.dll
0x00007ff830470000 - 0x00007ff830513000 	C:\WINDOWS\System32\msvcp_win.dll
0x00007ff806240000 - 0x00007ff80625e000 	C:\Program Files\Apache NetBeans\jdk\bin\VCRUNTIME140.dll
0x00007ff815670000 - 0x00007ff815902000 	C:\WINDOWS\WinSxS\amd64_microsoft.windows.common-controls_6595b64144ccf1df_6.0.26100.8875_none_3e0d5d42e32fe9dd\COMCTL32.dll
0x00007ff831770000 - 0x00007ff831819000 	C:\WINDOWS\System32\msvcrt.dll
0x00007ff8323e0000 - 0x00007ff832412000 	C:\WINDOWS\System32\IMM32.DLL
0x000000005b940000 - 0x000000005b94d000 	C:\Program Files (x86)\360\Total Security\safemon\SafeWrapper.dll
0x00007ff832960000 - 0x00007ff832a17000 	C:\WINDOWS\System32\ADVAPI32.dll
0x00007ff830890000 - 0x00007ff83093a000 	C:\WINDOWS\System32\sechost.dll
0x00007ff830b50000 - 0x00007ff830c68000 	C:\WINDOWS\System32\RPCRT4.dll
0x00007ff8296f0000 - 0x00007ff8297f5000 	C:\Program Files (x86)\360\Total Security\safemon\libzdtp64.dll
0x00007ff831aa0000 - 0x00007ff832232000 	C:\WINDOWS\System32\SHELL32.dll
0x00007ff8319f0000 - 0x00007ff831a57000 	C:\WINDOWS\System32\SHLWAPI.dll
0x00007ff82f7c0000 - 0x00007ff82f7cb000 	C:\WINDOWS\SYSTEM32\VERSION.dll
0x00007ff82ae80000 - 0x00007ff82ae8c000 	C:\Program Files\Apache NetBeans\jdk\bin\vcruntime140_1.dll
0x00007fffb1950000 - 0x00007fffb19dd000 	C:\Program Files\Apache NetBeans\jdk\bin\msvcp140.dll
0x00007fff8c260000 - 0x00007fff8d1f9000 	C:\Program Files\Apache NetBeans\jdk\bin\server\jvm.dll
0x00007ff832440000 - 0x00007ff8324c0000 	C:\WINDOWS\System32\WS2_32.dll
0x00007ff821b50000 - 0x00007ff821b86000 	C:\WINDOWS\SYSTEM32\WINMM.dll
0x00007ff82fbe0000 - 0x00007ff82fc3e000 	C:\WINDOWS\SYSTEM32\POWRPROF.dll
0x00007ff82fbc0000 - 0x00007ff82fbd4000 	C:\WINDOWS\SYSTEM32\UMPDC.dll
0x00007ff82e9e0000 - 0x00007ff82e9fb000 	C:\WINDOWS\SYSTEM32\kernel.appcore.dll
0x00007ff8186a0000 - 0x00007ff8186aa000 	C:\Program Files\Apache NetBeans\jdk\bin\jimage.dll
0x00007ff81fc20000 - 0x00007ff81fe62000 	C:\WINDOWS\SYSTEM32\DBGHELP.DLL
0x00007ff830f20000 - 0x00007ff8312a3000 	C:\WINDOWS\System32\combase.dll
0x00007ff8314c0000 - 0x00007ff831599000 	C:\WINDOWS\System32\OLEAUT32.dll
0x00007ff816360000 - 0x00007ff81639b000 	C:\WINDOWS\SYSTEM32\dbgcore.DLL
0x00007ff8307d0000 - 0x00007ff83087c000 	C:\WINDOWS\System32\bcryptPrimitives.dll
0x00007ff805a80000 - 0x00007ff805a9e000 	C:\Program Files\Apache NetBeans\jdk\bin\java.dll
0x00007ff832240000 - 0x00007ff8323d9000 	C:\WINDOWS\System32\ole32.dll
0x00007ff82d7e0000 - 0x00007ff82e072000 	C:\WINDOWS\SYSTEM32\windows.storage.dll
0x00007ff8318f0000 - 0x00007ff8319e7000 	C:\WINDOWS\System32\SHCORE.dll
0x00007ff82fca0000 - 0x00007ff82fcc9000 	C:\WINDOWS\SYSTEM32\profapi.dll
0x00007ff800060000 - 0x00007ff800071000 	C:\Program Files\Apache NetBeans\jdk\bin\net.dll
0x00007ff82ef90000 - 0x00007ff82effc000 	C:\WINDOWS\system32\mswsock.dll
0x00007ffffa340000 - 0x00007ffffa356000 	C:\Program Files\Apache NetBeans\jdk\bin\nio.dll
0x00007ff8016f0000 - 0x00007ff801707000 	C:\Program Files\Apache NetBeans\jdk\bin\zip.dll
0x00007ffff5920000 - 0x00007ffff5944000 	C:\Program Files\Apache NetBeans\java\maven\lib\jansi-native\Windows\x86_64\jansi.dll
0x00007ff814b00000 - 0x00007ff814b10000 	C:\Program Files\Apache NetBeans\jdk\bin\verify.dll

JVMTI agents: none

dbghelp: loaded successfully - version: 4.0.5 - missing functions: none
symbol engine: initialized successfully - sym options: 0x614 - pdb path: .;C:\Program Files\Apache NetBeans\jdk\bin;C:\WINDOWS\SYSTEM32;C:\WINDOWS\WinSxS\amd64_microsoft.windows.common-controls_6595b64144ccf1df_6.0.26100.8875_none_3e0d5d42e32fe9dd;C:\Program Files (x86)\360\Total Security\safemon;C:\Program Files\Apache NetBeans\jdk\bin\server;C:\Program Files\Apache NetBeans\java\maven\lib\jansi-native\Windows\x86_64

VM Arguments:
jvm_args: --enable-native-access=ALL-UNNAMED -Dclassworlds.conf=C:\Program Files\Apache NetBeans\java\maven\bin\m2.conf -Dmaven.home=C:\Program Files\Apache NetBeans\java\maven -Dlibrary.jansi.path=C:\Program Files\Apache NetBeans\java\maven\lib\jansi-native -Dmaven.multiModuleProjectDirectory=C:\Users\DVDSTORE\Desktop\LeetCode\ArrayList\ArrayList 
java_command: org.codehaus.plexus.classworlds.launcher.Launcher -Dexec.vmArgs= -Dexec.args=${exec.vmArgs} -classpath %classpath ${exec.mainClass} ${exec.appArgs} -Dexec.appArgs= -Dexec.mainClass=com.mycompany.arraylist.Driver -Dexec.executable=C:\Program Files\Apache NetBeans\jdk\bin\java.exe -Dmaven.ext.class.path=C:\Program Files\Apache NetBeans\java\maven-nblib\netbeans-eventspy.jar --no-transfer-progress process-classes org.codehaus.mojo:exec-maven-plugin:3.5.1:exec
java_class_path (initial): C:\Program Files\Apache NetBeans\java\maven\boot\plexus-classworlds-2.9.0.jar
Launcher Type: SUN_STANDARD

[Global flags]
     bool AOTAdapterCaching                        = false                                  {diagnostic} {ergonomic}
     bool AOTInvokeDynamicLinking                  = false                                  {diagnostic} {ergonomic}
     bool AOTRecordTraining                        = false                                  {diagnostic} {ergonomic}
     bool AOTReplayTraining                        = false                                  {diagnostic} {ergonomic}
     bool AOTStubCaching                           = false                                  {diagnostic} {ergonomic}
     intx CICompilerCount                          = 4                                         {product} {ergonomic}
     uint ConcGCThreads                            = 3                                         {product} {ergonomic}
     uint G1ConcRefinementThreads                  = 10                                        {product} {ergonomic}
     uint G1EagerReclaimRemSetThreshold            = 16                                   {experimental} {ergonomic}
   size_t G1HeapRegionSize                         = 2097152                                   {product} {ergonomic}
     uint G1RemSetArrayOfCardsEntries              = 16                                   {experimental} {ergonomic}
     uint G1RemSetHowlMaxNumBuckets                = 8                                    {experimental} {ergonomic}
     uint G1RemSetHowlNumBuckets                   = 8                                    {experimental} {ergonomic}
   size_t InitialHeapSize                          = 8388608                                   {product} {ergonomic}
     bool IntelJccErratumMitigation                = false                             {ARCH diagnostic} {ergonomic}
   size_t MarkStackSize                            = 4194304                                   {product} {ergonomic}
   size_t MarkStackSizeMax                         = 536870912                                 {product} {ergonomic}
   size_t MaxHeapSize                              = 4257218560                                {product} {ergonomic}
   size_t MaxNewSize                               = 2554331136                                {product} {ergonomic}
 uint64_t MaxRAM                                   = 17026142208                               {product} {ergonomic}
   size_t MinHeapDeltaBytes                        = 2097152                                   {product} {ergonomic}
   size_t MinHeapSize                              = 8388608                                   {product} {ergonomic}
   size_t NonNMethodCodeHeapSize                   = 5898240                                {pd product} {ergonomic}
   size_t NonProfiledCodeHeapSize                  = 122945536                              {pd product} {ergonomic}
   size_t ProfiledCodeHeapSize                     = 122945536                              {pd product} {ergonomic}
   size_t ReservedCodeCacheSize                    = 251789312                              {pd product} {ergonomic}
     bool SegmentedCodeCache                       = true                                      {product} {ergonomic}
   size_t SoftMaxHeapSize                          = 4257218560                             {manageable} {ergonomic}
     bool UseCompressedOops                        = true                           {product lp64_product} {ergonomic}
     bool UseCondCardMark                          = true                                      {product} {ergonomic}
     bool UseFastUnorderedTimeStamps               = true                                 {experimental} {ergonomic}
     bool UseG1GC                                  = true                                      {product} {ergonomic}
     bool UseLargePagesIndividualAllocation        = false                                  {pd product} {ergonomic}
      int X86ICacheSync                            = 3                                 {ARCH diagnostic} {ergonomic}

Logging:
Log output configuration:
 #0: stdout all=warning uptime,level,tags foldmultilines=false
 #1: stderr all=off uptime,level,tags foldmultilines=false

Release file:
IMPLEMENTOR="Eclipse Adoptium" 
IMPLEMENTOR_VERSION="Temurin-26.0.1+8" 
JAVA_RUNTIME_VERSION="26.0.1+8" 
JAVA_VERSION="26.0.1" 
JAVA_VERSION_DATE="2026-04-21" 
LIBC="default" 
MODULES="java.base java.compiler java.datatransfer java.xml java.prefs java.desktop java.instrument java.logging java.management java.security.sasl java.naming java.rmi java.management.rmi java.net.http java.scripting java.security.jgss java.transaction.xa java.sql java.sql.rowset java.xml.crypto java.se java.smartcardio jdk.accessibility jdk.internal.jvmstat jdk.attach jdk.charsets jdk.internal.opt jdk.zipfs jdk.compiler jdk.crypto.cryptoki jdk.crypto.ec jdk.crypto.mscapi jdk.dynalink jdk.internal.ed jdk.editpad jdk.internal.vm.ci jdk.graal.compiler jdk.graal.compiler.management jdk.hotspot.agent jdk.httpserver jdk.incubator.vector jdk.internal.le jdk.internal.md jdk.jartool jdk.javadoc jdk.jcmd jdk.management jdk.management.agent jdk.jconsole jdk.jdeps jdk.jdwp.agent jdk.jdi jdk.jfr jdk.jlink jdk.jpackage jdk.jshell jdk.jstatd jdk.localedata jdk.management.jfr jdk.naming.dns jdk.naming.rmi jdk.net jdk.nio.mapmode jdk.sctp jdk.security.auth jdk.security.jgss jdk.unsupported jdk.unsupported.desktop jdk.xml.dom" 
OS_ARCH="x86_64" 
OS_NAME="Windows" 
SOURCE=".:git:1cafccec39fb" 
BUILD_SOURCE="git:a612825ee82a20ac872d60958c349854c1f29a8e"
BUILD_SOURCE_REPO="https://github.com/adoptium/temurin-build.git"
SOURCE_REPO="https://github.com/adoptium/jdk26u.git"
FULL_VERSION="26.0.1+8"
SEMANTIC_VERSION="26.0.1+8"
BUILD_INFO="OS: Windows Server 2022 Version: 10.0"
JVM_VARIANT="Hotspot"
JVM_VERSION="26.0.1+8"
IMAGE_TYPE="JDK"

Environment Variables:
JAVA_HOME=C:\Program Files\Apache NetBeans\jdk
PATH=C:\Program Files (x86)\Common Files\Oracle\Java\javapath;C:\WINDOWS\system32;C:\WINDOWS;C:\WINDOWS\System32\Wbem;C:\WINDOWS\System32\WindowsPowerShell\v1.0\;C:\WINDOWS\System32\OpenSSH\;C:\Program Files (x86)\NVIDIA Corporation\PhysX\Common;C:\Program Files\NVIDIA Corporation\NVIDIA NvDLISR;C:\Program Files\dotnet\;C:\Program Files\Git\cmd;C:\Users\DVDSTORE\AppData\Local\Microsoft\WindowsApps;C:\Users\DVDSTORE\AppData\Local\Programs\Microsoft VS Code\bin;;C:\Program Files\Apache NetBeans\bin\
USERNAME=DVDSTORE
OS=Windows_NT
PROCESSOR_IDENTIFIER=Intel64 Family 6 Model 151 Stepping 5, GenuineIntel
TMP=C:\Users\DVDSTORE\AppData\Local\Temp
TEMP=C:\Users\DVDSTORE\AppData\Local\Temp




Compilation memory statistics disabled.

Periodic native trim disabled

---------------  S Y S T E M  ---------------

OS:
 Windows 11 , 64 bit Build 26100 (10.0.26100.8875)
OS uptime: 3 days 17:10 hours

CPU: total 12 (initial active 12) (6 cores per cpu, 2 threads per core) family 6 model 151 stepping 5 microcode 0x2d, cx8, cmov, fxsr, ht, mmx, 3dnowpref, sse, sse2, sse3, ssse3, sse4.1, sse4.2, popcnt, lzcnt, tsc, tscinvbit, avx, avx2, aes, erms, clmul, bmi1, bmi2, adx, sha, fma, vzeroupper, clflush, clflushopt, clwb, serialize, rdtscp, rdpid, fsrm, gfni, f16c, pku, cet_ibt, cet_ss
Processor Information for the first 12 processors :
  Max Mhz: 2500, Current Mhz: 2500, Mhz Limit: 2500

Memory: 4k page, system-wide physical 16237M (1986M free)
TotalPageFile size 28525M (AvailPageFile size 143M)
current process WorkingSet (physical memory assigned to process): 109M, peak: 113M
current process commit charge ("private bytes"): 150M, peak: 166M

vm_info: OpenJDK 64-Bit Server VM (26.0.1+8) for windows-amd64 JRE (26.0.1+8), built on 2026-04-21T00:00:00Z with MS VC++ 17.12 (VS2022)

END.
