#
# There is insufficient memory for the Java Runtime Environment to continue.
# Native memory allocation (malloc) failed to allocate 1701656 bytes. Error detail: Chunk::new
# Possible reasons:
#   The system is out of physical RAM or swap space
#   This process is running with CompressedOops enabled, and the Java Heap may be blocking the growth of the native heap
# Possible solutions:
#   Reduce memory load on the system
#   Increase physical memory or swap space
#   Check if swap backing store is full
#   Decrease Java heap size (-Xmx/-Xms)
#   Decrease number of Java threads
#   Decrease Java thread stack sizes (-Xss)
#   Set larger code cache with -XX:ReservedCodeCacheSize=
#   JVM is running with Zero Based Compressed Oops mode in which the Java heap is
#     placed in the first 32GB address space. The Java Heap base address is the
#     maximum limit for the native heap growth. Please use -XX:HeapBaseMinAddress
#     to set the Java Heap base and to place the Java Heap above 32GB virtual address.
# This output file may be truncated or incomplete.
#
#  Out of Memory Error (arena.cpp:193), pid=54844, tid=50500
#
# JRE version: OpenJDK Runtime Environment Temurin-26.0.1+8 (26.0.1+8) (build 26.0.1+8)
# Java VM: OpenJDK 64-Bit Server VM Temurin-26.0.1+8 (26.0.1+8, mixed mode, sharing, tiered, compressed oops, compressed class ptrs, g1 gc, windows-amd64)
# No core dump will be written. Minidumps are not enabled by default on client versions of Windows
#

---------------  S U M M A R Y ------------

Command Line: --enable-native-access=ALL-UNNAMED -Dclassworlds.conf=C:\Program Files\Apache NetBeans\java\maven\bin\m2.conf -Dmaven.home=C:\Program Files\Apache NetBeans\java\maven -Dlibrary.jansi.path=C:\Program Files\Apache NetBeans\java\maven\lib\jansi-native -Dmaven.multiModuleProjectDirectory=C:\Users\DVDSTORE\Desktop\LeetCode\ArrayList\ArrayList org.codehaus.plexus.classworlds.launcher.Launcher -Dexec.vmArgs= -Dexec.args=${exec.vmArgs} -classpath %classpath ${exec.mainClass} ${exec.appArgs} -Dexec.appArgs= -Dexec.mainClass=com.mycompany.arraylist.Driver -Dexec.executable=C:\Program Files\Apache NetBeans\jdk\bin\java.exe -Dmaven.ext.class.path=C:\Program Files\Apache NetBeans\java\maven-nblib\netbeans-eventspy.jar --no-transfer-progress process-classes org.codehaus.mojo:exec-maven-plugin:3.5.1:exec

Host: 12th Gen Intel(R) Core(TM) i5-12400F, 12 cores, 15G,  Windows 11 , 64 bit Build 26100 (10.0.26100.8875)
Time: Wed Aug 19 09:14:37 2026 Egypt Daylight Time elapsed time: 1.807407 seconds (0d 0h 0m 1s)

---------------  T H R E A D  ---------------

Current thread (0x000001a47de66ee0):  JavaThread "C2 CompilerThread0" daemon [_thread_in_native, id=50500, stack(0x0000000e7e900000,0x0000000e7ea00000) (1024K)]


Current CompileTask:
C2:1807 1779       4       java.util.Comparator$$Lambda/0x000000008602b148::compare (16 bytes)

Stack: [0x0000000e7e900000,0x0000000e7ea00000]
Native frames: (J=compiled Java code, j=interpreted, Vv=VM code, C=native code)
V  [jvm.dll+0x7db749]  (no source info available)
V  [jvm.dll+0x7a82bd]  (no source info available)
V  [jvm.dll+0xa44a60]  (no source info available)
V  [jvm.dll+0xa46eb1]  (no source info available)
V  [jvm.dll+0xa475c3]  (no source info available)
V  [jvm.dll+0x311a96]  (no source info available)
V  [jvm.dll+0x120316]  (no source info available)
V  [jvm.dll+0x12063e]  (no source info available)
V  [jvm.dll+0x1b2836]  (no source info available)
V  [jvm.dll+0x3ce802]  (no source info available)
V  [jvm.dll+0x7e430f]  (no source info available)
V  [jvm.dll+0x2d4597]  (no source info available)
V  [jvm.dll+0x2d350f]  (no source info available)
V  [jvm.dll+0x249670]  (no source info available)
V  [jvm.dll+0x2e363c]  (no source info available)
V  [jvm.dll+0x2e181d]  (no source info available)
V  [jvm.dll+0x4a82ae]  (no source info available)
V  [jvm.dll+0x9e3039]  (no source info available)
V  [jvm.dll+0x7dd228]  (no source info available)
C  [ucrtbase.dll+0x2cd30]  (no source info available)
C  [KERNEL32.DLL+0x2e957]  (no source info available)
C  [ntdll.dll+0xaad6c]  (no source info available)

Lock stack of current Java thread (top to bottom):


---------------  P R O C E S S  ---------------

Threads class SMR info:
_java_thread_list=0x000001a4041022c0, length=11, elements={
0x000001a45dbeb210, 0x000001a47de45840, 0x000001a47de46290, 0x000001a47de4e960,
0x000001a47de51e10, 0x000001a47de50650, 0x000001a47de62b30, 0x000001a47de66ee0,
0x000001a47de6b6f0, 0x000001a47e516da0, 0x000001a47e4e4cb0
}

Java Threads: ( => current thread )
  0x000001a45dbeb210 JavaThread "main"                              [_thread_in_native, id=62148, stack(0x0000000e7da00000,0x0000000e7db00000) (1024K)]
  0x000001a47de45840 JavaThread "Reference Handler"          daemon [_thread_blocked, id=47668, stack(0x0000000e7e300000,0x0000000e7e400000) (1024K)]
  0x000001a47de46290 JavaThread "Finalizer"                  daemon [_thread_blocked, id=62280, stack(0x0000000e7e400000,0x0000000e7e500000) (1024K)]
  0x000001a47de4e960 JavaThread "Signal Dispatcher"          daemon [_thread_blocked, id=29428, stack(0x0000000e7e500000,0x0000000e7e600000) (1024K)]
  0x000001a47de51e10 JavaThread "Attach Listener"            daemon [_thread_blocked, id=51300, stack(0x0000000e7e600000,0x0000000e7e700000) (1024K)]
  0x000001a47de50650 JavaThread "Service Thread"             daemon [_thread_blocked, id=62264, stack(0x0000000e7e700000,0x0000000e7e800000) (1024K)]
  0x000001a47de62b30 JavaThread "Monitor Deflation Thread"   daemon [_thread_blocked, id=50756, stack(0x0000000e7e800000,0x0000000e7e900000) (1024K)]
=>0x000001a47de66ee0 JavaThread "C2 CompilerThread0"         daemon [_thread_in_native, id=50500, stack(0x0000000e7e900000,0x0000000e7ea00000) (1024K)]
  0x000001a47de6b6f0 JavaThread "C1 CompilerThread0"         daemon [_thread_blocked, id=43972, stack(0x0000000e7ea00000,0x0000000e7eb00000) (1024K)]
  0x000001a47e516da0 JavaThread "Notification Thread"        daemon [_thread_blocked, id=51480, stack(0x0000000e7eb00000,0x0000000e7ec00000) (1024K)]
  0x000001a47e4e4cb0 JavaThread "Common-Cleaner"             daemon [_thread_blocked, id=48408, stack(0x0000000e7ec00000,0x0000000e7ed00000) (1024K)]
Total: 11

Other Threads:
  0x000001a47de36310 VMThread "VM Thread"                           [id=50380, stack(0x0000000e7e200000,0x0000000e7e300000) (1024K)]
  0x000001a47de23360 WatcherThread "VM Periodic Task Thread"        [id=50348, stack(0x0000000e7e100000,0x0000000e7e200000) (1024K)]
  0x000001a45dc2f610 WorkerThread "GC Thread#0"                     [id=36748, stack(0x0000000e7db00000,0x0000000e7dc00000) (1024K)]
  0x000001a47e9e3c50 WorkerThread "GC Thread#1"                     [id=57724, stack(0x0000000e7ee00000,0x0000000e7ef00000) (1024K)]
  0x000001a47f16e280 WorkerThread "GC Thread#2"                     [id=50480, stack(0x0000000e7f000000,0x0000000e7f100000) (1024K)]
  0x000001a4045accf0 WorkerThread "GC Thread#3"                     [id=51492, stack(0x0000000e7f100000,0x0000000e7f200000) (1024K)]
  0x000001a45dc49be0 ConcurrentGCThread "G1 Main Marker"            [id=31004, stack(0x0000000e7dc00000,0x0000000e7dd00000) (1024K)]
  0x000001a45dc4c2e0 WorkerThread "G1 Conc#0"                       [id=51048, stack(0x0000000e7dd00000,0x0000000e7de00000) (1024K)]
  0x000001a47dce80b0 WorkerThread "G1 Refinement Workers#0"         [id=50460, stack(0x0000000e7df00000,0x0000000e7e000000) (1024K)]
  0x000001a45dc6e4d0 ConcurrentGCThread "G1 Refine Control"         [id=50260, stack(0x0000000e7de00000,0x0000000e7df00000) (1024K)]
  0x000001a47dcf1e40 ConcurrentGCThread "G1 Service"                [id=23592, stack(0x0000000e7e000000,0x0000000e7e100000) (1024K)]
Total: 11

Threads with active compile tasks:
C2 CompilerThread0  2285 1779       4       java.util.Comparator$$Lambda/0x000000008602b148::compare (16 bytes)
Total: 1

VM state: not at safepoint (normal execution)

VM Mutex/Monitor currently owned by a thread: None

Heap address: 0x0000000702400000, size: 4060 MB, Compressed Oops mode: Zero based, Oop shift amount: 3

CDS archive(s) mapped at: [0x0000000085000000-0x0000000085de0000-0x0000000085de0000), size 14548992, SharedBaseAddress: 0x0000000085000000, ArchiveRelocationMode: 1.
Compressed class space mapped at: 0x0000000086000000-0x00000000c6000000, reserved size: 1073741824
UseCompressedClassPointers 1, UseCompactObjectHeaders 0
Narrow klass pointer bits 32, Max shift 3
Narrow klass base: 0x0000000085000000, Narrow klass shift: 0
Encoding Range: [0x0000000085000000 - 0x0000000185000000), (4294967296 bytes)
Klass Range:    [0x0000000085000000 - 0x00000000c6000000), (1090519040 bytes)
Klass ID Range:  [8 - 1090519033) (1090519025)
Protection zone: [0x0000000085000000 - 0x0000000085010000), (65536 bytes)

GC Precious Log:
 CardTable entry size: 512
 Card Set container configuration: InlinePtr #cards 4 size 8 Array Of Cards #cards 16 size 48 Howl #buckets 8 coarsen threshold 3686 Howl Bitmap #cards 512 size 80 coarsen threshold 460 Card regions per heap region 1 cards per card region 4096
 CPUs: 12 total, 12 available
 Memory: 16237M
 Large Page Support: Disabled
 NUMA Support: Disabled
 Compressed Oops: Enabled (Zero based)
 Heap Region Size: 2M
 Heap Min Capacity: 8M
 Heap Initial Capacity: 8M
 Heap Max Capacity: 4060M
 Pre-touch: Disabled
 Parallel Workers: 10
 Concurrent Workers: 3
 Concurrent Refinement Workers: 10
 Periodic GC: Disabled

Heap:
 garbage-first heap   total reserved 4157440K, committed 24576K, used 5233K [0x0000000702400000, 0x0000000800000000)
  region size 2M, 1 eden (2M), 1 survivor (2M), 3 old (6M), 0 humongous (0M), 7 free (14M)

Heap Regions: E=young(eden), S=young(survivor), O=old, HS=humongous(starts), HC=humongous(continues), CS=collection set, F=free, TAMS=top-at-mark-start, PB=parsable bottom
|    0|0x0000000702400000, 0x0000000702600000, 0x0000000702600000|100%| O|  |TAMS 0x0000000702400000| PB 0x0000000702400000| Untracked |  0
|    1|0x0000000702600000, 0x0000000702697728, 0x0000000702800000| 29%| O|  |TAMS 0x0000000702600000| PB 0x0000000702600000| Untracked |  0
|    2|0x0000000702800000, 0x0000000702800000, 0x0000000702a00000|  0%| F|  |TAMS 0x0000000702800000| PB 0x0000000702800000| Untracked |  0
|    3|0x0000000702a00000, 0x0000000702a00000, 0x0000000702c00000|  0%| F|  |TAMS 0x0000000702a00000| PB 0x0000000702a00000| Untracked |  0
|    4|0x0000000702c00000, 0x0000000702c00000, 0x0000000702e00000|  0%| F|  |TAMS 0x0000000702c00000| PB 0x0000000702c00000| Untracked |  0
|    5|0x0000000702e00000, 0x0000000702f5d400, 0x0000000703000000| 68%| S|CS|TAMS 0x0000000702e00000| PB 0x0000000702e00000| Complete  |  0
|    6|0x0000000703000000, 0x0000000703000000, 0x0000000703200000|  0%| F|  |TAMS 0x0000000703000000| PB 0x0000000703000000| Untracked |  0
|    7|0x0000000703200000, 0x0000000703200000, 0x0000000703400000|  0%| F|  |TAMS 0x0000000703200000| PB 0x0000000703200000| Untracked |  0
|    8|0x0000000703400000, 0x0000000703400000, 0x0000000703600000|  0%| F|  |TAMS 0x0000000703400000| PB 0x0000000703400000| Untracked |  0
|    9|0x0000000703600000, 0x0000000703600000, 0x0000000703800000|  0%| F|  |TAMS 0x0000000703600000| PB 0x0000000703600000| Untracked |  0
|   10|0x0000000703800000, 0x0000000703a00000, 0x0000000703a00000|100%| E|CS|TAMS 0x0000000703800000| PB 0x0000000703800000| Complete  |  0
| 2029|0x00000007ffe00000, 0x00000007fff27b70, 0x0000000800000000| 57%| O|  |TAMS 0x00000007ffe00000| PB 0x00000007ffe00000| Untracked |  0

Card table byte_map: [0x000001a477010000,0x000001a477800000] _byte_map_base: 0x000001a4737fe000
Refinement table byte_map: [0x000001a476820000,0x000001a477010000] _byte_map_base: 0x000001a47300e000

Marking Bits: (CMBitMap*) 0x000001a45dc2fd90
 Bits: [0x000001a477800000, 0x000001a47b770000)

Polling page: 0x000001a45bba0000

Metaspace:
Metaspace        used 8263K, committed 8448K, reserved 1114112K
 class space     used 997K, committed 1088K, reserved 1048576K

Usage:
  Non-class:      7.10 MB used.
      Class:    997.93 KB used.
       Both:      8.07 MB used.

Virtual space:
  Non-class space:       64.00 MB reserved,       7.19 MB ( 11%) committed,  1 nodes.
      Class space:        1.00 GB reserved,       1.06 MB ( <1%) committed,  1 nodes.
             Both:        1.06 GB reserved,       8.25 MB ( <1%) committed. 

Chunk freelists:
   Non-Class:  7.19 MB
       Class:  14.97 MB
        Both:  22.15 MB

MaxMetaspaceSize: unlimited
CompressedClassSpaceSize: 1.00 GB
Initial GC threshold: 21.00 MB
Current GC threshold: 21.00 MB
CDS: on
 - commit_granule_bytes: 65536.
 - commit_granule_words: 8192.
 - virtual_space_node_default_size: 8388608.
 - enlarge_chunks_in_place: 1.
UseCompressedClassPointers 1, UseCompactObjectHeaders 0
Narrow klass pointer bits 32, Max shift 3
Narrow klass base: 0x0000000085000000, Narrow klass shift: 0
Encoding Range: [0x0000000085000000 - 0x0000000185000000), (4294967296 bytes)
Klass Range:    [0x0000000085000000 - 0x00000000c6000000), (1090519040 bytes)
Klass ID Range:  [8 - 1090519033) (1090519025)
Protection zone: [0x0000000085000000 - 0x0000000085010000), (65536 bytes)


Internal statistics:

num_allocs_failed_limit: 0.
num_arena_births: 60.
num_arena_deaths: 0.
num_vsnodes_births: 2.
num_vsnodes_deaths: 0.
num_space_committed: 132.
num_space_uncommitted: 0.
num_chunks_returned_to_freelist: 0.
num_chunks_taken_from_freelist: 330.
num_chunk_merges: 0.
num_chunk_splits: 216.
num_chunks_enlarged: 179.
num_inconsistent_stats: 0.

CodeHeap 'non-profiled nmethods': size=120064Kb used=582Kb max_used=582Kb free=119481Kb
 bounds [0x000001a46e590000, 0x000001a46e800000, 0x000001a475ad0000]
CodeHeap 'profiled nmethods': size=120064Kb used=2670Kb max_used=2670Kb free=117393Kb
 bounds [0x000001a466ab0000, 0x000001a466d50000, 0x000001a46dff0000]
CodeHeap 'non-nmethods': size=5760Kb used=1376Kb max_used=1399Kb free=4383Kb
 bounds [0x000001a46dff0000, 0x000001a46e260000, 0x000001a46e590000]
CodeCache: size=245888Kb, used=4628Kb, max_used=4651Kb, free=241257Kb
 total_blobs=2285, nmethods=1800, adapters=388, full_count=0
Compilation: enabled, stopped_count=0, restarted_count=0

Compilation events (20 events):
Event: 0.787 Thread 0x000001a47de6b6f0 nmethod 1773 0x000001a466d38588 code [0x000001a466d38680, 0x000001a466d38890]
Event: 0.787 Thread 0x000001a47de6b6f0 1776       3       jdk.internal.classfile.impl.StackCounter::<init> (2420 bytes)
Event: 0.793 Thread 0x000001a47de6b6f0 nmethod 1776 0x000001a466d38908 code [0x000001a466d38a00, 0x000001a466d45840]
Event: 0.793 Thread 0x000001a47de6b6f0 1775       3       jdk.internal.classfile.impl.DirectCodeBuilder::ldc (23 bytes)
Event: 0.793 Thread 0x000001a47de6b6f0 nmethod 1775 0x000001a466d45888 code [0x000001a466d45980, 0x000001a466d461c0]
Event: 0.793 Thread 0x000001a47de6b6f0 1777       1       jdk.internal.classfile.impl.StackCounter::maxStack (5 bytes)
Event: 0.794 Thread 0x000001a47de6b6f0 nmethod 1777 0x000001a46e620188 code [0x000001a46e620280, 0x000001a46e620338]
Event: 0.794 Thread 0x000001a47de6b6f0 1778       1       jdk.internal.classfile.impl.StackCounter::maxLocals (5 bytes)
Event: 0.794 Thread 0x000001a47de6b6f0 nmethod 1778 0x000001a46e620488 code [0x000001a46e620580, 0x000001a46e620638]
Event: 0.802 Thread 0x000001a47de66ee0 1779       4       java.util.Comparator$$Lambda/0x000000008602b148::compare (16 bytes)
Event: 0.803 Thread 0x000001a47de6b6f0 1780       3       java.util.stream.SortedOps$OfRef::<init> (51 bytes)
Event: 0.804 Thread 0x000001a47de6b6f0 nmethod 1780 0x000001a466d46208 code [0x000001a466d46300, 0x000001a466d468a0]
Event: 0.804 Thread 0x000001a47de6b6f0 1781       3       java.lang.Math::ceil (5 bytes)
Event: 0.804 Thread 0x000001a47de6b6f0 nmethod 1781 0x000001a466d46908 code [0x000001a466d46a00, 0x000001a466d46b08]
Event: 0.804 Thread 0x000001a47de6b6f0 1782       3       java.lang.StrictMath::ceil (10 bytes)
Event: 0.804 Thread 0x000001a47de6b6f0 nmethod 1782 0x000001a466d46c08 code [0x000001a466d46d20, 0x000001a466d46e40]
Event: 0.806 Thread 0x000001a47de6b6f0 1783       3       java.lang.Math::getExponent (17 bytes)
Event: 0.806 Thread 0x000001a47de6b6f0 nmethod 1783 0x000001a466d46f08 code [0x000001a466d47000, 0x000001a466d47118]
Event: 0.807 Thread 0x000001a47de6b6f0 1784       3       com.google.common.collect.ImmutableSet::copyOf (90 bytes)
Event: 0.807 Thread 0x000001a47f024c90 1785       4       java.util.concurrent.ConcurrentHashMap::get (162 bytes)

GC Heap Usage History (12 events):
Event: 0.142 {heap Before GC invocations=0 (full 0):
 garbage-first heap   total reserved 4157440K, committed 10240K, used 3230K [0x0000000702400000, 0x0000000800000000)
  region size 2M, 2 eden (4M), 0 survivor (0M), 1 old (2M), 0 humongous (0M), 2 free (4M)
}
Event: 0.143 {heap After GC invocations=1 (full 0):
 garbage-first heap   total reserved 4157440K, committed 10240K, used 2846K [0x0000000702400000, 0x0000000800000000)
  region size 2M, 0 eden (0M), 1 survivor (2M), 1 old (2M), 0 humongous (0M), 3 free (6M)
}
Event: 0.199 {heap Before GC invocations=1 (full 0):
 garbage-first heap   total reserved 4157440K, committed 10240K, used 4894K [0x0000000702400000, 0x0000000800000000)
  region size 2M, 1 eden (2M), 1 survivor (2M), 1 old (2M), 0 humongous (0M), 2 free (4M)
}
Event: 0.200 {heap After GC invocations=2 (full 0):
 garbage-first heap   total reserved 4157440K, committed 10240K, used 2934K [0x0000000702400000, 0x0000000800000000)
  region size 2M, 0 eden (0M), 1 survivor (2M), 2 old (4M), 0 humongous (0M), 2 free (4M)
}
Event: 0.249 {heap Before GC invocations=2 (full 0):
 garbage-first heap   total reserved 4157440K, committed 10240K, used 4982K [0x0000000702400000, 0x0000000800000000)
  region size 2M, 1 eden (2M), 1 survivor (2M), 2 old (4M), 0 humongous (0M), 1 free (2M)
}
Event: 0.250 {heap After GC invocations=3 (full 0):
 garbage-first heap   total reserved 4157440K, committed 10240K, used 3476K [0x0000000702400000, 0x0000000800000000)
  region size 2M, 0 eden (0M), 1 survivor (2M), 2 old (4M), 0 humongous (0M), 2 free (4M)
}
Event: 0.303 {heap Before GC invocations=3 (full 0):
 garbage-first heap   total reserved 4157440K, committed 10240K, used 3476K [0x0000000702400000, 0x0000000800000000)
  region size 2M, 1 eden (2M), 1 survivor (2M), 2 old (4M), 0 humongous (0M), 1 free (2M)
}
Event: 0.305 {heap After GC invocations=4 (full 0):
 garbage-first heap   total reserved 4157440K, committed 24576K, used 3934K [0x0000000702400000, 0x0000000800000000)
  region size 2M, 0 eden (0M), 1 survivor (2M), 2 old (4M), 0 humongous (0M), 9 free (18M)
}
Event: 0.474 {heap Before GC invocations=4 (full 0):
 garbage-first heap   total reserved 4157440K, committed 24576K, used 14174K [0x0000000702400000, 0x0000000800000000)
  region size 2M, 5 eden (10M), 1 survivor (2M), 2 old (4M), 0 humongous (0M), 4 free (8M)
}
Event: 0.477 {heap After GC invocations=5 (full 0):
 garbage-first heap   total reserved 4157440K, committed 24576K, used 4405K [0x0000000702400000, 0x0000000800000000)
  region size 2M, 0 eden (0M), 1 survivor (2M), 2 old (4M), 0 humongous (0M), 9 free (18M)
}
Event: 0.603 {heap Before GC invocations=5 (full 0):
 garbage-first heap   total reserved 4157440K, committed 24576K, used 14645K [0x0000000702400000, 0x0000000800000000)
  region size 2M, 5 eden (10M), 1 survivor (2M), 2 old (4M), 0 humongous (0M), 4 free (8M)
}
Event: 0.605 {heap After GC invocations=6 (full 0):
 garbage-first heap   total reserved 4157440K, committed 24576K, used 4671K [0x0000000702400000, 0x0000000800000000)
  region size 2M, 0 eden (0M), 1 survivor (2M), 3 old (6M), 0 humongous (0M), 8 free (16M)
}

Metaspace Usage History (12 events):
Event: 0.142 {metaspace Before GC invocations=0 (full 0):
 Metaspace       used 1112K, committed 1280K, reserved 1114112K
  class space    used 92K, committed 128K, reserved 1048576K
}
Event: 0.143 {metaspace After GC invocations=1 (full 0):
 Metaspace       used 1112K, committed 1280K, reserved 1114112K
  class space    used 92K, committed 128K, reserved 1048576K
}
Event: 0.199 {metaspace Before GC invocations=1 (full 0):
 Metaspace       used 1945K, committed 2112K, reserved 1114112K
  class space    used 184K, committed 256K, reserved 1048576K
}
Event: 0.200 {metaspace After GC invocations=2 (full 0):
 Metaspace       used 1945K, committed 2112K, reserved 1114112K
  class space    used 184K, committed 256K, reserved 1048576K
}
Event: 0.249 {metaspace Before GC invocations=2 (full 0):
 Metaspace       used 2503K, committed 2688K, reserved 1114112K
  class space    used 237K, committed 320K, reserved 1048576K
}
Event: 0.250 {metaspace After GC invocations=3 (full 0):
 Metaspace       used 2503K, committed 2688K, reserved 1114112K
  class space    used 237K, committed 320K, reserved 1048576K
}
Event: 0.303 {metaspace Before GC invocations=3 (full 0):
 Metaspace       used 2949K, committed 3072K, reserved 1114112K
  class space    used 302K, committed 384K, reserved 1048576K
}
Event: 0.305 {metaspace After GC invocations=4 (full 0):
 Metaspace       used 2949K, committed 3072K, reserved 1114112K
  class space    used 302K, committed 384K, reserved 1048576K
}
Event: 0.474 {metaspace Before GC invocations=4 (full 0):
 Metaspace       used 5526K, committed 5760K, reserved 1114112K
  class space    used 669K, committed 768K, reserved 1048576K
}
Event: 0.477 {metaspace After GC invocations=5 (full 0):
 Metaspace       used 5526K, committed 5760K, reserved 1114112K
  class space    used 669K, committed 768K, reserved 1048576K
}
Event: 0.603 {metaspace Before GC invocations=5 (full 0):
 Metaspace       used 6503K, committed 6656K, reserved 1114112K
  class space    used 791K, committed 896K, reserved 1048576K
}
Event: 0.605 {metaspace After GC invocations=6 (full 0):
 Metaspace       used 6503K, committed 6656K, reserved 1114112K
  class space    used 791K, committed 896K, reserved 1048576K
}

Dll operation events (14 events):
Event: 0.008 Attempting to load shared library C:\Program Files\Apache NetBeans\jdk\bin\java.dll
Event: 0.009 Loaded shared library C:\Program Files\Apache NetBeans\jdk\bin\java.dll
Event: 0.042 Attempting to load shared library C:\Program Files\Apache NetBeans\jdk\bin\net.dll
Event: 0.042 Loaded shared library C:\Program Files\Apache NetBeans\jdk\bin\net.dll
Event: 0.044 Attempting to load shared library C:\Program Files\Apache NetBeans\jdk\bin\nio.dll
Event: 0.044 Loaded shared library C:\Program Files\Apache NetBeans\jdk\bin\nio.dll
Event: 0.047 Attempting to load shared library C:\Program Files\Apache NetBeans\jdk\bin\zip.dll
Event: 0.047 Loaded shared library C:\Program Files\Apache NetBeans\jdk\bin\zip.dll
Event: 0.137 Attempting to load shared library C:\Program Files\Apache NetBeans\java\maven\lib\jansi-native\Windows\x86_64\jansi.dll
Event: 0.138 Loaded shared library C:\Program Files\Apache NetBeans\java\maven\lib\jansi-native\Windows\x86_64\jansi.dll
Event: 0.138 Attempting to load shared library C:\Program Files\Apache NetBeans\jdk\bin\jimage.dll
Event: 0.138 Loaded shared library C:\Program Files\Apache NetBeans\jdk\bin\jimage.dll
Event: 0.148 Attempting to load shared library C:\Program Files\Apache NetBeans\jdk\bin\verify.dll
Event: 0.148 Loaded shared library C:\Program Files\Apache NetBeans\jdk\bin\verify.dll

Deoptimization events (20 events):
Event: 0.615 Thread 0x000001a45dbeb210 DEOPT PACKING pc=0x000001a46e6083d4 sp=0x0000000e7dafe170
Event: 0.615 Thread 0x000001a45dbeb210 DEOPT UNPACKING pc=0x000001a46e113d82 sp=0x0000000e7dafdff0 mode 2
Event: 0.630 Thread 0x000001a45dbeb210 DEOPT PACKING pc=0x000001a466ca5fe0 sp=0x0000000e7dafe340
Event: 0.630 Thread 0x000001a45dbeb210 DEOPT UNPACKING pc=0x000001a46e041a02 sp=0x0000000e7dafd7b0 mode 0
Event: 0.682 Thread 0x000001a45dbeb210 Uncommon trap: trap_request=0xffffffc6 fr.pc=0x000001a46e608c9c relative=0x000000000000039c
Event: 0.682 Thread 0x000001a45dbeb210 Uncommon trap: reason=bimorphic_or_optimized_type_check action=maybe_recompile pc=0x000001a46e608c9c method=java.util.concurrent.ConcurrentHashMap.get(Ljava/lang/Object;)Ljava/lang/Object; @ 149 c2
Event: 0.682 Thread 0x000001a45dbeb210 DEOPT PACKING pc=0x000001a46e608c9c sp=0x0000000e7dafdac0
Event: 0.682 Thread 0x000001a45dbeb210 DEOPT UNPACKING pc=0x000001a46e113d82 sp=0x0000000e7dafda30 mode 2
Event: 0.773 Thread 0x000001a45dbeb210 Uncommon trap: trap_request=0xffffffc6 fr.pc=0x000001a46e608c9c relative=0x000000000000039c
Event: 0.773 Thread 0x000001a45dbeb210 Uncommon trap: reason=bimorphic_or_optimized_type_check action=maybe_recompile pc=0x000001a46e608c9c method=java.util.concurrent.ConcurrentHashMap.get(Ljava/lang/Object;)Ljava/lang/Object; @ 149 c2
Event: 0.773 Thread 0x000001a45dbeb210 DEOPT PACKING pc=0x000001a46e608c9c sp=0x0000000e7dafdfa0
Event: 0.773 Thread 0x000001a45dbeb210 DEOPT UNPACKING pc=0x000001a46e113d82 sp=0x0000000e7dafdf00 mode 2
Event: 0.791 Thread 0x000001a45dbeb210 Uncommon trap: trap_request=0xffffffc6 fr.pc=0x000001a46e608c9c relative=0x000000000000039c
Event: 0.791 Thread 0x000001a45dbeb210 Uncommon trap: reason=bimorphic_or_optimized_type_check action=maybe_recompile pc=0x000001a46e608c9c method=java.util.concurrent.ConcurrentHashMap.get(Ljava/lang/Object;)Ljava/lang/Object; @ 149 c2
Event: 0.791 Thread 0x000001a45dbeb210 DEOPT PACKING pc=0x000001a46e608c9c sp=0x0000000e7dafdfb0
Event: 0.791 Thread 0x000001a45dbeb210 DEOPT UNPACKING pc=0x000001a46e113d82 sp=0x0000000e7dafdf10 mode 2
Event: 0.791 Thread 0x000001a45dbeb210 Uncommon trap: trap_request=0xffffffc6 fr.pc=0x000001a46e608c9c relative=0x000000000000039c
Event: 0.791 Thread 0x000001a45dbeb210 Uncommon trap: reason=bimorphic_or_optimized_type_check action=maybe_recompile pc=0x000001a46e608c9c method=java.util.concurrent.ConcurrentHashMap.get(Ljava/lang/Object;)Ljava/lang/Object; @ 149 c2
Event: 0.791 Thread 0x000001a45dbeb210 DEOPT PACKING pc=0x000001a46e608c9c sp=0x0000000e7dafdfb0
Event: 0.791 Thread 0x000001a45dbeb210 DEOPT UNPACKING pc=0x000001a46e113d82 sp=0x0000000e7dafdf10 mode 2

Classes loaded (20 events):
Event: 0.500 Loading class sun/reflect/generics/reflectiveObjects/TypeVariableImpl
Event: 0.500 Loading class sun/reflect/generics/reflectiveObjects/LazyReflectiveObjectGenerator
Event: 0.500 Loading class sun/reflect/generics/reflectiveObjects/LazyReflectiveObjectGenerator done
Event: 0.500 Loading class sun/reflect/generics/reflectiveObjects/TypeVariableImpl done
Event: 0.500 Loading class sun/reflect/generics/reflectiveObjects/ParameterizedTypeImpl
Event: 0.501 Loading class sun/reflect/generics/reflectiveObjects/ParameterizedTypeImpl done
Event: 0.678 Loading class java/lang/Deprecated
Event: 0.678 Loading class java/lang/Deprecated done
Event: 0.719 Loading class java/lang/invoke/MethodHandle$1
Event: 0.719 Loading class java/lang/invoke/MethodHandle$1 done
Event: 0.740 Loading class sun/reflect/generics/tree/BottomSignature
Event: 0.740 Loading class sun/reflect/generics/tree/BottomSignature done
Event: 0.740 Loading class sun/reflect/generics/tree/Wildcard
Event: 0.740 Loading class sun/reflect/generics/tree/Wildcard done
Event: 0.740 Loading class sun/reflect/generics/reflectiveObjects/WildcardTypeImpl
Event: 0.740 Loading class sun/reflect/generics/reflectiveObjects/WildcardTypeImpl done
Event: 0.740 Loading class sun/reflect/annotation/AnnotatedTypeFactory$AnnotatedParameterizedTypeImpl
Event: 0.740 Loading class java/lang/reflect/AnnotatedParameterizedType
Event: 0.741 Loading class java/lang/reflect/AnnotatedParameterizedType done
Event: 0.741 Loading class sun/reflect/annotation/AnnotatedTypeFactory$AnnotatedParameterizedTypeImpl done

Classes unloaded (0 events):
No events

Classes redefined (0 events):
No events

Internal exceptions (20 events):
Event: 0.147 Thread 0x000001a45dbeb210 Exception <a 'sun/nio/fs/WindowsException'{0x0000000702a2b9d0}> (0x0000000702a2b9d0) 
thrown [s\src\hotspot\share\prims\jni.cpp, line 514]
Event: 0.147 Thread 0x000001a45dbeb210 Exception <a 'sun/nio/fs/WindowsException'{0x0000000702a2c008}> (0x0000000702a2c008) 
thrown [s\src\hotspot\share\prims\jni.cpp, line 514]
Event: 0.147 Thread 0x000001a45dbeb210 Exception <a 'sun/nio/fs/WindowsException'{0x0000000702a2c5f0}> (0x0000000702a2c5f0) 
thrown [s\src\hotspot\share\prims\jni.cpp, line 514]
Event: 0.147 Thread 0x000001a45dbeb210 Exception <a 'sun/nio/fs/WindowsException'{0x0000000702a2cb60}> (0x0000000702a2cb60) 
thrown [s\src\hotspot\share\prims\jni.cpp, line 514]
Event: 0.147 Thread 0x000001a45dbeb210 Exception <a 'sun/nio/fs/WindowsException'{0x0000000702a2d0b0}> (0x0000000702a2d0b0) 
thrown [s\src\hotspot\share\prims\jni.cpp, line 514]
Event: 0.147 Thread 0x000001a45dbeb210 Exception <a 'sun/nio/fs/WindowsException'{0x0000000702a2d5a0}> (0x0000000702a2d5a0) 
thrown [s\src\hotspot\share\prims\jni.cpp, line 514]
Event: 0.147 Thread 0x000001a45dbeb210 Exception <a 'sun/nio/fs/WindowsException'{0x0000000702a2da48}> (0x0000000702a2da48) 
thrown [s\src\hotspot\share\prims\jni.cpp, line 514]
Event: 0.154 Thread 0x000001a45dbeb210 Exception <a 'java/lang/NoSuchMethodError'{0x0000000702a7baa8}: 'void java.lang.invoke.DirectMethodHandle$Holder.invokeVirtual(java.lang.Object, java.lang.Object)'> (0x0000000702a7baa8) 
thrown [s\src\hotspot\share\interpreter\linkResolver.cpp, line 804]
Event: 0.156 Thread 0x000001a45dbeb210 Exception <a 'java/lang/NoSuchMethodError'{0x0000000702a9d1f0}: 'void java.lang.invoke.DirectMethodHandle$Holder.invokeStatic(java.lang.Object, java.lang.Object)'> (0x0000000702a9d1f0) 
thrown [s\src\hotspot\share\interpreter\linkResolver.cpp, line 804]
Event: 0.157 Thread 0x000001a45dbeb210 Exception <a 'java/lang/NoSuchMethodError'{0x0000000702aa4f98}: 'void java.lang.invoke.DirectMethodHandle$Holder.invokeStaticInit(java.lang.Object, java.lang.Object)'> (0x0000000702aa4f98) 
thrown [s\src\hotspot\share\interpreter\linkResolver.cpp, line 804]
Event: 0.162 Thread 0x000001a45dbeb210 Exception <a 'java/lang/NoSuchMethodError'{0x0000000702ad4b50}: 'void java.lang.invoke.DirectMethodHandle$Holder.invokeSpecial(java.lang.Object, java.lang.Object, java.lang.Object, java.lang.Object, java.lang.Object)'> (0x0000000702ad4b50) 
thrown [s\src\hotspot\share\interpreter\linkResolver.cpp, line 804]
Event: 0.168 Thread 0x000001a45dbeb210 Exception <a 'java/lang/NoSuchMethodError'{0x0000000702b16160}: 'void java.lang.invoke.DirectMethodHandle$Holder.invokeStatic(java.lang.Object, java.lang.Object, java.lang.Object)'> (0x0000000702b16160) 
thrown [s\src\hotspot\share\interpreter\linkResolver.cpp, line 804]
Event: 0.214 Thread 0x000001a45dbeb210 Exception <a 'java/lang/NoSuchMethodError'{0x0000000702a97190}: 'java.lang.Object java.lang.invoke.DirectMethodHandle$Holder.invokeSpecialIFC(java.lang.Object, java.lang.Object, java.lang.Object, java.lang.Object)'> (0x0000000702a97190) 
thrown [s\src\hotspot\share\interpreter\linkResolver.cpp, line 804]
Event: 0.345 Thread 0x000001a45dbeb210 Exception <a 'java/lang/NoSuchMethodError'{0x00000007039bd790}: 'void java.lang.invoke.DirectMethodHandle$Holder.invokeSpecial(java.lang.Object, java.lang.Object, java.lang.Object)'> (0x00000007039bd790) 
thrown [s\src\hotspot\share\interpreter\linkResolver.cpp, line 804]
Event: 0.381 Thread 0x000001a45dbeb210 Exception <a 'java/lang/NoSuchMethodError'{0x000000070376f450}: 'java.lang.Object java.lang.invoke.DirectMethodHandle$Holder.invokeInterface(java.lang.Object, java.lang.Object)'> (0x000000070376f450) 
thrown [s\src\hotspot\share\interpreter\linkResolver.cpp, line 804]
Event: 0.394 Thread 0x000001a45dbeb210 Exception <a 'java/lang/NoSuchMethodError'{0x000000070341b9f8}: 'int java.lang.invoke.DirectMethodHandle$Holder.invokeStatic(java.lang.Object, java.lang.Object, java.lang.Object, java.lang.Object)'> (0x000000070341b9f8) 
thrown [s\src\hotspot\share\interpreter\linkResolver.cpp, line 804]
Event: 0.396 Thread 0x000001a45dbeb210 Exception <a 'java/lang/NoSuchMethodError'{0x00000007034455a0}: 'int java.lang.invoke.DirectMethodHandle$Holder.invokeSpecialIFC(java.lang.Object, java.lang.Object, java.lang.Object, java.lang.Object, java.lang.Object)'> (0x00000007034455a0) 
thrown [s\src\hotspot\share\interpreter\linkResolver.cpp, line 804]
Event: 0.423 Thread 0x000001a45dbeb210 Exception <a 'java/lang/NoSuchMethodError'{0x0000000703593728}: 'java.lang.Object java.lang.invoke.DirectMethodHandle$Holder.newInvokeSpecial(java.lang.Object, java.lang.Object, java.lang.Object, java.lang.Object, java.lang.Object)'> (0x0000000703593728) 
thrown [s\src\hotspot\share\interpreter\linkResolver.cpp, line 804]
Event: 0.443 Thread 0x000001a45dbeb210 Exception <a 'java/lang/NoSuchMethodError'{0x00000007032adcb0}: 'int java.lang.invoke.DirectMethodHandle$Holder.invokeStaticInit(java.lang.Object, java.lang.Object)'> (0x00000007032adcb0) 
thrown [s\src\hotspot\share\interpreter\linkResolver.cpp, line 804]
Event: 0.447 Thread 0x000001a45dbeb210 Exception <a 'java/lang/NoClassDefFoundError'{0x00000007032e59b0}: javax/enterprise/inject/Typed> (0x00000007032e59b0) 
thrown [s\src\hotspot\share\classfile\systemDictionary.cpp, line 318]

VM Operations (20 events):
Event: 0.133 Executing non-safepoint VM operation: HandshakeAllThreads (Deoptimize)
Event: 0.133 Executing non-safepoint VM operation: HandshakeAllThreads (Deoptimize) done
Event: 0.141 Executing non-safepoint VM operation: HandshakeAllThreads (Deoptimize)
Event: 0.141 Executing non-safepoint VM operation: HandshakeAllThreads (Deoptimize) done
Event: 0.142 Executing safepoint VM operation: G1CollectForAllocation (G1 Evacuation Pause)
Event: 0.144 Executing safepoint VM operation: G1CollectForAllocation (G1 Evacuation Pause) done
Event: 0.199 Executing safepoint VM operation: G1CollectForAllocation (G1 Evacuation Pause)
Event: 0.200 Executing safepoint VM operation: G1CollectForAllocation (G1 Evacuation Pause) done
Event: 0.249 Executing safepoint VM operation: G1CollectForAllocation (G1 Evacuation Pause)
Event: 0.250 Executing safepoint VM operation: G1CollectForAllocation (G1 Evacuation Pause) done
Event: 0.303 Executing safepoint VM operation: G1CollectForAllocation (G1 Evacuation Pause)
Event: 0.305 Executing safepoint VM operation: G1CollectForAllocation (G1 Evacuation Pause) done
Event: 0.375 Executing non-safepoint VM operation: HandshakeAllThreads (Deoptimize)
Event: 0.375 Executing non-safepoint VM operation: HandshakeAllThreads (Deoptimize) done
Event: 0.474 Executing safepoint VM operation: G1CollectForAllocation (G1 Evacuation Pause)
Event: 0.477 Executing safepoint VM operation: G1CollectForAllocation (G1 Evacuation Pause) done
Event: 0.603 Executing safepoint VM operation: G1CollectForAllocation (G1 Evacuation Pause)
Event: 0.605 Executing safepoint VM operation: G1CollectForAllocation (G1 Evacuation Pause) done
Event: 0.763 Executing non-safepoint VM operation: HandshakeAllThreads (Deoptimize)
Event: 0.763 Executing non-safepoint VM operation: HandshakeAllThreads (Deoptimize) done

Memory protections (0 events):
No events

Nmethod flushes (0 events):
No events

Events (15 events):
Event: 0.020 Thread 0x000001a45dbeb210 Thread added: 0x000001a45dbeb210
Event: 0.032 Thread 0x000001a45dbeb210 Thread added: 0x000001a47de45840
Event: 0.032 Thread 0x000001a45dbeb210 Thread added: 0x000001a47de46290
Event: 0.032 Thread 0x000001a45dbeb210 Thread added: 0x000001a47de4e960
Event: 0.032 Thread 0x000001a45dbeb210 Thread added: 0x000001a47de51e10
Event: 0.032 Thread 0x000001a45dbeb210 Thread added: 0x000001a47de50650
Event: 0.032 Thread 0x000001a45dbeb210 Thread added: 0x000001a47de62b30
Event: 0.032 Thread 0x000001a45dbeb210 Thread added: 0x000001a47de66ee0
Event: 0.032 Thread 0x000001a45dbeb210 Thread added: 0x000001a47de6b6f0
Event: 0.039 Thread 0x000001a45dbeb210 Thread added: 0x000001a47e516da0
Event: 0.040 Thread 0x000001a45dbeb210 Thread added: 0x000001a47e4e4cb0
Event: 0.136 Thread 0x000001a45dbeb210 Thread added: 0x000001a47e7e09c0
Event: 0.147 Thread 0x000001a47e7e09c0 Thread exited: 0x000001a47e7e09c0
Event: 0.202 Thread 0x000001a47de6b6f0 Thread added: 0x000001a47f026cd0
Event: 0.462 Thread 0x000001a47de6b6f0 Thread added: 0x000001a47f024c90


Dynamic libraries:
0x00007ff623720000 - 0x00007ff62372e000 	C:\Program Files\Apache NetBeans\jdk\bin\java.exe
0x00007ff832b60000 - 0x00007ff832dc6000 	C:\WINDOWS\SYSTEM32\ntdll.dll
0x00007ff831820000 - 0x00007ff8318e9000 	C:\WINDOWS\System32\KERNEL32.DLL
0x00007ff82fd80000 - 0x00007ff83017e000 	C:\WINDOWS\System32\KERNELBASE.dll
0x00007ff82cc20000 - 0x00007ff82ccc0000 	C:\WINDOWS\SYSTEM32\apphelp.dll
0x00007ff830670000 - 0x00007ff8307bc000 	C:\WINDOWS\System32\ucrtbase.dll
0x00007ff806240000 - 0x00007ff80625e000 	C:\Program Files\Apache NetBeans\jdk\bin\VCRUNTIME140.dll
0x00007ff805820000 - 0x00007ff805837000 	C:\Program Files\Apache NetBeans\jdk\bin\jli.dll
0x00007ff8315a0000 - 0x00007ff831767000 	C:\WINDOWS\System32\USER32.dll
0x00007ff830440000 - 0x00007ff830467000 	C:\WINDOWS\System32\win32u.dll
0x00007ff815670000 - 0x00007ff815902000 	C:\WINDOWS\WinSxS\amd64_microsoft.windows.common-controls_6595b64144ccf1df_6.0.26100.8875_none_3e0d5d42e32fe9dd\COMCTL32.dll
0x00007ff8312b0000 - 0x00007ff8312db000 	C:\WINDOWS\System32\GDI32.dll
0x00007ff831770000 - 0x00007ff831819000 	C:\WINDOWS\System32\msvcrt.dll
0x00007ff830190000 - 0x00007ff8302ba000 	C:\WINDOWS\System32\gdi32full.dll
0x00007ff830470000 - 0x00007ff830513000 	C:\WINDOWS\System32\msvcp_win.dll
0x00007ff8323e0000 - 0x00007ff832412000 	C:\WINDOWS\System32\IMM32.DLL
0x000000005b940000 - 0x000000005b94d000 	C:\Program Files (x86)\360\Total Security\safemon\SafeWrapper.dll
0x00007ff832960000 - 0x00007ff832a17000 	C:\WINDOWS\System32\ADVAPI32.dll
0x00007ff830890000 - 0x00007ff83093a000 	C:\WINDOWS\System32\sechost.dll
0x00007ff830b50000 - 0x00007ff830c68000 	C:\WINDOWS\System32\RPCRT4.dll
0x00007ff8296f0000 - 0x00007ff8297f5000 	C:\Program Files (x86)\360\Total Security\safemon\libzdtp64.dll
0x00007ff831aa0000 - 0x00007ff832232000 	C:\WINDOWS\System32\SHELL32.dll
0x00007ff8319f0000 - 0x00007ff831a57000 	C:\WINDOWS\System32\SHLWAPI.dll
0x00007ff82f7c0000 - 0x00007ff82f7cb000 	C:\WINDOWS\SYSTEM32\VERSION.dll
0x00007ff82ae80000 - 0x00007ff82ae8c000 	C:\Program Files\Apache NetBeans\jdk\bin\vcruntime140_1.dll
0x00007fffb1950000 - 0x00007fffb19dd000 	C:\Program Files\Apache NetBeans\jdk\bin\msvcp140.dll
0x00007fff8c260000 - 0x00007fff8d1f9000 	C:\Program Files\Apache NetBeans\jdk\bin\server\jvm.dll
0x00007ff832440000 - 0x00007ff8324c0000 	C:\WINDOWS\System32\WS2_32.dll
0x00007ff82fbe0000 - 0x00007ff82fc3e000 	C:\WINDOWS\SYSTEM32\POWRPROF.dll
0x00007ff821b50000 - 0x00007ff821b86000 	C:\WINDOWS\SYSTEM32\WINMM.dll
0x00007ff82fbc0000 - 0x00007ff82fbd4000 	C:\WINDOWS\SYSTEM32\UMPDC.dll
0x00007ff82e9e0000 - 0x00007ff82e9fb000 	C:\WINDOWS\SYSTEM32\kernel.appcore.dll
0x00007ff8186a0000 - 0x00007ff8186aa000 	C:\Program Files\Apache NetBeans\jdk\bin\jimage.dll
0x00007ff81fc20000 - 0x00007ff81fe62000 	C:\WINDOWS\SYSTEM32\DBGHELP.DLL
0x00007ff830f20000 - 0x00007ff8312a3000 	C:\WINDOWS\System32\combase.dll
0x00007ff8314c0000 - 0x00007ff831599000 	C:\WINDOWS\System32\OLEAUT32.dll
0x00007ff816360000 - 0x00007ff81639b000 	C:\WINDOWS\SYSTEM32\dbgcore.DLL
0x00007ff8307d0000 - 0x00007ff83087c000 	C:\WINDOWS\System32\bcryptPrimitives.dll
0x00007ff805a80000 - 0x00007ff805a9e000 	C:\Program Files\Apache NetBeans\jdk\bin\java.dll
0x00007ff832240000 - 0x00007ff8323d9000 	C:\WINDOWS\System32\ole32.dll
0x00007ff82d7e0000 - 0x00007ff82e072000 	C:\WINDOWS\SYSTEM32\windows.storage.dll
0x00007ff8318f0000 - 0x00007ff8319e7000 	C:\WINDOWS\System32\SHCORE.dll
0x00007ff82fca0000 - 0x00007ff82fcc9000 	C:\WINDOWS\SYSTEM32\profapi.dll
0x00007ff800060000 - 0x00007ff800071000 	C:\Program Files\Apache NetBeans\jdk\bin\net.dll
0x00007ff82ef90000 - 0x00007ff82effc000 	C:\WINDOWS\system32\mswsock.dll
0x00007ffffa340000 - 0x00007ffffa356000 	C:\Program Files\Apache NetBeans\jdk\bin\nio.dll
0x00007ff8016f0000 - 0x00007ff801707000 	C:\Program Files\Apache NetBeans\jdk\bin\zip.dll
0x00007ffff5920000 - 0x00007ffff5944000 	C:\Program Files\Apache NetBeans\java\maven\lib\jansi-native\Windows\x86_64\jansi.dll
0x00007ff814b00000 - 0x00007ff814b10000 	C:\Program Files\Apache NetBeans\jdk\bin\verify.dll

JVMTI agents: none

dbghelp: loaded successfully - version: 4.0.5 - missing functions: none
symbol engine: initialized successfully - sym options: 0x614 - pdb path: .;C:\Program Files\Apache NetBeans\jdk\bin;C:\WINDOWS\SYSTEM32;C:\WINDOWS\WinSxS\amd64_microsoft.windows.common-controls_6595b64144ccf1df_6.0.26100.8875_none_3e0d5d42e32fe9dd;C:\Program Files (x86)\360\Total Security\safemon;C:\Program Files\Apache NetBeans\jdk\bin\server;C:\Program Files\Apache NetBeans\java\maven\lib\jansi-native\Windows\x86_64

VM Arguments:
jvm_args: --enable-native-access=ALL-UNNAMED -Dclassworlds.conf=C:\Program Files\Apache NetBeans\java\maven\bin\m2.conf -Dmaven.home=C:\Program Files\Apache NetBeans\java\maven -Dlibrary.jansi.path=C:\Program Files\Apache NetBeans\java\maven\lib\jansi-native -Dmaven.multiModuleProjectDirectory=C:\Users\DVDSTORE\Desktop\LeetCode\ArrayList\ArrayList 
java_command: org.codehaus.plexus.classworlds.launcher.Launcher -Dexec.vmArgs= -Dexec.args=${exec.vmArgs} -classpath %classpath ${exec.mainClass} ${exec.appArgs} -Dexec.appArgs= -Dexec.mainClass=com.mycompany.arraylist.Driver -Dexec.executable=C:\Program Files\Apache NetBeans\jdk\bin\java.exe -Dmaven.ext.class.path=C:\Program Files\Apache NetBeans\java\maven-nblib\netbeans-eventspy.jar --no-transfer-progress process-classes org.codehaus.mojo:exec-maven-plugin:3.5.1:exec
java_class_path (initial): C:\Program Files\Apache NetBeans\java\maven\boot\plexus-classworlds-2.9.0.jar
Launcher Type: SUN_STANDARD

[Global flags]
     bool AOTAdapterCaching                        = false                                  {diagnostic} {ergonomic}
     bool AOTInvokeDynamicLinking                  = false                                  {diagnostic} {ergonomic}
     bool AOTRecordTraining                        = false                                  {diagnostic} {ergonomic}
     bool AOTReplayTraining                        = false                                  {diagnostic} {ergonomic}
     bool AOTStubCaching                           = false                                  {diagnostic} {ergonomic}
     intx CICompilerCount                          = 4                                         {product} {ergonomic}
     uint ConcGCThreads                            = 3                                         {product} {ergonomic}
     uint G1ConcRefinementThreads                  = 10                                        {product} {ergonomic}
     uint G1EagerReclaimRemSetThreshold            = 16                                   {experimental} {ergonomic}
   size_t G1HeapRegionSize                         = 2097152                                   {product} {ergonomic}
     uint G1RemSetArrayOfCardsEntries              = 16                                   {experimental} {ergonomic}
     uint G1RemSetHowlMaxNumBuckets                = 8                                    {experimental} {ergonomic}
     uint G1RemSetHowlNumBuckets                   = 8                                    {experimental} {ergonomic}
   size_t InitialHeapSize                          = 8388608                                   {product} {ergonomic}
     bool IntelJccErratumMitigation                = false                             {ARCH diagnostic} {ergonomic}
   size_t MarkStackSize                            = 4194304                                   {product} {ergonomic}
   size_t MarkStackSizeMax                         = 536870912                                 {product} {ergonomic}
   size_t MaxHeapSize                              = 4257218560                                {product} {ergonomic}
   size_t MaxNewSize                               = 2554331136                                {product} {ergonomic}
 uint64_t MaxRAM                                   = 17026142208                               {product} {ergonomic}
   size_t MinHeapDeltaBytes                        = 2097152                                   {product} {ergonomic}
   size_t MinHeapSize                              = 8388608                                   {product} {ergonomic}
   size_t NonNMethodCodeHeapSize                   = 5898240                                {pd product} {ergonomic}
   size_t NonProfiledCodeHeapSize                  = 122945536                              {pd product} {ergonomic}
   size_t ProfiledCodeHeapSize                     = 122945536                              {pd product} {ergonomic}
   size_t ReservedCodeCacheSize                    = 251789312                              {pd product} {ergonomic}
     bool SegmentedCodeCache                       = true                                      {product} {ergonomic}
   size_t SoftMaxHeapSize                          = 4257218560                             {manageable} {ergonomic}
     bool UseCompressedOops                        = true                           {product lp64_product} {ergonomic}
     bool UseCondCardMark                          = true                                      {product} {ergonomic}
     bool UseFastUnorderedTimeStamps               = true                                 {experimental} {ergonomic}
     bool UseG1GC                                  = true                                      {product} {ergonomic}
     bool UseLargePagesIndividualAllocation        = false                                  {pd product} {ergonomic}
      int X86ICacheSync                            = 3                                 {ARCH diagnostic} {ergonomic}

Logging:
Log output configuration:
 #0: stdout all=warning uptime,level,tags foldmultilines=false
 #1: stderr all=off uptime,level,tags foldmultilines=false

Release file:
IMPLEMENTOR="Eclipse Adoptium" 
IMPLEMENTOR_VERSION="Temurin-26.0.1+8" 
JAVA_RUNTIME_VERSION="26.0.1+8" 
JAVA_VERSION="26.0.1" 
JAVA_VERSION_DATE="2026-04-21" 
LIBC="default" 
MODULES="java.base java.compiler java.datatransfer java.xml java.prefs java.desktop java.instrument java.logging java.management java.security.sasl java.naming java.rmi java.management.rmi java.net.http java.scripting java.security.jgss java.transaction.xa java.sql java.sql.rowset java.xml.crypto java.se java.smartcardio jdk.accessibility jdk.internal.jvmstat jdk.attach jdk.charsets jdk.internal.opt jdk.zipfs jdk.compiler jdk.crypto.cryptoki jdk.crypto.ec jdk.crypto.mscapi jdk.dynalink jdk.internal.ed jdk.editpad jdk.internal.vm.ci jdk.graal.compiler jdk.graal.compiler.management jdk.hotspot.agent jdk.httpserver jdk.incubator.vector jdk.internal.le jdk.internal.md jdk.jartool jdk.javadoc jdk.jcmd jdk.management jdk.management.agent jdk.jconsole jdk.jdeps jdk.jdwp.agent jdk.jdi jdk.jfr jdk.jlink jdk.jpackage jdk.jshell jdk.jstatd jdk.localedata jdk.management.jfr jdk.naming.dns jdk.naming.rmi jdk.net jdk.nio.mapmode jdk.sctp jdk.security.auth jdk.security.jgss jdk.unsupported jdk.unsupported.desktop jdk.xml.dom" 
OS_ARCH="x86_64" 
OS_NAME="Windows" 
SOURCE=".:git:1cafccec39fb" 
BUILD_SOURCE="git:a612825ee82a20ac872d60958c349854c1f29a8e"
BUILD_SOURCE_REPO="https://github.com/adoptium/temurin-build.git"
SOURCE_REPO="https://github.com/adoptium/jdk26u.git"
FULL_VERSION="26.0.1+8"
SEMANTIC_VERSION="26.0.1+8"
BUILD_INFO="OS: Windows Server 2022 Version: 10.0"
JVM_VARIANT="Hotspot"
JVM_VERSION="26.0.1+8"
IMAGE_TYPE="JDK"

Environment Variables:
JAVA_HOME=C:\Program Files\Apache NetBeans\jdk
PATH=C:\Program Files (x86)\Common Files\Oracle\Java\javapath;C:\WINDOWS\system32;C:\WINDOWS;C:\WINDOWS\System32\Wbem;C:\WINDOWS\System32\WindowsPowerShell\v1.0\;C:\WINDOWS\System32\OpenSSH\;C:\Program Files (x86)\NVIDIA Corporation\PhysX\Common;C:\Program Files\NVIDIA Corporation\NVIDIA NvDLISR;C:\Program Files\dotnet\;C:\Program Files\Git\cmd;C:\Users\DVDSTORE\AppData\Local\Microsoft\WindowsApps;C:\Users\DVDSTORE\AppData\Local\Programs\Microsoft VS Code\bin;;C:\Program Files\Apache NetBeans\bin\
USERNAME=DVDSTORE
OS=Windows_NT
PROCESSOR_IDENTIFIER=Intel64 Family 6 Model 151 Stepping 5, GenuineIntel
TMP=C:\Users\DVDSTORE\AppData\Local\Temp
TEMP=C:\Users\DVDSTORE\AppData\Local\Temp




Compilation memory statistics disabled.

Periodic native trim disabled

---------------  S Y S T E M  ---------------

OS:
 Windows 11 , 64 bit Build 26100 (10.0.26100.8875)
OS uptime: 3 days 17:10 hours

CPU: total 12 (initial active 12) (6 cores per cpu, 2 threads per core) family 6 model 151 stepping 5 microcode 0x2d, cx8, cmov, fxsr, ht, mmx, 3dnowpref, sse, sse2, sse3, ssse3, sse4.1, sse4.2, popcnt, lzcnt, tsc, tscinvbit, avx, avx2, aes, erms, clmul, bmi1, bmi2, adx, sha, fma, vzeroupper, clflush, clflushopt, clwb, serialize, rdtscp, rdpid, fsrm, gfni, f16c, pku, cet_ibt, cet_ss
Processor Information for the first 12 processors :
  Max Mhz: 2500, Current Mhz: 2500, Mhz Limit: 2500

Memory: 4k page, system-wide physical 16237M (2001M free)
TotalPageFile size 28525M (AvailPageFile size 376M)
current process WorkingSet (physical memory assigned to process): 93M, peak: 94M
current process commit charge ("private bytes"): 134M, peak: 143M

vm_info: OpenJDK 64-Bit Server VM (26.0.1+8) for windows-amd64 JRE (26.0.1+8), built on 2026-04-21T00:00:00Z with MS VC++ 17.12 (VS2022)

END.
