#
# There is insufficient memory for the Java Runtime Environment to continue.
# Native memory allocation (malloc) failed to allocate 1646168 bytes. Error detail: Chunk::new
# Possible reasons:
#   The system is out of physical RAM or swap space
#   This process is running with CompressedOops enabled, and the Java Heap may be blocking the growth of the native heap
# Possible solutions:
#   Reduce memory load on the system
#   Increase physical memory or swap space
#   Check if swap backing store is full
#   Decrease Java heap size (-Xmx/-Xms)
#   Decrease number of Java threads
#   Decrease Java thread stack sizes (-Xss)
#   Set larger code cache with -XX:ReservedCodeCacheSize=
#   JVM is running with Zero Based Compressed Oops mode in which the Java heap is
#     placed in the first 32GB address space. The Java Heap base address is the
#     maximum limit for the native heap growth. Please use -XX:HeapBaseMinAddress
#     to set the Java Heap base and to place the Java Heap above 32GB virtual address.
# This output file may be truncated or incomplete.
#
#  Out of Memory Error (arena.cpp:193), pid=56860, tid=57560
#
# JRE version: OpenJDK Runtime Environment Temurin-26.0.1+8 (26.0.1+8) (build 26.0.1+8)
# Java VM: OpenJDK 64-Bit Server VM Temurin-26.0.1+8 (26.0.1+8, mixed mode, sharing, tiered, compressed oops, compressed class ptrs, g1 gc, windows-amd64)
# No core dump will be written. Minidumps are not enabled by default on client versions of Windows
#

---------------  S U M M A R Y ------------

Command Line: --enable-native-access=ALL-UNNAMED -Dclassworlds.conf=C:\Program Files\Apache NetBeans\java\maven\bin\m2.conf -Dmaven.home=C:\Program Files\Apache NetBeans\java\maven -Dlibrary.jansi.path=C:\Program Files\Apache NetBeans\java\maven\lib\jansi-native -Dmaven.multiModuleProjectDirectory=C:\Users\DVDSTORE\Desktop\LeetCode\ArrayList\ArrayList org.codehaus.plexus.classworlds.launcher.Launcher -Dexec.vmArgs= -Dexec.args=${exec.vmArgs} -classpath %classpath ${exec.mainClass} ${exec.appArgs} -Dexec.appArgs= -Dexec.mainClass=com.mycompany.arraylist.Driver -Dexec.executable=C:\Program Files\Apache NetBeans\jdk\bin\java.exe -Dmaven.ext.class.path=C:\Program Files\Apache NetBeans\java\maven-nblib\netbeans-eventspy.jar --no-transfer-progress process-classes org.codehaus.mojo:exec-maven-plugin:3.5.1:exec

Host: 12th Gen Intel(R) Core(TM) i5-12400F, 12 cores, 15G,  Windows 11 , 64 bit Build 26100 (10.0.26100.8875)
Time: Wed Aug 19 09:14:23 2026 Egypt Daylight Time elapsed time: 7.875404 seconds (0d 0h 0m 7s)

---------------  T H R E A D  ---------------

Current thread (0x00000210d565b000):  JavaThread "C2 CompilerThread0" daemon [_thread_in_native, id=57560, stack(0x000000fcd4400000,0x000000fcd4500000) (1024K)]


Current CompileTask:
C2:7875 2088       4       jdk.internal.classfile.impl.SplitConstantPool::internalAdd (78 bytes)

Stack: [0x000000fcd4400000,0x000000fcd4500000]
Native frames: (J=compiled Java code, j=interpreted, Vv=VM code, C=native code)
V  [jvm.dll+0x7db749]  (no source info available)
V  [jvm.dll+0x7a82bd]  (no source info available)
V  [jvm.dll+0xa44a60]  (no source info available)
V  [jvm.dll+0xa46eb1]  (no source info available)
V  [jvm.dll+0xa475c3]  (no source info available)
V  [jvm.dll+0x311a96]  (no source info available)
V  [jvm.dll+0x120316]  (no source info available)
V  [jvm.dll+0x12063e]  (no source info available)
V  [jvm.dll+0x1b2836]  (no source info available)
V  [jvm.dll+0x3ce802]  (no source info available)
V  [jvm.dll+0x7e430f]  (no source info available)
V  [jvm.dll+0x2d4597]  (no source info available)
V  [jvm.dll+0x2d350f]  (no source info available)
V  [jvm.dll+0x249670]  (no source info available)
V  [jvm.dll+0x2e363c]  (no source info available)
V  [jvm.dll+0x2e181d]  (no source info available)
V  [jvm.dll+0x4a82ae]  (no source info available)
V  [jvm.dll+0x9e3039]  (no source info available)
V  [jvm.dll+0x7dd228]  (no source info available)
C  [ucrtbase.dll+0x2cd30]  (no source info available)
C  [KERNEL32.DLL+0x2e957]  (no source info available)
C  [ntdll.dll+0xaad6c]  (no source info available)

Lock stack of current Java thread (top to bottom):


---------------  P R O C E S S  ---------------

Threads class SMR info:
_java_thread_list=0x00000210daaa0850, length=11, elements={
0x00000210b2f457a0, 0x00000210d564ced0, 0x00000210d56504a0, 0x00000210d56531e0,
0x00000210d5653d90, 0x00000210d5655950, 0x00000210d565a110, 0x00000210d565b000,
0x00000210d566c830, 0x00000210d56b6ab0, 0x00000210d56bbc50
}

Java Threads: ( => current thread )
  0x00000210b2f457a0 JavaThread "main"                              [_thread_blocked, id=55492, stack(0x000000fcd3500000,0x000000fcd3600000) (1024K)]
  0x00000210d564ced0 JavaThread "Reference Handler"          daemon [_thread_blocked, id=57536, stack(0x000000fcd3e00000,0x000000fcd3f00000) (1024K)]
  0x00000210d56504a0 JavaThread "Finalizer"                  daemon [_thread_blocked, id=57540, stack(0x000000fcd3f00000,0x000000fcd4000000) (1024K)]
  0x00000210d56531e0 JavaThread "Signal Dispatcher"          daemon [_thread_blocked, id=57544, stack(0x000000fcd4000000,0x000000fcd4100000) (1024K)]
  0x00000210d5653d90 JavaThread "Attach Listener"            daemon [_thread_blocked, id=57548, stack(0x000000fcd4100000,0x000000fcd4200000) (1024K)]
  0x00000210d5655950 JavaThread "Service Thread"             daemon [_thread_blocked, id=57552, stack(0x000000fcd4200000,0x000000fcd4300000) (1024K)]
  0x00000210d565a110 JavaThread "Monitor Deflation Thread"   daemon [_thread_blocked, id=57556, stack(0x000000fcd4300000,0x000000fcd4400000) (1024K)]
=>0x00000210d565b000 JavaThread "C2 CompilerThread0"         daemon [_thread_in_native, id=57560, stack(0x000000fcd4400000,0x000000fcd4500000) (1024K)]
  0x00000210d566c830 JavaThread "C1 CompilerThread0"         daemon [_thread_in_vm, id=57608, stack(0x000000fcd4500000,0x000000fcd4600000) (1024K)]
  0x00000210d56b6ab0 JavaThread "Notification Thread"        daemon [_thread_blocked, id=57636, stack(0x000000fcd4600000,0x000000fcd4700000) (1024K)]
  0x00000210d56bbc50 JavaThread "Common-Cleaner"             daemon [_thread_blocked, id=57640, stack(0x000000fcd4700000,0x000000fcd4800000) (1024K)]
Total: 11

Other Threads:
  0x00000210d563b4d0 VMThread "VM Thread"                           [id=57396, stack(0x000000fcd3d00000,0x000000fcd3e00000) (1024K)]
  0x00000210d5628570 WatcherThread "VM Periodic Task Thread"        [id=57376, stack(0x000000fcd3c00000,0x000000fcd3d00000) (1024K)]
  0x00000210b533f780 WorkerThread "GC Thread#0"                     [id=55796, stack(0x000000fcd3600000,0x000000fcd3700000) (1024K)]
  0x00000210d5eec060 WorkerThread "GC Thread#1"                     [id=57280, stack(0x000000fcd4900000,0x000000fcd4a00000) (1024K)]
  0x00000210da9ad040 WorkerThread "GC Thread#2"                     [id=59444, stack(0x000000fcd4b00000,0x000000fcd4c00000) (1024K)]
  0x00000210daa41810 WorkerThread "GC Thread#3"                     [id=60420, stack(0x000000fcd4800000,0x000000fcd4900000) (1024K)]
  0x00000210da30d420 WorkerThread "GC Thread#4"                     [id=61340, stack(0x000000fcd4a00000,0x000000fcd4b00000) (1024K)]
  0x00000210b53584e0 ConcurrentGCThread "G1 Main Marker"            [id=56556, stack(0x000000fcd3700000,0x000000fcd3800000) (1024K)]
  0x00000210b535b840 WorkerThread "G1 Conc#0"                       [id=56560, stack(0x000000fcd3800000,0x000000fcd3900000) (1024K)]
  0x00000210d54f27d0 WorkerThread "G1 Refinement Workers#0"         [id=55872, stack(0x000000fcd3a00000,0x000000fcd3b00000) (1024K)]
  0x00000210d54f1e10 ConcurrentGCThread "G1 Refine Control"         [id=55504, stack(0x000000fcd3900000,0x000000fcd3a00000) (1024K)]
  0x00000210d54f4e40 ConcurrentGCThread "G1 Service"                [id=51464, stack(0x000000fcd3b00000,0x000000fcd3c00000) (1024K)]
Total: 12

Threads with active compile tasks:
C2 CompilerThread0  8306 2088       4       jdk.internal.classfile.impl.SplitConstantPool::internalAdd (78 bytes)
C1 CompilerThread0  8306 2212       3       java.lang.invoke.VarHandleGuards::guard_LIL_V (135 bytes)
Total: 2

VM state: not at safepoint (normal execution)

VM Mutex/Monitor currently owned by a thread:  ([mutex/lock_event])
[0x00007fff8d0fe408] MethodCompileQueue_lock - owner thread: 0x00000210d566c830
[0x00007fff8d0ff888] CodeCache_lock - owner thread: 0x00000210d566c830
[0x00007fff8d0ffb08] Compile_lock - owner thread: 0x00000210d566c830

Heap address: 0x0000000702400000, size: 4060 MB, Compressed Oops mode: Zero based, Oop shift amount: 3

CDS archive(s) mapped at: [0x0000000098000000-0x0000000098de0000-0x0000000098de0000), size 14548992, SharedBaseAddress: 0x0000000098000000, ArchiveRelocationMode: 1.
Compressed class space mapped at: 0x0000000099000000-0x00000000d9000000, reserved size: 1073741824
UseCompressedClassPointers 1, UseCompactObjectHeaders 0
Narrow klass pointer bits 32, Max shift 3
Narrow klass base: 0x0000000098000000, Narrow klass shift: 0
Encoding Range: [0x0000000098000000 - 0x0000000198000000), (4294967296 bytes)
Klass Range:    [0x0000000098000000 - 0x00000000d9000000), (1090519040 bytes)
Klass ID Range:  [8 - 1090519033) (1090519025)
Protection zone: [0x0000000098000000 - 0x0000000098010000), (65536 bytes)

GC Precious Log:
 CardTable entry size: 512
 Card Set container configuration: InlinePtr #cards 4 size 8 Array Of Cards #cards 16 size 48 Howl #buckets 8 coarsen threshold 3686 Howl Bitmap #cards 512 size 80 coarsen threshold 460 Card regions per heap region 1 cards per card region 4096
 CPUs: 12 total, 12 available
 Memory: 16237M
 Large Page Support: Disabled
 NUMA Support: Disabled
 Compressed Oops: Enabled (Zero based)
 Heap Region Size: 2M
 Heap Min Capacity: 8M
 Heap Initial Capacity: 8M
 Heap Max Capacity: 4060M
 Pre-touch: Disabled
 Parallel Workers: 10
 Concurrent Workers: 3
 Concurrent Refinement Workers: 10
 Periodic GC: Disabled

Heap:
 garbage-first heap   total reserved 4157440K, committed 30720K, used 11974K [0x0000000702400000, 0x0000000800000000)
  region size 2M, 4 eden (8M), 1 survivor (2M), 3 old (6M), 0 humongous (0M), 7 free (14M)

Heap Regions: E=young(eden), S=young(survivor), O=old, HS=humongous(starts), HC=humongous(continues), CS=collection set, F=free, TAMS=top-at-mark-start, PB=parsable bottom
|    0|0x0000000702400000, 0x0000000702600000, 0x0000000702600000|100%| O|  |TAMS 0x0000000702400000| PB 0x0000000702400000| Untracked |  0
|    1|0x0000000702600000, 0x000000070270d2e0, 0x0000000702800000| 52%| O|  |TAMS 0x0000000702600000| PB 0x0000000702600000| Untracked |  0
|    2|0x0000000702800000, 0x0000000702800000, 0x0000000702a00000|  0%| F|  |TAMS 0x0000000702800000| PB 0x0000000702800000| Untracked |  0
|    3|0x0000000702a00000, 0x0000000702a00000, 0x0000000702c00000|  0%| F|  |TAMS 0x0000000702a00000| PB 0x0000000702a00000| Untracked |  0
|    4|0x0000000702c00000, 0x0000000702c00000, 0x0000000702e00000|  0%| F|  |TAMS 0x0000000702c00000| PB 0x0000000702c00000| Untracked |  0
|    5|0x0000000702e00000, 0x0000000702f7c9e0, 0x0000000703000000| 74%| S|CS|TAMS 0x0000000702e00000| PB 0x0000000702e00000| Complete  |  0
|    6|0x0000000703000000, 0x0000000703000000, 0x0000000703200000|  0%| F|  |TAMS 0x0000000703000000| PB 0x0000000703000000| Untracked |  0
|    7|0x0000000703200000, 0x0000000703200000, 0x0000000703400000|  0%| F|  |TAMS 0x0000000703200000| PB 0x0000000703200000| Untracked |  0
|    8|0x0000000703400000, 0x0000000703400000, 0x0000000703600000|  0%| F|  |TAMS 0x0000000703400000| PB 0x0000000703400000| Untracked |  0
|    9|0x0000000703600000, 0x0000000703600000, 0x0000000703800000|  0%| F|  |TAMS 0x0000000703600000| PB 0x0000000703600000| Untracked |  0
|   10|0x0000000703800000, 0x000000070391a4a8, 0x0000000703a00000| 55%| E|CS|TAMS 0x0000000703800000| PB 0x0000000703800000| Complete  |  0
|   11|0x0000000703a00000, 0x0000000703c00000, 0x0000000703c00000|100%| E|CS|TAMS 0x0000000703a00000| PB 0x0000000703a00000| Complete  |  0
|   12|0x0000000703c00000, 0x0000000703e00000, 0x0000000703e00000|100%| E|CS|TAMS 0x0000000703c00000| PB 0x0000000703c00000| Complete  |  0
|   13|0x0000000703e00000, 0x0000000704000000, 0x0000000704000000|100%| E|CS|TAMS 0x0000000703e00000| PB 0x0000000703e00000| Complete  |  0
| 2029|0x00000007ffe00000, 0x00000007fff27b70, 0x0000000800000000| 57%| O|  |TAMS 0x00000007ffe00000| PB 0x00000007ffe00000| Untracked |  0

Card table byte_map: [0x00000210cdf20000,0x00000210ce710000] _byte_map_base: 0x00000210ca70e000
Refinement table byte_map: [0x00000210ce710000,0x00000210cef00000] _byte_map_base: 0x00000210caefe000

Marking Bits: (CMBitMap*) 0x00000210b533ff00
 Bits: [0x00000210cef00000, 0x00000210d2e70000)

Polling page: 0x00000210b3170000

Metaspace:
Metaspace        used 10984K, committed 11136K, reserved 1114112K
 class space     used 1386K, committed 1472K, reserved 1048576K

Usage:
  Non-class:      9.37 MB used.
      Class:      1.35 MB used.
       Both:     10.73 MB used.

Virtual space:
  Non-class space:       64.00 MB reserved,       9.44 MB ( 15%) committed,  1 nodes.
      Class space:        1.00 GB reserved,       1.44 MB ( <1%) committed,  1 nodes.
             Both:        1.06 GB reserved,      10.88 MB ( <1%) committed. 

Chunk freelists:
   Non-Class:  5.06 MB
       Class:  14.58 MB
        Both:  19.64 MB

MaxMetaspaceSize: unlimited
CompressedClassSpaceSize: 1.00 GB
Initial GC threshold: 21.00 MB
Current GC threshold: 21.00 MB
CDS: on
 - commit_granule_bytes: 65536.
 - commit_granule_words: 8192.
 - virtual_space_node_default_size: 8388608.
 - enlarge_chunks_in_place: 1.
UseCompressedClassPointers 1, UseCompactObjectHeaders 0
Narrow klass pointer bits 32, Max shift 3
Narrow klass base: 0x0000000098000000, Narrow klass shift: 0
Encoding Range: [0x0000000098000000 - 0x0000000198000000), (4294967296 bytes)
Klass Range:    [0x0000000098000000 - 0x00000000d9000000), (1090519040 bytes)
Klass ID Range:  [8 - 1090519033) (1090519025)
Protection zone: [0x0000000098000000 - 0x0000000098010000), (65536 bytes)


Internal statistics:

num_allocs_failed_limit: 0.
num_arena_births: 68.
num_arena_deaths: 0.
num_vsnodes_births: 2.
num_vsnodes_deaths: 0.
num_space_committed: 174.
num_space_uncommitted: 0.
num_chunks_returned_to_freelist: 0.
num_chunks_taken_from_freelist: 446.
num_chunk_merges: 0.
num_chunk_splits: 299.
num_chunks_enlarged: 253.
num_inconsistent_stats: 0.

CodeHeap 'non-profiled nmethods': size=120064Kb used=672Kb max_used=672Kb free=119391Kb
 bounds [0x00000210c5ca0000, 0x00000210c5f10000, 0x00000210cd1e0000]
CodeHeap 'profiled nmethods': size=120064Kb used=3263Kb max_used=3263Kb free=116800Kb
 bounds [0x00000210be1c0000, 0x00000210be4f0000, 0x00000210c5700000]
CodeHeap 'non-nmethods': size=5760Kb used=1370Kb max_used=1399Kb free=4389Kb
 bounds [0x00000210c5700000, 0x00000210c5970000, 0x00000210c5ca0000]
CodeCache: size=245888Kb, used=5305Kb, max_used=5334Kb, free=240580Kb
 total_blobs=2697, nmethods=2208, adapters=392, full_count=0
Compilation: enabled, stopped_count=0, restarted_count=0

Compilation events (20 events):
Event: 7.183 Thread 0x00000210d566c830 nmethod 2099 0x00000210be4cea88 code [0x00000210be4ceb80, 0x00000210be4cf3a0]
Event: 7.183 Thread 0x00000210d566c830 2100       3       jdk.internal.classfile.impl.AbstractPseudoInstruction$ExceptionCatchImpl::writeTo (6 bytes)
Event: 7.183 Thread 0x00000210d566c830 nmethod 2100 0x00000210be4cf408 code [0x00000210be4cf500, 0x00000210be4cf6c0]
Event: 7.183 Thread 0x00000210d566c830 2101       3       jdk.internal.classfile.impl.DirectCodeBuilder::addHandler (79 bytes)
Event: 7.193 Thread 0x00000210d566c830 nmethod 2101 0x00000210be4cf708 code [0x00000210be4cf800, 0x00000210be4d0790]
Event: 7.193 Thread 0x00000210d566c830 2098       3       java.lang.classfile.CodeBuilder::exceptionCatch (21 bytes)
Event: 7.193 Thread 0x00000210d566c830 nmethod 2098 0x00000210be4d0808 code [0x00000210be4d0900, 0x00000210be4d0f78]
Event: 7.193 Thread 0x00000210d566c830 2102       3       jdk.internal.classfile.impl.DirectMethodBuilder::withCode (7 bytes)
Event: 7.193 Thread 0x00000210d566c830 nmethod 2102 0x00000210be4d0f88 code [0x00000210be4d1080, 0x00000210be4d11b8]
Event: 7.193 Thread 0x00000210d566c830 2105       3       jdk.internal.classfile.impl.AbstractPoolEntry$Utf8EntryImpl::length (19 bytes)
Event: 7.193 Thread 0x00000210d566c830 nmethod 2105 0x00000210be4d1288 code [0x00000210be4d1380, 0x00000210be4d1500]
Event: 7.194 Thread 0x00000210d566c830 2104       3       jdk.internal.classfile.impl.DirectMethodBuilder::writeTo (33 bytes)
Event: 7.194 Thread 0x00000210d566c830 nmethod 2104 0x00000210be4d1588 code [0x00000210be4d1680, 0x00000210be4d3a10]
Event: 7.194 Thread 0x00000210d566c830 2107       3       java.lang.Class::createAnnotationData (185 bytes)
Event: 7.195 Thread 0x00000210d566c830 nmethod 2107 0x00000210be4d3a88 code [0x00000210be4d3b80, 0x00000210be4d4ff0]
Event: 7.195 Thread 0x00000210d566c830 2108       3       com.google.inject.Key$AnnotationInstanceStrategy::getAnnotationType (10 bytes)
Event: 7.195 Thread 0x00000210d566c830 nmethod 2108 0x00000210be4d5008 code [0x00000210be4d5100, 0x00000210be4d52c8]
Event: 7.195 Thread 0x00000210d566c830 2109       3       com.google.common.collect.ImmutableCollection$Builder::expandedCapacity (52 bytes)
Event: 7.195 Thread 0x00000210d566c830 nmethod 2109 0x00000210be4d5308 code [0x00000210be4d5400, 0x00000210be4d5740]
Event: 7.195 Thread 0x00000210d566c830 2106       1       com.google.inject.name.NamedImpl::annotationType (3 bytes)

GC Heap Usage History (12 events):
Event: 1.737 {heap Before GC invocations=0 (full 0):
 garbage-first heap   total reserved 4157440K, committed 10240K, used 3230K [0x0000000702400000, 0x0000000800000000)
  region size 2M, 2 eden (4M), 0 survivor (0M), 1 old (2M), 0 humongous (0M), 2 free (4M)
}
Event: 1.971 {heap After GC invocations=1 (full 0):
 garbage-first heap   total reserved 4157440K, committed 10240K, used 3004K [0x0000000702400000, 0x0000000800000000)
  region size 2M, 0 eden (0M), 1 survivor (2M), 1 old (2M), 0 humongous (0M), 3 free (6M)
}
Event: 2.049 {heap Before GC invocations=1 (full 0):
 garbage-first heap   total reserved 4157440K, committed 10240K, used 5052K [0x0000000702400000, 0x0000000800000000)
  region size 2M, 1 eden (2M), 1 survivor (2M), 1 old (2M), 0 humongous (0M), 2 free (4M)
}
Event: 2.051 {heap After GC invocations=2 (full 0):
 garbage-first heap   total reserved 4157440K, committed 10240K, used 2902K [0x0000000702400000, 0x0000000800000000)
  region size 2M, 0 eden (0M), 1 survivor (2M), 2 old (4M), 0 humongous (0M), 2 free (4M)
}
Event: 2.335 {heap Before GC invocations=2 (full 0):
 garbage-first heap   total reserved 4157440K, committed 10240K, used 4950K [0x0000000702400000, 0x0000000800000000)
  region size 2M, 1 eden (2M), 1 survivor (2M), 2 old (4M), 0 humongous (0M), 1 free (2M)
}
Event: 2.336 {heap After GC invocations=3 (full 0):
 garbage-first heap   total reserved 4157440K, committed 30720K, used 3427K [0x0000000702400000, 0x0000000800000000)
  region size 2M, 0 eden (0M), 1 survivor (2M), 2 old (4M), 0 humongous (0M), 12 free (24M)
}
Event: 3.153 {heap Before GC invocations=3 (full 0):
 garbage-first heap   total reserved 4157440K, committed 30720K, used 13667K [0x0000000702400000, 0x0000000800000000)
  region size 2M, 6 eden (12M), 1 survivor (2M), 2 old (4M), 0 humongous (0M), 6 free (12M)
}
Event: 3.156 {heap After GC invocations=4 (full 0):
 garbage-first heap   total reserved 4157440K, committed 30720K, used 4440K [0x0000000702400000, 0x0000000800000000)
  region size 2M, 0 eden (0M), 1 survivor (2M), 2 old (4M), 0 humongous (0M), 12 free (24M)
}
Event: 4.524 {heap Before GC invocations=4 (full 0):
 garbage-first heap   total reserved 4157440K, committed 30720K, used 16728K [0x0000000702400000, 0x0000000800000000)
  region size 2M, 6 eden (12M), 1 survivor (2M), 2 old (4M), 0 humongous (0M), 6 free (12M)
}
Event: 4.529 {heap After GC invocations=5 (full 0):
 garbage-first heap   total reserved 4157440K, committed 30720K, used 4851K [0x0000000702400000, 0x0000000800000000)
  region size 2M, 0 eden (0M), 1 survivor (2M), 3 old (6M), 0 humongous (0M), 11 free (22M)
}
Event: 5.876 {heap Before GC invocations=5 (full 0):
 garbage-first heap   total reserved 4157440K, committed 30720K, used 19187K [0x0000000702400000, 0x0000000800000000)
  region size 2M, 7 eden (14M), 1 survivor (2M), 3 old (6M), 0 humongous (0M), 4 free (8M)
}
Event: 5.879 {heap After GC invocations=6 (full 0):
 garbage-first heap   total reserved 4157440K, committed 30720K, used 5830K [0x0000000702400000, 0x0000000800000000)
  region size 2M, 0 eden (0M), 1 survivor (2M), 3 old (6M), 0 humongous (0M), 11 free (22M)
}

Metaspace Usage History (12 events):
Event: 1.737 {metaspace Before GC invocations=0 (full 0):
 Metaspace       used 1030K, committed 1152K, reserved 1114112K
  class space    used 84K, committed 128K, reserved 1048576K
}
Event: 1.971 {metaspace After GC invocations=1 (full 0):
 Metaspace       used 1030K, committed 1152K, reserved 1114112K
  class space    used 84K, committed 128K, reserved 1048576K
}
Event: 2.049 {metaspace Before GC invocations=1 (full 0):
 Metaspace       used 1952K, committed 2112K, reserved 1114112K
  class space    used 184K, committed 256K, reserved 1048576K
}
Event: 2.051 {metaspace After GC invocations=2 (full 0):
 Metaspace       used 1952K, committed 2112K, reserved 1114112K
  class space    used 184K, committed 256K, reserved 1048576K
}
Event: 2.335 {metaspace Before GC invocations=2 (full 0):
 Metaspace       used 2506K, committed 2688K, reserved 1114112K
  class space    used 237K, committed 320K, reserved 1048576K
}
Event: 2.336 {metaspace After GC invocations=3 (full 0):
 Metaspace       used 2506K, committed 2688K, reserved 1114112K
  class space    used 237K, committed 320K, reserved 1048576K
}
Event: 3.153 {metaspace Before GC invocations=3 (full 0):
 Metaspace       used 5534K, committed 5760K, reserved 1114112K
  class space    used 668K, committed 768K, reserved 1048576K
}
Event: 3.156 {metaspace After GC invocations=4 (full 0):
 Metaspace       used 5534K, committed 5760K, reserved 1114112K
  class space    used 668K, committed 768K, reserved 1048576K
}
Event: 4.524 {metaspace Before GC invocations=4 (full 0):
 Metaspace       used 6780K, committed 6912K, reserved 1114112K
  class space    used 822K, committed 896K, reserved 1048576K
}
Event: 4.529 {metaspace After GC invocations=5 (full 0):
 Metaspace       used 6780K, committed 6912K, reserved 1114112K
  class space    used 822K, committed 896K, reserved 1048576K
}
Event: 5.876 {metaspace Before GC invocations=5 (full 0):
 Metaspace       used 9376K, committed 9600K, reserved 1114112K
  class space    used 1163K, committed 1280K, reserved 1048576K
}
Event: 5.879 {metaspace After GC invocations=6 (full 0):
 Metaspace       used 9376K, committed 9600K, reserved 1114112K
  class space    used 1163K, committed 1280K, reserved 1048576K
}

Dll operation events (14 events):
Event: 0.176 Attempting to load shared library C:\Program Files\Apache NetBeans\jdk\bin\java.dll
Event: 0.177 Loaded shared library C:\Program Files\Apache NetBeans\jdk\bin\java.dll
Event: 0.712 Attempting to load shared library C:\Program Files\Apache NetBeans\jdk\bin\net.dll
Event: 0.976 Loaded shared library C:\Program Files\Apache NetBeans\jdk\bin\net.dll
Event: 0.979 Attempting to load shared library C:\Program Files\Apache NetBeans\jdk\bin\nio.dll
Event: 0.982 Loaded shared library C:\Program Files\Apache NetBeans\jdk\bin\nio.dll
Event: 0.992 Attempting to load shared library C:\Program Files\Apache NetBeans\jdk\bin\zip.dll
Event: 0.993 Loaded shared library C:\Program Files\Apache NetBeans\jdk\bin\zip.dll
Event: 1.710 Attempting to load shared library C:\Program Files\Apache NetBeans\java\maven\lib\jansi-native\Windows\x86_64\jansi.dll
Event: 1.714 Loaded shared library C:\Program Files\Apache NetBeans\java\maven\lib\jansi-native\Windows\x86_64\jansi.dll
Event: 1.972 Attempting to load shared library C:\Program Files\Apache NetBeans\jdk\bin\jimage.dll
Event: 1.972 Loaded shared library C:\Program Files\Apache NetBeans\jdk\bin\jimage.dll
Event: 1.975 Attempting to load shared library C:\Program Files\Apache NetBeans\jdk\bin\verify.dll
Event: 1.976 Loaded shared library C:\Program Files\Apache NetBeans\jdk\bin\verify.dll

Deoptimization events (20 events):
Event: 6.163 Thread 0x00000210b2f457a0 Uncommon trap: trap_request=0xffffffd6 fr.pc=0x00000210c5d3f8b0 relative=0x0000000000000610
Event: 6.163 Thread 0x00000210b2f457a0 Uncommon trap: reason=array_check action=maybe_recompile pc=0x00000210c5d3f8b0 method=jdk.internal.classfile.impl.SplitConstantPool.internalAdd(Ljava/lang/classfile/constantpool/PoolEntry;I)Ljava/lang/classfile/constantpool/PoolEntry; @ 46 c2
Event: 6.163 Thread 0x00000210b2f457a0 DEOPT PACKING pc=0x00000210c5d3f8b0 sp=0x000000fcd35fd420
Event: 6.163 Thread 0x00000210b2f457a0 DEOPT UNPACKING pc=0x00000210c5797202 sp=0x000000fcd35fd3b0 mode 2
Event: 6.163 Thread 0x00000210b2f457a0 Uncommon trap: trap_request=0xffffffd6 fr.pc=0x00000210c5d3f8b0 relative=0x0000000000000610
Event: 6.163 Thread 0x00000210b2f457a0 Uncommon trap: reason=array_check action=maybe_recompile pc=0x00000210c5d3f8b0 method=jdk.internal.classfile.impl.SplitConstantPool.internalAdd(Ljava/lang/classfile/constantpool/PoolEntry;I)Ljava/lang/classfile/constantpool/PoolEntry; @ 46 c2
Event: 6.163 Thread 0x00000210b2f457a0 DEOPT PACKING pc=0x00000210c5d3f8b0 sp=0x000000fcd35fd420
Event: 6.163 Thread 0x00000210b2f457a0 DEOPT UNPACKING pc=0x00000210c5797202 sp=0x000000fcd35fd3b0 mode 2
Event: 6.163 Thread 0x00000210b2f457a0 Uncommon trap: trap_request=0xffffffd6 fr.pc=0x00000210c5d3f8b0 relative=0x0000000000000610
Event: 6.163 Thread 0x00000210b2f457a0 Uncommon trap: reason=array_check action=maybe_recompile pc=0x00000210c5d3f8b0 method=jdk.internal.classfile.impl.SplitConstantPool.internalAdd(Ljava/lang/classfile/constantpool/PoolEntry;I)Ljava/lang/classfile/constantpool/PoolEntry; @ 46 c2
Event: 6.163 Thread 0x00000210b2f457a0 DEOPT PACKING pc=0x00000210c5d3f8b0 sp=0x000000fcd35fd180
Event: 6.163 Thread 0x00000210b2f457a0 DEOPT UNPACKING pc=0x00000210c5797202 sp=0x000000fcd35fd110 mode 2
Event: 6.163 Thread 0x00000210b2f457a0 Uncommon trap: trap_request=0xffffffd6 fr.pc=0x00000210c5d3f8b0 relative=0x0000000000000610
Event: 6.163 Thread 0x00000210b2f457a0 Uncommon trap: reason=array_check action=maybe_recompile pc=0x00000210c5d3f8b0 method=jdk.internal.classfile.impl.SplitConstantPool.internalAdd(Ljava/lang/classfile/constantpool/PoolEntry;I)Ljava/lang/classfile/constantpool/PoolEntry; @ 46 c2
Event: 6.163 Thread 0x00000210b2f457a0 DEOPT PACKING pc=0x00000210c5d3f8b0 sp=0x000000fcd35fd180
Event: 6.163 Thread 0x00000210b2f457a0 DEOPT UNPACKING pc=0x00000210c5797202 sp=0x000000fcd35fd110 mode 2
Event: 6.166 Thread 0x00000210b2f457a0 Uncommon trap: trap_request=0xffffff45 fr.pc=0x00000210c5d0f9c0 relative=0x00000000000001c0
Event: 6.166 Thread 0x00000210b2f457a0 Uncommon trap: reason=unstable_if action=reinterpret pc=0x00000210c5d0f9c0 method=java.lang.ClassLoader.checkName(Ljava/lang/String;)Z @ 1 c2
Event: 6.166 Thread 0x00000210b2f457a0 DEOPT PACKING pc=0x00000210c5d0f9c0 sp=0x000000fcd35fe0a0
Event: 6.166 Thread 0x00000210b2f457a0 DEOPT UNPACKING pc=0x00000210c5797202 sp=0x000000fcd35fe038 mode 2

Classes loaded (20 events):
Event: 6.019 Loading class sun/reflect/generics/repository/FieldRepository
Event: 6.019 Loading class sun/reflect/generics/repository/FieldRepository done
Event: 6.035 Loading class java/io/UncheckedIOException
Event: 6.035 Loading class java/io/UncheckedIOException done
Event: 6.072 Loading class java/nio/channels/OverlappingFileLockException
Event: 6.072 Loading class java/nio/channels/OverlappingFileLockException done
Event: 6.072 Loading class java/nio/channels/FileLock
Event: 6.072 Loading class java/nio/channels/FileLock done
Event: 6.090 Loading class java/nio/file/AccessDeniedException
Event: 6.090 Loading class java/nio/file/AccessDeniedException done
Event: 6.143 Loading class java/lang/ClassValue$ClassValueMap
Event: 6.143 Loading class java/lang/ClassValue$ClassValueMap done
Event: 6.160 Loading class java/util/TreeMap$Values
Event: 6.160 Loading class java/util/TreeMap$Values done
Event: 6.163 Loading class java/util/TreeMap$ValueIterator
Event: 6.163 Loading class java/util/TreeMap$ValueIterator done
Event: 6.166 Loading class java/lang/invoke/DirectMethodHandle$StaticAccessor
Event: 6.166 Loading class java/lang/invoke/DirectMethodHandle$StaticAccessor done
Event: 6.168 Loading class java/lang/ClassValue$RemovalToken
Event: 6.168 Loading class java/lang/ClassValue$RemovalToken done

Classes unloaded (0 events):
No events

Classes redefined (0 events):
No events

Internal exceptions (20 events):
Event: 1.974 Thread 0x00000210b2f457a0 Exception <a 'sun/nio/fs/WindowsException'{0x0000000702a16560}> (0x0000000702a16560) 
thrown [s\src\hotspot\share\prims\jni.cpp, line 514]
Event: 1.974 Thread 0x00000210b2f457a0 Exception <a 'sun/nio/fs/WindowsException'{0x0000000702a16ab0}> (0x0000000702a16ab0) 
thrown [s\src\hotspot\share\prims\jni.cpp, line 514]
Event: 1.974 Thread 0x00000210b2f457a0 Exception <a 'sun/nio/fs/WindowsException'{0x0000000702a16fa0}> (0x0000000702a16fa0) 
thrown [s\src\hotspot\share\prims\jni.cpp, line 514]
Event: 1.974 Thread 0x00000210b2f457a0 Exception <a 'sun/nio/fs/WindowsException'{0x0000000702a17448}> (0x0000000702a17448) 
thrown [s\src\hotspot\share\prims\jni.cpp, line 514]
Event: 1.988 Thread 0x00000210b2f457a0 Exception <a 'java/lang/NoSuchMethodError'{0x0000000702a6cac0}: 'void java.lang.invoke.DirectMethodHandle$Holder.invokeVirtual(java.lang.Object, java.lang.Object)'> (0x0000000702a6cac0) 
thrown [s\src\hotspot\share\interpreter\linkResolver.cpp, line 804]
Event: 1.991 Thread 0x00000210b2f457a0 Exception <a 'java/lang/NoSuchMethodError'{0x0000000702a93758}: 'void java.lang.invoke.DirectMethodHandle$Holder.invokeStatic(java.lang.Object, java.lang.Object)'> (0x0000000702a93758) 
thrown [s\src\hotspot\share\interpreter\linkResolver.cpp, line 804]
Event: 1.992 Thread 0x00000210b2f457a0 Exception <a 'java/lang/NoSuchMethodError'{0x0000000702a9b7c8}: 'void java.lang.invoke.DirectMethodHandle$Holder.invokeStaticInit(java.lang.Object, java.lang.Object)'> (0x0000000702a9b7c8) 
thrown [s\src\hotspot\share\interpreter\linkResolver.cpp, line 804]
Event: 2.000 Thread 0x00000210b2f457a0 Exception <a 'java/lang/NoSuchMethodError'{0x0000000702ad44f0}: 'void java.lang.invoke.DirectMethodHandle$Holder.invokeSpecial(java.lang.Object, java.lang.Object, java.lang.Object, java.lang.Object, java.lang.Object)'> (0x0000000702ad44f0) 
thrown [s\src\hotspot\share\interpreter\linkResolver.cpp, line 804]
Event: 2.010 Thread 0x00000210b2f457a0 Exception <a 'java/lang/NoSuchMethodError'{0x0000000702b16930}: 'void java.lang.invoke.DirectMethodHandle$Holder.invokeStatic(java.lang.Object, java.lang.Object, java.lang.Object)'> (0x0000000702b16930) 
thrown [s\src\hotspot\share\interpreter\linkResolver.cpp, line 804]
Event: 2.259 Thread 0x00000210b2f457a0 Exception <a 'java/lang/NoSuchMethodError'{0x0000000702a9b3c0}: 'java.lang.Object java.lang.invoke.DirectMethodHandle$Holder.invokeSpecialIFC(java.lang.Object, java.lang.Object, java.lang.Object, java.lang.Object)'> (0x0000000702a9b3c0) 
thrown [s\src\hotspot\share\interpreter\linkResolver.cpp, line 804]
Event: 2.578 Thread 0x00000210b2f457a0 Exception <a 'java/lang/NoSuchMethodError'{0x0000000703dbb920}: 'void java.lang.invoke.DirectMethodHandle$Holder.invokeSpecial(java.lang.Object, java.lang.Object, java.lang.Object)'> (0x0000000703dbb920) 
thrown [s\src\hotspot\share\interpreter\linkResolver.cpp, line 804]
Event: 2.765 Thread 0x00000210b2f457a0 Exception <a 'java/lang/NoSuchMethodError'{0x0000000703b6d618}: 'java.lang.Object java.lang.invoke.DirectMethodHandle$Holder.invokeInterface(java.lang.Object, java.lang.Object)'> (0x0000000703b6d618) 
thrown [s\src\hotspot\share\interpreter\linkResolver.cpp, line 804]
Event: 3.005 Thread 0x00000210b2f457a0 Exception <a 'java/lang/NoSuchMethodError'{0x0000000703819f58}: 'int java.lang.invoke.DirectMethodHandle$Holder.invokeStatic(java.lang.Object, java.lang.Object, java.lang.Object, java.lang.Object)'> (0x0000000703819f58) 
thrown [s\src\hotspot\share\interpreter\linkResolver.cpp, line 804]
Event: 3.008 Thread 0x00000210b2f457a0 Exception <a 'java/lang/NoSuchMethodError'{0x0000000703843b18}: 'int java.lang.invoke.DirectMethodHandle$Holder.invokeSpecialIFC(java.lang.Object, java.lang.Object, java.lang.Object, java.lang.Object, java.lang.Object)'> (0x0000000703843b18) 
thrown [s\src\hotspot\share\interpreter\linkResolver.cpp, line 804]
Event: 3.055 Thread 0x00000210b2f457a0 Exception <a 'java/lang/NoSuchMethodError'{0x0000000703991ba0}: 'java.lang.Object java.lang.invoke.DirectMethodHandle$Holder.newInvokeSpecial(java.lang.Object, java.lang.Object, java.lang.Object, java.lang.Object, java.lang.Object)'> (0x0000000703991ba0) 
thrown [s\src\hotspot\share\interpreter\linkResolver.cpp, line 804]
Event: 3.082 Thread 0x00000210b2f457a0 Exception <a 'java/lang/NoSuchMethodError'{0x00000007036ace00}: 'int java.lang.invoke.DirectMethodHandle$Holder.invokeStaticInit(java.lang.Object, java.lang.Object)'> (0x00000007036ace00) 
thrown [s\src\hotspot\share\interpreter\linkResolver.cpp, line 804]
Event: 3.091 Thread 0x00000210b2f457a0 Exception <a 'java/lang/NoClassDefFoundError'{0x00000007036e7df0}: javax/enterprise/inject/Typed> (0x00000007036e7df0) 
thrown [s\src\hotspot\share\classfile\systemDictionary.cpp, line 318]
Event: 6.140 Thread 0x00000210b2f457a0 Exception <a 'java/lang/NoSuchMethodError'{0x0000000703a76f20}: 'void java.lang.invoke.DirectMethodHandle$Holder.invokeStaticInit(java.lang.Object, java.lang.Object, java.lang.Object)'> (0x0000000703a76f20) 
thrown [s\src\hotspot\share\interpreter\linkResolver.cpp, line 804]
Event: 6.166 Thread 0x00000210b2f457a0 Implicit null exception at 0x00000210c5d0f81d to 0x00000210c5d0f9ac
Event: 6.168 Thread 0x00000210b2f457a0 Exception <a 'java/lang/NoSuchMethodError'{0x0000000703b015d0}: 'java.lang.Object java.lang.invoke.Invokers$Holder.invokeExact_MT(java.lang.Object, int, java.lang.Object)'> (0x0000000703b015d0) 
thrown [s\src\hotspot\share\interpreter\linkResolver.cpp, line 804]

VM Operations (20 events):
Event: 1.977 Executing non-safepoint VM operation: HandshakeAllThreads (Deoptimize)
Event: 1.977 Executing non-safepoint VM operation: HandshakeAllThreads (Deoptimize) done
Event: 2.049 Executing safepoint VM operation: G1CollectForAllocation (G1 Evacuation Pause)
Event: 2.051 Executing safepoint VM operation: G1CollectForAllocation (G1 Evacuation Pause) done
Event: 2.335 Executing safepoint VM operation: G1CollectForAllocation (G1 Evacuation Pause)
Event: 2.336 Executing safepoint VM operation: G1CollectForAllocation (G1 Evacuation Pause) done
Event: 2.759 Executing non-safepoint VM operation: HandshakeAllThreads (Deoptimize)
Event: 2.759 Executing non-safepoint VM operation: HandshakeAllThreads (Deoptimize) done
Event: 3.153 Executing safepoint VM operation: G1CollectForAllocation (G1 Evacuation Pause)
Event: 3.156 Executing safepoint VM operation: G1CollectForAllocation (G1 Evacuation Pause) done
Event: 4.524 Executing safepoint VM operation: G1CollectForAllocation (G1 Evacuation Pause)
Event: 4.529 Executing safepoint VM operation: G1CollectForAllocation (G1 Evacuation Pause) done
Event: 5.031 Executing non-safepoint VM operation: HandshakeAllThreads (Deoptimize)
Event: 5.031 Executing non-safepoint VM operation: HandshakeAllThreads (Deoptimize) done
Event: 5.247 Executing non-safepoint VM operation: HandshakeAllThreads (Deoptimize)
Event: 5.247 Executing non-safepoint VM operation: HandshakeAllThreads (Deoptimize) done
Event: 5.876 Executing safepoint VM operation: G1CollectForAllocation (G1 Evacuation Pause)
Event: 5.879 Executing safepoint VM operation: G1CollectForAllocation (G1 Evacuation Pause) done
Event: 6.143 Executing non-safepoint VM operation: HandshakeAllThreads (Deoptimize)
Event: 6.143 Executing non-safepoint VM operation: HandshakeAllThreads (Deoptimize) done

Memory protections (0 events):
No events

Nmethod flushes (0 events):
No events

Events (20 events):
Event: 0.538 Thread 0x00000210b2f457a0 Thread added: 0x00000210d564ced0
Event: 0.538 Thread 0x00000210b2f457a0 Thread added: 0x00000210d56504a0
Event: 0.539 Thread 0x00000210b2f457a0 Thread added: 0x00000210d56531e0
Event: 0.539 Thread 0x00000210b2f457a0 Thread added: 0x00000210d5653d90
Event: 0.539 Thread 0x00000210b2f457a0 Thread added: 0x00000210d5655950
Event: 0.539 Thread 0x00000210b2f457a0 Thread added: 0x00000210d565a110
Event: 0.539 Thread 0x00000210b2f457a0 Thread added: 0x00000210d565b000
Event: 0.565 Thread 0x00000210b2f457a0 Thread added: 0x00000210d566c830
Event: 0.601 Thread 0x00000210b2f457a0 Thread added: 0x00000210d56b6ab0
Event: 0.604 Thread 0x00000210b2f457a0 Thread added: 0x00000210d56bbc50
Event: 1.707 Thread 0x00000210b2f457a0 Thread added: 0x00000210d5ed5e50
Event: 1.995 Thread 0x00000210d5ed5e50 Thread exited: 0x00000210d5ed5e50
Event: 2.052 Thread 0x00000210d565b000 Thread added: 0x00000210da6c65e0
Event: 2.168 Thread 0x00000210da6c65e0 Thread exited: 0x00000210da6c65e0
Event: 3.105 Thread 0x00000210d566c830 Thread added: 0x00000210da9b6440
Event: 3.126 Thread 0x00000210d566c830 Thread added: 0x00000210da9aeb60
Event: 3.324 Thread 0x00000210da9aeb60 Thread exited: 0x00000210da9aeb60
Event: 3.324 Thread 0x00000210da9b6440 Thread exited: 0x00000210da9b6440
Event: 4.678 Thread 0x00000210d566c830 Thread added: 0x00000210daa53820
Event: 4.930 Thread 0x00000210daa53820 Thread exited: 0x00000210daa53820


Dynamic libraries:
0x00007ff623720000 - 0x00007ff62372e000 	C:\Program Files\Apache NetBeans\jdk\bin\java.exe
0x00007ff832b60000 - 0x00007ff832dc6000 	C:\WINDOWS\SYSTEM32\ntdll.dll
0x00007ff831820000 - 0x00007ff8318e9000 	C:\WINDOWS\System32\KERNEL32.DLL
0x00007ff82fd80000 - 0x00007ff83017e000 	C:\WINDOWS\System32\KERNELBASE.dll
0x00007ff82cc20000 - 0x00007ff82ccc0000 	C:\WINDOWS\SYSTEM32\apphelp.dll
0x00007ff830670000 - 0x00007ff8307bc000 	C:\WINDOWS\System32\ucrtbase.dll
0x00007ff805820000 - 0x00007ff805837000 	C:\Program Files\Apache NetBeans\jdk\bin\jli.dll
0x00007ff8315a0000 - 0x00007ff831767000 	C:\WINDOWS\System32\USER32.dll
0x00007ff830440000 - 0x00007ff830467000 	C:\WINDOWS\System32\win32u.dll
0x00007ff8312b0000 - 0x00007ff8312db000 	C:\WINDOWS\System32\GDI32.dll
0x00007ff830190000 - 0x00007ff8302ba000 	C:\WINDOWS\System32\gdi32full.dll
0x00007ff806240000 - 0x00007ff80625e000 	C:\Program Files\Apache NetBeans\jdk\bin\VCRUNTIME140.dll
0x00007ff830470000 - 0x00007ff830513000 	C:\WINDOWS\System32\msvcp_win.dll
0x00007ff815670000 - 0x00007ff815902000 	C:\WINDOWS\WinSxS\amd64_microsoft.windows.common-controls_6595b64144ccf1df_6.0.26100.8875_none_3e0d5d42e32fe9dd\COMCTL32.dll
0x00007ff831770000 - 0x00007ff831819000 	C:\WINDOWS\System32\msvcrt.dll
0x00007ff8323e0000 - 0x00007ff832412000 	C:\WINDOWS\System32\IMM32.DLL
0x000000005b940000 - 0x000000005b94d000 	C:\Program Files (x86)\360\Total Security\safemon\SafeWrapper.dll
0x00007ff832960000 - 0x00007ff832a17000 	C:\WINDOWS\System32\ADVAPI32.dll
0x00007ff830890000 - 0x00007ff83093a000 	C:\WINDOWS\System32\sechost.dll
0x00007ff830b50000 - 0x00007ff830c68000 	C:\WINDOWS\System32\RPCRT4.dll
0x00007ff8296f0000 - 0x00007ff8297f5000 	C:\Program Files (x86)\360\Total Security\safemon\libzdtp64.dll
0x00007ff831aa0000 - 0x00007ff832232000 	C:\WINDOWS\System32\SHELL32.dll
0x00007ff8319f0000 - 0x00007ff831a57000 	C:\WINDOWS\System32\SHLWAPI.dll
0x00007ff82f7c0000 - 0x00007ff82f7cb000 	C:\WINDOWS\SYSTEM32\VERSION.dll
0x00007ff82ae80000 - 0x00007ff82ae8c000 	C:\Program Files\Apache NetBeans\jdk\bin\vcruntime140_1.dll
0x00007fffb1950000 - 0x00007fffb19dd000 	C:\Program Files\Apache NetBeans\jdk\bin\msvcp140.dll
0x00007fff8c260000 - 0x00007fff8d1f9000 	C:\Program Files\Apache NetBeans\jdk\bin\server\jvm.dll
0x00007ff832440000 - 0x00007ff8324c0000 	C:\WINDOWS\System32\WS2_32.dll
0x00007ff821b50000 - 0x00007ff821b86000 	C:\WINDOWS\SYSTEM32\WINMM.dll
0x00007ff82fbe0000 - 0x00007ff82fc3e000 	C:\WINDOWS\SYSTEM32\POWRPROF.dll
0x00007ff82fbc0000 - 0x00007ff82fbd4000 	C:\WINDOWS\SYSTEM32\UMPDC.dll
0x00007ff82e9e0000 - 0x00007ff82e9fb000 	C:\WINDOWS\SYSTEM32\kernel.appcore.dll
0x00007ff8186a0000 - 0x00007ff8186aa000 	C:\Program Files\Apache NetBeans\jdk\bin\jimage.dll
0x00007ff81fc20000 - 0x00007ff81fe62000 	C:\WINDOWS\SYSTEM32\DBGHELP.DLL
0x00007ff830f20000 - 0x00007ff8312a3000 	C:\WINDOWS\System32\combase.dll
0x00007ff8314c0000 - 0x00007ff831599000 	C:\WINDOWS\System32\OLEAUT32.dll
0x00007ff816360000 - 0x00007ff81639b000 	C:\WINDOWS\SYSTEM32\dbgcore.DLL
0x00007ff8307d0000 - 0x00007ff83087c000 	C:\WINDOWS\System32\bcryptPrimitives.dll
0x00007ff805a80000 - 0x00007ff805a9e000 	C:\Program Files\Apache NetBeans\jdk\bin\java.dll
0x00007ff832240000 - 0x00007ff8323d9000 	C:\WINDOWS\System32\ole32.dll
0x00007ff82d7e0000 - 0x00007ff82e072000 	C:\WINDOWS\SYSTEM32\windows.storage.dll
0x00007ff8318f0000 - 0x00007ff8319e7000 	C:\WINDOWS\System32\SHCORE.dll
0x00007ff82fca0000 - 0x00007ff82fcc9000 	C:\WINDOWS\SYSTEM32\profapi.dll
0x00007ff800060000 - 0x00007ff800071000 	C:\Program Files\Apache NetBeans\jdk\bin\net.dll
0x00007ff82ef90000 - 0x00007ff82effc000 	C:\WINDOWS\system32\mswsock.dll
0x00007ffffa340000 - 0x00007ffffa356000 	C:\Program Files\Apache NetBeans\jdk\bin\nio.dll
0x00007ff8016f0000 - 0x00007ff801707000 	C:\Program Files\Apache NetBeans\jdk\bin\zip.dll
0x00007ffff5920000 - 0x00007ffff5944000 	C:\Program Files\Apache NetBeans\java\maven\lib\jansi-native\Windows\x86_64\jansi.dll
0x00007ff814b00000 - 0x00007ff814b10000 	C:\Program Files\Apache NetBeans\jdk\bin\verify.dll

JVMTI agents: none

dbghelp: loaded successfully - version: 4.0.5 - missing functions: none
symbol engine: initialized successfully - sym options: 0x614 - pdb path: .;C:\Program Files\Apache NetBeans\jdk\bin;C:\WINDOWS\SYSTEM32;C:\WINDOWS\WinSxS\amd64_microsoft.windows.common-controls_6595b64144ccf1df_6.0.26100.8875_none_3e0d5d42e32fe9dd;C:\Program Files (x86)\360\Total Security\safemon;C:\Program Files\Apache NetBeans\jdk\bin\server;C:\Program Files\Apache NetBeans\java\maven\lib\jansi-native\Windows\x86_64

VM Arguments:
jvm_args: --enable-native-access=ALL-UNNAMED -Dclassworlds.conf=C:\Program Files\Apache NetBeans\java\maven\bin\m2.conf -Dmaven.home=C:\Program Files\Apache NetBeans\java\maven -Dlibrary.jansi.path=C:\Program Files\Apache NetBeans\java\maven\lib\jansi-native -Dmaven.multiModuleProjectDirectory=C:\Users\DVDSTORE\Desktop\LeetCode\ArrayList\ArrayList 
java_command: org.codehaus.plexus.classworlds.launcher.Launcher -Dexec.vmArgs= -Dexec.args=${exec.vmArgs} -classpath %classpath ${exec.mainClass} ${exec.appArgs} -Dexec.appArgs= -Dexec.mainClass=com.mycompany.arraylist.Driver -Dexec.executable=C:\Program Files\Apache NetBeans\jdk\bin\java.exe -Dmaven.ext.class.path=C:\Program Files\Apache NetBeans\java\maven-nblib\netbeans-eventspy.jar --no-transfer-progress process-classes org.codehaus.mojo:exec-maven-plugin:3.5.1:exec
java_class_path (initial): C:\Program Files\Apache NetBeans\java\maven\boot\plexus-classworlds-2.9.0.jar
Launcher Type: SUN_STANDARD

[Global flags]
     bool AOTAdapterCaching                        = false                                  {diagnostic} {ergonomic}
     bool AOTInvokeDynamicLinking                  = false                                  {diagnostic} {ergonomic}
     bool AOTRecordTraining                        = false                                  {diagnostic} {ergonomic}
     bool AOTReplayTraining                        = false                                  {diagnostic} {ergonomic}
     bool AOTStubCaching                           = false                                  {diagnostic} {ergonomic}
     intx CICompilerCount                          = 4                                         {product} {ergonomic}
     uint ConcGCThreads                            = 3                                         {product} {ergonomic}
     uint G1ConcRefinementThreads                  = 10                                        {product} {ergonomic}
     uint G1EagerReclaimRemSetThreshold            = 16                                   {experimental} {ergonomic}
   size_t G1HeapRegionSize                         = 2097152                                   {product} {ergonomic}
     uint G1RemSetArrayOfCardsEntries              = 16                                   {experimental} {ergonomic}
     uint G1RemSetHowlMaxNumBuckets                = 8                                    {experimental} {ergonomic}
     uint G1RemSetHowlNumBuckets                   = 8                                    {experimental} {ergonomic}
   size_t InitialHeapSize                          = 8388608                                   {product} {ergonomic}
     bool IntelJccErratumMitigation                = false                             {ARCH diagnostic} {ergonomic}
   size_t MarkStackSize                            = 4194304                                   {product} {ergonomic}
   size_t MarkStackSizeMax                         = 536870912                                 {product} {ergonomic}
   size_t MaxHeapSize                              = 4257218560                                {product} {ergonomic}
   size_t MaxNewSize                               = 2554331136                                {product} {ergonomic}
 uint64_t MaxRAM                                   = 17026142208                               {product} {ergonomic}
   size_t MinHeapDeltaBytes                        = 2097152                                   {product} {ergonomic}
   size_t MinHeapSize                              = 8388608                                   {product} {ergonomic}
   size_t NonNMethodCodeHeapSize                   = 5898240                                {pd product} {ergonomic}
   size_t NonProfiledCodeHeapSize                  = 122945536                              {pd product} {ergonomic}
   size_t ProfiledCodeHeapSize                     = 122945536                              {pd product} {ergonomic}
   size_t ReservedCodeCacheSize                    = 251789312                              {pd product} {ergonomic}
     bool SegmentedCodeCache                       = true                                      {product} {ergonomic}
   size_t SoftMaxHeapSize                          = 4257218560                             {manageable} {ergonomic}
     bool UseCompressedOops                        = true                           {product lp64_product} {ergonomic}
     bool UseCondCardMark                          = true                                      {product} {ergonomic}
     bool UseFastUnorderedTimeStamps               = true                                 {experimental} {ergonomic}
     bool UseG1GC                                  = true                                      {product} {ergonomic}
     bool UseLargePagesIndividualAllocation        = false                                  {pd product} {ergonomic}
      int X86ICacheSync                            = 3                                 {ARCH diagnostic} {ergonomic}

Logging:
Log output configuration:
 #0: stdout all=warning uptime,level,tags foldmultilines=false
 #1: stderr all=off uptime,level,tags foldmultilines=false

Release file:
IMPLEMENTOR="Eclipse Adoptium" 
IMPLEMENTOR_VERSION="Temurin-26.0.1+8" 
JAVA_RUNTIME_VERSION="26.0.1+8" 
JAVA_VERSION="26.0.1" 
JAVA_VERSION_DATE="2026-04-21" 
LIBC="default" 
MODULES="java.base java.compiler java.datatransfer java.xml java.prefs java.desktop java.instrument java.logging java.management java.security.sasl java.naming java.rmi java.management.rmi java.net.http java.scripting java.security.jgss java.transaction.xa java.sql java.sql.rowset java.xml.crypto java.se java.smartcardio jdk.accessibility jdk.internal.jvmstat jdk.attach jdk.charsets jdk.internal.opt jdk.zipfs jdk.compiler jdk.crypto.cryptoki jdk.crypto.ec jdk.crypto.mscapi jdk.dynalink jdk.internal.ed jdk.editpad jdk.internal.vm.ci jdk.graal.compiler jdk.graal.compiler.management jdk.hotspot.agent jdk.httpserver jdk.incubator.vector jdk.internal.le jdk.internal.md jdk.jartool jdk.javadoc jdk.jcmd jdk.management jdk.management.agent jdk.jconsole jdk.jdeps jdk.jdwp.agent jdk.jdi jdk.jfr jdk.jlink jdk.jpackage jdk.jshell jdk.jstatd jdk.localedata jdk.management.jfr jdk.naming.dns jdk.naming.rmi jdk.net jdk.nio.mapmode jdk.sctp jdk.security.auth jdk.security.jgss jdk.unsupported jdk.unsupported.desktop jdk.xml.dom" 
OS_ARCH="x86_64" 
OS_NAME="Windows" 
SOURCE=".:git:1cafccec39fb" 
BUILD_SOURCE="git:a612825ee82a20ac872d60958c349854c1f29a8e"
BUILD_SOURCE_REPO="https://github.com/adoptium/temurin-build.git"
SOURCE_REPO="https://github.com/adoptium/jdk26u.git"
FULL_VERSION="26.0.1+8"
SEMANTIC_VERSION="26.0.1+8"
BUILD_INFO="OS: Windows Server 2022 Version: 10.0"
JVM_VARIANT="Hotspot"
JVM_VERSION="26.0.1+8"
IMAGE_TYPE="JDK"

Environment Variables:
JAVA_HOME=C:\Program Files\Apache NetBeans\jdk
PATH=C:\Program Files (x86)\Common Files\Oracle\Java\javapath;C:\WINDOWS\system32;C:\WINDOWS;C:\WINDOWS\System32\Wbem;C:\WINDOWS\System32\WindowsPowerShell\v1.0\;C:\WINDOWS\System32\OpenSSH\;C:\Program Files (x86)\NVIDIA Corporation\PhysX\Common;C:\Program Files\NVIDIA Corporation\NVIDIA NvDLISR;C:\Program Files\dotnet\;C:\Program Files\Git\cmd;C:\Users\DVDSTORE\AppData\Local\Microsoft\WindowsApps;C:\Users\DVDSTORE\AppData\Local\Programs\Microsoft VS Code\bin;;C:\Program Files\Apache NetBeans\bin\
USERNAME=DVDSTORE
OS=Windows_NT
PROCESSOR_IDENTIFIER=Intel64 Family 6 Model 151 Stepping 5, GenuineIntel
TMP=C:\Users\DVDSTORE\AppData\Local\Temp
TEMP=C:\Users\DVDSTORE\AppData\Local\Temp




Compilation memory statistics disabled.

Periodic native trim disabled

---------------  S Y S T E M  ---------------

OS:
 Windows 11 , 64 bit Build 26100 (10.0.26100.8875)
OS uptime: 3 days 17:10 hours

CPU: total 12 (initial active 12) (6 cores per cpu, 2 threads per core) family 6 model 151 stepping 5 microcode 0x2d, cx8, cmov, fxsr, ht, mmx, 3dnowpref, sse, sse2, sse3, ssse3, sse4.1, sse4.2, popcnt, lzcnt, tsc, tscinvbit, avx, avx2, aes, erms, clmul, bmi1, bmi2, adx, sha, fma, vzeroupper, clflush, clflushopt, clwb, serialize, rdtscp, rdpid, fsrm, gfni, f16c, pku, cet_ibt, cet_ss
Processor Information for the first 12 processors :
  Max Mhz: 2500, Current Mhz: 2500, Mhz Limit: 2500

Memory: 4k page, system-wide physical 16237M (1105M free)
TotalPageFile size 28525M (AvailPageFile size 5M)
current process WorkingSet (physical memory assigned to process): 92M, peak: 95M
current process commit charge ("private bytes"): 140M, peak: 147M

vm_info: OpenJDK 64-Bit Server VM (26.0.1+8) for windows-amd64 JRE (26.0.1+8), built on 2026-04-21T00:00:00Z with MS VC++ 17.12 (VS2022)

END.
