#
# There is insufficient memory for the Java Runtime Environment to continue.
# Native memory allocation (malloc) failed to allocate 2959384 bytes. Error detail: Chunk::new
# Possible reasons:
#   The system is out of physical RAM or swap space
#   This process is running with CompressedOops enabled, and the Java Heap may be blocking the growth of the native heap
# Possible solutions:
#   Reduce memory load on the system
#   Increase physical memory or swap space
#   Check if swap backing store is full
#   Decrease Java heap size (-Xmx/-Xms)
#   Decrease number of Java threads
#   Decrease Java thread stack sizes (-Xss)
#   Set larger code cache with -XX:ReservedCodeCacheSize=
#   JVM is running with Zero Based Compressed Oops mode in which the Java heap is
#     placed in the first 32GB address space. The Java Heap base address is the
#     maximum limit for the native heap growth. Please use -XX:HeapBaseMinAddress
#     to set the Java Heap base and to place the Java Heap above 32GB virtual address.
# This output file may be truncated or incomplete.
#
#  Out of Memory Error (arena.cpp:193), pid=51456, tid=52436
#
# JRE version: OpenJDK Runtime Environment Temurin-26.0.1+8 (26.0.1+8) (build 26.0.1+8)
# Java VM: OpenJDK 64-Bit Server VM Temurin-26.0.1+8 (26.0.1+8, mixed mode, sharing, tiered, compressed oops, compressed class ptrs, g1 gc, windows-amd64)
# No core dump will be written. Minidumps are not enabled by default on client versions of Windows
#

---------------  S U M M A R Y ------------

Command Line: --enable-native-access=ALL-UNNAMED -Dclassworlds.conf=C:\Program Files\Apache NetBeans\java\maven\bin\m2.conf -Dmaven.home=C:\Program Files\Apache NetBeans\java\maven -Dlibrary.jansi.path=C:\Program Files\Apache NetBeans\java\maven\lib\jansi-native -Dmaven.multiModuleProjectDirectory=C:\Users\DVDSTORE\Desktop\LeetCode\ArrayList\ArrayList org.codehaus.plexus.classworlds.launcher.Launcher -Dexec.vmArgs= -Dexec.args=${exec.vmArgs} -classpath %classpath ${exec.mainClass} ${exec.appArgs} -Dexec.appArgs= -Dexec.mainClass=com.mycompany.arraylist.Driver -Dexec.executable=C:\Program Files\Apache NetBeans\jdk\bin\java.exe -Dmaven.ext.class.path=C:\Program Files\Apache NetBeans\java\maven-nblib\netbeans-eventspy.jar --no-transfer-progress process-classes org.codehaus.mojo:exec-maven-plugin:3.5.1:exec

Host: 12th Gen Intel(R) Core(TM) i5-12400F, 12 cores, 15G,  Windows 11 , 64 bit Build 26100 (10.0.26100.8875)
Time: Wed Aug 19 09:14:25 2026 Egypt Daylight Time elapsed time: 18.759955 seconds (0d 0h 0m 18s)

---------------  T H R E A D  ---------------

Current thread (0x0000025fcca4db00):  JavaThread "C2 CompilerThread0" daemon [_thread_in_native, id=52436, stack(0x000000ee36700000,0x000000ee36800000) (1024K)]


Current CompileTask:
C2:18760 1876       4       java.lang.String::utf8 (269 bytes)

Stack: [0x000000ee36700000,0x000000ee36800000]
Native frames: (J=compiled Java code, j=interpreted, Vv=VM code, C=native code)
V  [jvm.dll+0x7db749]  (no source info available)
V  [jvm.dll+0x7a82bd]  (no source info available)
V  [jvm.dll+0xa44a60]  (no source info available)
V  [jvm.dll+0xa46eb1]  (no source info available)
V  [jvm.dll+0xa475c3]  (no source info available)
V  [jvm.dll+0x311a96]  (no source info available)
V  [jvm.dll+0x120316]  (no source info available)
V  [jvm.dll+0x12063e]  (no source info available)
V  [jvm.dll+0x1b2836]  (no source info available)
V  [jvm.dll+0x3ce802]  (no source info available)
V  [jvm.dll+0x7e430f]  (no source info available)
V  [jvm.dll+0x2d4597]  (no source info available)
V  [jvm.dll+0x2d350f]  (no source info available)
V  [jvm.dll+0x249670]  (no source info available)
V  [jvm.dll+0x2e363c]  (no source info available)
V  [jvm.dll+0x2e181d]  (no source info available)
V  [jvm.dll+0x4a82ae]  (no source info available)
V  [jvm.dll+0x9e3039]  (no source info available)
V  [jvm.dll+0x7dd228]  (no source info available)
C  [ucrtbase.dll+0x2cd30]  (no source info available)
C  [KERNEL32.DLL+0x2e957]  (no source info available)
C  [ntdll.dll+0xaad6c]  (no source info available)

Lock stack of current Java thread (top to bottom):


---------------  P R O C E S S  ---------------

Threads class SMR info:
_java_thread_list=0x0000025fd19817c0, length=11, elements={
0x0000025faa2477f0, 0x0000025fcca3de80, 0x0000025fcca3e8d0, 0x0000025fcca45ce0,
0x0000025fcca46890, 0x0000025fcca48450, 0x0000025fcca4cc10, 0x0000025fcca4db00,
0x0000025fcca54560, 0x0000025fcca9b700, 0x0000025fccaada50
}

Java Threads: ( => current thread )
  0x0000025faa2477f0 JavaThread "main"                              [_thread_in_native, id=51972, stack(0x000000ee35800000,0x000000ee35900000) (1024K)]
  0x0000025fcca3de80 JavaThread "Reference Handler"          daemon [_thread_blocked, id=52412, stack(0x000000ee36100000,0x000000ee36200000) (1024K)]
  0x0000025fcca3e8d0 JavaThread "Finalizer"                  daemon [_thread_blocked, id=52416, stack(0x000000ee36200000,0x000000ee36300000) (1024K)]
  0x0000025fcca45ce0 JavaThread "Signal Dispatcher"          daemon [_thread_blocked, id=52420, stack(0x000000ee36300000,0x000000ee36400000) (1024K)]
  0x0000025fcca46890 JavaThread "Attach Listener"            daemon [_thread_blocked, id=52424, stack(0x000000ee36400000,0x000000ee36500000) (1024K)]
  0x0000025fcca48450 JavaThread "Service Thread"             daemon [_thread_blocked, id=52428, stack(0x000000ee36500000,0x000000ee36600000) (1024K)]
  0x0000025fcca4cc10 JavaThread "Monitor Deflation Thread"   daemon [_thread_blocked, id=52432, stack(0x000000ee36600000,0x000000ee36700000) (1024K)]
=>0x0000025fcca4db00 JavaThread "C2 CompilerThread0"         daemon [_thread_in_native, id=52436, stack(0x000000ee36700000,0x000000ee36800000) (1024K)]
  0x0000025fcca54560 JavaThread "C1 CompilerThread0"         daemon [_thread_blocked, id=52440, stack(0x000000ee36800000,0x000000ee36900000) (1024K)]
  0x0000025fcca9b700 JavaThread "Notification Thread"        daemon [_thread_blocked, id=52444, stack(0x000000ee36900000,0x000000ee36a00000) (1024K)]
  0x0000025fccaada50 JavaThread "Common-Cleaner"             daemon [_thread_blocked, id=52464, stack(0x000000ee36a00000,0x000000ee36b00000) (1024K)]
Total: 11

Other Threads:
  0x0000025fcca2c330 VMThread "VM Thread"                           [id=52312, stack(0x000000ee36000000,0x000000ee36100000) (1024K)]
  0x0000025fcca194d0 WatcherThread "VM Periodic Task Thread"        [id=52308, stack(0x000000ee35f00000,0x000000ee36000000) (1024K)]
  0x0000025fac710d60 WorkerThread "GC Thread#0"                     [id=47784, stack(0x000000ee35900000,0x000000ee35a00000) (1024K)]
  0x0000025fd1397500 WorkerThread "GC Thread#1"                     [id=54556, stack(0x000000ee36b00000,0x000000ee36c00000) (1024K)]
  0x0000025fd165d410 WorkerThread "GC Thread#2"                     [id=60376, stack(0x000000ee36c00000,0x000000ee36d00000) (1024K)]
  0x0000025fd1974980 WorkerThread "GC Thread#3"                     [id=60976, stack(0x000000ee36d00000,0x000000ee36e00000) (1024K)]
  0x0000025fac729ac0 ConcurrentGCThread "G1 Main Marker"            [id=50628, stack(0x000000ee35a00000,0x000000ee35b00000) (1024K)]
  0x0000025fac72ae50 WorkerThread "G1 Conc#0"                       [id=32288, stack(0x000000ee35b00000,0x000000ee35c00000) (1024K)]
  0x0000025fac74ea90 WorkerThread "G1 Refinement Workers#0"         [id=46348, stack(0x000000ee35d00000,0x000000ee35e00000) (1024K)]
  0x0000025fac74e0d0 ConcurrentGCThread "G1 Refine Control"         [id=52044, stack(0x000000ee35c00000,0x000000ee35d00000) (1024K)]
  0x0000025fcc8e1b10 ConcurrentGCThread "G1 Service"                [id=52040, stack(0x000000ee35e00000,0x000000ee35f00000) (1024K)]
Total: 11

Threads with active compile tasks:
C2 CompilerThread0  18986 1876       4       java.lang.String::utf8 (269 bytes)
Total: 1

VM state: not at safepoint (normal execution)

VM Mutex/Monitor currently owned by a thread: None

Heap address: 0x0000000702400000, size: 4060 MB, Compressed Oops mode: Zero based, Oop shift amount: 3

CDS archive(s) mapped at: [0x000000008d000000-0x000000008dde0000-0x000000008dde0000), size 14548992, SharedBaseAddress: 0x000000008d000000, ArchiveRelocationMode: 1.
Compressed class space mapped at: 0x000000008e000000-0x00000000ce000000, reserved size: 1073741824
UseCompressedClassPointers 1, UseCompactObjectHeaders 0
Narrow klass pointer bits 32, Max shift 3
Narrow klass base: 0x000000008d000000, Narrow klass shift: 0
Encoding Range: [0x000000008d000000 - 0x000000018d000000), (4294967296 bytes)
Klass Range:    [0x000000008d000000 - 0x00000000ce000000), (1090519040 bytes)
Klass ID Range:  [8 - 1090519033) (1090519025)
Protection zone: [0x000000008d000000 - 0x000000008d010000), (65536 bytes)

GC Precious Log:
 CardTable entry size: 512
 Card Set container configuration: InlinePtr #cards 4 size 8 Array Of Cards #cards 16 size 48 Howl #buckets 8 coarsen threshold 3686 Howl Bitmap #cards 512 size 80 coarsen threshold 460 Card regions per heap region 1 cards per card region 4096
 CPUs: 12 total, 12 available
 Memory: 16237M
 Large Page Support: Disabled
 NUMA Support: Disabled
 Compressed Oops: Enabled (Zero based)
 Heap Region Size: 2M
 Heap Min Capacity: 8M
 Heap Initial Capacity: 8M
 Heap Max Capacity: 4060M
 Pre-touch: Disabled
 Parallel Workers: 10
 Concurrent Workers: 3
 Concurrent Refinement Workers: 10
 Periodic GC: Disabled

Heap:
 garbage-first heap   total reserved 4157440K, committed 36864K, used 13117K [0x0000000702400000, 0x0000000800000000)
  region size 2M, 5 eden (10M), 1 survivor (2M), 3 old (6M), 0 humongous (0M), 9 free (18M)

Heap Regions: E=young(eden), S=young(survivor), O=old, HS=humongous(starts), HC=humongous(continues), CS=collection set, F=free, TAMS=top-at-mark-start, PB=parsable bottom
|    0|0x0000000702400000, 0x0000000702600000, 0x0000000702600000|100%| O|  |TAMS 0x0000000702400000| PB 0x0000000702400000| Untracked |  0
|    1|0x0000000702600000, 0x0000000702719820, 0x0000000702800000| 54%| S|CS|TAMS 0x0000000702600000| PB 0x0000000702600000| Complete  |  0
|    2|0x0000000702800000, 0x0000000702800000, 0x0000000702a00000|  0%| F|  |TAMS 0x0000000702800000| PB 0x0000000702800000| Untracked |  0
|    3|0x0000000702a00000, 0x0000000702a00000, 0x0000000702c00000|  0%| F|  |TAMS 0x0000000702a00000| PB 0x0000000702a00000| Untracked |  0
|    4|0x0000000702c00000, 0x0000000702c00000, 0x0000000702e00000|  0%| F|  |TAMS 0x0000000702c00000| PB 0x0000000702c00000| Untracked |  0
|    5|0x0000000702e00000, 0x0000000702e00000, 0x0000000703000000|  0%| F|  |TAMS 0x0000000702e00000| PB 0x0000000702e00000| Untracked |  0
|    6|0x0000000703000000, 0x0000000703000000, 0x0000000703200000|  0%| F|  |TAMS 0x0000000703000000| PB 0x0000000703000000| Untracked |  0
|    7|0x0000000703200000, 0x0000000703200000, 0x0000000703400000|  0%| F|  |TAMS 0x0000000703200000| PB 0x0000000703200000| Untracked |  0
|    8|0x0000000703400000, 0x0000000703400000, 0x0000000703600000|  0%| F|  |TAMS 0x0000000703400000| PB 0x0000000703400000| Untracked |  0
|    9|0x0000000703600000, 0x0000000703600000, 0x0000000703800000|  0%| F|  |TAMS 0x0000000703600000| PB 0x0000000703600000| Untracked |  0
|   10|0x0000000703800000, 0x0000000703800000, 0x0000000703a00000|  0%| F|  |TAMS 0x0000000703800000| PB 0x0000000703800000| Untracked |  0
|   11|0x0000000703a00000, 0x0000000703b36360, 0x0000000703c00000| 60%| E|CS|TAMS 0x0000000703a00000| PB 0x0000000703a00000| Complete  |  0
|   12|0x0000000703c00000, 0x0000000703e00000, 0x0000000703e00000|100%| E|CS|TAMS 0x0000000703c00000| PB 0x0000000703c00000| Complete  |  0
|   13|0x0000000703e00000, 0x0000000704000000, 0x0000000704000000|100%| E|CS|TAMS 0x0000000703e00000| PB 0x0000000703e00000| Complete  |  0
|   14|0x0000000704000000, 0x0000000704200000, 0x0000000704200000|100%| E|CS|TAMS 0x0000000704000000| PB 0x0000000704000000| Complete  |  0
|   15|0x0000000704200000, 0x0000000704400000, 0x0000000704400000|100%| E|CS|TAMS 0x0000000704200000| PB 0x0000000704200000| Complete  |  0
| 2028|0x00000007ffc00000, 0x00000007ffc8e0d0, 0x00000007ffe00000| 27%| O|  |TAMS 0x00000007ffc00000| PB 0x00000007ffc00000| Untracked |  0
| 2029|0x00000007ffe00000, 0x00000007fff27b70, 0x0000000800000000| 57%| O|  |TAMS 0x00000007ffe00000| PB 0x00000007ffe00000| Untracked |  0

Card table byte_map: [0x0000025fc5ae0000,0x0000025fc62d0000] _byte_map_base: 0x0000025fc22ce000
Refinement table byte_map: [0x0000025fc52f0000,0x0000025fc5ae0000] _byte_map_base: 0x0000025fc1ade000

Marking Bits: (CMBitMap*) 0x0000025fac7114e0
 Bits: [0x0000025fc62d0000, 0x0000025fca240000)

Polling page: 0x0000025faa910000

Metaspace:
Metaspace        used 8939K, committed 9152K, reserved 1114112K
 class space     used 1105K, committed 1216K, reserved 1048576K

Usage:
  Non-class:      7.65 MB used.
      Class:      1.08 MB used.
       Both:      8.73 MB used.

Virtual space:
  Non-class space:       64.00 MB reserved,       7.75 MB ( 12%) committed,  1 nodes.
      Class space:        1.00 GB reserved,       1.19 MB ( <1%) committed,  1 nodes.
             Both:        1.06 GB reserved,       8.94 MB ( <1%) committed. 

Chunk freelists:
   Non-Class:  6.62 MB
       Class:  14.85 MB
        Both:  21.48 MB

MaxMetaspaceSize: unlimited
CompressedClassSpaceSize: 1.00 GB
Initial GC threshold: 21.00 MB
Current GC threshold: 21.00 MB
CDS: on
 - commit_granule_bytes: 65536.
 - commit_granule_words: 8192.
 - virtual_space_node_default_size: 8388608.
 - enlarge_chunks_in_place: 1.
UseCompressedClassPointers 1, UseCompactObjectHeaders 0
Narrow klass pointer bits 32, Max shift 3
Narrow klass base: 0x000000008d000000, Narrow klass shift: 0
Encoding Range: [0x000000008d000000 - 0x000000018d000000), (4294967296 bytes)
Klass Range:    [0x000000008d000000 - 0x00000000ce000000), (1090519040 bytes)
Klass ID Range:  [8 - 1090519033) (1090519025)
Protection zone: [0x000000008d000000 - 0x000000008d010000), (65536 bytes)


Internal statistics:

num_allocs_failed_limit: 0.
num_arena_births: 60.
num_arena_deaths: 0.
num_vsnodes_births: 2.
num_vsnodes_deaths: 0.
num_space_committed: 143.
num_space_uncommitted: 0.
num_chunks_returned_to_freelist: 0.
num_chunks_taken_from_freelist: 350.
num_chunk_merges: 0.
num_chunk_splits: 241.
num_chunks_enlarged: 199.
num_inconsistent_stats: 0.

CodeHeap 'non-profiled nmethods': size=120064Kb used=568Kb max_used=568Kb free=119495Kb
 bounds [0x0000025fbd070000, 0x0000025fbd2e0000, 0x0000025fc45b0000]
CodeHeap 'profiled nmethods': size=120064Kb used=2797Kb max_used=2797Kb free=117266Kb
 bounds [0x0000025fb5590000, 0x0000025fb5850000, 0x0000025fbcad0000]
CodeHeap 'non-nmethods': size=5760Kb used=1373Kb max_used=1401Kb free=4386Kb
 bounds [0x0000025fbcad0000, 0x0000025fbcd40000, 0x0000025fbd070000]
CodeCache: size=245888Kb, used=4738Kb, max_used=4766Kb, free=241147Kb
 total_blobs=2378, nmethods=1891, adapters=390, full_count=0
Compilation: enabled, stopped_count=0, restarted_count=0

Compilation events (20 events):
Event: 17.679 Thread 0x0000025fcca54560 nmethod 1867 0x0000025fb5842988 code [0x0000025fb5842a80, 0x0000025fb5842be8]
Event: 17.680 Thread 0x0000025fcca4db00 1868       4       java.lang.String::<init> (98 bytes)
Event: 17.681 Thread 0x0000025fcca54560 1869       3       java.lang.reflect.Proxy::<init> (15 bytes)
Event: 17.681 Thread 0x0000025fcca54560 nmethod 1869 0x0000025fb5842c88 code [0x0000025fb5842d80, 0x0000025fb5843088]
Event: 17.681 Thread 0x0000025fcca54560 1870   !   3       java.lang.reflect.Proxy::newProxyInstance (62 bytes)
Event: 17.682 Thread 0x0000025fcca54560 nmethod 1870 0x0000025fb5843108 code [0x0000025fb5843200, 0x0000025fb5843d60]
Event: 17.683 Thread 0x0000025fcca4db00 nmethod 1868 0x0000025fbd0fd388 code [0x0000025fbd0fd480, 0x0000025fbd0fd9d0]
Event: 17.722 Thread 0x0000025fcca54560 1871       3       java.nio.HeapByteBuffer::<init> (23 bytes)
Event: 17.722 Thread 0x0000025fcca54560 nmethod 1871 0x0000025fb5843d88 code [0x0000025fb5843e80, 0x0000025fb5843ff0]
Event: 17.722 Thread 0x0000025fcca54560 1874       3       java.lang.invoke.LambdaForm$MH/0x000000008e094000::invoke (35 bytes)
Event: 17.722 Thread 0x0000025fcca54560 nmethod 1874 0x0000025fb5844088 code [0x0000025fb5844180, 0x0000025fb58448a0]
Event: 17.722 Thread 0x0000025fcca54560 1872       3       java.util.HashMap::entrySet (27 bytes)
Event: 17.722 Thread 0x0000025fcca54560 nmethod 1872 0x0000025fb5844908 code [0x0000025fb5844a00, 0x0000025fb5844e60]
Event: 17.722 Thread 0x0000025fcca54560 1873       3       java.util.HashMap$EntrySet::iterator (12 bytes)
Event: 17.723 Thread 0x0000025fcca54560 nmethod 1873 0x0000025fb5844e88 code [0x0000025fb5844f80, 0x0000025fb58452e0]
Event: 17.727 Thread 0x0000025fcca54560 1875       3       com.google.inject.TypeLiteral::get (9 bytes)
Event: 17.727 Thread 0x0000025fcca54560 nmethod 1875 0x0000025fb5845308 code [0x0000025fb5845400, 0x0000025fb5845578]
Event: 17.748 Thread 0x0000025fcca4db00 1876       4       java.lang.String::utf8 (269 bytes)
Event: 17.751 Thread 0x0000025fcca54560 1877       3       com.google.inject.internal.DeclaredMembers::getDeclaredFields (52 bytes)
Event: 17.752 Thread 0x0000025fcca54560 nmethod 1877 0x0000025fb5845608 code [0x0000025fb5845700, 0x0000025fb5847170]

GC Heap Usage History (20 events):
Event: 14.326 {heap Before GC invocations=7 (full 0):
 garbage-first heap   total reserved 4157440K, committed 12288K, used 6182K [0x0000000702400000, 0x0000000800000000)
  region size 2M, 1 eden (2M), 1 survivor (2M), 3 old (6M), 0 humongous (0M), 1 free (2M)
}
Event: 14.330 {heap After GC invocations=8 (full 0):
 garbage-first heap   total reserved 4157440K, committed 12288K, used 4263K [0x0000000702400000, 0x0000000800000000)
  region size 2M, 0 eden (0M), 1 survivor (2M), 3 old (6M), 0 humongous (0M), 2 free (4M)
}
Event: 14.578 {heap Before GC invocations=8 (full 0):
 garbage-first heap   total reserved 4157440K, committed 12288K, used 6311K [0x0000000702400000, 0x0000000800000000)
  region size 2M, 1 eden (2M), 1 survivor (2M), 3 old (6M), 0 humongous (0M), 1 free (2M)
}
Event: 14.580 {heap After GC invocations=9 (full 0):
 garbage-first heap   total reserved 4157440K, committed 12288K, used 4341K [0x0000000702400000, 0x0000000800000000)
  region size 2M, 0 eden (0M), 1 survivor (2M), 3 old (6M), 0 humongous (0M), 2 free (4M)
}
Event: 14.595 {heap Before GC invocations=9 (full 0):
 garbage-first heap   total reserved 4157440K, committed 12288K, used 6389K [0x0000000702400000, 0x0000000800000000)
  region size 2M, 1 eden (2M), 1 survivor (2M), 3 old (6M), 0 humongous (0M), 1 free (2M)
}
Event: 14.597 {heap After GC invocations=10 (full 0):
 garbage-first heap   total reserved 4157440K, committed 12288K, used 4414K [0x0000000702400000, 0x0000000800000000)
  region size 2M, 0 eden (0M), 1 survivor (2M), 3 old (6M), 0 humongous (0M), 2 free (4M)
}
Event: 14.613 {heap Before GC invocations=10 (full 0):
 garbage-first heap   total reserved 4157440K, committed 12288K, used 6462K [0x0000000702400000, 0x0000000800000000)
  region size 2M, 1 eden (2M), 1 survivor (2M), 3 old (6M), 0 humongous (0M), 1 free (2M)
}
Event: 14.615 {heap After GC invocations=11 (full 0):
 garbage-first heap   total reserved 4157440K, committed 12288K, used 4474K [0x0000000702400000, 0x0000000800000000)
  region size 2M, 0 eden (0M), 1 survivor (2M), 3 old (6M), 0 humongous (0M), 2 free (4M)
}
Event: 14.777 {heap Before GC invocations=11 (full 0):
 garbage-first heap   total reserved 4157440K, committed 12288K, used 6522K [0x0000000702400000, 0x0000000800000000)
  region size 2M, 1 eden (2M), 1 survivor (2M), 3 old (6M), 0 humongous (0M), 1 free (2M)
}
Event: 14.779 {heap After GC invocations=12 (full 0):
 garbage-first heap   total reserved 4157440K, committed 12288K, used 4525K [0x0000000702400000, 0x0000000800000000)
  region size 2M, 0 eden (0M), 1 survivor (2M), 3 old (6M), 0 humongous (0M), 2 free (4M)
}
Event: 15.028 {heap Before GC invocations=12 (full 0):
 garbage-first heap   total reserved 4157440K, committed 12288K, used 6573K [0x0000000702400000, 0x0000000800000000)
  region size 2M, 1 eden (2M), 1 survivor (2M), 3 old (6M), 0 humongous (0M), 1 free (2M)
}
Event: 15.029 {heap After GC invocations=13 (full 0):
 garbage-first heap   total reserved 4157440K, committed 12288K, used 4583K [0x0000000702400000, 0x0000000800000000)
  region size 2M, 0 eden (0M), 1 survivor (2M), 3 old (6M), 0 humongous (0M), 2 free (4M)
}
Event: 15.095 {heap Before GC invocations=13 (full 0):
 garbage-first heap   total reserved 4157440K, committed 12288K, used 6631K [0x0000000702400000, 0x0000000800000000)
  region size 2M, 1 eden (2M), 1 survivor (2M), 3 old (6M), 0 humongous (0M), 1 free (2M)
}
Event: 15.098 {heap After GC invocations=14 (full 0):
 garbage-first heap   total reserved 4157440K, committed 12288K, used 4771K [0x0000000702400000, 0x0000000800000000)
  region size 2M, 0 eden (0M), 1 survivor (2M), 3 old (6M), 0 humongous (0M), 2 free (4M)
}
Event: 15.167 {heap Before GC invocations=14 (full 0):
 garbage-first heap   total reserved 4157440K, committed 12288K, used 4771K [0x0000000702400000, 0x0000000800000000)
  region size 2M, 1 eden (2M), 1 survivor (2M), 3 old (6M), 0 humongous (0M), 1 free (2M)
}
Event: 15.169 {heap After GC invocations=15 (full 0):
 garbage-first heap   total reserved 4157440K, committed 12288K, used 4833K [0x0000000702400000, 0x0000000800000000)
  region size 2M, 0 eden (0M), 1 survivor (2M), 3 old (6M), 0 humongous (0M), 2 free (4M)
}
Event: 15.220 {heap Before GC invocations=15 (full 0):
 garbage-first heap   total reserved 4157440K, committed 12288K, used 6881K [0x0000000702400000, 0x0000000800000000)
  region size 2M, 1 eden (2M), 1 survivor (2M), 3 old (6M), 0 humongous (0M), 1 free (2M)
}
Event: 15.221 {heap After GC invocations=16 (full 0):
 garbage-first heap   total reserved 4157440K, committed 12288K, used 4841K [0x0000000702400000, 0x0000000800000000)
  region size 2M, 0 eden (0M), 1 survivor (2M), 3 old (6M), 0 humongous (0M), 2 free (4M)
}
Event: 15.348 {heap Before GC invocations=16 (full 0):
 garbage-first heap   total reserved 4157440K, committed 12288K, used 6889K [0x0000000702400000, 0x0000000800000000)
  region size 2M, 1 eden (2M), 1 survivor (2M), 3 old (6M), 0 humongous (0M), 1 free (2M)
}
Event: 15.360 {heap After GC invocations=17 (full 0):
 garbage-first heap   total reserved 4157440K, committed 36864K, used 4925K [0x0000000702400000, 0x0000000800000000)
  region size 2M, 0 eden (0M), 1 survivor (2M), 3 old (6M), 0 humongous (0M), 14 free (28M)
}

Metaspace Usage History (20 events):
Event: 14.326 {metaspace Before GC invocations=7 (full 0):
 Metaspace       used 5459K, committed 5632K, reserved 1114112K
  class space    used 651K, committed 768K, reserved 1048576K
}
Event: 14.330 {metaspace After GC invocations=8 (full 0):
 Metaspace       used 5459K, committed 5632K, reserved 1114112K
  class space    used 651K, committed 768K, reserved 1048576K
}
Event: 14.578 {metaspace Before GC invocations=8 (full 0):
 Metaspace       used 5528K, committed 5760K, reserved 1114112K
  class space    used 665K, committed 768K, reserved 1048576K
}
Event: 14.580 {metaspace After GC invocations=9 (full 0):
 Metaspace       used 5528K, committed 5760K, reserved 1114112K
  class space    used 665K, committed 768K, reserved 1048576K
}
Event: 14.595 {metaspace Before GC invocations=9 (full 0):
 Metaspace       used 5591K, committed 5824K, reserved 1114112K
  class space    used 676K, committed 768K, reserved 1048576K
}
Event: 14.597 {metaspace After GC invocations=10 (full 0):
 Metaspace       used 5591K, committed 5824K, reserved 1114112K
  class space    used 676K, committed 768K, reserved 1048576K
}
Event: 14.613 {metaspace Before GC invocations=10 (full 0):
 Metaspace       used 5672K, committed 5888K, reserved 1114112K
  class space    used 689K, committed 768K, reserved 1048576K
}
Event: 14.615 {metaspace After GC invocations=11 (full 0):
 Metaspace       used 5672K, committed 5888K, reserved 1114112K
  class space    used 689K, committed 768K, reserved 1048576K
}
Event: 14.777 {metaspace Before GC invocations=11 (full 0):
 Metaspace       used 5889K, committed 6080K, reserved 1114112K
  class space    used 716K, committed 832K, reserved 1048576K
}
Event: 14.779 {metaspace After GC invocations=12 (full 0):
 Metaspace       used 5889K, committed 6080K, reserved 1114112K
  class space    used 716K, committed 832K, reserved 1048576K
}
Event: 15.028 {metaspace Before GC invocations=12 (full 0):
 Metaspace       used 6237K, committed 6400K, reserved 1114112K
  class space    used 752K, committed 832K, reserved 1048576K
}
Event: 15.029 {metaspace After GC invocations=13 (full 0):
 Metaspace       used 6237K, committed 6400K, reserved 1114112K
  class space    used 752K, committed 832K, reserved 1048576K
}
Event: 15.095 {metaspace Before GC invocations=13 (full 0):
 Metaspace       used 6467K, committed 6656K, reserved 1114112K
  class space    used 785K, committed 896K, reserved 1048576K
}
Event: 15.098 {metaspace After GC invocations=14 (full 0):
 Metaspace       used 6467K, committed 6656K, reserved 1114112K
  class space    used 785K, committed 896K, reserved 1048576K
}
Event: 15.167 {metaspace Before GC invocations=14 (full 0):
 Metaspace       used 6668K, committed 6848K, reserved 1114112K
  class space    used 804K, committed 896K, reserved 1048576K
}
Event: 15.169 {metaspace After GC invocations=15 (full 0):
 Metaspace       used 6668K, committed 6848K, reserved 1114112K
  class space    used 804K, committed 896K, reserved 1048576K
}
Event: 15.220 {metaspace Before GC invocations=15 (full 0):
 Metaspace       used 6849K, committed 7040K, reserved 1114112K
  class space    used 830K, committed 896K, reserved 1048576K
}
Event: 15.221 {metaspace After GC invocations=16 (full 0):
 Metaspace       used 6849K, committed 7040K, reserved 1114112K
  class space    used 830K, committed 896K, reserved 1048576K
}
Event: 15.348 {metaspace Before GC invocations=16 (full 0):
 Metaspace       used 7032K, committed 7232K, reserved 1114112K
  class space    used 851K, committed 960K, reserved 1048576K
}
Event: 15.360 {metaspace After GC invocations=17 (full 0):
 Metaspace       used 7032K, committed 7232K, reserved 1114112K
  class space    used 851K, committed 960K, reserved 1048576K
}

Dll operation events (14 events):
Event: 0.169 Attempting to load shared library C:\Program Files\Apache NetBeans\jdk\bin\java.dll
Event: 0.170 Loaded shared library C:\Program Files\Apache NetBeans\jdk\bin\java.dll
Event: 0.640 Attempting to load shared library C:\Program Files\Apache NetBeans\jdk\bin\net.dll
Event: 0.729 Loaded shared library C:\Program Files\Apache NetBeans\jdk\bin\net.dll
Event: 0.731 Attempting to load shared library C:\Program Files\Apache NetBeans\jdk\bin\nio.dll
Event: 0.732 Loaded shared library C:\Program Files\Apache NetBeans\jdk\bin\nio.dll
Event: 0.735 Attempting to load shared library C:\Program Files\Apache NetBeans\jdk\bin\zip.dll
Event: 0.736 Loaded shared library C:\Program Files\Apache NetBeans\jdk\bin\zip.dll
Event: 0.944 Attempting to load shared library C:\Program Files\Apache NetBeans\java\maven\lib\jansi-native\Windows\x86_64\jansi.dll
Event: 0.962 Loaded shared library C:\Program Files\Apache NetBeans\java\maven\lib\jansi-native\Windows\x86_64\jansi.dll
Event: 0.975 Attempting to load shared library C:\Program Files\Apache NetBeans\jdk\bin\verify.dll
Event: 0.976 Loaded shared library C:\Program Files\Apache NetBeans\jdk\bin\verify.dll
Event: 4.889 Attempting to load shared library C:\Program Files\Apache NetBeans\jdk\bin\jimage.dll
Event: 4.889 Loaded shared library C:\Program Files\Apache NetBeans\jdk\bin\jimage.dll

Deoptimization events (20 events):
Event: 15.193 Thread 0x0000025faa2477f0 DEOPT PACKING pc=0x0000025fb5790f60 sp=0x000000ee358fe630
Event: 15.193 Thread 0x0000025faa2477f0 DEOPT UNPACKING pc=0x0000025fbcb21a02 sp=0x000000ee358fdaa0 mode 0
Event: 15.198 Thread 0x0000025faa2477f0 DEOPT PACKING pc=0x0000025fb5790f60 sp=0x000000ee358fe630
Event: 15.198 Thread 0x0000025faa2477f0 DEOPT UNPACKING pc=0x0000025fbcb21a02 sp=0x000000ee358fdaa0 mode 0
Event: 15.515 Thread 0x0000025faa2477f0 Uncommon trap: trap_request=0xffffffde fr.pc=0x0000025fbd0f4784 relative=0x0000000000000104
Event: 15.515 Thread 0x0000025faa2477f0 Uncommon trap: reason=class_check action=maybe_recompile pc=0x0000025fbd0f4784 method=jdk.internal.misc.Unsafe.allocateUninitializedArray(Ljava/lang/Class;I)Ljava/lang/Object; @ 51 c2
Event: 15.515 Thread 0x0000025faa2477f0 DEOPT PACKING pc=0x0000025fbd0f4784 sp=0x000000ee358fe020
Event: 15.515 Thread 0x0000025faa2477f0 DEOPT UNPACKING pc=0x0000025fbcb67202 sp=0x000000ee358fdf98 mode 2
Event: 15.515 Thread 0x0000025faa2477f0 Uncommon trap: trap_request=0xffffffde fr.pc=0x0000025fbd0f4784 relative=0x0000000000000104
Event: 15.515 Thread 0x0000025faa2477f0 Uncommon trap: reason=class_check action=maybe_recompile pc=0x0000025fbd0f4784 method=jdk.internal.misc.Unsafe.allocateUninitializedArray(Ljava/lang/Class;I)Ljava/lang/Object; @ 51 c2
Event: 15.515 Thread 0x0000025faa2477f0 DEOPT PACKING pc=0x0000025fbd0f4784 sp=0x000000ee358fe0d0
Event: 15.515 Thread 0x0000025faa2477f0 DEOPT UNPACKING pc=0x0000025fbcb67202 sp=0x000000ee358fe048 mode 2
Event: 15.515 Thread 0x0000025faa2477f0 Uncommon trap: trap_request=0xffffffde fr.pc=0x0000025fbd0f4784 relative=0x0000000000000104
Event: 15.515 Thread 0x0000025faa2477f0 Uncommon trap: reason=class_check action=maybe_recompile pc=0x0000025fbd0f4784 method=jdk.internal.misc.Unsafe.allocateUninitializedArray(Ljava/lang/Class;I)Ljava/lang/Object; @ 51 c2
Event: 15.515 Thread 0x0000025faa2477f0 DEOPT PACKING pc=0x0000025fbd0f4784 sp=0x000000ee358fdb80
Event: 15.515 Thread 0x0000025faa2477f0 DEOPT UNPACKING pc=0x0000025fbcb67202 sp=0x000000ee358fdaf8 mode 2
Event: 15.516 Thread 0x0000025faa2477f0 Uncommon trap: trap_request=0xffffffde fr.pc=0x0000025fbd0f4784 relative=0x0000000000000104
Event: 15.516 Thread 0x0000025faa2477f0 Uncommon trap: reason=class_check action=maybe_recompile pc=0x0000025fbd0f4784 method=jdk.internal.misc.Unsafe.allocateUninitializedArray(Ljava/lang/Class;I)Ljava/lang/Object; @ 51 c2
Event: 15.516 Thread 0x0000025faa2477f0 DEOPT PACKING pc=0x0000025fbd0f4784 sp=0x000000ee358fdde0
Event: 15.516 Thread 0x0000025faa2477f0 DEOPT UNPACKING pc=0x0000025fbcb67202 sp=0x000000ee358fdd58 mode 2

Classes loaded (20 events):
Event: 15.252 Loading class java/lang/Deprecated
Event: 15.252 Loading class java/lang/Deprecated done
Event: 15.459 Loading class java/lang/invoke/MethodHandle$1
Event: 15.459 Loading class java/lang/invoke/MethodHandle$1 done
Event: 15.517 Loading class sun/reflect/generics/tree/BottomSignature
Event: 15.517 Loading class sun/reflect/generics/tree/BottomSignature done
Event: 15.517 Loading class sun/reflect/generics/tree/Wildcard
Event: 15.517 Loading class sun/reflect/generics/tree/Wildcard done
Event: 15.517 Loading class sun/reflect/generics/reflectiveObjects/WildcardTypeImpl
Event: 15.517 Loading class sun/reflect/generics/reflectiveObjects/WildcardTypeImpl done
Event: 15.517 Loading class sun/reflect/annotation/AnnotatedTypeFactory$AnnotatedParameterizedTypeImpl
Event: 15.517 Loading class java/lang/reflect/AnnotatedParameterizedType
Event: 15.517 Loading class java/lang/reflect/AnnotatedParameterizedType done
Event: 15.517 Loading class sun/reflect/annotation/AnnotatedTypeFactory$AnnotatedParameterizedTypeImpl done
Event: 15.809 Loading class java/util/EventObject
Event: 15.809 Loading class java/util/EventObject done
Event: 16.992 Loading class java/security/NoSuchAlgorithmException
Event: 16.992 Loading class java/security/GeneralSecurityException
Event: 16.992 Loading class java/security/GeneralSecurityException done
Event: 16.992 Loading class java/security/NoSuchAlgorithmException done

Classes unloaded (0 events):
No events

Classes redefined (0 events):
No events

Internal exceptions (20 events):
Event: 0.974 Thread 0x0000025faa2477f0 Exception <a 'sun/nio/fs/WindowsException'{0x00000007029f4a10}> (0x00000007029f4a10) 
thrown [s\src\hotspot\share\prims\jni.cpp, line 514]
Event: 0.974 Thread 0x0000025faa2477f0 Exception <a 'sun/nio/fs/WindowsException'{0x00000007029f5048}> (0x00000007029f5048) 
thrown [s\src\hotspot\share\prims\jni.cpp, line 514]
Event: 0.974 Thread 0x0000025faa2477f0 Exception <a 'sun/nio/fs/WindowsException'{0x00000007029f5630}> (0x00000007029f5630) 
thrown [s\src\hotspot\share\prims\jni.cpp, line 514]
Event: 0.974 Thread 0x0000025faa2477f0 Exception <a 'sun/nio/fs/WindowsException'{0x00000007029f5ba0}> (0x00000007029f5ba0) 
thrown [s\src\hotspot\share\prims\jni.cpp, line 514]
Event: 0.974 Thread 0x0000025faa2477f0 Exception <a 'sun/nio/fs/WindowsException'{0x00000007029f60f0}> (0x00000007029f60f0) 
thrown [s\src\hotspot\share\prims\jni.cpp, line 514]
Event: 0.974 Thread 0x0000025faa2477f0 Exception <a 'sun/nio/fs/WindowsException'{0x00000007029f65e0}> (0x00000007029f65e0) 
thrown [s\src\hotspot\share\prims\jni.cpp, line 514]
Event: 0.975 Thread 0x0000025faa2477f0 Exception <a 'sun/nio/fs/WindowsException'{0x00000007029f6a88}> (0x00000007029f6a88) 
thrown [s\src\hotspot\share\prims\jni.cpp, line 514]
Event: 4.859 Thread 0x0000025faa2477f0 Exception <a 'java/lang/NoSuchMethodError'{0x0000000702a312c0}: 'void java.lang.invoke.DirectMethodHandle$Holder.invokeVirtual(java.lang.Object, java.lang.Object)'> (0x0000000702a312c0) 
thrown [s\src\hotspot\share\interpreter\linkResolver.cpp, line 804]
Event: 4.868 Thread 0x0000025faa2477f0 Exception <a 'java/lang/NoSuchMethodError'{0x0000000702a52c78}: 'void java.lang.invoke.DirectMethodHandle$Holder.invokeStatic(java.lang.Object, java.lang.Object)'> (0x0000000702a52c78) 
thrown [s\src\hotspot\share\interpreter\linkResolver.cpp, line 804]
Event: 4.869 Thread 0x0000025faa2477f0 Exception <a 'java/lang/NoSuchMethodError'{0x0000000702a5ac60}: 'void java.lang.invoke.DirectMethodHandle$Holder.invokeStaticInit(java.lang.Object, java.lang.Object)'> (0x0000000702a5ac60) 
thrown [s\src\hotspot\share\interpreter\linkResolver.cpp, line 804]
Event: 4.877 Thread 0x0000025faa2477f0 Exception <a 'java/lang/NoSuchMethodError'{0x0000000702a927f8}: 'void java.lang.invoke.DirectMethodHandle$Holder.invokeSpecial(java.lang.Object, java.lang.Object, java.lang.Object, java.lang.Object, java.lang.Object)'> (0x0000000702a927f8) 
thrown [s\src\hotspot\share\interpreter\linkResolver.cpp, line 804]
Event: 4.886 Thread 0x0000025faa2477f0 Exception <a 'java/lang/NoSuchMethodError'{0x0000000702ad3b38}: 'void java.lang.invoke.DirectMethodHandle$Holder.invokeStatic(java.lang.Object, java.lang.Object, java.lang.Object)'> (0x0000000702ad3b38) 
thrown [s\src\hotspot\share\interpreter\linkResolver.cpp, line 804]
Event: 5.896 Thread 0x0000025faa2477f0 Exception <a 'java/lang/NoSuchMethodError'{0x0000000702a6c098}: 'java.lang.Object java.lang.invoke.DirectMethodHandle$Holder.invokeSpecialIFC(java.lang.Object, java.lang.Object, java.lang.Object, java.lang.Object)'> (0x0000000702a6c098) 
thrown [s\src\hotspot\share\interpreter\linkResolver.cpp, line 804]
Event: 13.923 Thread 0x0000025faa2477f0 Exception <a 'java/lang/NoSuchMethodError'{0x0000000702bbb658}: 'void java.lang.invoke.DirectMethodHandle$Holder.invokeSpecial(java.lang.Object, java.lang.Object, java.lang.Object)'> (0x0000000702bbb658) 
thrown [s\src\hotspot\share\interpreter\linkResolver.cpp, line 804]
Event: 14.027 Thread 0x0000025faa2477f0 Exception <a 'java/lang/NoSuchMethodError'{0x0000000702b6d3e8}: 'java.lang.Object java.lang.invoke.DirectMethodHandle$Holder.invokeInterface(java.lang.Object, java.lang.Object)'> (0x0000000702b6d3e8) 
thrown [s\src\hotspot\share\interpreter\linkResolver.cpp, line 804]
Event: 14.047 Thread 0x0000025faa2477f0 Exception <a 'java/lang/NoSuchMethodError'{0x0000000702a19788}: 'int java.lang.invoke.DirectMethodHandle$Holder.invokeStatic(java.lang.Object, java.lang.Object, java.lang.Object, java.lang.Object)'> (0x0000000702a19788) 
thrown [s\src\hotspot\share\interpreter\linkResolver.cpp, line 804]
Event: 14.050 Thread 0x0000025faa2477f0 Exception <a 'java/lang/NoSuchMethodError'{0x0000000702a42fa8}: 'int java.lang.invoke.DirectMethodHandle$Holder.invokeSpecialIFC(java.lang.Object, java.lang.Object, java.lang.Object, java.lang.Object, java.lang.Object)'> (0x0000000702a42fa8) 
thrown [s\src\hotspot\share\interpreter\linkResolver.cpp, line 804]
Event: 14.096 Thread 0x0000025faa2477f0 Exception <a 'java/lang/NoSuchMethodError'{0x0000000702b90a58}: 'java.lang.Object java.lang.invoke.DirectMethodHandle$Holder.newInvokeSpecial(java.lang.Object, java.lang.Object, java.lang.Object, java.lang.Object, java.lang.Object)'> (0x0000000702b90a58) 
thrown [s\src\hotspot\share\interpreter\linkResolver.cpp, line 804]
Event: 14.150 Thread 0x0000025faa2477f0 Exception <a 'java/lang/NoSuchMethodError'{0x0000000702aace00}: 'int java.lang.invoke.DirectMethodHandle$Holder.invokeStaticInit(java.lang.Object, java.lang.Object)'> (0x0000000702aace00) 
thrown [s\src\hotspot\share\interpreter\linkResolver.cpp, line 804]
Event: 14.156 Thread 0x0000025faa2477f0 Exception <a 'java/lang/NoClassDefFoundError'{0x0000000702ae7b08}: javax/enterprise/inject/Typed> (0x0000000702ae7b08) 
thrown [s\src\hotspot\share\classfile\systemDictionary.cpp, line 318]

VM Operations (20 events):
Event: 14.595 Executing safepoint VM operation: G1CollectForAllocation (G1 Evacuation Pause)
Event: 14.597 Executing safepoint VM operation: G1CollectForAllocation (G1 Evacuation Pause) done
Event: 14.613 Executing safepoint VM operation: G1CollectForAllocation (G1 Evacuation Pause)
Event: 14.615 Executing safepoint VM operation: G1CollectForAllocation (G1 Evacuation Pause) done
Event: 14.777 Executing safepoint VM operation: G1CollectForAllocation (G1 Evacuation Pause)
Event: 14.779 Executing safepoint VM operation: G1CollectForAllocation (G1 Evacuation Pause) done
Event: 15.028 Executing safepoint VM operation: G1CollectForAllocation (G1 Evacuation Pause)
Event: 15.029 Executing safepoint VM operation: G1CollectForAllocation (G1 Evacuation Pause) done
Event: 15.095 Executing safepoint VM operation: G1CollectForAllocation (G1 Evacuation Pause)
Event: 15.098 Executing safepoint VM operation: G1CollectForAllocation (G1 Evacuation Pause) done
Event: 15.167 Executing safepoint VM operation: G1CollectForAllocation (G1 Evacuation Pause)
Event: 15.169 Executing safepoint VM operation: G1CollectForAllocation (G1 Evacuation Pause) done
Event: 15.220 Executing safepoint VM operation: G1CollectForAllocation (G1 Evacuation Pause)
Event: 15.221 Executing safepoint VM operation: G1CollectForAllocation (G1 Evacuation Pause) done
Event: 15.348 Executing safepoint VM operation: G1CollectForAllocation (G1 Evacuation Pause)
Event: 15.360 Executing safepoint VM operation: G1CollectForAllocation (G1 Evacuation Pause) done
Event: 15.573 Executing non-safepoint VM operation: HandshakeAllThreads (Deoptimize)
Event: 15.573 Executing non-safepoint VM operation: HandshakeAllThreads (Deoptimize) done
Event: 15.928 Executing non-safepoint VM operation: HandshakeAllThreads (Deoptimize)
Event: 15.928 Executing non-safepoint VM operation: HandshakeAllThreads (Deoptimize) done

Memory protections (0 events):
No events

Nmethod flushes (0 events):
No events

Events (20 events):
Event: 0.603 Thread 0x0000025faa2477f0 Thread added: 0x0000025fcca3de80
Event: 0.603 Thread 0x0000025faa2477f0 Thread added: 0x0000025fcca3e8d0
Event: 0.603 Thread 0x0000025faa2477f0 Thread added: 0x0000025fcca45ce0
Event: 0.603 Thread 0x0000025faa2477f0 Thread added: 0x0000025fcca46890
Event: 0.603 Thread 0x0000025faa2477f0 Thread added: 0x0000025fcca48450
Event: 0.603 Thread 0x0000025faa2477f0 Thread added: 0x0000025fcca4cc10
Event: 0.603 Thread 0x0000025faa2477f0 Thread added: 0x0000025fcca4db00
Event: 0.604 Thread 0x0000025faa2477f0 Thread added: 0x0000025fcca54560
Event: 0.613 Thread 0x0000025faa2477f0 Thread added: 0x0000025fcca9b700
Event: 0.623 Thread 0x0000025faa2477f0 Thread added: 0x0000025fccaada50
Event: 0.782 Thread 0x0000025fcca4db00 Thread added: 0x0000025fd11d69b0
Event: 0.843 Thread 0x0000025faa2477f0 Thread added: 0x0000025fd13512f0
Event: 0.942 Thread 0x0000025fd11d69b0 Thread exited: 0x0000025fd11d69b0
Event: 13.349 Thread 0x0000025fd13512f0 Thread exited: 0x0000025fd13512f0
Event: 14.168 Thread 0x0000025fcca54560 Thread added: 0x0000025fd1707c90
Event: 14.390 Thread 0x0000025fcca54560 Thread added: 0x0000025fd199e480
Event: 14.740 Thread 0x0000025fd199e480 Thread exited: 0x0000025fd199e480
Event: 14.740 Thread 0x0000025fd1707c90 Thread exited: 0x0000025fd1707c90
Event: 15.399 Thread 0x0000025fcca54560 Thread added: 0x0000025fd1ec3200
Event: 15.756 Thread 0x0000025fd1ec3200 Thread exited: 0x0000025fd1ec3200


Dynamic libraries:
0x00007ff623720000 - 0x00007ff62372e000 	C:\Program Files\Apache NetBeans\jdk\bin\java.exe
0x00007ff832b60000 - 0x00007ff832dc6000 	C:\WINDOWS\SYSTEM32\ntdll.dll
0x00007ff831820000 - 0x00007ff8318e9000 	C:\WINDOWS\System32\KERNEL32.DLL
0x00007ff82fd80000 - 0x00007ff83017e000 	C:\WINDOWS\System32\KERNELBASE.dll
0x00007ff82cc20000 - 0x00007ff82ccc0000 	C:\WINDOWS\SYSTEM32\apphelp.dll
0x00007ff830670000 - 0x00007ff8307bc000 	C:\WINDOWS\System32\ucrtbase.dll
0x00007ff805820000 - 0x00007ff805837000 	C:\Program Files\Apache NetBeans\jdk\bin\jli.dll
0x00007ff806240000 - 0x00007ff80625e000 	C:\Program Files\Apache NetBeans\jdk\bin\VCRUNTIME140.dll
0x00007ff8315a0000 - 0x00007ff831767000 	C:\WINDOWS\System32\USER32.dll
0x00007ff830440000 - 0x00007ff830467000 	C:\WINDOWS\System32\win32u.dll
0x00007ff8312b0000 - 0x00007ff8312db000 	C:\WINDOWS\System32\GDI32.dll
0x00007ff830190000 - 0x00007ff8302ba000 	C:\WINDOWS\System32\gdi32full.dll
0x00007ff815670000 - 0x00007ff815902000 	C:\WINDOWS\WinSxS\amd64_microsoft.windows.common-controls_6595b64144ccf1df_6.0.26100.8875_none_3e0d5d42e32fe9dd\COMCTL32.dll
0x00007ff830470000 - 0x00007ff830513000 	C:\WINDOWS\System32\msvcp_win.dll
0x00007ff831770000 - 0x00007ff831819000 	C:\WINDOWS\System32\msvcrt.dll
0x00007ff8323e0000 - 0x00007ff832412000 	C:\WINDOWS\System32\IMM32.DLL
0x000000005b940000 - 0x000000005b94d000 	C:\Program Files (x86)\360\Total Security\safemon\SafeWrapper.dll
0x00007ff832960000 - 0x00007ff832a17000 	C:\WINDOWS\System32\ADVAPI32.dll
0x00007ff830890000 - 0x00007ff83093a000 	C:\WINDOWS\System32\sechost.dll
0x00007ff830b50000 - 0x00007ff830c68000 	C:\WINDOWS\System32\RPCRT4.dll
0x00007ff8296f0000 - 0x00007ff8297f5000 	C:\Program Files (x86)\360\Total Security\safemon\libzdtp64.dll
0x00007ff831aa0000 - 0x00007ff832232000 	C:\WINDOWS\System32\SHELL32.dll
0x00007ff8319f0000 - 0x00007ff831a57000 	C:\WINDOWS\System32\SHLWAPI.dll
0x00007ff82f7c0000 - 0x00007ff82f7cb000 	C:\WINDOWS\SYSTEM32\VERSION.dll
0x00007ff82ae80000 - 0x00007ff82ae8c000 	C:\Program Files\Apache NetBeans\jdk\bin\vcruntime140_1.dll
0x00007fffb1950000 - 0x00007fffb19dd000 	C:\Program Files\Apache NetBeans\jdk\bin\msvcp140.dll
0x00007fff8c260000 - 0x00007fff8d1f9000 	C:\Program Files\Apache NetBeans\jdk\bin\server\jvm.dll
0x00007ff832440000 - 0x00007ff8324c0000 	C:\WINDOWS\System32\WS2_32.dll
0x00007ff82fbe0000 - 0x00007ff82fc3e000 	C:\WINDOWS\SYSTEM32\POWRPROF.dll
0x00007ff821b50000 - 0x00007ff821b86000 	C:\WINDOWS\SYSTEM32\WINMM.dll
0x00007ff82fbc0000 - 0x00007ff82fbd4000 	C:\WINDOWS\SYSTEM32\UMPDC.dll
0x00007ff82e9e0000 - 0x00007ff82e9fb000 	C:\WINDOWS\SYSTEM32\kernel.appcore.dll
0x00007ff8186a0000 - 0x00007ff8186aa000 	C:\Program Files\Apache NetBeans\jdk\bin\jimage.dll
0x00007ff81fc20000 - 0x00007ff81fe62000 	C:\WINDOWS\SYSTEM32\DBGHELP.DLL
0x00007ff830f20000 - 0x00007ff8312a3000 	C:\WINDOWS\System32\combase.dll
0x00007ff8314c0000 - 0x00007ff831599000 	C:\WINDOWS\System32\OLEAUT32.dll
0x00007ff816360000 - 0x00007ff81639b000 	C:\WINDOWS\SYSTEM32\dbgcore.DLL
0x00007ff8307d0000 - 0x00007ff83087c000 	C:\WINDOWS\System32\bcryptPrimitives.dll
0x00007ff805a80000 - 0x00007ff805a9e000 	C:\Program Files\Apache NetBeans\jdk\bin\java.dll
0x00007ff832240000 - 0x00007ff8323d9000 	C:\WINDOWS\System32\ole32.dll
0x00007ff82d7e0000 - 0x00007ff82e072000 	C:\WINDOWS\SYSTEM32\windows.storage.dll
0x00007ff8318f0000 - 0x00007ff8319e7000 	C:\WINDOWS\System32\SHCORE.dll
0x00007ff82fca0000 - 0x00007ff82fcc9000 	C:\WINDOWS\SYSTEM32\profapi.dll
0x00007ff800060000 - 0x00007ff800071000 	C:\Program Files\Apache NetBeans\jdk\bin\net.dll
0x00007ff82ef90000 - 0x00007ff82effc000 	C:\WINDOWS\system32\mswsock.dll
0x00007ffffa340000 - 0x00007ffffa356000 	C:\Program Files\Apache NetBeans\jdk\bin\nio.dll
0x00007ff8016f0000 - 0x00007ff801707000 	C:\Program Files\Apache NetBeans\jdk\bin\zip.dll
0x00007ffff5920000 - 0x00007ffff5944000 	C:\Program Files\Apache NetBeans\java\maven\lib\jansi-native\Windows\x86_64\jansi.dll
0x00007ff814b00000 - 0x00007ff814b10000 	C:\Program Files\Apache NetBeans\jdk\bin\verify.dll

JVMTI agents: none

dbghelp: loaded successfully - version: 4.0.5 - missing functions: none
symbol engine: initialized successfully - sym options: 0x614 - pdb path: .;C:\Program Files\Apache NetBeans\jdk\bin;C:\WINDOWS\SYSTEM32;C:\WINDOWS\WinSxS\amd64_microsoft.windows.common-controls_6595b64144ccf1df_6.0.26100.8875_none_3e0d5d42e32fe9dd;C:\Program Files (x86)\360\Total Security\safemon;C:\Program Files\Apache NetBeans\jdk\bin\server;C:\Program Files\Apache NetBeans\java\maven\lib\jansi-native\Windows\x86_64

VM Arguments:
jvm_args: --enable-native-access=ALL-UNNAMED -Dclassworlds.conf=C:\Program Files\Apache NetBeans\java\maven\bin\m2.conf -Dmaven.home=C:\Program Files\Apache NetBeans\java\maven -Dlibrary.jansi.path=C:\Program Files\Apache NetBeans\java\maven\lib\jansi-native -Dmaven.multiModuleProjectDirectory=C:\Users\DVDSTORE\Desktop\LeetCode\ArrayList\ArrayList 
java_command: org.codehaus.plexus.classworlds.launcher.Launcher -Dexec.vmArgs= -Dexec.args=${exec.vmArgs} -classpath %classpath ${exec.mainClass} ${exec.appArgs} -Dexec.appArgs= -Dexec.mainClass=com.mycompany.arraylist.Driver -Dexec.executable=C:\Program Files\Apache NetBeans\jdk\bin\java.exe -Dmaven.ext.class.path=C:\Program Files\Apache NetBeans\java\maven-nblib\netbeans-eventspy.jar --no-transfer-progress process-classes org.codehaus.mojo:exec-maven-plugin:3.5.1:exec
java_class_path (initial): C:\Program Files\Apache NetBeans\java\maven\boot\plexus-classworlds-2.9.0.jar
Launcher Type: SUN_STANDARD

[Global flags]
     bool AOTAdapterCaching                        = false                                  {diagnostic} {ergonomic}
     bool AOTInvokeDynamicLinking                  = false                                  {diagnostic} {ergonomic}
     bool AOTRecordTraining                        = false                                  {diagnostic} {ergonomic}
     bool AOTReplayTraining                        = false                                  {diagnostic} {ergonomic}
     bool AOTStubCaching                           = false                                  {diagnostic} {ergonomic}
     intx CICompilerCount                          = 4                                         {product} {ergonomic}
     uint ConcGCThreads                            = 3                                         {product} {ergonomic}
     uint G1ConcRefinementThreads                  = 10                                        {product} {ergonomic}
     uint G1EagerReclaimRemSetThreshold            = 16                                   {experimental} {ergonomic}
   size_t G1HeapRegionSize                         = 2097152                                   {product} {ergonomic}
     uint G1RemSetArrayOfCardsEntries              = 16                                   {experimental} {ergonomic}
     uint G1RemSetHowlMaxNumBuckets                = 8                                    {experimental} {ergonomic}
     uint G1RemSetHowlNumBuckets                   = 8                                    {experimental} {ergonomic}
   size_t InitialHeapSize                          = 8388608                                   {product} {ergonomic}
     bool IntelJccErratumMitigation                = false                             {ARCH diagnostic} {ergonomic}
   size_t MarkStackSize                            = 4194304                                   {product} {ergonomic}
   size_t MarkStackSizeMax                         = 536870912                                 {product} {ergonomic}
   size_t MaxHeapSize                              = 4257218560                                {product} {ergonomic}
   size_t MaxNewSize                               = 2554331136                                {product} {ergonomic}
 uint64_t MaxRAM                                   = 17026142208                               {product} {ergonomic}
   size_t MinHeapDeltaBytes                        = 2097152                                   {product} {ergonomic}
   size_t MinHeapSize                              = 8388608                                   {product} {ergonomic}
   size_t NonNMethodCodeHeapSize                   = 5898240                                {pd product} {ergonomic}
   size_t NonProfiledCodeHeapSize                  = 122945536                              {pd product} {ergonomic}
   size_t ProfiledCodeHeapSize                     = 122945536                              {pd product} {ergonomic}
   size_t ReservedCodeCacheSize                    = 251789312                              {pd product} {ergonomic}
     bool SegmentedCodeCache                       = true                                      {product} {ergonomic}
   size_t SoftMaxHeapSize                          = 4257218560                             {manageable} {ergonomic}
     bool UseCompressedOops                        = true                           {product lp64_product} {ergonomic}
     bool UseCondCardMark                          = true                                      {product} {ergonomic}
     bool UseFastUnorderedTimeStamps               = true                                 {experimental} {ergonomic}
     bool UseG1GC                                  = true                                      {product} {ergonomic}
     bool UseLargePagesIndividualAllocation        = false                                  {pd product} {ergonomic}
      int X86ICacheSync                            = 3                                 {ARCH diagnostic} {ergonomic}

Logging:
Log output configuration:
 #0: stdout all=warning uptime,level,tags foldmultilines=false
 #1: stderr all=off uptime,level,tags foldmultilines=false

Release file:
IMPLEMENTOR="Eclipse Adoptium" 
IMPLEMENTOR_VERSION="Temurin-26.0.1+8" 
JAVA_RUNTIME_VERSION="26.0.1+8" 
JAVA_VERSION="26.0.1" 
JAVA_VERSION_DATE="2026-04-21" 
LIBC="default" 
MODULES="java.base java.compiler java.datatransfer java.xml java.prefs java.desktop java.instrument java.logging java.management java.security.sasl java.naming java.rmi java.management.rmi java.net.http java.scripting java.security.jgss java.transaction.xa java.sql java.sql.rowset java.xml.crypto java.se java.smartcardio jdk.accessibility jdk.internal.jvmstat jdk.attach jdk.charsets jdk.internal.opt jdk.zipfs jdk.compiler jdk.crypto.cryptoki jdk.crypto.ec jdk.crypto.mscapi jdk.dynalink jdk.internal.ed jdk.editpad jdk.internal.vm.ci jdk.graal.compiler jdk.graal.compiler.management jdk.hotspot.agent jdk.httpserver jdk.incubator.vector jdk.internal.le jdk.internal.md jdk.jartool jdk.javadoc jdk.jcmd jdk.management jdk.management.agent jdk.jconsole jdk.jdeps jdk.jdwp.agent jdk.jdi jdk.jfr jdk.jlink jdk.jpackage jdk.jshell jdk.jstatd jdk.localedata jdk.management.jfr jdk.naming.dns jdk.naming.rmi jdk.net jdk.nio.mapmode jdk.sctp jdk.security.auth jdk.security.jgss jdk.unsupported jdk.unsupported.desktop jdk.xml.dom" 
OS_ARCH="x86_64" 
OS_NAME="Windows" 
SOURCE=".:git:1cafccec39fb" 
BUILD_SOURCE="git:a612825ee82a20ac872d60958c349854c1f29a8e"
BUILD_SOURCE_REPO="https://github.com/adoptium/temurin-build.git"
SOURCE_REPO="https://github.com/adoptium/jdk26u.git"
FULL_VERSION="26.0.1+8"
SEMANTIC_VERSION="26.0.1+8"
BUILD_INFO="OS: Windows Server 2022 Version: 10.0"
JVM_VARIANT="Hotspot"
JVM_VERSION="26.0.1+8"
IMAGE_TYPE="JDK"

Environment Variables:
JAVA_HOME=C:\Program Files\Apache NetBeans\jdk
PATH=C:\Program Files (x86)\Common Files\Oracle\Java\javapath;C:\WINDOWS\system32;C:\WINDOWS;C:\WINDOWS\System32\Wbem;C:\WINDOWS\System32\WindowsPowerShell\v1.0\;C:\WINDOWS\System32\OpenSSH\;C:\Program Files (x86)\NVIDIA Corporation\PhysX\Common;C:\Program Files\NVIDIA Corporation\NVIDIA NvDLISR;C:\Program Files\dotnet\;C:\Program Files\Git\cmd;C:\Users\DVDSTORE\AppData\Local\Microsoft\WindowsApps;C:\Users\DVDSTORE\AppData\Local\Programs\Microsoft VS Code\bin;;C:\Program Files\Apache NetBeans\bin\
USERNAME=DVDSTORE
OS=Windows_NT
PROCESSOR_IDENTIFIER=Intel64 Family 6 Model 151 Stepping 5, GenuineIntel
TMP=C:\Users\DVDSTORE\AppData\Local\Temp
TEMP=C:\Users\DVDSTORE\AppData\Local\Temp




Compilation memory statistics disabled.

Periodic native trim disabled

---------------  S Y S T E M  ---------------

OS:
 Windows 11 , 64 bit Build 26100 (10.0.26100.8875)
OS uptime: 3 days 17:10 hours

CPU: total 12 (initial active 12) (6 cores per cpu, 2 threads per core) family 6 model 151 stepping 5 microcode 0x2d, cx8, cmov, fxsr, ht, mmx, 3dnowpref, sse, sse2, sse3, ssse3, sse4.1, sse4.2, popcnt, lzcnt, tsc, tscinvbit, avx, avx2, aes, erms, clmul, bmi1, bmi2, adx, sha, fma, vzeroupper, clflush, clflushopt, clwb, serialize, rdtscp, rdpid, fsrm, gfni, f16c, pku, cet_ibt, cet_ss
Processor Information for the first 12 processors :
  Max Mhz: 2500, Current Mhz: 2500, Mhz Limit: 2500

Memory: 4k page, system-wide physical 16237M (1443M free)
TotalPageFile size 28525M (AvailPageFile size 219M)
current process WorkingSet (physical memory assigned to process): 81M, peak: 81M
current process commit charge ("private bytes"): 139M, peak: 149M

vm_info: OpenJDK 64-Bit Server VM (26.0.1+8) for windows-amd64 JRE (26.0.1+8), built on 2026-04-21T00:00:00Z with MS VC++ 17.12 (VS2022)

END.
