#
# There is insufficient memory for the Java Runtime Environment to continue.
# Native memory allocation (malloc) failed to allocate 2515480 bytes. Error detail: Chunk::new
# Possible reasons:
#   The system is out of physical RAM or swap space
#   This process is running with CompressedOops enabled, and the Java Heap may be blocking the growth of the native heap
# Possible solutions:
#   Reduce memory load on the system
#   Increase physical memory or swap space
#   Check if swap backing store is full
#   Decrease Java heap size (-Xmx/-Xms)
#   Decrease number of Java threads
#   Decrease Java thread stack sizes (-Xss)
#   Set larger code cache with -XX:ReservedCodeCacheSize=
#   JVM is running with Zero Based Compressed Oops mode in which the Java heap is
#     placed in the first 32GB address space. The Java Heap base address is the
#     maximum limit for the native heap growth. Please use -XX:HeapBaseMinAddress
#     to set the Java Heap base and to place the Java Heap above 32GB virtual address.
# This output file may be truncated or incomplete.
#
#  Out of Memory Error (arena.cpp:193), pid=59168, tid=60684
#
# JRE version: OpenJDK Runtime Environment Temurin-26.0.1+8 (26.0.1+8) (build 26.0.1+8)
# Java VM: OpenJDK 64-Bit Server VM Temurin-26.0.1+8 (26.0.1+8, mixed mode, sharing, tiered, compressed oops, compressed class ptrs, g1 gc, windows-amd64)
# No core dump will be written. Minidumps are not enabled by default on client versions of Windows
#

---------------  S U M M A R Y ------------

Command Line: --enable-native-access=ALL-UNNAMED -Dclassworlds.conf=C:\Program Files\Apache NetBeans\java\maven\bin\m2.conf -Dmaven.home=C:\Program Files\Apache NetBeans\java\maven -Dlibrary.jansi.path=C:\Program Files\Apache NetBeans\java\maven\lib\jansi-native -Dmaven.multiModuleProjectDirectory=C:\Users\DVDSTORE\Desktop\LeetCode\ArrayList\ArrayList org.codehaus.plexus.classworlds.launcher.Launcher -Dexec.vmArgs= -Dexec.args=${exec.vmArgs} -classpath %classpath ${exec.mainClass} ${exec.appArgs} -Dexec.appArgs= -Dexec.mainClass=com.mycompany.arraylist.Driver -Dexec.executable=C:\Program Files\Apache NetBeans\jdk\bin\java.exe -Dmaven.ext.class.path=C:\Program Files\Apache NetBeans\java\maven-nblib\netbeans-eventspy.jar --no-transfer-progress process-classes org.codehaus.mojo:exec-maven-plugin:3.5.1:exec

Host: 12th Gen Intel(R) Core(TM) i5-12400F, 12 cores, 15G,  Windows 11 , 64 bit Build 26100 (10.0.26100.8875)
Time: Wed Aug 19 09:14:25 2026 Egypt Daylight Time elapsed time: 2.297581 seconds (0d 0h 0m 2s)

---------------  T H R E A D  ---------------

Current thread (0x000001a647c04230):  JavaThread "C2 CompilerThread0" daemon [_thread_in_native, id=60684, stack(0x0000000ddc800000,0x0000000ddc900000) (1024K)]


Current CompileTask:
C2:2297  512       4       java.lang.StringLatin1::replace (197 bytes)

Stack: [0x0000000ddc800000,0x0000000ddc900000]
Native frames: (J=compiled Java code, j=interpreted, Vv=VM code, C=native code)
V  [jvm.dll+0x7db749]  (no source info available)
V  [jvm.dll+0x7a82bd]  (no source info available)
V  [jvm.dll+0xa44a60]  (no source info available)
V  [jvm.dll+0xa46eb1]  (no source info available)
V  [jvm.dll+0xa475c3]  (no source info available)
V  [jvm.dll+0x311a96]  (no source info available)
V  [jvm.dll+0x120316]  (no source info available)
V  [jvm.dll+0x12063e]  (no source info available)
V  [jvm.dll+0x1b2836]  (no source info available)
V  [jvm.dll+0x3ce802]  (no source info available)
V  [jvm.dll+0x7e430f]  (no source info available)
V  [jvm.dll+0x2d4597]  (no source info available)
V  [jvm.dll+0x2d350f]  (no source info available)
V  [jvm.dll+0x249670]  (no source info available)
V  [jvm.dll+0x2e363c]  (no source info available)
V  [jvm.dll+0x2e181d]  (no source info available)
V  [jvm.dll+0x4a82ae]  (no source info available)
V  [jvm.dll+0x9e3039]  (no source info available)
V  [jvm.dll+0x7dd228]  (no source info available)
C  [ucrtbase.dll+0x2cd30]  (no source info available)
C  [KERNEL32.DLL+0x2e957]  (no source info available)
C  [ntdll.dll+0xaad6c]  (no source info available)

Lock stack of current Java thread (top to bottom):


---------------  P R O C E S S  ---------------

Threads class SMR info:
_java_thread_list=0x000001a648f27020, length=13, elements={
0x000001a62566a420, 0x000001a647bba490, 0x000001a647bbe400, 0x000001a647bc26d0,
0x000001a647bc5290, 0x000001a647bc6e50, 0x000001a647bcf1e0, 0x000001a647c04230,
0x000001a647c0e320, 0x000001a6483e39f0, 0x000001a6483e7e40, 0x000001a648915a90,
0x000001a648f43d20
}

Java Threads: ( => current thread )
  0x000001a62566a420 JavaThread "main"                              [_thread_blocked, id=56596, stack(0x0000000ddb900000,0x0000000ddba00000) (1024K)]
  0x000001a647bba490 JavaThread "Reference Handler"          daemon [_thread_blocked, id=60732, stack(0x0000000ddc200000,0x0000000ddc300000) (1024K)]
  0x000001a647bbe400 JavaThread "Finalizer"                  daemon [_thread_blocked, id=60832, stack(0x0000000ddc300000,0x0000000ddc400000) (1024K)]
  0x000001a647bc26d0 JavaThread "Signal Dispatcher"          daemon [_thread_blocked, id=60844, stack(0x0000000ddc400000,0x0000000ddc500000) (1024K)]
  0x000001a647bc5290 JavaThread "Attach Listener"            daemon [_thread_blocked, id=58204, stack(0x0000000ddc500000,0x0000000ddc600000) (1024K)]
  0x000001a647bc6e50 JavaThread "Service Thread"             daemon [_thread_blocked, id=58532, stack(0x0000000ddc600000,0x0000000ddc700000) (1024K)]
  0x000001a647bcf1e0 JavaThread "Monitor Deflation Thread"   daemon [_thread_blocked, id=58524, stack(0x0000000ddc700000,0x0000000ddc800000) (1024K)]
=>0x000001a647c04230 JavaThread "C2 CompilerThread0"         daemon [_thread_in_native, id=60684, stack(0x0000000ddc800000,0x0000000ddc900000) (1024K)]
  0x000001a647c0e320 JavaThread "C1 CompilerThread0"         daemon [_thread_blocked, id=60688, stack(0x0000000ddc900000,0x0000000ddca00000) (1024K)]
  0x000001a6483e39f0 JavaThread "Notification Thread"        daemon [_thread_blocked, id=60808, stack(0x0000000ddca00000,0x0000000ddcb00000) (1024K)]
  0x000001a6483e7e40 JavaThread "Common-Cleaner"             daemon [_thread_blocked, id=60812, stack(0x0000000ddcb00000,0x0000000ddcc00000) (1024K)]
  0x000001a648915a90 JavaThread "C2 CompilerThread1"         daemon [_thread_in_native, id=48788, stack(0x0000000ddcc00000,0x0000000ddcd00000) (1024K)]
  0x000001a648f43d20 JavaThread "C2 CompilerThread2"         daemon [_thread_blocked, id=61120, stack(0x0000000ddcd00000,0x0000000ddce00000) (1024K)]
Total: 13

Other Threads:
  0x000001a647ba6d10 VMThread "VM Thread"                           [id=60724, stack(0x0000000ddc100000,0x0000000ddc200000) (1024K)]
  0x000001a647a6f1e0 WatcherThread "VM Periodic Task Thread"        [id=60720, stack(0x0000000ddc000000,0x0000000ddc100000) (1024K)]
  0x000001a627ab2ad0 WorkerThread "GC Thread#0"                     [id=59668, stack(0x0000000ddba00000,0x0000000ddbb00000) (1024K)]
  0x000001a648958200 WorkerThread "GC Thread#1"                     [id=59996, stack(0x0000000ddce00000,0x0000000ddcf00000) (1024K)]
  0x000001a627acb830 ConcurrentGCThread "G1 Main Marker"            [id=60380, stack(0x0000000ddbb00000,0x0000000ddbc00000) (1024K)]
  0x000001a627acc3b0 WorkerThread "G1 Conc#0"                       [id=60332, stack(0x0000000ddbc00000,0x0000000ddbd00000) (1024K)]
  0x000001a627aec580 WorkerThread "G1 Refinement Workers#0"         [id=56440, stack(0x0000000ddbe00000,0x0000000ddbf00000) (1024K)]
  0x000001a627aea160 ConcurrentGCThread "G1 Refine Control"         [id=24744, stack(0x0000000ddbd00000,0x0000000ddbe00000) (1024K)]
  0x000001a647a62e50 ConcurrentGCThread "G1 Service"                [id=52396, stack(0x0000000ddbf00000,0x0000000ddc000000) (1024K)]
Total: 9

Threads with active compile tasks:
C2 CompilerThread0  2517  512       4       java.lang.StringLatin1::replace (197 bytes)
C2 CompilerThread1  2517  519 %     4       java.lang.StringLatin1::indexOf @ 14 (121 bytes)
Total: 2

VM state: not at safepoint (normal execution)

VM Mutex/Monitor currently owned by a thread:  ([mutex/lock_event])
[0x00007fff8d0ffd08] Heap_lock - owner thread: 0x000001a62566a420

Heap address: 0x0000000702400000, size: 4060 MB, Compressed Oops mode: Zero based, Oop shift amount: 3

CDS archive(s) mapped at: [0x0000000097000000-0x0000000097de0000-0x0000000097de0000), size 14548992, SharedBaseAddress: 0x0000000097000000, ArchiveRelocationMode: 1.
Compressed class space mapped at: 0x0000000098000000-0x00000000d8000000, reserved size: 1073741824
UseCompressedClassPointers 1, UseCompactObjectHeaders 0
Narrow klass pointer bits 32, Max shift 3
Narrow klass base: 0x0000000097000000, Narrow klass shift: 0
Encoding Range: [0x0000000097000000 - 0x0000000197000000), (4294967296 bytes)
Klass Range:    [0x0000000097000000 - 0x00000000d8000000), (1090519040 bytes)
Klass ID Range:  [8 - 1090519033) (1090519025)
Protection zone: [0x0000000097000000 - 0x0000000097010000), (65536 bytes)

GC Precious Log:
 CardTable entry size: 512
 Card Set container configuration: InlinePtr #cards 4 size 8 Array Of Cards #cards 16 size 48 Howl #buckets 8 coarsen threshold 3686 Howl Bitmap #cards 512 size 80 coarsen threshold 460 Card regions per heap region 1 cards per card region 4096
 CPUs: 12 total, 12 available
 Memory: 16237M
 Large Page Support: Disabled
 NUMA Support: Disabled
 Compressed Oops: Enabled (Zero based)
 Heap Region Size: 2M
 Heap Min Capacity: 8M
 Heap Initial Capacity: 8M
 Heap Max Capacity: 4060M
 Pre-touch: Disabled
 Parallel Workers: 10
 Concurrent Workers: 3
 Concurrent Refinement Workers: 10
 Periodic GC: Disabled

Heap:
 garbage-first heap   total reserved 4157440K, committed 10240K, used 3442K [0x0000000702400000, 0x0000000800000000)
  region size 2M, 1 eden (2M), 1 survivor (2M), 2 old (4M), 0 humongous (0M), 1 free (2M)

Heap Regions: E=young(eden), S=young(survivor), O=old, HS=humongous(starts), HC=humongous(continues), CS=collection set, F=free, TAMS=top-at-mark-start, PB=parsable bottom
|    0|0x0000000702400000, 0x0000000702570208, 0x0000000702600000| 71%| O|  |TAMS 0x0000000702400000| PB 0x0000000702400000| Untracked |  0
|    1|0x0000000702600000, 0x00000007026c4ce0, 0x0000000702800000| 38%| S|CS|TAMS 0x0000000702600000| PB 0x0000000702600000| Complete  |  0
|    2|0x0000000702800000, 0x0000000702800000, 0x0000000702a00000|  0%| F|  |TAMS 0x0000000702800000| PB 0x0000000702800000| Untracked |  0
|    3|0x0000000702a00000, 0x0000000702a00018, 0x0000000702c00000|  0%| E|CS|TAMS 0x0000000702a00000| PB 0x0000000702a00000| Complete  |  0
| 2029|0x00000007ffe00000, 0x00000007fff27b70, 0x0000000800000000| 57%| O|  |TAMS 0x00000007ffe00000| PB 0x00000007ffe00000| Untracked |  0

Card table byte_map: [0x000001a640e80000,0x000001a641670000] _byte_map_base: 0x000001a63d66e000
Refinement table byte_map: [0x000001a640690000,0x000001a640e80000] _byte_map_base: 0x000001a63ce7e000

Marking Bits: (CMBitMap*) 0x000001a627ab3250
 Bits: [0x000001a641670000, 0x000001a6455e0000)

Polling page: 0x000001a6259e0000

Metaspace:
Metaspace        used 2500K, committed 2688K, reserved 1114112K
 class space     used 237K, committed 320K, reserved 1048576K

Usage:
  Non-class:      2.21 MB used.
      Class:    237.58 KB used.
       Both:      2.44 MB used.

Virtual space:
  Non-class space:       64.00 MB reserved,       2.31 MB (  4%) committed,  1 nodes.
      Class space:        1.00 GB reserved,     320.00 KB ( <1%) committed,  1 nodes.
             Both:        1.06 GB reserved,       2.62 MB ( <1%) committed. 

Chunk freelists:
   Non-Class:  11.00 MB
       Class:  15.61 MB
        Both:  26.60 MB

MaxMetaspaceSize: unlimited
CompressedClassSpaceSize: 1.00 GB
Initial GC threshold: 21.00 MB
Current GC threshold: 21.00 MB
CDS: on
 - commit_granule_bytes: 65536.
 - commit_granule_words: 8192.
 - virtual_space_node_default_size: 8388608.
 - enlarge_chunks_in_place: 1.
UseCompressedClassPointers 1, UseCompactObjectHeaders 0
Narrow klass pointer bits 32, Max shift 3
Narrow klass base: 0x0000000097000000, Narrow klass shift: 0
Encoding Range: [0x0000000097000000 - 0x0000000197000000), (4294967296 bytes)
Klass Range:    [0x0000000097000000 - 0x00000000d8000000), (1090519040 bytes)
Klass ID Range:  [8 - 1090519033) (1090519025)
Protection zone: [0x0000000097000000 - 0x0000000097010000), (65536 bytes)


Internal statistics:

num_allocs_failed_limit: 0.
num_arena_births: 38.
num_arena_deaths: 0.
num_vsnodes_births: 2.
num_vsnodes_deaths: 0.
num_space_committed: 42.
num_space_uncommitted: 0.
num_chunks_returned_to_freelist: 0.
num_chunks_taken_from_freelist: 106.
num_chunk_merges: 0.
num_chunk_splits: 60.
num_chunks_enlarged: 46.
num_inconsistent_stats: 0.

CodeHeap 'non-profiled nmethods': size=120064Kb used=198Kb max_used=198Kb free=119865Kb
 bounds [0x000001a638410000, 0x000001a638680000, 0x000001a63f950000]
CodeHeap 'profiled nmethods': size=120064Kb used=934Kb max_used=934Kb free=119129Kb
 bounds [0x000001a630930000, 0x000001a630ba0000, 0x000001a637e70000]
CodeHeap 'non-nmethods': size=5760Kb used=1329Kb max_used=1343Kb free=4430Kb
 bounds [0x000001a637e70000, 0x000001a6380e0000, 0x000001a638410000]
CodeCache: size=245888Kb, used=2461Kb, max_used=2475Kb, free=243424Kb
 total_blobs=1189, nmethods=748, adapters=345, full_count=0
Compilation: enabled, stopped_count=0, restarted_count=0

Compilation events (20 events):
Event: 1.271 Thread 0x000001a647c0e320 nmethod 521 0x000001a6309c5a08 code [0x000001a6309c5b00, 0x000001a6309c5c50]
Event: 1.271 Thread 0x000001a647c0e320  522       1       java.lang.invoke.MethodHandles$Lookup::lookupClass (5 bytes)
Event: 1.271 Thread 0x000001a647c0e320 nmethod 522 0x000001a638437588 code [0x000001a638437680, 0x000001a638437738]
Event: 1.271 Thread 0x000001a647c0e320  524       3       java.util.ImmutableCollections$List12::get (35 bytes)
Event: 1.271 Thread 0x000001a647c0e320 nmethod 524 0x000001a6309c5d08 code [0x000001a6309c5e00, 0x000001a6309c6080]
Event: 1.271 Thread 0x000001a647c0e320  525       3       jdk.internal.classfile.impl.AbstractPoolEntry$Utf8EntryImpl::hashCode (8 bytes)
Event: 1.271 Thread 0x000001a647c0e320 nmethod 525 0x000001a6309c6088 code [0x000001a6309c6180, 0x000001a6309c6430]
Event: 1.271 Thread 0x000001a647c0e320  526       3       jdk.internal.classfile.impl.Util::checkU2 (18 bytes)
Event: 1.271 Thread 0x000001a647c0e320 nmethod 526 0x000001a6309c6488 code [0x000001a6309c6580, 0x000001a6309c66e8]
Event: 1.271 Thread 0x000001a647c0e320  527       1       java.lang.constant.ClassDesc::isPrimitive (2 bytes)
Event: 1.271 Thread 0x000001a647c0e320 nmethod 527 0x000001a638437888 code [0x000001a638437980, 0x000001a638437a38]
Event: 1.277 Thread 0x000001a647c0e320  528       3       java.nio.Buffer::clear (20 bytes)
Event: 1.277 Thread 0x000001a647c0e320 nmethod 528 0x000001a6309c6788 code [0x000001a6309c6880, 0x000001a6309c6990]
Event: 1.277 Thread 0x000001a647c0e320  530       3       java.io.WinNTFileSystem::normalize (224 bytes)
Event: 1.278 Thread 0x000001a647c0e320 nmethod 530 0x000001a6309c6a88 code [0x000001a6309c6b80, 0x000001a6309c8cc0]
Event: 1.278 Thread 0x000001a647c0e320  531       3       java.lang.String::<init> (14 bytes)
Event: 1.278 Thread 0x000001a647c0e320 nmethod 531 0x000001a6309c8d08 code [0x000001a6309c8e00, 0x000001a6309c9130]
Event: 1.278 Thread 0x000001a647c0e320  529       3       java.nio.charset.CoderResult::isError (14 bytes)
Event: 1.278 Thread 0x000001a647c0e320 nmethod 529 0x000001a6309c9188 code [0x000001a6309c9280, 0x000001a6309c93c8]
Event: 1.281 Thread 0x000001a647c0e320  532       3       jdk.internal.loader.URLClassPath$JarLoader::findResource (17 bytes)

GC Heap Usage History (2 events):
Event: 0.301 {heap Before GC invocations=0 (full 0):
 garbage-first heap   total reserved 4157440K, committed 10240K, used 3230K [0x0000000702400000, 0x0000000800000000)
  region size 2M, 2 eden (4M), 0 survivor (0M), 1 old (2M), 0 humongous (0M), 2 free (4M)
}
Event: 0.302 {heap After GC invocations=1 (full 0):
 garbage-first heap   total reserved 4157440K, committed 10240K, used 2844K [0x0000000702400000, 0x0000000800000000)
  region size 2M, 0 eden (0M), 1 survivor (2M), 1 old (2M), 0 humongous (0M), 3 free (6M)
}

Metaspace Usage History (2 events):
Event: 0.301 {metaspace Before GC invocations=0 (full 0):
 Metaspace       used 1133K, committed 1280K, reserved 1114112K
  class space    used 93K, committed 128K, reserved 1048576K
}
Event: 0.302 {metaspace After GC invocations=1 (full 0):
 Metaspace       used 1133K, committed 1280K, reserved 1114112K
  class space    used 93K, committed 128K, reserved 1048576K
}

Dll operation events (14 events):
Event: 0.010 Attempting to load shared library C:\Program Files\Apache NetBeans\jdk\bin\java.dll
Event: 0.012 Loaded shared library C:\Program Files\Apache NetBeans\jdk\bin\java.dll
Event: 0.153 Attempting to load shared library C:\Program Files\Apache NetBeans\jdk\bin\net.dll
Event: 0.154 Loaded shared library C:\Program Files\Apache NetBeans\jdk\bin\net.dll
Event: 0.155 Attempting to load shared library C:\Program Files\Apache NetBeans\jdk\bin\nio.dll
Event: 0.155 Loaded shared library C:\Program Files\Apache NetBeans\jdk\bin\nio.dll
Event: 0.157 Attempting to load shared library C:\Program Files\Apache NetBeans\jdk\bin\zip.dll
Event: 0.158 Loaded shared library C:\Program Files\Apache NetBeans\jdk\bin\zip.dll
Event: 0.297 Attempting to load shared library C:\Program Files\Apache NetBeans\java\maven\lib\jansi-native\Windows\x86_64\jansi.dll
Event: 0.297 Loaded shared library C:\Program Files\Apache NetBeans\java\maven\lib\jansi-native\Windows\x86_64\jansi.dll
Event: 0.298 Attempting to load shared library C:\Program Files\Apache NetBeans\jdk\bin\jimage.dll
Event: 0.298 Loaded shared library C:\Program Files\Apache NetBeans\jdk\bin\jimage.dll
Event: 0.305 Attempting to load shared library C:\Program Files\Apache NetBeans\jdk\bin\verify.dll
Event: 0.305 Loaded shared library C:\Program Files\Apache NetBeans\jdk\bin\verify.dll

Deoptimization events (20 events):
Event: 0.231 Thread 0x000001a62566a420 DEOPT PACKING pc=0x000001a63093c678 sp=0x0000000ddb9feb20
Event: 0.231 Thread 0x000001a62566a420 DEOPT UNPACKING pc=0x000001a637ec1a02 sp=0x0000000ddb9fdf90 mode 0
Event: 0.231 Thread 0x000001a62566a420 DEOPT PACKING pc=0x000001a63093c678 sp=0x0000000ddb9feb20
Event: 0.231 Thread 0x000001a62566a420 DEOPT UNPACKING pc=0x000001a637ec1a02 sp=0x0000000ddb9fdf90 mode 0
Event: 0.231 Thread 0x000001a62566a420 DEOPT PACKING pc=0x000001a63093c678 sp=0x0000000ddb9feb20
Event: 0.231 Thread 0x000001a62566a420 DEOPT UNPACKING pc=0x000001a637ec1a02 sp=0x0000000ddb9fdf90 mode 0
Event: 0.231 Thread 0x000001a62566a420 DEOPT PACKING pc=0x000001a63093c678 sp=0x0000000ddb9feb20
Event: 0.231 Thread 0x000001a62566a420 DEOPT UNPACKING pc=0x000001a637ec1a02 sp=0x0000000ddb9fdf90 mode 0
Event: 0.254 Thread 0x000001a62566a420 DEOPT PACKING pc=0x000001a630959ad9 sp=0x0000000ddb9fac20
Event: 0.254 Thread 0x000001a62566a420 DEOPT UNPACKING pc=0x000001a637ec1a02 sp=0x0000000ddb9fa068 mode 0
Event: 0.255 Thread 0x000001a62566a420 Uncommon trap: trap_request=0xffffff45 fr.pc=0x000001a6384209a4 relative=0x0000000000000124
Event: 0.255 Thread 0x000001a62566a420 Uncommon trap: reason=unstable_if action=reinterpret pc=0x000001a6384209a4 method=java.lang.StringCoding.countPositives([BII)I @ 17 c2
Event: 0.255 Thread 0x000001a62566a420 DEOPT PACKING pc=0x000001a6384209a4 sp=0x0000000ddb9fabd0
Event: 0.255 Thread 0x000001a62566a420 DEOPT UNPACKING pc=0x000001a637f92602 sp=0x0000000ddb9fab58 mode 2
Event: 0.272 Thread 0x000001a62566a420 Uncommon trap: trap_request=0xffffff45 fr.pc=0x000001a6384226dc relative=0x000000000000005c
Event: 0.272 Thread 0x000001a62566a420 Uncommon trap: reason=unstable_if action=reinterpret pc=0x000001a6384226dc method=java.io.WinNTFileSystem.isSlash(C)Z @ 9 c2
Event: 0.272 Thread 0x000001a62566a420 DEOPT PACKING pc=0x000001a6384226dc sp=0x0000000ddb9fec10
Event: 0.272 Thread 0x000001a62566a420 DEOPT UNPACKING pc=0x000001a637f92602 sp=0x0000000ddb9feb98 mode 2
Event: 0.301 Thread 0x000001a64867af70 DEOPT PACKING pc=0x000001a6309665f8 sp=0x0000000ddcdfe830
Event: 0.301 Thread 0x000001a64867af70 DEOPT UNPACKING pc=0x000001a637ec1a02 sp=0x0000000ddcdfdca0 mode 0

Classes loaded (20 events):
Event: 0.376 Loading class java/util/concurrent/BlockingQueue done
Event: 0.376 Loading class java/util/AbstractQueue
Event: 0.376 Loading class java/util/AbstractQueue done
Event: 0.376 Loading class java/util/concurrent/LinkedBlockingQueue done
Event: 0.376 Loading class java/util/concurrent/locks/AbstractQueuedSynchronizer$ConditionObject
Event: 0.376 Loading class java/util/concurrent/locks/Condition
Event: 0.376 Loading class java/util/concurrent/locks/Condition done
Event: 0.376 Loading class java/util/concurrent/locks/AbstractQueuedSynchronizer$ConditionObject done
Event: 0.376 Loading class java/util/concurrent/LinkedBlockingQueue$Node
Event: 0.376 Loading class java/util/concurrent/LinkedBlockingQueue$Node done
Event: 0.377 Loading class java/net/URLClassLoader$1
Event: 0.377 Loading class java/net/URLClassLoader$1 done
Event: 0.378 Loading class java/util/LinkedHashMap$LinkedKeySet
Event: 0.379 Loading class java/util/LinkedHashMap$LinkedKeySet done
Event: 0.379 Loading class java/util/LinkedHashMap$LinkedKeyIterator
Event: 0.379 Loading class java/util/LinkedHashMap$LinkedKeyIterator done
Event: 1.238 Loading class jdk/internal/loader/URLClassPath$FileLoader$1
Event: 1.238 Loading class jdk/internal/loader/URLClassPath$FileLoader$1 done
Event: 1.267 Loading class java/lang/InstantiationException
Event: 1.267 Loading class java/lang/InstantiationException done

Classes unloaded (0 events):
No events

Classes redefined (0 events):
No events

Internal exceptions (20 events):
Event: 0.298 Thread 0x000001a62566a420 Exception <a 'java/lang/NullPointerException'{0x00000007029d07b0}> (0x00000007029d07b0) 
thrown [s\src\hotspot\share\interpreter\linkResolver.cpp, line 1428]
Event: 0.298 Thread 0x000001a62566a420 Exception <a 'java/lang/NullPointerException'{0x00000007029d0a90}> (0x00000007029d0a90) 
thrown [s\src\hotspot\share\interpreter\linkResolver.cpp, line 1428]
Event: 0.298 Thread 0x000001a62566a420 Exception <a 'java/lang/NullPointerException'{0x00000007029d0d70}> (0x00000007029d0d70) 
thrown [s\src\hotspot\share\interpreter\linkResolver.cpp, line 1428]
Event: 0.299 Thread 0x000001a62566a420 Exception <a 'java/lang/NullPointerException'{0x00000007029d57b0}> (0x00000007029d57b0) 
thrown [s\src\hotspot\share\interpreter\linkResolver.cpp, line 1428]
Event: 0.300 Thread 0x000001a62566a420 Exception <a 'java/lang/NullPointerException'{0x00000007029e1090}> (0x00000007029e1090) 
thrown [s\src\hotspot\share\interpreter\linkResolver.cpp, line 1428]
Event: 0.300 Thread 0x000001a62566a420 Exception <a 'java/lang/NullPointerException'{0x00000007029e1370}> (0x00000007029e1370) 
thrown [s\src\hotspot\share\interpreter\linkResolver.cpp, line 1428]
Event: 0.300 Thread 0x000001a62566a420 Exception <a 'java/lang/NullPointerException'{0x00000007029e1650}> (0x00000007029e1650) 
thrown [s\src\hotspot\share\interpreter\linkResolver.cpp, line 1428]
Event: 0.300 Thread 0x000001a62566a420 Exception <a 'java/lang/NullPointerException'{0x00000007029e1930}> (0x00000007029e1930) 
thrown [s\src\hotspot\share\interpreter\linkResolver.cpp, line 1428]
Event: 0.304 Thread 0x000001a62566a420 Exception <a 'sun/nio/fs/WindowsException'{0x0000000702a15588}> (0x0000000702a15588) 
thrown [s\src\hotspot\share\prims\jni.cpp, line 514]
Event: 0.304 Thread 0x000001a62566a420 Exception <a 'sun/nio/fs/WindowsException'{0x0000000702a15bc0}> (0x0000000702a15bc0) 
thrown [s\src\hotspot\share\prims\jni.cpp, line 514]
Event: 0.304 Thread 0x000001a62566a420 Exception <a 'sun/nio/fs/WindowsException'{0x0000000702a161a8}> (0x0000000702a161a8) 
thrown [s\src\hotspot\share\prims\jni.cpp, line 514]
Event: 0.304 Thread 0x000001a62566a420 Exception <a 'sun/nio/fs/WindowsException'{0x0000000702a16718}> (0x0000000702a16718) 
thrown [s\src\hotspot\share\prims\jni.cpp, line 514]
Event: 0.304 Thread 0x000001a62566a420 Exception <a 'sun/nio/fs/WindowsException'{0x0000000702a16c68}> (0x0000000702a16c68) 
thrown [s\src\hotspot\share\prims\jni.cpp, line 514]
Event: 0.304 Thread 0x000001a62566a420 Exception <a 'sun/nio/fs/WindowsException'{0x0000000702a17158}> (0x0000000702a17158) 
thrown [s\src\hotspot\share\prims\jni.cpp, line 514]
Event: 0.304 Thread 0x000001a62566a420 Exception <a 'sun/nio/fs/WindowsException'{0x0000000702a17600}> (0x0000000702a17600) 
thrown [s\src\hotspot\share\prims\jni.cpp, line 514]
Event: 0.329 Thread 0x000001a62566a420 Exception <a 'java/lang/NoSuchMethodError'{0x0000000702a6fb88}: 'void java.lang.invoke.DirectMethodHandle$Holder.invokeVirtual(java.lang.Object, java.lang.Object)'> (0x0000000702a6fb88) 
thrown [s\src\hotspot\share\interpreter\linkResolver.cpp, line 804]
Event: 0.331 Thread 0x000001a62566a420 Exception <a 'java/lang/NoSuchMethodError'{0x0000000702a91550}: 'void java.lang.invoke.DirectMethodHandle$Holder.invokeStatic(java.lang.Object, java.lang.Object)'> (0x0000000702a91550) 
thrown [s\src\hotspot\share\interpreter\linkResolver.cpp, line 804]
Event: 0.332 Thread 0x000001a62566a420 Exception <a 'java/lang/NoSuchMethodError'{0x0000000702a995c0}: 'void java.lang.invoke.DirectMethodHandle$Holder.invokeStaticInit(java.lang.Object, java.lang.Object)'> (0x0000000702a995c0) 
thrown [s\src\hotspot\share\interpreter\linkResolver.cpp, line 804]
Event: 0.355 Thread 0x000001a62566a420 Exception <a 'java/lang/NoSuchMethodError'{0x0000000702acd010}: 'void java.lang.invoke.DirectMethodHandle$Holder.invokeSpecial(java.lang.Object, java.lang.Object, java.lang.Object, java.lang.Object, java.lang.Object)'> (0x0000000702acd010) 
thrown [s\src\hotspot\share\interpreter\linkResolver.cpp, line 804]
Event: 0.371 Thread 0x000001a62566a420 Exception <a 'java/lang/NoSuchMethodError'{0x0000000702b0a250}: 'void java.lang.invoke.DirectMethodHandle$Holder.invokeStatic(java.lang.Object, java.lang.Object, java.lang.Object)'> (0x0000000702b0a250) 
thrown [s\src\hotspot\share\interpreter\linkResolver.cpp, line 804]

VM Operations (8 events):
Event: 0.159 Executing non-safepoint VM operation: HandshakeAllThreads (Deoptimize)
Event: 0.159 Executing non-safepoint VM operation: HandshakeAllThreads (Deoptimize) done
Event: 0.294 Executing non-safepoint VM operation: HandshakeAllThreads (Deoptimize)
Event: 0.294 Executing non-safepoint VM operation: HandshakeAllThreads (Deoptimize) done
Event: 0.300 Executing non-safepoint VM operation: HandshakeAllThreads (Deoptimize)
Event: 0.300 Executing non-safepoint VM operation: HandshakeAllThreads (Deoptimize) done
Event: 0.301 Executing safepoint VM operation: G1CollectForAllocation (G1 Evacuation Pause)
Event: 0.302 Executing safepoint VM operation: G1CollectForAllocation (G1 Evacuation Pause) done

Memory protections (0 events):
No events

Nmethod flushes (0 events):
No events

Events (15 events):
Event: 0.063 Thread 0x000001a62566a420 Thread added: 0x000001a62566a420
Event: 0.092 Thread 0x000001a62566a420 Thread added: 0x000001a647bba490
Event: 0.092 Thread 0x000001a62566a420 Thread added: 0x000001a647bbe400
Event: 0.092 Thread 0x000001a62566a420 Thread added: 0x000001a647bc26d0
Event: 0.092 Thread 0x000001a62566a420 Thread added: 0x000001a647bc5290
Event: 0.102 Thread 0x000001a62566a420 Thread added: 0x000001a647bc6e50
Event: 0.113 Thread 0x000001a62566a420 Thread added: 0x000001a647bcf1e0
Event: 0.134 Thread 0x000001a62566a420 Thread added: 0x000001a647c04230
Event: 0.134 Thread 0x000001a62566a420 Thread added: 0x000001a647c0e320
Event: 0.150 Thread 0x000001a62566a420 Thread added: 0x000001a6483e39f0
Event: 0.152 Thread 0x000001a62566a420 Thread added: 0x000001a6483e7e40
Event: 0.195 Thread 0x000001a647c0e320 Thread added: 0x000001a648463540
Event: 0.296 Thread 0x000001a62566a420 Thread added: 0x000001a64867af70
Event: 0.328 Thread 0x000001a64867af70 Thread exited: 0x000001a64867af70
Event: 1.224 Thread 0x000001a648463540 Thread exited: 0x000001a648463540


Dynamic libraries:
0x00007ff623720000 - 0x00007ff62372e000 	C:\Program Files\Apache NetBeans\jdk\bin\java.exe
0x00007ff832b60000 - 0x00007ff832dc6000 	C:\WINDOWS\SYSTEM32\ntdll.dll
0x00007ff831820000 - 0x00007ff8318e9000 	C:\WINDOWS\System32\KERNEL32.DLL
0x00007ff82fd80000 - 0x00007ff83017e000 	C:\WINDOWS\System32\KERNELBASE.dll
0x00007ff82cc20000 - 0x00007ff82ccc0000 	C:\WINDOWS\SYSTEM32\apphelp.dll
0x00007ff830670000 - 0x00007ff8307bc000 	C:\WINDOWS\System32\ucrtbase.dll
0x00007ff805820000 - 0x00007ff805837000 	C:\Program Files\Apache NetBeans\jdk\bin\jli.dll
0x00007ff806240000 - 0x00007ff80625e000 	C:\Program Files\Apache NetBeans\jdk\bin\VCRUNTIME140.dll
0x00007ff8315a0000 - 0x00007ff831767000 	C:\WINDOWS\System32\USER32.dll
0x00007ff830440000 - 0x00007ff830467000 	C:\WINDOWS\System32\win32u.dll
0x00007ff815670000 - 0x00007ff815902000 	C:\WINDOWS\WinSxS\amd64_microsoft.windows.common-controls_6595b64144ccf1df_6.0.26100.8875_none_3e0d5d42e32fe9dd\COMCTL32.dll
0x00007ff8312b0000 - 0x00007ff8312db000 	C:\WINDOWS\System32\GDI32.dll
0x00007ff831770000 - 0x00007ff831819000 	C:\WINDOWS\System32\msvcrt.dll
0x00007ff830190000 - 0x00007ff8302ba000 	C:\WINDOWS\System32\gdi32full.dll
0x00007ff830470000 - 0x00007ff830513000 	C:\WINDOWS\System32\msvcp_win.dll
0x00007ff8323e0000 - 0x00007ff832412000 	C:\WINDOWS\System32\IMM32.DLL
0x000000005b940000 - 0x000000005b94d000 	C:\Program Files (x86)\360\Total Security\safemon\SafeWrapper.dll
0x00007ff832960000 - 0x00007ff832a17000 	C:\WINDOWS\System32\ADVAPI32.dll
0x00007ff830890000 - 0x00007ff83093a000 	C:\WINDOWS\System32\sechost.dll
0x00007ff830b50000 - 0x00007ff830c68000 	C:\WINDOWS\System32\RPCRT4.dll
0x00007ff8296f0000 - 0x00007ff8297f5000 	C:\Program Files (x86)\360\Total Security\safemon\libzdtp64.dll
0x00007ff831aa0000 - 0x00007ff832232000 	C:\WINDOWS\System32\SHELL32.dll
0x00007ff8319f0000 - 0x00007ff831a57000 	C:\WINDOWS\System32\SHLWAPI.dll
0x00007ff82f7c0000 - 0x00007ff82f7cb000 	C:\WINDOWS\SYSTEM32\VERSION.dll
0x00007ff82ae80000 - 0x00007ff82ae8c000 	C:\Program Files\Apache NetBeans\jdk\bin\vcruntime140_1.dll
0x00007fffb1950000 - 0x00007fffb19dd000 	C:\Program Files\Apache NetBeans\jdk\bin\msvcp140.dll
0x00007fff8c260000 - 0x00007fff8d1f9000 	C:\Program Files\Apache NetBeans\jdk\bin\server\jvm.dll
0x00007ff832440000 - 0x00007ff8324c0000 	C:\WINDOWS\System32\WS2_32.dll
0x00007ff82fbe0000 - 0x00007ff82fc3e000 	C:\WINDOWS\SYSTEM32\POWRPROF.dll
0x00007ff821b50000 - 0x00007ff821b86000 	C:\WINDOWS\SYSTEM32\WINMM.dll
0x00007ff82fbc0000 - 0x00007ff82fbd4000 	C:\WINDOWS\SYSTEM32\UMPDC.dll
0x00007ff82e9e0000 - 0x00007ff82e9fb000 	C:\WINDOWS\SYSTEM32\kernel.appcore.dll
0x00007ff8186a0000 - 0x00007ff8186aa000 	C:\Program Files\Apache NetBeans\jdk\bin\jimage.dll
0x00007ff81fc20000 - 0x00007ff81fe62000 	C:\WINDOWS\SYSTEM32\DBGHELP.DLL
0x00007ff830f20000 - 0x00007ff8312a3000 	C:\WINDOWS\System32\combase.dll
0x00007ff8314c0000 - 0x00007ff831599000 	C:\WINDOWS\System32\OLEAUT32.dll
0x00007ff816360000 - 0x00007ff81639b000 	C:\WINDOWS\SYSTEM32\dbgcore.DLL
0x00007ff8307d0000 - 0x00007ff83087c000 	C:\WINDOWS\System32\bcryptPrimitives.dll
0x00007ff805a80000 - 0x00007ff805a9e000 	C:\Program Files\Apache NetBeans\jdk\bin\java.dll
0x00007ff832240000 - 0x00007ff8323d9000 	C:\WINDOWS\System32\ole32.dll
0x00007ff82d7e0000 - 0x00007ff82e072000 	C:\WINDOWS\SYSTEM32\windows.storage.dll
0x00007ff8318f0000 - 0x00007ff8319e7000 	C:\WINDOWS\System32\SHCORE.dll
0x00007ff82fca0000 - 0x00007ff82fcc9000 	C:\WINDOWS\SYSTEM32\profapi.dll
0x00007ff800060000 - 0x00007ff800071000 	C:\Program Files\Apache NetBeans\jdk\bin\net.dll
0x00007ff82ef90000 - 0x00007ff82effc000 	C:\WINDOWS\system32\mswsock.dll
0x00007ffffa340000 - 0x00007ffffa356000 	C:\Program Files\Apache NetBeans\jdk\bin\nio.dll
0x00007ff8016f0000 - 0x00007ff801707000 	C:\Program Files\Apache NetBeans\jdk\bin\zip.dll
0x00007ffff5920000 - 0x00007ffff5944000 	C:\Program Files\Apache NetBeans\java\maven\lib\jansi-native\Windows\x86_64\jansi.dll
0x00007ff814b00000 - 0x00007ff814b10000 	C:\Program Files\Apache NetBeans\jdk\bin\verify.dll

JVMTI agents: none

dbghelp: loaded successfully - version: 4.0.5 - missing functions: none
symbol engine: initialized successfully - sym options: 0x614 - pdb path: .;C:\Program Files\Apache NetBeans\jdk\bin;C:\WINDOWS\SYSTEM32;C:\WINDOWS\WinSxS\amd64_microsoft.windows.common-controls_6595b64144ccf1df_6.0.26100.8875_none_3e0d5d42e32fe9dd;C:\Program Files (x86)\360\Total Security\safemon;C:\Program Files\Apache NetBeans\jdk\bin\server;C:\Program Files\Apache NetBeans\java\maven\lib\jansi-native\Windows\x86_64

VM Arguments:
jvm_args: --enable-native-access=ALL-UNNAMED -Dclassworlds.conf=C:\Program Files\Apache NetBeans\java\maven\bin\m2.conf -Dmaven.home=C:\Program Files\Apache NetBeans\java\maven -Dlibrary.jansi.path=C:\Program Files\Apache NetBeans\java\maven\lib\jansi-native -Dmaven.multiModuleProjectDirectory=C:\Users\DVDSTORE\Desktop\LeetCode\ArrayList\ArrayList 
java_command: org.codehaus.plexus.classworlds.launcher.Launcher -Dexec.vmArgs= -Dexec.args=${exec.vmArgs} -classpath %classpath ${exec.mainClass} ${exec.appArgs} -Dexec.appArgs= -Dexec.mainClass=com.mycompany.arraylist.Driver -Dexec.executable=C:\Program Files\Apache NetBeans\jdk\bin\java.exe -Dmaven.ext.class.path=C:\Program Files\Apache NetBeans\java\maven-nblib\netbeans-eventspy.jar --no-transfer-progress process-classes org.codehaus.mojo:exec-maven-plugin:3.5.1:exec
java_class_path (initial): C:\Program Files\Apache NetBeans\java\maven\boot\plexus-classworlds-2.9.0.jar
Launcher Type: SUN_STANDARD

[Global flags]
     bool AOTAdapterCaching                        = false                                  {diagnostic} {ergonomic}
     bool AOTInvokeDynamicLinking                  = false                                  {diagnostic} {ergonomic}
     bool AOTRecordTraining                        = false                                  {diagnostic} {ergonomic}
     bool AOTReplayTraining                        = false                                  {diagnostic} {ergonomic}
     bool AOTStubCaching                           = false                                  {diagnostic} {ergonomic}
     intx CICompilerCount                          = 4                                         {product} {ergonomic}
     uint ConcGCThreads                            = 3                                         {product} {ergonomic}
     uint G1ConcRefinementThreads                  = 10                                        {product} {ergonomic}
     uint G1EagerReclaimRemSetThreshold            = 16                                   {experimental} {ergonomic}
   size_t G1HeapRegionSize                         = 2097152                                   {product} {ergonomic}
     uint G1RemSetArrayOfCardsEntries              = 16                                   {experimental} {ergonomic}
     uint G1RemSetHowlMaxNumBuckets                = 8                                    {experimental} {ergonomic}
     uint G1RemSetHowlNumBuckets                   = 8                                    {experimental} {ergonomic}
   size_t InitialHeapSize                          = 8388608                                   {product} {ergonomic}
     bool IntelJccErratumMitigation                = false                             {ARCH diagnostic} {ergonomic}
   size_t MarkStackSize                            = 4194304                                   {product} {ergonomic}
   size_t MarkStackSizeMax                         = 536870912                                 {product} {ergonomic}
   size_t MaxHeapSize                              = 4257218560                                {product} {ergonomic}
   size_t MaxNewSize                               = 2554331136                                {product} {ergonomic}
 uint64_t MaxRAM                                   = 17026142208                               {product} {ergonomic}
   size_t MinHeapDeltaBytes                        = 2097152                                   {product} {ergonomic}
   size_t MinHeapSize                              = 8388608                                   {product} {ergonomic}
   size_t NonNMethodCodeHeapSize                   = 5898240                                {pd product} {ergonomic}
   size_t NonProfiledCodeHeapSize                  = 122945536                              {pd product} {ergonomic}
   size_t ProfiledCodeHeapSize                     = 122945536                              {pd product} {ergonomic}
   size_t ReservedCodeCacheSize                    = 251789312                              {pd product} {ergonomic}
     bool SegmentedCodeCache                       = true                                      {product} {ergonomic}
   size_t SoftMaxHeapSize                          = 4257218560                             {manageable} {ergonomic}
     bool UseCompressedOops                        = true                           {product lp64_product} {ergonomic}
     bool UseCondCardMark                          = true                                      {product} {ergonomic}
     bool UseFastUnorderedTimeStamps               = true                                 {experimental} {ergonomic}
     bool UseG1GC                                  = true                                      {product} {ergonomic}
     bool UseLargePagesIndividualAllocation        = false                                  {pd product} {ergonomic}
      int X86ICacheSync                            = 3                                 {ARCH diagnostic} {ergonomic}

Logging:
Log output configuration:
 #0: stdout all=warning uptime,level,tags foldmultilines=false
 #1: stderr all=off uptime,level,tags foldmultilines=false

Release file:
IMPLEMENTOR="Eclipse Adoptium" 
IMPLEMENTOR_VERSION="Temurin-26.0.1+8" 
JAVA_RUNTIME_VERSION="26.0.1+8" 
JAVA_VERSION="26.0.1" 
JAVA_VERSION_DATE="2026-04-21" 
LIBC="default" 
MODULES="java.base java.compiler java.datatransfer java.xml java.prefs java.desktop java.instrument java.logging java.management java.security.sasl java.naming java.rmi java.management.rmi java.net.http java.scripting java.security.jgss java.transaction.xa java.sql java.sql.rowset java.xml.crypto java.se java.smartcardio jdk.accessibility jdk.internal.jvmstat jdk.attach jdk.charsets jdk.internal.opt jdk.zipfs jdk.compiler jdk.crypto.cryptoki jdk.crypto.ec jdk.crypto.mscapi jdk.dynalink jdk.internal.ed jdk.editpad jdk.internal.vm.ci jdk.graal.compiler jdk.graal.compiler.management jdk.hotspot.agent jdk.httpserver jdk.incubator.vector jdk.internal.le jdk.internal.md jdk.jartool jdk.javadoc jdk.jcmd jdk.management jdk.management.agent jdk.jconsole jdk.jdeps jdk.jdwp.agent jdk.jdi jdk.jfr jdk.jlink jdk.jpackage jdk.jshell jdk.jstatd jdk.localedata jdk.management.jfr jdk.naming.dns jdk.naming.rmi jdk.net jdk.nio.mapmode jdk.sctp jdk.security.auth jdk.security.jgss jdk.unsupported jdk.unsupported.desktop jdk.xml.dom" 
OS_ARCH="x86_64" 
OS_NAME="Windows" 
SOURCE=".:git:1cafccec39fb" 
BUILD_SOURCE="git:a612825ee82a20ac872d60958c349854c1f29a8e"
BUILD_SOURCE_REPO="https://github.com/adoptium/temurin-build.git"
SOURCE_REPO="https://github.com/adoptium/jdk26u.git"
FULL_VERSION="26.0.1+8"
SEMANTIC_VERSION="26.0.1+8"
BUILD_INFO="OS: Windows Server 2022 Version: 10.0"
JVM_VARIANT="Hotspot"
JVM_VERSION="26.0.1+8"
IMAGE_TYPE="JDK"

Environment Variables:
JAVA_HOME=C:\Program Files\Apache NetBeans\jdk
PATH=C:\Program Files (x86)\Common Files\Oracle\Java\javapath;C:\WINDOWS\system32;C:\WINDOWS;C:\WINDOWS\System32\Wbem;C:\WINDOWS\System32\WindowsPowerShell\v1.0\;C:\WINDOWS\System32\OpenSSH\;C:\Program Files (x86)\NVIDIA Corporation\PhysX\Common;C:\Program Files\NVIDIA Corporation\NVIDIA NvDLISR;C:\Program Files\dotnet\;C:\Program Files\Git\cmd;C:\Users\DVDSTORE\AppData\Local\Microsoft\WindowsApps;C:\Users\DVDSTORE\AppData\Local\Programs\Microsoft VS Code\bin;;C:\Program Files\Apache NetBeans\bin\
USERNAME=DVDSTORE
OS=Windows_NT
PROCESSOR_IDENTIFIER=Intel64 Family 6 Model 151 Stepping 5, GenuineIntel
TMP=C:\Users\DVDSTORE\AppData\Local\Temp
TEMP=C:\Users\DVDSTORE\AppData\Local\Temp




Compilation memory statistics disabled.

Periodic native trim disabled

---------------  S Y S T E M  ---------------

OS:
 Windows 11 , 64 bit Build 26100 (10.0.26100.8875)
OS uptime: 3 days 17:10 hours

CPU: total 12 (initial active 12) (6 cores per cpu, 2 threads per core) family 6 model 151 stepping 5 microcode 0x2d, cx8, cmov, fxsr, ht, mmx, 3dnowpref, sse, sse2, sse3, ssse3, sse4.1, sse4.2, popcnt, lzcnt, tsc, tscinvbit, avx, avx2, aes, erms, clmul, bmi1, bmi2, adx, sha, fma, vzeroupper, clflush, clflushopt, clwb, serialize, rdtscp, rdpid, fsrm, gfni, f16c, pku, cet_ibt, cet_ss
Processor Information for the first 12 processors :
  Max Mhz: 2500, Current Mhz: 2500, Mhz Limit: 2500

Memory: 4k page, system-wide physical 16237M (1445M free)
TotalPageFile size 28525M (AvailPageFile size 218M)
current process WorkingSet (physical memory assigned to process): 64M, peak: 64M
current process commit charge ("private bytes"): 107M, peak: 109M

vm_info: OpenJDK 64-Bit Server VM (26.0.1+8) for windows-amd64 JRE (26.0.1+8), built on 2026-04-21T00:00:00Z with MS VC++ 17.12 (VS2022)

END.
