#
# There is insufficient memory for the Java Runtime Environment to continue.
# Native memory allocation (malloc) failed to allocate 1424216 bytes. Error detail: Chunk::new
# Possible reasons:
#   The system is out of physical RAM or swap space
#   This process is running with CompressedOops enabled, and the Java Heap may be blocking the growth of the native heap
# Possible solutions:
#   Reduce memory load on the system
#   Increase physical memory or swap space
#   Check if swap backing store is full
#   Decrease Java heap size (-Xmx/-Xms)
#   Decrease number of Java threads
#   Decrease Java thread stack sizes (-Xss)
#   Set larger code cache with -XX:ReservedCodeCacheSize=
#   JVM is running with Zero Based Compressed Oops mode in which the Java heap is
#     placed in the first 32GB address space. The Java Heap base address is the
#     maximum limit for the native heap growth. Please use -XX:HeapBaseMinAddress
#     to set the Java Heap base and to place the Java Heap above 32GB virtual address.
# This output file may be truncated or incomplete.
#
#  Out of Memory Error (arena.cpp:193), pid=56496, tid=55000
#
# JRE version: OpenJDK Runtime Environment Temurin-26.0.1+8 (26.0.1+8) (build 26.0.1+8)
# Java VM: OpenJDK 64-Bit Server VM Temurin-26.0.1+8 (26.0.1+8, mixed mode, sharing, tiered, compressed oops, compressed class ptrs, g1 gc, windows-amd64)
# No core dump will be written. Minidumps are not enabled by default on client versions of Windows
#

---------------  S U M M A R Y ------------

Command Line: --enable-native-access=ALL-UNNAMED -Dclassworlds.conf=C:\Program Files\Apache NetBeans\java\maven\bin\m2.conf -Dmaven.home=C:\Program Files\Apache NetBeans\java\maven -Dlibrary.jansi.path=C:\Program Files\Apache NetBeans\java\maven\lib\jansi-native -Dmaven.multiModuleProjectDirectory=C:\Users\DVDSTORE\Desktop\LeetCode\ArrayList\ArrayList org.codehaus.plexus.classworlds.launcher.Launcher -Dexec.vmArgs= -Dexec.args=${exec.vmArgs} -classpath %classpath ${exec.mainClass} ${exec.appArgs} -Dexec.appArgs= -Dexec.mainClass=com.mycompany.arraylist.Driver -Dexec.executable=C:\Program Files\Apache NetBeans\jdk\bin\java.exe -Dmaven.ext.class.path=C:\Program Files\Apache NetBeans\java\maven-nblib\netbeans-eventspy.jar --no-transfer-progress process-classes org.codehaus.mojo:exec-maven-plugin:3.5.1:exec

Host: 12th Gen Intel(R) Core(TM) i5-12400F, 12 cores, 15G,  Windows 11 , 64 bit Build 26100 (10.0.26100.8875)
Time: Wed Aug 19 09:14:36 2026 Egypt Daylight Time elapsed time: 19.241291 seconds (0d 0h 0m 19s)

---------------  T H R E A D  ---------------

Current thread (0x000001d2f5acfa90):  JavaThread "C2 CompilerThread1" daemon [_thread_in_native, id=55000, stack(0x00000083b2900000,0x00000083b2a00000) (1024K)]


Current CompileTask:
C2:19241 1250       4       java.util.HashMap::putVal (300 bytes)

Stack: [0x00000083b2900000,0x00000083b2a00000]
Native frames: (J=compiled Java code, j=interpreted, Vv=VM code, C=native code)
V  [jvm.dll+0x7db749]  (no source info available)
V  [jvm.dll+0x7a82bd]  (no source info available)
V  [jvm.dll+0xa44a60]  (no source info available)
V  [jvm.dll+0xa46eb1]  (no source info available)
V  [jvm.dll+0xa475c3]  (no source info available)
V  [jvm.dll+0x311a96]  (no source info available)
V  [jvm.dll+0x120316]  (no source info available)
V  [jvm.dll+0x12063e]  (no source info available)
V  [jvm.dll+0x1b2836]  (no source info available)
V  [jvm.dll+0x3ce802]  (no source info available)
V  [jvm.dll+0x7e430f]  (no source info available)
V  [jvm.dll+0x2d4597]  (no source info available)
V  [jvm.dll+0x2d350f]  (no source info available)
V  [jvm.dll+0x249670]  (no source info available)
V  [jvm.dll+0x2e363c]  (no source info available)
V  [jvm.dll+0x2e181d]  (no source info available)
V  [jvm.dll+0x4a82ae]  (no source info available)
V  [jvm.dll+0x9e3039]  (no source info available)
V  [jvm.dll+0x7dd228]  (no source info available)
C  [ucrtbase.dll+0x2cd30]  (no source info available)
C  [KERNEL32.DLL+0x2e957]  (no source info available)
C  [ntdll.dll+0xaad6c]  (no source info available)

Lock stack of current Java thread (top to bottom):


---------------  P R O C E S S  ---------------

Threads class SMR info:
_java_thread_list=0x000001d2f5b15630, length=13, elements={
0x000001d2d2535720, 0x000001d2f4aeddc0, 0x000001d2f4af1390, 0x000001d2f4af3ac0,
0x000001d2f4af4670, 0x000001d2f4af6230, 0x000001d2f4afa9f0, 0x000001d2f4aff8f0,
0x000001d2f4b0c5a0, 0x000001d2f5245200, 0x000001d2f52459b0, 0x000001d2f5594fa0,
0x000001d2f5acfa90
}

Java Threads: ( => current thread )
  0x000001d2d2535720 JavaThread "main"                              [_thread_in_native, id=57740, stack(0x00000083b1000000,0x00000083b1100000) (1024K)]
  0x000001d2f4aeddc0 JavaThread "Reference Handler"          daemon [_thread_blocked, id=57956, stack(0x00000083b1800000,0x00000083b1900000) (1024K)]
  0x000001d2f4af1390 JavaThread "Finalizer"                  daemon [_thread_blocked, id=58020, stack(0x00000083b1900000,0x00000083b1a00000) (1024K)]
  0x000001d2f4af3ac0 JavaThread "Signal Dispatcher"          daemon [_thread_blocked, id=55424, stack(0x00000083b1b00000,0x00000083b1c00000) (1024K)]
  0x000001d2f4af4670 JavaThread "Attach Listener"            daemon [_thread_blocked, id=56896, stack(0x00000083b1c00000,0x00000083b1d00000) (1024K)]
  0x000001d2f4af6230 JavaThread "Service Thread"             daemon [_thread_blocked, id=57380, stack(0x00000083b1d00000,0x00000083b1e00000) (1024K)]
  0x000001d2f4afa9f0 JavaThread "Monitor Deflation Thread"   daemon [_thread_blocked, id=56968, stack(0x00000083b1e00000,0x00000083b1f00000) (1024K)]
  0x000001d2f4aff8f0 JavaThread "C2 CompilerThread0"         daemon [_thread_blocked, id=56700, stack(0x00000083b1f00000,0x00000083b2000000) (1024K)]
  0x000001d2f4b0c5a0 JavaThread "C1 CompilerThread0"         daemon [_thread_blocked, id=56604, stack(0x00000083b2000000,0x00000083b2100000) (1024K)]
  0x000001d2f5245200 JavaThread "Notification Thread"        daemon [_thread_blocked, id=58376, stack(0x00000083b2100000,0x00000083b2200000) (1024K)]
  0x000001d2f52459b0 JavaThread "Common-Cleaner"             daemon [_thread_blocked, id=58388, stack(0x00000083b2200000,0x00000083b2300000) (1024K)]
  0x000001d2f5594fa0 JavaThread "cleanup"                    daemon [_thread_blocked, id=59416, stack(0x00000083b2300000,0x00000083b2400000) (1024K)]
=>0x000001d2f5acfa90 JavaThread "C2 CompilerThread1"         daemon [_thread_in_native, id=55000, stack(0x00000083b2900000,0x00000083b2a00000) (1024K)]
Total: 13

Other Threads:
  0x000001d2f4adc170 VMThread "VM Thread"                           [id=56932, stack(0x00000083b1a00000,0x00000083b1b00000) (1024K)]
  0x000001d2f4ac7fa0 WatcherThread "VM Periodic Task Thread"        [id=55508, stack(0x00000083b1700000,0x00000083b1800000) (1024K)]
  0x000001d2d49f1320 WorkerThread "GC Thread#0"                     [id=58104, stack(0x00000083b1100000,0x00000083b1200000) (1024K)]
  0x000001d2f55b11c0 WorkerThread "GC Thread#1"                     [id=55524, stack(0x00000083b2400000,0x00000083b2500000) (1024K)]
  0x000001d2f5a65d80 WorkerThread "GC Thread#2"                     [id=56312, stack(0x00000083b2600000,0x00000083b2700000) (1024K)]
  0x000001d2d4a0a080 ConcurrentGCThread "G1 Main Marker"            [id=58108, stack(0x00000083b1200000,0x00000083b1300000) (1024K)]
  0x000001d2d4a0d320 WorkerThread "G1 Conc#0"                       [id=58112, stack(0x00000083b1300000,0x00000083b1400000) (1024K)]
  0x000001d2f5a65090 WorkerThread "G1 Conc#1"                       [id=50356, stack(0x00000083b2700000,0x00000083b2800000) (1024K)]
  0x000001d2f5a654e0 WorkerThread "G1 Conc#2"                       [id=60880, stack(0x00000083b2800000,0x00000083b2900000) (1024K)]
  0x000001d2d4a26cf0 WorkerThread "G1 Refinement Workers#0"         [id=58120, stack(0x00000083b1500000,0x00000083b1600000) (1024K)]
  0x000001d2f499ab10 ConcurrentGCThread "G1 Refine Control"         [id=58116, stack(0x00000083b1400000,0x00000083b1500000) (1024K)]
  0x000001d2d4a28620 ConcurrentGCThread "G1 Service"                [id=58124, stack(0x00000083b1600000,0x00000083b1700000) (1024K)]
Total: 12

Threads with active compile tasks:
C2 CompilerThread1  20748 1250       4       java.util.HashMap::putVal (300 bytes)
Total: 1

VM state: not at safepoint (normal execution)

VM Mutex/Monitor currently owned by a thread: None

Heap address: 0x0000000702400000, size: 4060 MB, Compressed Oops mode: Zero based, Oop shift amount: 3

CDS archive(s) mapped at: [0x0000000083000000-0x0000000083de0000-0x0000000083de0000), size 14548992, SharedBaseAddress: 0x0000000083000000, ArchiveRelocationMode: 1.
Compressed class space mapped at: 0x0000000084000000-0x00000000c4000000, reserved size: 1073741824
UseCompressedClassPointers 1, UseCompactObjectHeaders 0
Narrow klass pointer bits 32, Max shift 3
Narrow klass base: 0x0000000083000000, Narrow klass shift: 0
Encoding Range: [0x0000000083000000 - 0x0000000183000000), (4294967296 bytes)
Klass Range:    [0x0000000083000000 - 0x00000000c4000000), (1090519040 bytes)
Klass ID Range:  [8 - 1090519033) (1090519025)
Protection zone: [0x0000000083000000 - 0x0000000083010000), (65536 bytes)

GC Precious Log:
 CardTable entry size: 512
 Card Set container configuration: InlinePtr #cards 4 size 8 Array Of Cards #cards 16 size 48 Howl #buckets 8 coarsen threshold 3686 Howl Bitmap #cards 512 size 80 coarsen threshold 460 Card regions per heap region 1 cards per card region 4096
 CPUs: 12 total, 12 available
 Memory: 16237M
 Large Page Support: Disabled
 NUMA Support: Disabled
 Compressed Oops: Enabled (Zero based)
 Heap Region Size: 2M
 Heap Min Capacity: 8M
 Heap Initial Capacity: 8M
 Heap Max Capacity: 4060M
 Pre-touch: Disabled
 Parallel Workers: 10
 Concurrent Workers: 3
 Concurrent Refinement Workers: 10
 Periodic GC: Disabled

Heap:
 garbage-first heap   total reserved 4157440K, committed 12288K, used 4474K [0x0000000702400000, 0x0000000800000000)
  region size 2M, 1 eden (2M), 1 survivor (2M), 2 old (4M), 0 humongous (0M), 2 free (4M)

Heap Regions: E=young(eden), S=young(survivor), O=old, HS=humongous(starts), HC=humongous(continues), CS=collection set, F=free, TAMS=top-at-mark-start, PB=parsable bottom
|    0|0x0000000702400000, 0x0000000702600000, 0x0000000702600000|100%| O|  |TAMS 0x0000000702400000| PB 0x0000000702400000| Untracked |  0
|    1|0x0000000702600000, 0x0000000702600000, 0x0000000702800000|  0%| F|  |TAMS 0x0000000702600000| PB 0x0000000702600000| Untracked |  0
|    2|0x0000000702800000, 0x0000000702922800, 0x0000000702a00000| 56%| S|CS|TAMS 0x0000000702800000| PB 0x0000000702800000| Complete  |  0
|    3|0x0000000702a00000, 0x0000000702a00000, 0x0000000702c00000|  0%| F|  |TAMS 0x0000000702a00000| PB 0x0000000702a00000| Untracked |  0
| 2028|0x00000007ffc00000, 0x00000007ffd3c360, 0x00000007ffe00000| 61%| O|  |TAMS 0x00000007ffc00000| PB 0x00000007ffc00000| Untracked |  0
| 2029|0x00000007ffe00000, 0x00000007ffe8abf0, 0x0000000800000000| 27%| E|CS|TAMS 0x00000007ffe00000| PB 0x00000007ffe00000| Complete  |  0

Card table byte_map: [0x000001d2ed5e0000,0x000001d2eddd0000] _byte_map_base: 0x000001d2e9dce000
Refinement table byte_map: [0x000001d2eddd0000,0x000001d2ee5c0000] _byte_map_base: 0x000001d2ea5be000

Marking Bits: (CMBitMap*) 0x000001d2d49f1aa0
 Bits: [0x000001d2ee5c0000, 0x000001d2f2530000)

Polling page: 0x000001d2d2800000

Metaspace:
Metaspace        used 5458K, committed 5696K, reserved 1114112K
 class space     used 656K, committed 768K, reserved 1048576K

Usage:
  Non-class:      4.69 MB used.
      Class:    656.24 KB used.
       Both:      5.33 MB used.

Virtual space:
  Non-class space:       64.00 MB reserved,       4.81 MB (  8%) committed,  1 nodes.
      Class space:        1.00 GB reserved,     768.00 KB ( <1%) committed,  1 nodes.
             Both:        1.06 GB reserved,       5.56 MB ( <1%) committed. 

Chunk freelists:
   Non-Class:  9.28 MB
       Class:  15.29 MB
        Both:  24.57 MB

MaxMetaspaceSize: unlimited
CompressedClassSpaceSize: 1.00 GB
Initial GC threshold: 21.00 MB
Current GC threshold: 21.00 MB
CDS: on
 - commit_granule_bytes: 65536.
 - commit_granule_words: 8192.
 - virtual_space_node_default_size: 8388608.
 - enlarge_chunks_in_place: 1.
UseCompressedClassPointers 1, UseCompactObjectHeaders 0
Narrow klass pointer bits 32, Max shift 3
Narrow klass base: 0x0000000083000000, Narrow klass shift: 0
Encoding Range: [0x0000000083000000 - 0x0000000183000000), (4294967296 bytes)
Klass Range:    [0x0000000083000000 - 0x00000000c4000000), (1090519040 bytes)
Klass ID Range:  [8 - 1090519033) (1090519025)
Protection zone: [0x0000000083000000 - 0x0000000083010000), (65536 bytes)


Internal statistics:

num_allocs_failed_limit: 0.
num_arena_births: 56.
num_arena_deaths: 2.
num_vsnodes_births: 2.
num_vsnodes_deaths: 0.
num_space_committed: 89.
num_space_uncommitted: 0.
num_chunks_returned_to_freelist: 3.
num_chunks_taken_from_freelist: 229.
num_chunk_merges: 0.
num_chunk_splits: 139.
num_chunks_enlarged: 104.
num_inconsistent_stats: 0.

CodeHeap 'non-profiled nmethods': size=120064Kb used=346Kb max_used=346Kb free=119717Kb
 bounds [0x000001d2e5350000, 0x000001d2e55c0000, 0x000001d2ec890000]
CodeHeap 'profiled nmethods': size=120064Kb used=1865Kb max_used=1865Kb free=118198Kb
 bounds [0x000001d2dd870000, 0x000001d2ddae0000, 0x000001d2e4db0000]
CodeHeap 'non-nmethods': size=5760Kb used=1350Kb max_used=1375Kb free=4409Kb
 bounds [0x000001d2e4db0000, 0x000001d2e5020000, 0x000001d2e5350000]
CodeCache: size=245888Kb, used=3561Kb, max_used=3586Kb, free=242324Kb
 total_blobs=1736, nmethods=1271, adapters=369, full_count=0
Compilation: enabled, stopped_count=0, restarted_count=0

Compilation events (20 events):
Event: 17.984 Thread 0x000001d2f4aff8f0 nmethod 1239 0x000001d2e539e708 code [0x000001d2e539e800, 0x000001d2e539e8a0]
Event: 17.984 Thread 0x000001d2f4aff8f0 1240       4       java.nio.CharBuffer::arrayOffset (35 bytes)
Event: 17.985 Thread 0x000001d2f4aff8f0 nmethod 1240 0x000001d2e539ea08 code [0x000001d2e539eb00, 0x000001d2e539eba0]
Event: 17.985 Thread 0x000001d2f4aff8f0 1241       4       java.nio.CharBuffer::position (6 bytes)
Event: 17.985 Thread 0x000001d2f4aff8f0 nmethod 1241 0x000001d2e539ed08 code [0x000001d2e539ee00, 0x000001d2e539eee0]
Event: 17.985 Thread 0x000001d2f4aff8f0 1242       4       java.io.InputStreamReader::read (11 bytes)
Event: 17.986 Thread 0x000001d2f4aff8f0 nmethod 1242 0x000001d2e539f008 code [0x000001d2e539f100, 0x000001d2e539f1c0]
Event: 17.988 Thread 0x000001d2f4aff8f0 1244       4       java.nio.DirectLongBufferU::ix (10 bytes)
Event: 17.989 Thread 0x000001d2f4aff8f0 nmethod 1244 0x000001d2e539f308 code [0x000001d2e539f400, 0x000001d2e539f470]
Event: 18.172 Thread 0x000001d2f5acfa90 1245       4       java.io.WinNTFileSystem::normalize (148 bytes)
Event: 18.175 Thread 0x000001d2f4b0c5a0 1246       3       java.lang.StringLatin1::trim (76 bytes)
Event: 18.175 Thread 0x000001d2f4b0c5a0 nmethod 1246 0x000001d2dda37988 code [0x000001d2dda37a80, 0x000001d2dda37e08]
Event: 18.175 Thread 0x000001d2f4b0c5a0 1247       3       org.codehaus.plexus.util.xml.pull.MXParser::isS (30 bytes)
Event: 18.175 Thread 0x000001d2f4b0c5a0 nmethod 1247 0x000001d2dda37e88 code [0x000001d2dda37f80, 0x000001d2dda38128]
Event: 18.177 Thread 0x000001d2f5acfa90 nmethod 1245 0x000001d2e539f608 code [0x000001d2e539f700, 0x000001d2e539fcd0]
Event: 18.228 Thread 0x000001d2f4b0c5a0 1248       3       org.codehaus.plexus.util.xml.pull.MXParser::isNameStartChar (56 bytes)
Event: 18.228 Thread 0x000001d2f5acfa90 1250       4       java.util.HashMap::putVal (300 bytes)
Event: 18.228 Thread 0x000001d2f4b0c5a0 nmethod 1248 0x000001d2dda38188 code [0x000001d2dda38280, 0x000001d2dda384d0]
Event: 18.228 Thread 0x000001d2f4b0c5a0 1249       3       org.codehaus.plexus.util.xml.pull.MXParser::getText (125 bytes)
Event: 18.228 Thread 0x000001d2f4b0c5a0 nmethod 1249 0x000001d2dda38508 code [0x000001d2dda38600, 0x000001d2dda38ae0]

GC Heap Usage History (14 events):
Event: 6.258 {heap Before GC invocations=0 (full 0):
 garbage-first heap   total reserved 4157440K, committed 10240K, used 3230K [0x0000000702400000, 0x0000000800000000)
  region size 2M, 2 eden (4M), 0 survivor (0M), 1 old (2M), 0 humongous (0M), 2 free (4M)
}
Event: 6.260 {heap After GC invocations=1 (full 0):
 garbage-first heap   total reserved 4157440K, committed 10240K, used 2846K [0x0000000702400000, 0x0000000800000000)
  region size 2M, 0 eden (0M), 1 survivor (2M), 1 old (2M), 0 humongous (0M), 3 free (6M)
}
Event: 11.370 {heap Before GC invocations=1 (full 0):
 garbage-first heap   total reserved 4157440K, committed 10240K, used 2846K [0x0000000702400000, 0x0000000800000000)
  region size 2M, 1 eden (2M), 1 survivor (2M), 1 old (2M), 0 humongous (0M), 2 free (4M)
}
Event: 11.372 {heap After GC invocations=2 (full 0):
 garbage-first heap   total reserved 4157440K, committed 10240K, used 3038K [0x0000000702400000, 0x0000000800000000)
  region size 2M, 0 eden (0M), 1 survivor (2M), 2 old (4M), 0 humongous (0M), 2 free (4M)
}
Event: 11.916 {heap Before GC invocations=2 (full 0):
 garbage-first heap   total reserved 4157440K, committed 10240K, used 5086K [0x0000000702400000, 0x0000000800000000)
  region size 2M, 1 eden (2M), 1 survivor (2M), 2 old (4M), 0 humongous (0M), 1 free (2M)
}
Event: 11.918 {heap After GC invocations=3 (full 0):
 garbage-first heap   total reserved 4157440K, committed 10240K, used 3453K [0x0000000702400000, 0x0000000800000000)
  region size 2M, 0 eden (0M), 1 survivor (2M), 2 old (4M), 0 humongous (0M), 2 free (4M)
}
Event: 13.107 {heap Before GC invocations=3 (full 0):
 garbage-first heap   total reserved 4157440K, committed 10240K, used 5501K [0x0000000702400000, 0x0000000800000000)
  region size 2M, 1 eden (2M), 1 survivor (2M), 2 old (4M), 0 humongous (0M), 1 free (2M)
}
Event: 13.108 {heap After GC invocations=4 (full 0):
 garbage-first heap   total reserved 4157440K, committed 10240K, used 3826K [0x0000000702400000, 0x0000000800000000)
  region size 2M, 0 eden (0M), 1 survivor (2M), 2 old (4M), 0 humongous (0M), 2 free (4M)
}
Event: 16.032 {heap Before GC invocations=4 (full 0):
 garbage-first heap   total reserved 4157440K, committed 10240K, used 5874K [0x0000000702400000, 0x0000000800000000)
  region size 2M, 1 eden (2M), 1 survivor (2M), 2 old (4M), 0 humongous (0M), 1 free (2M)
}
Event: 16.034 {heap After GC invocations=5 (full 0):
 garbage-first heap   total reserved 4157440K, committed 10240K, used 3965K [0x0000000702400000, 0x0000000800000000)
  region size 2M, 0 eden (0M), 1 survivor (2M), 2 old (4M), 0 humongous (0M), 2 free (4M)
}
Event: 16.805 {heap Before GC invocations=5 (full 0):
 garbage-first heap   total reserved 4157440K, committed 10240K, used 6013K [0x0000000702400000, 0x0000000800000000)
  region size 2M, 1 eden (2M), 1 survivor (2M), 2 old (4M), 0 humongous (0M), 1 free (2M)
}
Event: 16.807 {heap After GC invocations=6 (full 0):
 garbage-first heap   total reserved 4157440K, committed 12288K, used 4117K [0x0000000702400000, 0x0000000800000000)
  region size 2M, 0 eden (0M), 1 survivor (2M), 3 old (6M), 0 humongous (0M), 2 free (4M)
}
Event: 17.423 {heap Before GC invocations=7 (full 0):
 garbage-first heap   total reserved 4157440K, committed 12288K, used 6165K [0x0000000702400000, 0x0000000800000000)
  region size 2M, 1 eden (2M), 1 survivor (2M), 3 old (6M), 0 humongous (0M), 1 free (2M)
}
Event: 17.425 {heap After GC invocations=8 (full 0):
 garbage-first heap   total reserved 4157440K, committed 12288K, used 4182K [0x0000000702400000, 0x0000000800000000)
  region size 2M, 0 eden (0M), 1 survivor (2M), 3 old (6M), 0 humongous (0M), 2 free (4M)
}

Metaspace Usage History (14 events):
Event: 6.258 {metaspace Before GC invocations=0 (full 0):
 Metaspace       used 1091K, committed 1216K, reserved 1114112K
  class space    used 88K, committed 128K, reserved 1048576K
}
Event: 6.260 {metaspace After GC invocations=1 (full 0):
 Metaspace       used 1091K, committed 1216K, reserved 1114112K
  class space    used 88K, committed 128K, reserved 1048576K
}
Event: 11.370 {metaspace Before GC invocations=1 (full 0):
 Metaspace       used 1992K, committed 2176K, reserved 1114112K
  class space    used 185K, committed 256K, reserved 1048576K
}
Event: 11.372 {metaspace After GC invocations=2 (full 0):
 Metaspace       used 1992K, committed 2176K, reserved 1114112K
  class space    used 185K, committed 256K, reserved 1048576K
}
Event: 11.916 {metaspace Before GC invocations=2 (full 0):
 Metaspace       used 2516K, committed 2752K, reserved 1114112K
  class space    used 237K, committed 320K, reserved 1048576K
}
Event: 11.918 {metaspace After GC invocations=3 (full 0):
 Metaspace       used 2516K, committed 2752K, reserved 1114112K
  class space    used 237K, committed 320K, reserved 1048576K
}
Event: 13.107 {metaspace Before GC invocations=3 (full 0):
 Metaspace       used 3004K, committed 3200K, reserved 1114112K
  class space    used 303K, committed 384K, reserved 1048576K
}
Event: 13.108 {metaspace After GC invocations=4 (full 0):
 Metaspace       used 3004K, committed 3200K, reserved 1114112K
  class space    used 303K, committed 384K, reserved 1048576K
}
Event: 16.032 {metaspace Before GC invocations=4 (full 0):
 Metaspace       used 3739K, committed 3904K, reserved 1114112K
  class space    used 390K, committed 448K, reserved 1048576K
}
Event: 16.034 {metaspace After GC invocations=5 (full 0):
 Metaspace       used 3739K, committed 3904K, reserved 1114112K
  class space    used 390K, committed 448K, reserved 1048576K
}
Event: 16.805 {metaspace Before GC invocations=5 (full 0):
 Metaspace       used 4570K, committed 4672K, reserved 1114112K
  class space    used 510K, committed 576K, reserved 1048576K
}
Event: 16.807 {metaspace After GC invocations=6 (full 0):
 Metaspace       used 4570K, committed 4672K, reserved 1114112K
  class space    used 510K, committed 576K, reserved 1048576K
}
Event: 17.423 {metaspace Before GC invocations=7 (full 0):
 Metaspace       used 5068K, committed 5184K, reserved 1114112K
  class space    used 602K, committed 640K, reserved 1048576K
}
Event: 17.425 {metaspace After GC invocations=8 (full 0):
 Metaspace       used 5068K, committed 5184K, reserved 1114112K
  class space    used 602K, committed 640K, reserved 1048576K
}

Dll operation events (14 events):
Event: 0.014 Attempting to load shared library C:\Program Files\Apache NetBeans\jdk\bin\java.dll
Event: 0.016 Loaded shared library C:\Program Files\Apache NetBeans\jdk\bin\java.dll
Event: 0.972 Attempting to load shared library C:\Program Files\Apache NetBeans\jdk\bin\net.dll
Event: 1.146 Loaded shared library C:\Program Files\Apache NetBeans\jdk\bin\net.dll
Event: 1.149 Attempting to load shared library C:\Program Files\Apache NetBeans\jdk\bin\nio.dll
Event: 1.150 Loaded shared library C:\Program Files\Apache NetBeans\jdk\bin\nio.dll
Event: 1.153 Attempting to load shared library C:\Program Files\Apache NetBeans\jdk\bin\zip.dll
Event: 1.153 Loaded shared library C:\Program Files\Apache NetBeans\jdk\bin\zip.dll
Event: 2.090 Attempting to load shared library C:\Program Files\Apache NetBeans\java\maven\lib\jansi-native\Windows\x86_64\jansi.dll
Event: 2.092 Loaded shared library C:\Program Files\Apache NetBeans\java\maven\lib\jansi-native\Windows\x86_64\jansi.dll
Event: 2.110 Attempting to load shared library C:\Program Files\Apache NetBeans\jdk\bin\verify.dll
Event: 2.110 Loaded shared library C:\Program Files\Apache NetBeans\jdk\bin\verify.dll
Event: 10.085 Attempting to load shared library C:\Program Files\Apache NetBeans\jdk\bin\jimage.dll
Event: 10.085 Loaded shared library C:\Program Files\Apache NetBeans\jdk\bin\jimage.dll

Deoptimization events (20 events):
Event: 11.977 Thread 0x000001d2d2535720 DEOPT PACKING pc=0x000001d2e53607c4 sp=0x00000083b10fe1b0
Event: 11.977 Thread 0x000001d2d2535720 DEOPT UNPACKING pc=0x000001d2e4e3c802 sp=0x00000083b10fe0f0 mode 2
Event: 11.979 Thread 0x000001d2d2535720 Uncommon trap: trap_request=0xffffff45 fr.pc=0x000001d2e535bb64 relative=0x0000000000000064
Event: 11.979 Thread 0x000001d2d2535720 Uncommon trap: reason=unstable_if action=reinterpret pc=0x000001d2e535bb64 method=java.lang.AbstractStringBuilder.needsNewBuffer([BBIB)Z @ 8 c2
Event: 11.979 Thread 0x000001d2d2535720 DEOPT PACKING pc=0x000001d2e535bb64 sp=0x00000083b10fe0c0
Event: 11.979 Thread 0x000001d2d2535720 DEOPT UNPACKING pc=0x000001d2e4e3c802 sp=0x00000083b10fe048 mode 2
Event: 13.043 Thread 0x000001d2d2535720 DEOPT PACKING pc=0x000001d2dd8a55f8 sp=0x00000083b10fa1d0
Event: 13.043 Thread 0x000001d2d2535720 DEOPT UNPACKING pc=0x000001d2e4e01a02 sp=0x00000083b10f9640 mode 0
Event: 16.440 Thread 0x000001d2d2535720 Uncommon trap: trap_request=0xffffff45 fr.pc=0x000001d2e538a044 relative=0x00000000000003c4
Event: 16.440 Thread 0x000001d2d2535720 Uncommon trap: reason=unstable_if action=reinterpret pc=0x000001d2e538a044 method=java.util.concurrent.ConcurrentHashMap.get(Ljava/lang/Object;)Ljava/lang/Object; @ 76 c2
Event: 16.440 Thread 0x000001d2d2535720 DEOPT PACKING pc=0x000001d2e538a044 sp=0x00000083b10fd9c0
Event: 16.440 Thread 0x000001d2d2535720 DEOPT UNPACKING pc=0x000001d2e4e3c802 sp=0x00000083b10fd938 mode 2
Event: 17.957 Thread 0x000001d2d2535720 Uncommon trap: trap_request=0xffffff6e fr.pc=0x000001d2e5381f0c relative=0x000000000000030c
Event: 17.957 Thread 0x000001d2d2535720 Uncommon trap: reason=predicate action=maybe_recompile pc=0x000001d2e5381f0c method=java.util.regex.Pattern$BmpCharPropertyGreedy.match(Ljava/util/regex/Matcher;ILjava/lang/CharSequence;)Z @ 12 c2
Event: 17.957 Thread 0x000001d2d2535720 DEOPT PACKING pc=0x000001d2e5381f0c sp=0x00000083b10fdcc0
Event: 17.957 Thread 0x000001d2d2535720 DEOPT UNPACKING pc=0x000001d2e4e3c802 sp=0x00000083b10fdc78 mode 2
Event: 17.957 Thread 0x000001d2d2535720 Uncommon trap: trap_request=0xffffff45 fr.pc=0x000001d2e537bbb0 relative=0x00000000000000b0
Event: 17.957 Thread 0x000001d2d2535720 Uncommon trap: reason=unstable_if action=reinterpret pc=0x000001d2e537bbb0 method=org.codehaus.plexus.util.xml.pull.MXParser.more()C @ 8 c2
Event: 17.957 Thread 0x000001d2d2535720 DEOPT PACKING pc=0x000001d2e537bbb0 sp=0x00000083b10fe080
Event: 17.957 Thread 0x000001d2d2535720 DEOPT UNPACKING pc=0x000001d2e4e3c802 sp=0x00000083b10fe010 mode 2

Classes loaded (20 events):
Event: 17.637 Loading class java/lang/reflect/WildcardType
Event: 17.637 Loading class java/lang/reflect/WildcardType done
Event: 17.640 Loading class sun/reflect/generics/scope/ClassScope
Event: 17.640 Loading class sun/reflect/generics/scope/Scope
Event: 17.640 Loading class sun/reflect/generics/scope/Scope done
Event: 17.640 Loading class sun/reflect/generics/scope/AbstractScope
Event: 17.640 Loading class sun/reflect/generics/scope/AbstractScope done
Event: 17.640 Loading class sun/reflect/generics/scope/ClassScope done
Event: 17.640 Loading class sun/reflect/generics/factory/CoreReflectionFactory
Event: 17.640 Loading class sun/reflect/generics/factory/GenericsFactory
Event: 17.640 Loading class sun/reflect/generics/factory/GenericsFactory done
Event: 17.640 Loading class sun/reflect/generics/factory/CoreReflectionFactory done
Event: 17.640 Loading class sun/reflect/generics/tree/TypeVariableSignature
Event: 17.640 Loading class sun/reflect/generics/tree/TypeVariableSignature done
Event: 17.640 Loading class sun/reflect/generics/visitor/Reifier
Event: 17.640 Loading class sun/reflect/generics/visitor/TypeTreeVisitor
Event: 17.640 Loading class sun/reflect/generics/visitor/TypeTreeVisitor done
Event: 17.640 Loading class sun/reflect/generics/visitor/Reifier done
Event: 17.952 Loading class java/lang/annotation/IncompleteAnnotationException
Event: 17.952 Loading class java/lang/annotation/IncompleteAnnotationException done

Classes unloaded (1 events):
Event: 16.951 Thread 0x000001d2f4adc170 Unloading class 0x0000000084054800 'java/lang/invoke/LambdaForm$MH+0x0000000084054800'

Classes redefined (0 events):
No events

Internal exceptions (20 events):
Event: 2.109 Thread 0x000001d2d2535720 Exception <a 'sun/nio/fs/WindowsException'{0x00000007029f4d00}> (0x00000007029f4d00) 
thrown [s\src\hotspot\share\prims\jni.cpp, line 514]
Event: 2.109 Thread 0x000001d2d2535720 Exception <a 'sun/nio/fs/WindowsException'{0x00000007029f5338}> (0x00000007029f5338) 
thrown [s\src\hotspot\share\prims\jni.cpp, line 514]
Event: 2.109 Thread 0x000001d2d2535720 Exception <a 'sun/nio/fs/WindowsException'{0x00000007029f5920}> (0x00000007029f5920) 
thrown [s\src\hotspot\share\prims\jni.cpp, line 514]
Event: 2.109 Thread 0x000001d2d2535720 Exception <a 'sun/nio/fs/WindowsException'{0x00000007029f5e90}> (0x00000007029f5e90) 
thrown [s\src\hotspot\share\prims\jni.cpp, line 514]
Event: 2.109 Thread 0x000001d2d2535720 Exception <a 'sun/nio/fs/WindowsException'{0x00000007029f63e0}> (0x00000007029f63e0) 
thrown [s\src\hotspot\share\prims\jni.cpp, line 514]
Event: 2.109 Thread 0x000001d2d2535720 Exception <a 'sun/nio/fs/WindowsException'{0x00000007029f68d0}> (0x00000007029f68d0) 
thrown [s\src\hotspot\share\prims\jni.cpp, line 514]
Event: 2.109 Thread 0x000001d2d2535720 Exception <a 'sun/nio/fs/WindowsException'{0x00000007029f6d78}> (0x00000007029f6d78) 
thrown [s\src\hotspot\share\prims\jni.cpp, line 514]
Event: 6.983 Thread 0x000001d2d2535720 Exception <a 'java/lang/NoSuchMethodError'{0x0000000702a45f00}: 'void java.lang.invoke.DirectMethodHandle$Holder.invokeVirtual(java.lang.Object, java.lang.Object)'> (0x0000000702a45f00) 
thrown [s\src\hotspot\share\interpreter\linkResolver.cpp, line 804]
Event: 8.335 Thread 0x000001d2d2535720 Exception <a 'java/lang/NoSuchMethodError'{0x0000000702a678e8}: 'void java.lang.invoke.DirectMethodHandle$Holder.invokeStatic(java.lang.Object, java.lang.Object)'> (0x0000000702a678e8) 
thrown [s\src\hotspot\share\interpreter\linkResolver.cpp, line 804]
Event: 8.335 Thread 0x000001d2d2535720 Exception <a 'java/lang/NoSuchMethodError'{0x0000000702a6f690}: 'void java.lang.invoke.DirectMethodHandle$Holder.invokeStaticInit(java.lang.Object, java.lang.Object)'> (0x0000000702a6f690) 
thrown [s\src\hotspot\share\interpreter\linkResolver.cpp, line 804]
Event: 8.342 Thread 0x000001d2d2535720 Exception <a 'java/lang/NoSuchMethodError'{0x0000000702aaae20}: 'void java.lang.invoke.DirectMethodHandle$Holder.invokeSpecial(java.lang.Object, java.lang.Object, java.lang.Object, java.lang.Object, java.lang.Object)'> (0x0000000702aaae20) 
thrown [s\src\hotspot\share\interpreter\linkResolver.cpp, line 804]
Event: 8.375 Thread 0x000001d2d2535720 Exception <a 'java/lang/NoSuchMethodError'{0x0000000702ae8318}: 'void java.lang.invoke.DirectMethodHandle$Holder.invokeStatic(java.lang.Object, java.lang.Object, java.lang.Object)'> (0x0000000702ae8318) 
thrown [s\src\hotspot\share\interpreter\linkResolver.cpp, line 804]
Event: 11.692 Thread 0x000001d2d2535720 Exception <a 'java/lang/NoSuchMethodError'{0x0000000702a82488}: 'java.lang.Object java.lang.invoke.DirectMethodHandle$Holder.invokeSpecialIFC(java.lang.Object, java.lang.Object, java.lang.Object, java.lang.Object)'> (0x0000000702a82488) 
thrown [s\src\hotspot\share\interpreter\linkResolver.cpp, line 804]
Event: 15.357 Thread 0x000001d2d2535720 Exception <a 'java/lang/NoSuchMethodError'{0x0000000702bae2f0}: 'void java.lang.invoke.DirectMethodHandle$Holder.invokeSpecial(java.lang.Object, java.lang.Object, java.lang.Object)'> (0x0000000702bae2f0) 
thrown [s\src\hotspot\share\interpreter\linkResolver.cpp, line 804]
Event: 16.446 Thread 0x000001d2d2535720 Exception <a 'java/lang/NoSuchMethodError'{0x0000000702b5fab8}: 'java.lang.Object java.lang.invoke.DirectMethodHandle$Holder.invokeInterface(java.lang.Object, java.lang.Object)'> (0x0000000702b5fab8) 
thrown [s\src\hotspot\share\interpreter\linkResolver.cpp, line 804]
Event: 16.838 Thread 0x000001d2d2535720 Exception <a 'java/lang/NoSuchMethodError'{0x0000000702a0c630}: 'int java.lang.invoke.DirectMethodHandle$Holder.invokeStatic(java.lang.Object, java.lang.Object, java.lang.Object, java.lang.Object)'> (0x0000000702a0c630) 
thrown [s\src\hotspot\share\interpreter\linkResolver.cpp, line 804]
Event: 16.843 Thread 0x000001d2d2535720 Exception <a 'java/lang/NoSuchMethodError'{0x0000000702a360e0}: 'int java.lang.invoke.DirectMethodHandle$Holder.invokeSpecialIFC(java.lang.Object, java.lang.Object, java.lang.Object, java.lang.Object, java.lang.Object)'> (0x0000000702a360e0) 
thrown [s\src\hotspot\share\interpreter\linkResolver.cpp, line 804]
Event: 17.293 Thread 0x000001d2d2535720 Exception <a 'java/lang/NoSuchMethodError'{0x0000000702b8aba8}: 'java.lang.Object java.lang.invoke.DirectMethodHandle$Holder.newInvokeSpecial(java.lang.Object, java.lang.Object, java.lang.Object, java.lang.Object, java.lang.Object)'> (0x0000000702b8aba8) 
thrown [s\src\hotspot\share\interpreter\linkResolver.cpp, line 804]
Event: 17.773 Thread 0x000001d2d2535720 Exception <a 'java/lang/NoSuchMethodError'{0x0000000702aa55d8}: 'int java.lang.invoke.DirectMethodHandle$Holder.invokeStaticInit(java.lang.Object, java.lang.Object)'> (0x0000000702aa55d8) 
thrown [s\src\hotspot\share\interpreter\linkResolver.cpp, line 804]
Event: 17.952 Thread 0x000001d2d2535720 Exception <a 'java/lang/NoClassDefFoundError'{0x0000000702add230}: javax/enterprise/inject/Typed> (0x0000000702add230) 
thrown [s\src\hotspot\share\classfile\systemDictionary.cpp, line 318]

VM Operations (20 events):
Event: 10.089 Executing non-safepoint VM operation: HandshakeAllThreads (Deoptimize)
Event: 10.089 Executing non-safepoint VM operation: HandshakeAllThreads (Deoptimize) done
Event: 11.370 Executing safepoint VM operation: G1CollectForAllocation (G1 Evacuation Pause)
Event: 11.372 Executing safepoint VM operation: G1CollectForAllocation (G1 Evacuation Pause) done
Event: 11.916 Executing safepoint VM operation: G1CollectForAllocation (G1 Evacuation Pause)
Event: 11.918 Executing safepoint VM operation: G1CollectForAllocation (G1 Evacuation Pause) done
Event: 13.107 Executing safepoint VM operation: G1CollectForAllocation (G1 Evacuation Pause)
Event: 13.109 Executing safepoint VM operation: G1CollectForAllocation (G1 Evacuation Pause) done
Event: 16.032 Executing safepoint VM operation: G1CollectForAllocation (G1 Evacuation Pause)
Event: 16.034 Executing safepoint VM operation: G1CollectForAllocation (G1 Evacuation Pause) done
Event: 16.436 Executing non-safepoint VM operation: HandshakeAllThreads (Deoptimize)
Event: 16.436 Executing non-safepoint VM operation: HandshakeAllThreads (Deoptimize) done
Event: 16.805 Executing safepoint VM operation: G1CollectForAllocation (G1 Evacuation Pause)
Event: 16.807 Executing safepoint VM operation: G1CollectForAllocation (G1 Evacuation Pause) done
Event: 16.947 Executing safepoint VM operation: G1PauseRemark
Event: 16.953 Executing safepoint VM operation: G1PauseRemark done
Event: 16.954 Executing safepoint VM operation: G1PauseCleanup
Event: 16.968 Executing safepoint VM operation: G1PauseCleanup done
Event: 17.423 Executing safepoint VM operation: G1CollectForAllocation (G1 Evacuation Pause)
Event: 17.425 Executing safepoint VM operation: G1CollectForAllocation (G1 Evacuation Pause) done

Memory protections (0 events):
No events

Nmethod flushes (0 events):
No events

Events (15 events):
Event: 0.507 Thread 0x000001d2d2535720 Thread added: 0x000001d2d2535720
Event: 0.672 Thread 0x000001d2d2535720 Thread added: 0x000001d2f4aeddc0
Event: 0.672 Thread 0x000001d2d2535720 Thread added: 0x000001d2f4af1390
Event: 0.673 Thread 0x000001d2d2535720 Thread added: 0x000001d2f4af3ac0
Event: 0.673 Thread 0x000001d2d2535720 Thread added: 0x000001d2f4af4670
Event: 0.673 Thread 0x000001d2d2535720 Thread added: 0x000001d2f4af6230
Event: 0.674 Thread 0x000001d2d2535720 Thread added: 0x000001d2f4afa9f0
Event: 0.674 Thread 0x000001d2d2535720 Thread added: 0x000001d2f4aff8f0
Event: 0.720 Thread 0x000001d2d2535720 Thread added: 0x000001d2f4b0c5a0
Event: 0.899 Thread 0x000001d2d2535720 Thread added: 0x000001d2f5245200
Event: 0.902 Thread 0x000001d2d2535720 Thread added: 0x000001d2f52459b0
Event: 1.285 Thread 0x000001d2f4b0c5a0 Thread added: 0x000001d2f537e830
Event: 1.428 Thread 0x000001d2f537e830 Thread exited: 0x000001d2f537e830
Event: 2.088 Thread 0x000001d2d2535720 Thread added: 0x000001d2f5594fa0
Event: 17.967 Thread 0x000001d2f4b0c5a0 Thread added: 0x000001d2f5acfa90


Dynamic libraries:
0x00007ff623720000 - 0x00007ff62372e000 	C:\Program Files\Apache NetBeans\jdk\bin\java.exe
0x00007ff832b60000 - 0x00007ff832dc6000 	C:\WINDOWS\SYSTEM32\ntdll.dll
0x00007ff831820000 - 0x00007ff8318e9000 	C:\WINDOWS\System32\KERNEL32.DLL
0x00007ff82fd80000 - 0x00007ff83017e000 	C:\WINDOWS\System32\KERNELBASE.dll
0x00007ff82cc20000 - 0x00007ff82ccc0000 	C:\WINDOWS\SYSTEM32\apphelp.dll
0x00007ff830670000 - 0x00007ff8307bc000 	C:\WINDOWS\System32\ucrtbase.dll
0x00007ff805820000 - 0x00007ff805837000 	C:\Program Files\Apache NetBeans\jdk\bin\jli.dll
0x00007ff8315a0000 - 0x00007ff831767000 	C:\WINDOWS\System32\USER32.dll
0x00007ff830440000 - 0x00007ff830467000 	C:\WINDOWS\System32\win32u.dll
0x00007ff8312b0000 - 0x00007ff8312db000 	C:\WINDOWS\System32\GDI32.dll
0x00007ff830190000 - 0x00007ff8302ba000 	C:\WINDOWS\System32\gdi32full.dll
0x00007ff830470000 - 0x00007ff830513000 	C:\WINDOWS\System32\msvcp_win.dll
0x00007ff806240000 - 0x00007ff80625e000 	C:\Program Files\Apache NetBeans\jdk\bin\VCRUNTIME140.dll
0x00007ff815670000 - 0x00007ff815902000 	C:\WINDOWS\WinSxS\amd64_microsoft.windows.common-controls_6595b64144ccf1df_6.0.26100.8875_none_3e0d5d42e32fe9dd\COMCTL32.dll
0x00007ff831770000 - 0x00007ff831819000 	C:\WINDOWS\System32\msvcrt.dll
0x00007ff8323e0000 - 0x00007ff832412000 	C:\WINDOWS\System32\IMM32.DLL
0x000000005b940000 - 0x000000005b94d000 	C:\Program Files (x86)\360\Total Security\safemon\SafeWrapper.dll
0x00007ff832960000 - 0x00007ff832a17000 	C:\WINDOWS\System32\ADVAPI32.dll
0x00007ff830890000 - 0x00007ff83093a000 	C:\WINDOWS\System32\sechost.dll
0x00007ff830b50000 - 0x00007ff830c68000 	C:\WINDOWS\System32\RPCRT4.dll
0x00007ff8296f0000 - 0x00007ff8297f5000 	C:\Program Files (x86)\360\Total Security\safemon\libzdtp64.dll
0x00007ff831aa0000 - 0x00007ff832232000 	C:\WINDOWS\System32\SHELL32.dll
0x00007ff8319f0000 - 0x00007ff831a57000 	C:\WINDOWS\System32\SHLWAPI.dll
0x00007ff82f7c0000 - 0x00007ff82f7cb000 	C:\WINDOWS\SYSTEM32\VERSION.dll
0x00007ff82ae80000 - 0x00007ff82ae8c000 	C:\Program Files\Apache NetBeans\jdk\bin\vcruntime140_1.dll
0x00007fffb1950000 - 0x00007fffb19dd000 	C:\Program Files\Apache NetBeans\jdk\bin\msvcp140.dll
0x00007fff8c260000 - 0x00007fff8d1f9000 	C:\Program Files\Apache NetBeans\jdk\bin\server\jvm.dll
0x00007ff832440000 - 0x00007ff8324c0000 	C:\WINDOWS\System32\WS2_32.dll
0x00007ff82fbe0000 - 0x00007ff82fc3e000 	C:\WINDOWS\SYSTEM32\POWRPROF.dll
0x00007ff821b50000 - 0x00007ff821b86000 	C:\WINDOWS\SYSTEM32\WINMM.dll
0x00007ff82fbc0000 - 0x00007ff82fbd4000 	C:\WINDOWS\SYSTEM32\UMPDC.dll
0x00007ff82e9e0000 - 0x00007ff82e9fb000 	C:\WINDOWS\SYSTEM32\kernel.appcore.dll
0x00007ff8186a0000 - 0x00007ff8186aa000 	C:\Program Files\Apache NetBeans\jdk\bin\jimage.dll
0x00007ff81fc20000 - 0x00007ff81fe62000 	C:\WINDOWS\SYSTEM32\DBGHELP.DLL
0x00007ff830f20000 - 0x00007ff8312a3000 	C:\WINDOWS\System32\combase.dll
0x00007ff8314c0000 - 0x00007ff831599000 	C:\WINDOWS\System32\OLEAUT32.dll
0x00007ff816360000 - 0x00007ff81639b000 	C:\WINDOWS\SYSTEM32\dbgcore.DLL
0x00007ff8307d0000 - 0x00007ff83087c000 	C:\WINDOWS\System32\bcryptPrimitives.dll
0x00007ff805a80000 - 0x00007ff805a9e000 	C:\Program Files\Apache NetBeans\jdk\bin\java.dll
0x00007ff832240000 - 0x00007ff8323d9000 	C:\WINDOWS\System32\ole32.dll
0x00007ff82d7e0000 - 0x00007ff82e072000 	C:\WINDOWS\SYSTEM32\windows.storage.dll
0x00007ff8318f0000 - 0x00007ff8319e7000 	C:\WINDOWS\System32\SHCORE.dll
0x00007ff82fca0000 - 0x00007ff82fcc9000 	C:\WINDOWS\SYSTEM32\profapi.dll
0x00007ff800060000 - 0x00007ff800071000 	C:\Program Files\Apache NetBeans\jdk\bin\net.dll
0x00007ff82ef90000 - 0x00007ff82effc000 	C:\WINDOWS\system32\mswsock.dll
0x00007ffffa340000 - 0x00007ffffa356000 	C:\Program Files\Apache NetBeans\jdk\bin\nio.dll
0x00007ff8016f0000 - 0x00007ff801707000 	C:\Program Files\Apache NetBeans\jdk\bin\zip.dll
0x00007ffff5920000 - 0x00007ffff5944000 	C:\Program Files\Apache NetBeans\java\maven\lib\jansi-native\Windows\x86_64\jansi.dll
0x00007ff814b00000 - 0x00007ff814b10000 	C:\Program Files\Apache NetBeans\jdk\bin\verify.dll

JVMTI agents: none

dbghelp: loaded successfully - version: 4.0.5 - missing functions: none
symbol engine: initialized successfully - sym options: 0x614 - pdb path: .;C:\Program Files\Apache NetBeans\jdk\bin;C:\WINDOWS\SYSTEM32;C:\WINDOWS\WinSxS\amd64_microsoft.windows.common-controls_6595b64144ccf1df_6.0.26100.8875_none_3e0d5d42e32fe9dd;C:\Program Files (x86)\360\Total Security\safemon;C:\Program Files\Apache NetBeans\jdk\bin\server;C:\Program Files\Apache NetBeans\java\maven\lib\jansi-native\Windows\x86_64

VM Arguments:
jvm_args: --enable-native-access=ALL-UNNAMED -Dclassworlds.conf=C:\Program Files\Apache NetBeans\java\maven\bin\m2.conf -Dmaven.home=C:\Program Files\Apache NetBeans\java\maven -Dlibrary.jansi.path=C:\Program Files\Apache NetBeans\java\maven\lib\jansi-native -Dmaven.multiModuleProjectDirectory=C:\Users\DVDSTORE\Desktop\LeetCode\ArrayList\ArrayList 
java_command: org.codehaus.plexus.classworlds.launcher.Launcher -Dexec.vmArgs= -Dexec.args=${exec.vmArgs} -classpath %classpath ${exec.mainClass} ${exec.appArgs} -Dexec.appArgs= -Dexec.mainClass=com.mycompany.arraylist.Driver -Dexec.executable=C:\Program Files\Apache NetBeans\jdk\bin\java.exe -Dmaven.ext.class.path=C:\Program Files\Apache NetBeans\java\maven-nblib\netbeans-eventspy.jar --no-transfer-progress process-classes org.codehaus.mojo:exec-maven-plugin:3.5.1:exec
java_class_path (initial): C:\Program Files\Apache NetBeans\java\maven\boot\plexus-classworlds-2.9.0.jar
Launcher Type: SUN_STANDARD

[Global flags]
     bool AOTAdapterCaching                        = false                                  {diagnostic} {ergonomic}
     bool AOTInvokeDynamicLinking                  = false                                  {diagnostic} {ergonomic}
     bool AOTRecordTraining                        = false                                  {diagnostic} {ergonomic}
     bool AOTReplayTraining                        = false                                  {diagnostic} {ergonomic}
     bool AOTStubCaching                           = false                                  {diagnostic} {ergonomic}
     intx CICompilerCount                          = 4                                         {product} {ergonomic}
     uint ConcGCThreads                            = 3                                         {product} {ergonomic}
     uint G1ConcRefinementThreads                  = 10                                        {product} {ergonomic}
     uint G1EagerReclaimRemSetThreshold            = 16                                   {experimental} {ergonomic}
   size_t G1HeapRegionSize                         = 2097152                                   {product} {ergonomic}
     uint G1RemSetArrayOfCardsEntries              = 16                                   {experimental} {ergonomic}
     uint G1RemSetHowlMaxNumBuckets                = 8                                    {experimental} {ergonomic}
     uint G1RemSetHowlNumBuckets                   = 8                                    {experimental} {ergonomic}
   size_t InitialHeapSize                          = 8388608                                   {product} {ergonomic}
     bool IntelJccErratumMitigation                = false                             {ARCH diagnostic} {ergonomic}
   size_t MarkStackSize                            = 4194304                                   {product} {ergonomic}
   size_t MarkStackSizeMax                         = 536870912                                 {product} {ergonomic}
   size_t MaxHeapSize                              = 4257218560                                {product} {ergonomic}
   size_t MaxNewSize                               = 2554331136                                {product} {ergonomic}
 uint64_t MaxRAM                                   = 17026142208                               {product} {ergonomic}
   size_t MinHeapDeltaBytes                        = 2097152                                   {product} {ergonomic}
   size_t MinHeapSize                              = 8388608                                   {product} {ergonomic}
   size_t NonNMethodCodeHeapSize                   = 5898240                                {pd product} {ergonomic}
   size_t NonProfiledCodeHeapSize                  = 122945536                              {pd product} {ergonomic}
   size_t ProfiledCodeHeapSize                     = 122945536                              {pd product} {ergonomic}
   size_t ReservedCodeCacheSize                    = 251789312                              {pd product} {ergonomic}
     bool SegmentedCodeCache                       = true                                      {product} {ergonomic}
   size_t SoftMaxHeapSize                          = 4257218560                             {manageable} {ergonomic}
     bool UseCompressedOops                        = true                           {product lp64_product} {ergonomic}
     bool UseCondCardMark                          = true                                      {product} {ergonomic}
     bool UseFastUnorderedTimeStamps               = true                                 {experimental} {ergonomic}
     bool UseG1GC                                  = true                                      {product} {ergonomic}
     bool UseLargePagesIndividualAllocation        = false                                  {pd product} {ergonomic}
      int X86ICacheSync                            = 3                                 {ARCH diagnostic} {ergonomic}

Logging:
Log output configuration:
 #0: stdout all=warning uptime,level,tags foldmultilines=false
 #1: stderr all=off uptime,level,tags foldmultilines=false

Release file:
IMPLEMENTOR="Eclipse Adoptium" 
IMPLEMENTOR_VERSION="Temurin-26.0.1+8" 
JAVA_RUNTIME_VERSION="26.0.1+8" 
JAVA_VERSION="26.0.1" 
JAVA_VERSION_DATE="2026-04-21" 
LIBC="default" 
MODULES="java.base java.compiler java.datatransfer java.xml java.prefs java.desktop java.instrument java.logging java.management java.security.sasl java.naming java.rmi java.management.rmi java.net.http java.scripting java.security.jgss java.transaction.xa java.sql java.sql.rowset java.xml.crypto java.se java.smartcardio jdk.accessibility jdk.internal.jvmstat jdk.attach jdk.charsets jdk.internal.opt jdk.zipfs jdk.compiler jdk.crypto.cryptoki jdk.crypto.ec jdk.crypto.mscapi jdk.dynalink jdk.internal.ed jdk.editpad jdk.internal.vm.ci jdk.graal.compiler jdk.graal.compiler.management jdk.hotspot.agent jdk.httpserver jdk.incubator.vector jdk.internal.le jdk.internal.md jdk.jartool jdk.javadoc jdk.jcmd jdk.management jdk.management.agent jdk.jconsole jdk.jdeps jdk.jdwp.agent jdk.jdi jdk.jfr jdk.jlink jdk.jpackage jdk.jshell jdk.jstatd jdk.localedata jdk.management.jfr jdk.naming.dns jdk.naming.rmi jdk.net jdk.nio.mapmode jdk.sctp jdk.security.auth jdk.security.jgss jdk.unsupported jdk.unsupported.desktop jdk.xml.dom" 
OS_ARCH="x86_64" 
OS_NAME="Windows" 
SOURCE=".:git:1cafccec39fb" 
BUILD_SOURCE="git:a612825ee82a20ac872d60958c349854c1f29a8e"
BUILD_SOURCE_REPO="https://github.com/adoptium/temurin-build.git"
SOURCE_REPO="https://github.com/adoptium/jdk26u.git"
FULL_VERSION="26.0.1+8"
SEMANTIC_VERSION="26.0.1+8"
BUILD_INFO="OS: Windows Server 2022 Version: 10.0"
JVM_VARIANT="Hotspot"
JVM_VERSION="26.0.1+8"
IMAGE_TYPE="JDK"

Environment Variables:
JAVA_HOME=C:\Program Files\Apache NetBeans\jdk
PATH=C:\Program Files (x86)\Common Files\Oracle\Java\javapath;C:\WINDOWS\system32;C:\WINDOWS;C:\WINDOWS\System32\Wbem;C:\WINDOWS\System32\WindowsPowerShell\v1.0\;C:\WINDOWS\System32\OpenSSH\;C:\Program Files (x86)\NVIDIA Corporation\PhysX\Common;C:\Program Files\NVIDIA Corporation\NVIDIA NvDLISR;C:\Program Files\dotnet\;C:\Program Files\Git\cmd;C:\Users\DVDSTORE\AppData\Local\Microsoft\WindowsApps;C:\Users\DVDSTORE\AppData\Local\Programs\Microsoft VS Code\bin;;C:\Program Files\Apache NetBeans\bin\
USERNAME=DVDSTORE
OS=Windows_NT
PROCESSOR_IDENTIFIER=Intel64 Family 6 Model 151 Stepping 5, GenuineIntel
TMP=C:\Users\DVDSTORE\AppData\Local\Temp
TEMP=C:\Users\DVDSTORE\AppData\Local\Temp




Compilation memory statistics disabled.

Periodic native trim disabled

---------------  S Y S T E M  ---------------

OS:
 Windows 11 , 64 bit Build 26100 (10.0.26100.8875)
OS uptime: 3 days 17:10 hours

CPU: total 12 (initial active 12) (6 cores per cpu, 2 threads per core) family 6 model 151 stepping 5 microcode 0x2d, cx8, cmov, fxsr, ht, mmx, 3dnowpref, sse, sse2, sse3, ssse3, sse4.1, sse4.2, popcnt, lzcnt, tsc, tscinvbit, avx, avx2, aes, erms, clmul, bmi1, bmi2, adx, sha, fma, vzeroupper, clflush, clflushopt, clwb, serialize, rdtscp, rdpid, fsrm, gfni, f16c, pku, cet_ibt, cet_ss
Processor Information for the first 12 processors :
  Max Mhz: 2500, Current Mhz: 2500, Mhz Limit: 2500

Memory: 4k page, system-wide physical 16237M (2002M free)
TotalPageFile size 28525M (AvailPageFile size 377M)
current process WorkingSet (physical memory assigned to process): 71M, peak: 72M
current process commit charge ("private bytes"): 113M, peak: 119M

vm_info: OpenJDK 64-Bit Server VM (26.0.1+8) for windows-amd64 JRE (26.0.1+8), built on 2026-04-21T00:00:00Z with MS VC++ 17.12 (VS2022)

END.
