#
# There is insufficient memory for the Java Runtime Environment to continue.
# Native memory allocation (malloc) failed to allocate 554904 bytes. Error detail: Chunk::new
# Possible reasons:
#   The system is out of physical RAM or swap space
#   This process is running with CompressedOops enabled, and the Java Heap may be blocking the growth of the native heap
# Possible solutions:
#   Reduce memory load on the system
#   Increase physical memory or swap space
#   Check if swap backing store is full
#   Decrease Java heap size (-Xmx/-Xms)
#   Decrease number of Java threads
#   Decrease Java thread stack sizes (-Xss)
#   Set larger code cache with -XX:ReservedCodeCacheSize=
#   JVM is running with Zero Based Compressed Oops mode in which the Java heap is
#     placed in the first 32GB address space. The Java Heap base address is the
#     maximum limit for the native heap growth. Please use -XX:HeapBaseMinAddress
#     to set the Java Heap base and to place the Java Heap above 32GB virtual address.
# This output file may be truncated or incomplete.
#
#  Out of Memory Error (arena.cpp:193), pid=54072, tid=53440
#
# JRE version: OpenJDK Runtime Environment Temurin-26.0.1+8 (26.0.1+8) (build 26.0.1+8)
# Java VM: OpenJDK 64-Bit Server VM Temurin-26.0.1+8 (26.0.1+8, mixed mode, sharing, tiered, compressed oops, compressed class ptrs, g1 gc, windows-amd64)
# No core dump will be written. Minidumps are not enabled by default on client versions of Windows
#

---------------  S U M M A R Y ------------

Command Line: --enable-native-access=ALL-UNNAMED -Dclassworlds.conf=C:\Program Files\Apache NetBeans\java\maven\bin\m2.conf -Dmaven.home=C:\Program Files\Apache NetBeans\java\maven -Dlibrary.jansi.path=C:\Program Files\Apache NetBeans\java\maven\lib\jansi-native -Dmaven.multiModuleProjectDirectory=C:\Users\DVDSTORE\Desktop\LeetCode\ArrayList\ArrayList org.codehaus.plexus.classworlds.launcher.Launcher -Dexec.vmArgs= -Dexec.args=${exec.vmArgs} -classpath %classpath ${exec.mainClass} ${exec.appArgs} -Dexec.appArgs= -Dexec.mainClass=com.mycompany.arraylist.Driver -Dexec.executable=C:\Program Files\Apache NetBeans\jdk\bin\java.exe -Dmaven.ext.class.path=C:\Program Files\Apache NetBeans\java\maven-nblib\netbeans-eventspy.jar --no-transfer-progress process-classes org.codehaus.mojo:exec-maven-plugin:3.5.1:exec

Host: 12th Gen Intel(R) Core(TM) i5-12400F, 12 cores, 15G,  Windows 11 , 64 bit Build 26100 (10.0.26100.8875)
Time: Wed Aug 19 09:14:37 2026 Egypt Daylight Time elapsed time: 27.253747 seconds (0d 0h 0m 27s)

---------------  T H R E A D  ---------------

Current thread (0x00000218004b9d60):  JavaThread "C2 CompilerThread0" daemon [_thread_in_native, id=53440, stack(0x000000b4d5100000,0x000000b4d5200000) (1024K)]


Current CompileTask:
C2:27253 3830  s    4       java.lang.StringBuffer::append (13 bytes)

Stack: [0x000000b4d5100000,0x000000b4d5200000]
Native frames: (J=compiled Java code, j=interpreted, Vv=VM code, C=native code)
V  [jvm.dll+0x7db749]  (no source info available)
V  [jvm.dll+0x7a82bd]  (no source info available)
V  [jvm.dll+0xa44a60]  (no source info available)
V  [jvm.dll+0xa46eb1]  (no source info available)
V  [jvm.dll+0xa475c3]  (no source info available)
V  [jvm.dll+0x311a96]  (no source info available)
V  [jvm.dll+0x120316]  (no source info available)
V  [jvm.dll+0x12063e]  (no source info available)
V  [jvm.dll+0x1b2836]  (no source info available)
V  [jvm.dll+0x3ce802]  (no source info available)
V  [jvm.dll+0x7e430f]  (no source info available)
V  [jvm.dll+0x2d4597]  (no source info available)
V  [jvm.dll+0x2d350f]  (no source info available)
V  [jvm.dll+0x249670]  (no source info available)
V  [jvm.dll+0x2e363c]  (no source info available)
V  [jvm.dll+0x2e181d]  (no source info available)
V  [jvm.dll+0x4a82ae]  (no source info available)
V  [jvm.dll+0x9e3039]  (no source info available)
V  [jvm.dll+0x7dd228]  (no source info available)
C  [ucrtbase.dll+0x2cd30]  (no source info available)
C  [KERNEL32.DLL+0x2e957]  (no source info available)
C  [ntdll.dll+0xaad6c]  (no source info available)

Lock stack of current Java thread (top to bottom):


---------------  P R O C E S S  ---------------

Threads class SMR info:
_java_thread_list=0x0000021805e0fee0, length=11, elements={
0x000002185dea4c90, 0x00000218004ad0e0, 0x00000218004ae800, 0x00000218004b1f40,
0x00000218004b2af0, 0x00000218004b46b0, 0x00000218004b8e70, 0x00000218004b9d60,
0x00000218004c67f0, 0x0000021800b2f8d0, 0x0000021800bcd570
}

Java Threads: ( => current thread )
  0x000002185dea4c90 JavaThread "main"                              [_thread_in_native, id=51104, stack(0x000000b4d4200000,0x000000b4d4300000) (1024K)]
  0x00000218004ad0e0 JavaThread "Reference Handler"          daemon [_thread_blocked, id=49032, stack(0x000000b4d4b00000,0x000000b4d4c00000) (1024K)]
  0x00000218004ae800 JavaThread "Finalizer"                  daemon [_thread_blocked, id=49692, stack(0x000000b4d4c00000,0x000000b4d4d00000) (1024K)]
  0x00000218004b1f40 JavaThread "Signal Dispatcher"          daemon [_thread_blocked, id=48696, stack(0x000000b4d4d00000,0x000000b4d4e00000) (1024K)]
  0x00000218004b2af0 JavaThread "Attach Listener"            daemon [_thread_blocked, id=47084, stack(0x000000b4d4e00000,0x000000b4d4f00000) (1024K)]
  0x00000218004b46b0 JavaThread "Service Thread"             daemon [_thread_blocked, id=48340, stack(0x000000b4d4f00000,0x000000b4d5000000) (1024K)]
  0x00000218004b8e70 JavaThread "Monitor Deflation Thread"   daemon [_thread_blocked, id=53524, stack(0x000000b4d5000000,0x000000b4d5100000) (1024K)]
=>0x00000218004b9d60 JavaThread "C2 CompilerThread0"         daemon [_thread_in_native, id=53440, stack(0x000000b4d5100000,0x000000b4d5200000) (1024K)]
  0x00000218004c67f0 JavaThread "C1 CompilerThread0"         daemon [_thread_blocked, id=53520, stack(0x000000b4d5200000,0x000000b4d5300000) (1024K)]
  0x0000021800b2f8d0 JavaThread "Notification Thread"        daemon [_thread_blocked, id=53708, stack(0x000000b4d5300000,0x000000b4d5400000) (1024K)]
  0x0000021800bcd570 JavaThread "Common-Cleaner"             daemon [_thread_blocked, id=53712, stack(0x000000b4d5400000,0x000000b4d5500000) (1024K)]
Total: 11

Other Threads:
  0x000002180049b650 VMThread "VM Thread"                           [id=33028, stack(0x000000b4d4a00000,0x000000b4d4b00000) (1024K)]
  0x00000218004878d0 WatcherThread "VM Periodic Task Thread"        [id=44208, stack(0x000000b4d4900000,0x000000b4d4a00000) (1024K)]
  0x000002185e3cf1c0 WorkerThread "GC Thread#0"                     [id=44916, stack(0x000000b4d4300000,0x000000b4d4400000) (1024K)]
  0x000002180518d260 WorkerThread "GC Thread#1"                     [id=36200, stack(0x000000b4d5600000,0x000000b4d5700000) (1024K)]
  0x00000218058ead40 WorkerThread "GC Thread#2"                     [id=54800, stack(0x000000b4d5500000,0x000000b4d5600000) (1024K)]
  0x0000021805bf8d80 WorkerThread "GC Thread#3"                     [id=55084, stack(0x000000b4d5900000,0x000000b4d5a00000) (1024K)]
  0x0000021805d2c5b0 WorkerThread "GC Thread#4"                     [id=34976, stack(0x000000b4d5700000,0x000000b4d5800000) (1024K)]
  0x0000021805d2c9d0 WorkerThread "GC Thread#5"                     [id=34292, stack(0x000000b4d5800000,0x000000b4d5900000) (1024K)]
  0x00000218061169f0 WorkerThread "GC Thread#6"                     [id=25764, stack(0x000000b4d5a00000,0x000000b4d5b00000) (1024K)]
  0x0000021805e39c90 WorkerThread "GC Thread#7"                     [id=55440, stack(0x000000b4d5b00000,0x000000b4d5c00000) (1024K)]
  0x0000021805e3cc00 WorkerThread "GC Thread#8"                     [id=55444, stack(0x000000b4d5c00000,0x000000b4d5d00000) (1024K)]
  0x0000021805e3add0 WorkerThread "GC Thread#9"                     [id=51112, stack(0x000000b4d5e00000,0x000000b4d5f00000) (1024K)]
  0x000002185e3e7f20 ConcurrentGCThread "G1 Main Marker"            [id=47408, stack(0x000000b4d4400000,0x000000b4d4500000) (1024K)]
  0x000002185e3e92b0 WorkerThread "G1 Conc#0"                       [id=46600, stack(0x000000b4d4500000,0x000000b4d4600000) (1024K)]
  0x0000021800356540 WorkerThread "G1 Refinement Workers#0"         [id=42760, stack(0x000000b4d4700000,0x000000b4d4800000) (1024K)]
  0x0000021800354d10 ConcurrentGCThread "G1 Refine Control"         [id=46988, stack(0x000000b4d4600000,0x000000b4d4700000) (1024K)]
  0x0000021800356d60 ConcurrentGCThread "G1 Service"                [id=45288, stack(0x000000b4d4800000,0x000000b4d4900000) (1024K)]
Total: 17

Threads with active compile tasks:
C2 CompilerThread0  27664 3830  s    4       java.lang.StringBuffer::append (13 bytes)
Total: 1

VM state: not at safepoint (normal execution)

VM Mutex/Monitor currently owned by a thread: None

Heap address: 0x0000000702400000, size: 4060 MB, Compressed Oops mode: Zero based, Oop shift amount: 3

CDS archive(s) mapped at: [0x0000000091000000-0x0000000091de0000-0x0000000091de0000), size 14548992, SharedBaseAddress: 0x0000000091000000, ArchiveRelocationMode: 1.
Compressed class space mapped at: 0x0000000092000000-0x00000000d2000000, reserved size: 1073741824
UseCompressedClassPointers 1, UseCompactObjectHeaders 0
Narrow klass pointer bits 32, Max shift 3
Narrow klass base: 0x0000000091000000, Narrow klass shift: 0
Encoding Range: [0x0000000091000000 - 0x0000000191000000), (4294967296 bytes)
Klass Range:    [0x0000000091000000 - 0x00000000d2000000), (1090519040 bytes)
Klass ID Range:  [8 - 1090519033) (1090519025)
Protection zone: [0x0000000091000000 - 0x0000000091010000), (65536 bytes)

GC Precious Log:
 CardTable entry size: 512
 Card Set container configuration: InlinePtr #cards 4 size 8 Array Of Cards #cards 16 size 48 Howl #buckets 8 coarsen threshold 3686 Howl Bitmap #cards 512 size 80 coarsen threshold 460 Card regions per heap region 1 cards per card region 4096
 CPUs: 12 total, 12 available
 Memory: 16237M
 Large Page Support: Disabled
 NUMA Support: Disabled
 Compressed Oops: Enabled (Zero based)
 Heap Region Size: 2M
 Heap Min Capacity: 8M
 Heap Initial Capacity: 8M
 Heap Max Capacity: 4060M
 Pre-touch: Disabled
 Parallel Workers: 10
 Concurrent Workers: 3
 Concurrent Refinement Workers: 10
 Periodic GC: Disabled

Heap:
 garbage-first heap   total reserved 4157440K, committed 22528K, used 12538K [0x0000000702400000, 0x0000000800000000)
  region size 2M, 3 eden (6M), 1 survivor (2M), 6 old (12M), 0 humongous (0M), 1 free (2M)

Heap Regions: E=young(eden), S=young(survivor), O=old, HS=humongous(starts), HC=humongous(continues), CS=collection set, F=free, TAMS=top-at-mark-start, PB=parsable bottom
|    0|0x0000000702400000, 0x0000000702600000, 0x0000000702600000|100%| O|  |TAMS 0x0000000702400000| PB 0x0000000702400000| Untracked |  0
|    1|0x0000000702600000, 0x0000000702800000, 0x0000000702800000|100%| O|  |TAMS 0x0000000702600000| PB 0x0000000702600000| Untracked |  0
|    2|0x0000000702800000, 0x0000000702a00000, 0x0000000702a00000|100%| O|  |TAMS 0x0000000702800000| PB 0x0000000702800000| Untracked |  0
|    3|0x0000000702a00000, 0x0000000702c00000, 0x0000000702c00000|100%| O|  |TAMS 0x0000000702a00000| PB 0x0000000702a00000| Untracked |  0
|    4|0x0000000702c00000, 0x0000000702c31280, 0x0000000702e00000|  9%| O|  |TAMS 0x0000000702c00000| PB 0x0000000702c00000| Untracked |  0
|    5|0x0000000702e00000, 0x0000000702ee5a40, 0x0000000703000000| 44%| S|CS|TAMS 0x0000000702e00000| PB 0x0000000702e00000| Complete  |  0
|    6|0x0000000703000000, 0x0000000703000000, 0x0000000703200000|  0%| F|  |TAMS 0x0000000703000000| PB 0x0000000703000000| Untracked |  0
|    7|0x0000000703200000, 0x00000007033b7f08, 0x0000000703400000| 85%| E|CS|TAMS 0x0000000703200000| PB 0x0000000703200000| Complete  |  0
|    8|0x0000000703400000, 0x0000000703600000, 0x0000000703600000|100%| E|CS|TAMS 0x0000000703400000| PB 0x0000000703400000| Complete  |  0
|    9|0x0000000703600000, 0x0000000703800000, 0x0000000703800000|100%| E|CS|TAMS 0x0000000703600000| PB 0x0000000703600000| Complete  |  0
| 2029|0x00000007ffe00000, 0x00000007fff27b70, 0x0000000800000000| 57%| O|  |TAMS 0x00000007ffe00000| PB 0x00000007ffe00000| Untracked |  0

Card table byte_map: [0x0000021878dd0000,0x00000218795c0000] _byte_map_base: 0x00000218755be000
Refinement table byte_map: [0x00000218795c0000,0x0000021879db0000] _byte_map_base: 0x0000021875dae000

Marking Bits: (CMBitMap*) 0x000002185e3cf940
 Bits: [0x0000021879db0000, 0x000002187dd20000)

Polling page: 0x000002185e050000

Metaspace:
Metaspace        used 16293K, committed 16640K, reserved 1114112K
 class space     used 2025K, committed 2176K, reserved 1048576K

Usage:
  Non-class:     13.93 MB used.
      Class:      1.98 MB used.
       Both:     15.91 MB used.

Virtual space:
  Non-class space:       64.00 MB reserved,      14.12 MB ( 22%) committed,  1 nodes.
      Class space:        1.00 GB reserved,       2.12 MB ( <1%) committed,  1 nodes.
             Both:        1.06 GB reserved,      16.25 MB (  1%) committed. 

Chunk freelists:
   Non-Class:  1.61 MB
       Class:  13.78 MB
        Both:  15.39 MB

MaxMetaspaceSize: unlimited
CompressedClassSpaceSize: 1.00 GB
Initial GC threshold: 21.00 MB
Current GC threshold: 21.00 MB
CDS: on
 - commit_granule_bytes: 65536.
 - commit_granule_words: 8192.
 - virtual_space_node_default_size: 8388608.
 - enlarge_chunks_in_place: 1.
UseCompressedClassPointers 1, UseCompactObjectHeaders 0
Narrow klass pointer bits 32, Max shift 3
Narrow klass base: 0x0000000091000000, Narrow klass shift: 0
Encoding Range: [0x0000000091000000 - 0x0000000191000000), (4294967296 bytes)
Klass Range:    [0x0000000091000000 - 0x00000000d2000000), (1090519040 bytes)
Klass ID Range:  [8 - 1090519033) (1090519025)
Protection zone: [0x0000000091000000 - 0x0000000091010000), (65536 bytes)


Internal statistics:

num_allocs_failed_limit: 0.
num_arena_births: 142.
num_arena_deaths: 0.
num_vsnodes_births: 2.
num_vsnodes_deaths: 0.
num_space_committed: 260.
num_space_uncommitted: 0.
num_chunks_returned_to_freelist: 0.
num_chunks_taken_from_freelist: 740.
num_chunk_merges: 0.
num_chunk_splits: 484.
num_chunks_enlarged: 382.
num_inconsistent_stats: 0.

CodeHeap 'non-profiled nmethods': size=120064Kb used=1239Kb max_used=1239Kb free=118824Kb
 bounds [0x00000218703f0000, 0x0000021870660000, 0x0000021877930000]
CodeHeap 'profiled nmethods': size=120064Kb used=6134Kb max_used=6134Kb free=113929Kb
 bounds [0x0000021868910000, 0x0000021868f10000, 0x000002186fe50000]
CodeHeap 'non-nmethods': size=5760Kb used=1411Kb max_used=1453Kb free=4348Kb
 bounds [0x000002186fe50000, 0x00000218700c0000, 0x00000218703f0000]
CodeCache: size=245888Kb, used=8784Kb, max_used=8826Kb, free=237101Kb
 total_blobs=4392, nmethods=3866, adapters=428, full_count=0
Compilation: enabled, stopped_count=0, restarted_count=0

Compilation events (20 events):
Event: 25.111 Thread 0x00000218004b9d60 3821       4       java.util.Collections$SetFromMap::remove (19 bytes)
Event: 25.122 Thread 0x00000218004b9d60 nmethod 3821 0x0000021870522308 code [0x0000021870522400, 0x00000218705232b0]
Event: 25.152 Thread 0x00000218004c67f0 3822       3       java.util.WeakHashMap::keySet (25 bytes)
Event: 25.152 Thread 0x00000218004c67f0 nmethod 3822 0x0000021868ef7888 code [0x0000021868ef7980, 0x0000021868ef7da0]
Event: 25.152 Thread 0x00000218004c67f0 3825       3       sun.nio.fs.WindowsPath::getFileSystem (5 bytes)
Event: 25.152 Thread 0x00000218004c67f0 nmethod 3825 0x0000021868ef7e08 code [0x0000021868ef7f00, 0x0000021868ef8028]
Event: 25.152 Thread 0x00000218004c67f0 3823       3       java.util.WeakHashMap$KeySet::<init> (15 bytes)
Event: 25.152 Thread 0x00000218004c67f0 nmethod 3823 0x0000021868ef8108 code [0x0000021868ef8200, 0x0000021868ef85c0]
Event: 25.152 Thread 0x00000218004c67f0 3824       3       java.nio.file.Files::readAttributes (11 bytes)
Event: 25.153 Thread 0x00000218004c67f0 nmethod 3824 0x0000021868ef8608 code [0x0000021868ef8700, 0x0000021868ef89b8]
Event: 25.168 Thread 0x00000218004c67f0 3826       3       java.util.jar.JarFile::getManEntry (39 bytes)
Event: 25.168 Thread 0x00000218004c67f0 nmethod 3826 0x0000021868ef8a08 code [0x0000021868ef8b00, 0x0000021868ef8e88]
Event: 25.172 Thread 0x00000218004c67f0 3827       3       java.lang.Character$UnicodeBlock::<init> (17 bytes)
Event: 25.173 Thread 0x00000218004c67f0 nmethod 3827 0x0000021868ef8f08 code [0x0000021868ef9000, 0x0000021868ef9428]
Event: 25.173 Thread 0x00000218004c67f0 3828       3       java.lang.Character$Subset::<init> (24 bytes)
Event: 25.173 Thread 0x00000218004c67f0 nmethod 3828 0x0000021868ef9488 code [0x0000021868ef9580, 0x0000021868ef9830]
Event: 25.210 Thread 0x00000218004c67f0 3829       3       java.net.URI$Parser::at (23 bytes)
Event: 25.210 Thread 0x00000218004c67f0 nmethod 3829 0x0000021868ef9888 code [0x0000021868ef9980, 0x0000021868efa068]
Event: 25.248 Thread 0x00000218004b9d60 3830  s    4       java.lang.StringBuffer::append (13 bytes)
Event: 25.252 Thread 0x00000218004c67f0 3831       3       org.netbeans.shaded.json.simple.JSONValue::escape (276 bytes)

GC Heap Usage History (20 events):
Event: 1.438 {heap Before GC invocations=4 (full 0):
 garbage-first heap   total reserved 4157440K, committed 22528K, used 12280K [0x0000000702400000, 0x0000000800000000)
  region size 2M, 4 eden (8M), 1 survivor (2M), 2 old (4M), 0 humongous (0M), 4 free (8M)
}
Event: 1.441 {heap After GC invocations=5 (full 0):
 garbage-first heap   total reserved 4157440K, committed 22528K, used 4415K [0x0000000702400000, 0x0000000800000000)
  region size 2M, 0 eden (0M), 1 survivor (2M), 3 old (6M), 0 humongous (0M), 7 free (14M)
}
Event: 1.714 {heap Before GC invocations=5 (full 0):
 garbage-first heap   total reserved 4157440K, committed 22528K, used 10559K [0x0000000702400000, 0x0000000800000000)
  region size 2M, 4 eden (8M), 1 survivor (2M), 3 old (6M), 0 humongous (0M), 3 free (6M)
}
Event: 1.717 {heap After GC invocations=6 (full 0):
 garbage-first heap   total reserved 4157440K, committed 22528K, used 4807K [0x0000000702400000, 0x0000000800000000)
  region size 2M, 0 eden (0M), 1 survivor (2M), 3 old (6M), 0 humongous (0M), 7 free (14M)
}
Event: 2.170 {heap Before GC invocations=6 (full 0):
 garbage-first heap   total reserved 4157440K, committed 22528K, used 12999K [0x0000000702400000, 0x0000000800000000)
  region size 2M, 4 eden (8M), 1 survivor (2M), 3 old (6M), 0 humongous (0M), 3 free (6M)
}
Event: 2.173 {heap After GC invocations=7 (full 0):
 garbage-first heap   total reserved 4157440K, committed 22528K, used 5257K [0x0000000702400000, 0x0000000800000000)
  region size 2M, 0 eden (0M), 1 survivor (2M), 3 old (6M), 0 humongous (0M), 7 free (14M)
}
Event: 2.969 {heap Before GC invocations=7 (full 0):
 garbage-first heap   total reserved 4157440K, committed 22528K, used 15497K [0x0000000702400000, 0x0000000800000000)
  region size 2M, 5 eden (10M), 1 survivor (2M), 3 old (6M), 0 humongous (0M), 2 free (4M)
}
Event: 2.972 {heap After GC invocations=8 (full 0):
 garbage-first heap   total reserved 4157440K, committed 22528K, used 6362K [0x0000000702400000, 0x0000000800000000)
  region size 2M, 0 eden (0M), 1 survivor (2M), 3 old (6M), 0 humongous (0M), 7 free (14M)
}
Event: 3.563 {heap Before GC invocations=8 (full 0):
 garbage-first heap   total reserved 4157440K, committed 22528K, used 16602K [0x0000000702400000, 0x0000000800000000)
  region size 2M, 5 eden (10M), 1 survivor (2M), 3 old (6M), 0 humongous (0M), 2 free (4M)
}
Event: 3.567 {heap After GC invocations=9 (full 0):
 garbage-first heap   total reserved 4157440K, committed 22528K, used 7441K [0x0000000702400000, 0x0000000800000000)
  region size 2M, 0 eden (0M), 1 survivor (2M), 4 old (8M), 0 humongous (0M), 6 free (12M)
}
Event: 4.200 {heap Before GC invocations=9 (full 0):
 garbage-first heap   total reserved 4157440K, committed 22528K, used 15633K [0x0000000702400000, 0x0000000800000000)
  region size 2M, 4 eden (8M), 1 survivor (2M), 4 old (8M), 0 humongous (0M), 2 free (4M)
}
Event: 4.204 {heap After GC invocations=10 (full 0):
 garbage-first heap   total reserved 4157440K, committed 22528K, used 8432K [0x0000000702400000, 0x0000000800000000)
  region size 2M, 0 eden (0M), 1 survivor (2M), 5 old (10M), 0 humongous (0M), 5 free (10M)
}
Event: 20.873 {heap Before GC invocations=10 (full 0):
 garbage-first heap   total reserved 4157440K, committed 22528K, used 14576K [0x0000000702400000, 0x0000000800000000)
  region size 2M, 3 eden (6M), 1 survivor (2M), 5 old (10M), 0 humongous (0M), 2 free (4M)
}
Event: 20.876 {heap After GC invocations=11 (full 0):
 garbage-first heap   total reserved 4157440K, committed 22528K, used 8816K [0x0000000702400000, 0x0000000800000000)
  region size 2M, 0 eden (0M), 1 survivor (2M), 5 old (10M), 0 humongous (0M), 5 free (10M)
}
Event: 22.367 {heap Before GC invocations=11 (full 0):
 garbage-first heap   total reserved 4157440K, committed 22528K, used 14960K [0x0000000702400000, 0x0000000800000000)
  region size 2M, 3 eden (6M), 1 survivor (2M), 5 old (10M), 0 humongous (0M), 2 free (4M)
}
Event: 22.370 {heap After GC invocations=12 (full 0):
 garbage-first heap   total reserved 4157440K, committed 22528K, used 9608K [0x0000000702400000, 0x0000000800000000)
  region size 2M, 0 eden (0M), 1 survivor (2M), 5 old (10M), 0 humongous (0M), 5 free (10M)
}
Event: 23.344 {heap Before GC invocations=12 (full 0):
 garbage-first heap   total reserved 4157440K, committed 22528K, used 15752K [0x0000000702400000, 0x0000000800000000)
  region size 2M, 3 eden (6M), 1 survivor (2M), 5 old (10M), 0 humongous (0M), 2 free (4M)
}
Event: 23.347 {heap After GC invocations=13 (full 0):
 garbage-first heap   total reserved 4157440K, committed 22528K, used 10126K [0x0000000702400000, 0x0000000800000000)
  region size 2M, 0 eden (0M), 1 survivor (2M), 5 old (10M), 0 humongous (0M), 5 free (10M)
}
Event: 24.060 {heap Before GC invocations=13 (full 0):
 garbage-first heap   total reserved 4157440K, committed 22528K, used 16270K [0x0000000702400000, 0x0000000800000000)
  region size 2M, 3 eden (6M), 1 survivor (2M), 5 old (10M), 0 humongous (0M), 2 free (4M)
}
Event: 24.062 {heap After GC invocations=14 (full 0):
 garbage-first heap   total reserved 4157440K, committed 22528K, used 10490K [0x0000000702400000, 0x0000000800000000)
  region size 2M, 0 eden (0M), 1 survivor (2M), 6 old (12M), 0 humongous (0M), 4 free (8M)
}

Metaspace Usage History (20 events):
Event: 1.438 {metaspace Before GC invocations=4 (full 0):
 Metaspace       used 5767K, committed 5952K, reserved 1114112K
  class space    used 711K, committed 832K, reserved 1048576K
}
Event: 1.441 {metaspace After GC invocations=5 (full 0):
 Metaspace       used 5767K, committed 5952K, reserved 1114112K
  class space    used 711K, committed 832K, reserved 1048576K
}
Event: 1.714 {metaspace Before GC invocations=5 (full 0):
 Metaspace       used 6759K, committed 6976K, reserved 1114112K
  class space    used 819K, committed 896K, reserved 1048576K
}
Event: 1.717 {metaspace After GC invocations=6 (full 0):
 Metaspace       used 6759K, committed 6976K, reserved 1114112K
  class space    used 819K, committed 896K, reserved 1048576K
}
Event: 2.170 {metaspace Before GC invocations=6 (full 0):
 Metaspace       used 7935K, committed 8128K, reserved 1114112K
  class space    used 960K, committed 1024K, reserved 1048576K
}
Event: 2.173 {metaspace After GC invocations=7 (full 0):
 Metaspace       used 7935K, committed 8128K, reserved 1114112K
  class space    used 960K, committed 1024K, reserved 1048576K
}
Event: 2.969 {metaspace Before GC invocations=7 (full 0):
 Metaspace       used 10277K, committed 10496K, reserved 1114112K
  class space    used 1288K, committed 1408K, reserved 1048576K
}
Event: 2.972 {metaspace After GC invocations=8 (full 0):
 Metaspace       used 10277K, committed 10496K, reserved 1114112K
  class space    used 1288K, committed 1408K, reserved 1048576K
}
Event: 3.563 {metaspace Before GC invocations=8 (full 0):
 Metaspace       used 12043K, committed 12288K, reserved 1114112K
  class space    used 1553K, committed 1664K, reserved 1048576K
}
Event: 3.567 {metaspace After GC invocations=9 (full 0):
 Metaspace       used 12043K, committed 12288K, reserved 1114112K
  class space    used 1553K, committed 1664K, reserved 1048576K
}
Event: 4.200 {metaspace Before GC invocations=9 (full 0):
 Metaspace       used 13861K, committed 14080K, reserved 1114112K
  class space    used 1757K, committed 1856K, reserved 1048576K
}
Event: 4.204 {metaspace After GC invocations=10 (full 0):
 Metaspace       used 13861K, committed 14080K, reserved 1114112K
  class space    used 1757K, committed 1856K, reserved 1048576K
}
Event: 20.873 {metaspace Before GC invocations=10 (full 0):
 Metaspace       used 14840K, committed 15104K, reserved 1114112K
  class space    used 1870K, committed 1984K, reserved 1048576K
}
Event: 20.876 {metaspace After GC invocations=11 (full 0):
 Metaspace       used 14840K, committed 15104K, reserved 1114112K
  class space    used 1870K, committed 1984K, reserved 1048576K
}
Event: 22.367 {metaspace Before GC invocations=11 (full 0):
 Metaspace       used 15102K, committed 15296K, reserved 1114112K
  class space    used 1895K, committed 1984K, reserved 1048576K
}
Event: 22.370 {metaspace After GC invocations=12 (full 0):
 Metaspace       used 15102K, committed 15296K, reserved 1114112K
  class space    used 1895K, committed 1984K, reserved 1048576K
}
Event: 23.344 {metaspace Before GC invocations=12 (full 0):
 Metaspace       used 15291K, committed 15488K, reserved 1114112K
  class space    used 1908K, committed 1984K, reserved 1048576K
}
Event: 23.347 {metaspace After GC invocations=13 (full 0):
 Metaspace       used 15291K, committed 15488K, reserved 1114112K
  class space    used 1908K, committed 1984K, reserved 1048576K
}
Event: 24.060 {metaspace Before GC invocations=13 (full 0):
 Metaspace       used 15466K, committed 15744K, reserved 1114112K
  class space    used 1927K, committed 2048K, reserved 1048576K
}
Event: 24.062 {metaspace After GC invocations=14 (full 0):
 Metaspace       used 15466K, committed 15744K, reserved 1114112K
  class space    used 1927K, committed 2048K, reserved 1048576K
}

Dll operation events (14 events):
Event: 0.029 Attempting to load shared library C:\Program Files\Apache NetBeans\jdk\bin\java.dll
Event: 0.030 Loaded shared library C:\Program Files\Apache NetBeans\jdk\bin\java.dll
Event: 0.113 Attempting to load shared library C:\Program Files\Apache NetBeans\jdk\bin\net.dll
Event: 0.113 Loaded shared library C:\Program Files\Apache NetBeans\jdk\bin\net.dll
Event: 0.116 Attempting to load shared library C:\Program Files\Apache NetBeans\jdk\bin\nio.dll
Event: 0.116 Loaded shared library C:\Program Files\Apache NetBeans\jdk\bin\nio.dll
Event: 0.119 Attempting to load shared library C:\Program Files\Apache NetBeans\jdk\bin\zip.dll
Event: 0.120 Loaded shared library C:\Program Files\Apache NetBeans\jdk\bin\zip.dll
Event: 0.588 Attempting to load shared library C:\Program Files\Apache NetBeans\java\maven\lib\jansi-native\Windows\x86_64\jansi.dll
Event: 0.594 Loaded shared library C:\Program Files\Apache NetBeans\java\maven\lib\jansi-native\Windows\x86_64\jansi.dll
Event: 0.620 Attempting to load shared library C:\Program Files\Apache NetBeans\jdk\bin\jimage.dll
Event: 0.620 Loaded shared library C:\Program Files\Apache NetBeans\jdk\bin\jimage.dll
Event: 0.664 Attempting to load shared library C:\Program Files\Apache NetBeans\jdk\bin\verify.dll
Event: 0.664 Loaded shared library C:\Program Files\Apache NetBeans\jdk\bin\verify.dll

Deoptimization events (20 events):
Event: 24.053 Thread 0x000002185dea4c90 DEOPT PACKING pc=0x000002187044cbe8 sp=0x000000b4d42fd360
Event: 24.053 Thread 0x000002185dea4c90 DEOPT UNPACKING pc=0x000002186ff75c02 sp=0x000000b4d42fd3b8 mode 2
Event: 24.073 Thread 0x000002185dea4c90 Uncommon trap: trap_request=0xffffffc6 fr.pc=0x00000218704b4e84 relative=0x0000000000000084
Event: 24.073 Thread 0x000002185dea4c90 Uncommon trap: reason=bimorphic_or_optimized_type_check action=maybe_recompile pc=0x00000218704b4e84 method=com.google.inject.internal.LinkedBindingImpl.acceptTargetVisitor(Lcom/google/inject/spi/BindingTargetVisitor;)Ljava/lang/Object; @ 2 c2
Event: 24.073 Thread 0x000002185dea4c90 DEOPT PACKING pc=0x00000218704b4e84 sp=0x000000b4d42fda80
Event: 24.073 Thread 0x000002185dea4c90 DEOPT UNPACKING pc=0x000002186ff75c02 sp=0x000000b4d42fda08 mode 2
Event: 24.073 Thread 0x000002185dea4c90 Uncommon trap: trap_request=0xffffffc6 fr.pc=0x00000218704b4e84 relative=0x0000000000000084
Event: 24.073 Thread 0x000002185dea4c90 Uncommon trap: reason=bimorphic_or_optimized_type_check action=maybe_recompile pc=0x00000218704b4e84 method=com.google.inject.internal.LinkedBindingImpl.acceptTargetVisitor(Lcom/google/inject/spi/BindingTargetVisitor;)Ljava/lang/Object; @ 2 c2
Event: 24.073 Thread 0x000002185dea4c90 DEOPT PACKING pc=0x00000218704b4e84 sp=0x000000b4d42fda80
Event: 24.073 Thread 0x000002185dea4c90 DEOPT UNPACKING pc=0x000002186ff75c02 sp=0x000000b4d42fda08 mode 2
Event: 24.086 Thread 0x000002185dea4c90 Uncommon trap: trap_request=0xffffffc6 fr.pc=0x00000218704b4e84 relative=0x0000000000000084
Event: 24.086 Thread 0x000002185dea4c90 Uncommon trap: reason=bimorphic_or_optimized_type_check action=maybe_recompile pc=0x00000218704b4e84 method=com.google.inject.internal.LinkedBindingImpl.acceptTargetVisitor(Lcom/google/inject/spi/BindingTargetVisitor;)Ljava/lang/Object; @ 2 c2
Event: 24.086 Thread 0x000002185dea4c90 DEOPT PACKING pc=0x00000218704b4e84 sp=0x000000b4d42fda80
Event: 24.086 Thread 0x000002185dea4c90 DEOPT UNPACKING pc=0x000002186ff75c02 sp=0x000000b4d42fda08 mode 2
Event: 24.087 Thread 0x000002185dea4c90 Uncommon trap: trap_request=0xffffffc6 fr.pc=0x00000218704b4e84 relative=0x0000000000000084
Event: 24.087 Thread 0x000002185dea4c90 Uncommon trap: reason=bimorphic_or_optimized_type_check action=maybe_recompile pc=0x00000218704b4e84 method=com.google.inject.internal.LinkedBindingImpl.acceptTargetVisitor(Lcom/google/inject/spi/BindingTargetVisitor;)Ljava/lang/Object; @ 2 c2
Event: 24.087 Thread 0x000002185dea4c90 DEOPT PACKING pc=0x00000218704b4e84 sp=0x000000b4d42fda80
Event: 24.087 Thread 0x000002185dea4c90 DEOPT UNPACKING pc=0x000002186ff75c02 sp=0x000000b4d42fda08 mode 2
Event: 25.015 Thread 0x000002185dea4c90 DEOPT PACKING pc=0x0000021868dd28dc sp=0x000000b4d42fe240
Event: 25.015 Thread 0x000002185dea4c90 DEOPT UNPACKING pc=0x000002186fea1a02 sp=0x000000b4d42fd6c8 mode 0

Classes loaded (20 events):
Event: 24.539 Loading class java/time/zone/Ser
Event: 24.539 Loading class java/io/Externalizable
Event: 24.539 Loading class java/io/Externalizable done
Event: 24.539 Loading class java/time/zone/Ser done
Event: 24.539 Loading class java/time/Month
Event: 24.540 Loading class java/time/Month done
Event: 24.540 Loading class java/time/DayOfWeek
Event: 24.540 Loading class java/time/DayOfWeek done
Event: 24.540 Loading class java/time/zone/ZoneOffsetTransitionRule$TimeDefinition
Event: 24.540 Loading class java/time/zone/ZoneOffsetTransitionRule$TimeDefinition done
Event: 24.541 Loading class java/time/zone/ZoneOffsetTransition
Event: 24.597 Loading class java/time/zone/ZoneOffsetTransition done
Event: 24.598 Loading class java/time/Year
Event: 24.598 Loading class java/time/Year done
Event: 25.013 Loading class jdk/internal/reflect/MethodHandleBooleanFieldAccessorImpl
Event: 25.013 Loading class jdk/internal/reflect/MethodHandleBooleanFieldAccessorImpl done
Event: 25.171 Loading class java/lang/Character$UnicodeBlock
Event: 25.171 Loading class java/lang/Character$Subset
Event: 25.171 Loading class java/lang/Character$Subset done
Event: 25.171 Loading class java/lang/Character$UnicodeBlock done

Classes unloaded (0 events):
No events

Classes redefined (0 events):
No events

Internal exceptions (20 events):
Event: 22.355 Thread 0x000002185dea4c90 Exception <a 'java/io/IOException'{0x00000007033a9100}> (0x00000007033a9100) 
thrown [s\src\hotspot\share\prims\jni.cpp, line 514]
Event: 22.355 Thread 0x000002185dea4c90 Exception <a 'java/io/IOException'{0x00000007033a99c0}> (0x00000007033a99c0) 
thrown [s\src\hotspot\share\prims\jni.cpp, line 514]
Event: 22.355 Thread 0x000002185dea4c90 Exception <a 'java/io/IOException'{0x00000007033a9fc0}> (0x00000007033a9fc0) 
thrown [s\src\hotspot\share\prims\jni.cpp, line 514]
Event: 22.355 Thread 0x000002185dea4c90 Exception <a 'java/io/IOException'{0x00000007033aa588}> (0x00000007033aa588) 
thrown [s\src\hotspot\share\prims\jni.cpp, line 514]
Event: 22.355 Thread 0x000002185dea4c90 Exception <a 'java/io/IOException'{0x00000007033aab50}> (0x00000007033aab50) 
thrown [s\src\hotspot\share\prims\jni.cpp, line 514]
Event: 22.357 Thread 0x000002185dea4c90 Exception <a 'java/io/IOException'{0x00000007033abe60}> (0x00000007033abe60) 
thrown [s\src\hotspot\share\prims\jni.cpp, line 514]
Event: 22.357 Thread 0x000002185dea4c90 Exception <a 'java/io/IOException'{0x00000007033ac460}> (0x00000007033ac460) 
thrown [s\src\hotspot\share\prims\jni.cpp, line 514]
Event: 22.357 Thread 0x000002185dea4c90 Exception <a 'java/io/IOException'{0x00000007033aca28}> (0x00000007033aca28) 
thrown [s\src\hotspot\share\prims\jni.cpp, line 514]
Event: 22.357 Thread 0x000002185dea4c90 Exception <a 'java/io/IOException'{0x00000007033acff0}> (0x00000007033acff0) 
thrown [s\src\hotspot\share\prims\jni.cpp, line 514]
Event: 22.363 Thread 0x000002185dea4c90 Exception <a 'java/lang/NoSuchMethodError'{0x00000007033bfe78}: 'java.lang.Object java.lang.invoke.DirectMethodHandle$Holder.newInvokeSpecial(java.lang.Object, java.lang.Object, java.lang.Object, java.lang.Object, java.lang.Object, java.lang.Object, java.lang.Object)'> (0x00000007033bfe78) 
thrown [s\src\hotspot\share\interpreter\linkResolver.cpp, line 804]
Event: 24.308 Thread 0x000002185dea4c90 Exception <a 'java/lang/NoSuchMethodError'{0x00000007037e5d10}: 'int java.lang.invoke.DirectMethodHandle$Holder.invokeVirtual(java.lang.Object, java.lang.Object)'> (0x00000007037e5d10) 
thrown [s\src\hotspot\share\interpreter\linkResolver.cpp, line 804]
Event: 25.015 Thread 0x000002185dea4c90 Exception <a 'java/lang/NoSuchMethodError'{0x0000000703519200}: 'void java.lang.invoke.Invokers$Holder.invokeExact_MT(java.lang.Object, java.lang.Object, int, java.lang.Object)'> (0x0000000703519200) 
thrown [s\src\hotspot\share\interpreter\linkResolver.cpp, line 804]
Event: 25.240 Thread 0x000002185dea4c90 Exception <a 'java/io/IOException'{0x00000007032399b0}> (0x00000007032399b0) 
thrown [s\src\hotspot\share\prims\jni.cpp, line 514]
Event: 25.240 Thread 0x000002185dea4c90 Exception <a 'java/io/IOException'{0x0000000703239fb0}> (0x0000000703239fb0) 
thrown [s\src\hotspot\share\prims\jni.cpp, line 514]
Event: 25.240 Thread 0x000002185dea4c90 Exception <a 'java/io/IOException'{0x000000070323a578}> (0x000000070323a578) 
thrown [s\src\hotspot\share\prims\jni.cpp, line 514]
Event: 25.240 Thread 0x000002185dea4c90 Exception <a 'java/io/IOException'{0x000000070323ab40}> (0x000000070323ab40) 
thrown [s\src\hotspot\share\prims\jni.cpp, line 514]
Event: 25.253 Thread 0x000002185dea4c90 Exception <a 'java/io/IOException'{0x00000007032494d8}> (0x00000007032494d8) 
thrown [s\src\hotspot\share\prims\jni.cpp, line 514]
Event: 25.253 Thread 0x000002185dea4c90 Exception <a 'java/io/IOException'{0x0000000703249ad8}> (0x0000000703249ad8) 
thrown [s\src\hotspot\share\prims\jni.cpp, line 514]
Event: 25.253 Thread 0x000002185dea4c90 Exception <a 'java/io/IOException'{0x000000070324a0a0}> (0x000000070324a0a0) 
thrown [s\src\hotspot\share\prims\jni.cpp, line 514]
Event: 25.253 Thread 0x000002185dea4c90 Exception <a 'java/io/IOException'{0x000000070324a668}> (0x000000070324a668) 
thrown [s\src\hotspot\share\prims\jni.cpp, line 514]

VM Operations (20 events):
Event: 3.931 Executing non-safepoint VM operation: HandshakeAllThreads (Deoptimize)
Event: 3.931 Executing non-safepoint VM operation: HandshakeAllThreads (Deoptimize) done
Event: 3.984 Executing non-safepoint VM operation: HandshakeAllThreads (Deoptimize)
Event: 3.985 Executing non-safepoint VM operation: HandshakeAllThreads (Deoptimize) done
Event: 4.094 Executing non-safepoint VM operation: HandshakeAllThreads (Deoptimize)
Event: 4.094 Executing non-safepoint VM operation: HandshakeAllThreads (Deoptimize) done
Event: 4.095 Executing non-safepoint VM operation: HandshakeAllThreads (Deoptimize)
Event: 4.095 Executing non-safepoint VM operation: HandshakeAllThreads (Deoptimize) done
Event: 4.200 Executing safepoint VM operation: G1CollectForAllocation (G1 Evacuation Pause)
Event: 4.204 Executing safepoint VM operation: G1CollectForAllocation (G1 Evacuation Pause) done
Event: 20.873 Executing safepoint VM operation: G1CollectForAllocation (G1 Evacuation Pause)
Event: 20.876 Executing safepoint VM operation: G1CollectForAllocation (G1 Evacuation Pause) done
Event: 22.367 Executing safepoint VM operation: G1CollectForAllocation (G1 Evacuation Pause)
Event: 22.370 Executing safepoint VM operation: G1CollectForAllocation (G1 Evacuation Pause) done
Event: 23.344 Executing safepoint VM operation: G1CollectForAllocation (G1 Evacuation Pause)
Event: 23.347 Executing safepoint VM operation: G1CollectForAllocation (G1 Evacuation Pause) done
Event: 24.060 Executing safepoint VM operation: G1CollectForAllocation (G1 Evacuation Pause)
Event: 24.062 Executing safepoint VM operation: G1CollectForAllocation (G1 Evacuation Pause) done
Event: 25.014 Executing non-safepoint VM operation: HandshakeAllThreads (Deoptimize)
Event: 25.014 Executing non-safepoint VM operation: HandshakeAllThreads (Deoptimize) done

Memory protections (0 events):
No events

Nmethod flushes (0 events):
No events

Events (20 events):
Event: 0.092 Thread 0x000002185dea4c90 Thread added: 0x00000218004b1f40
Event: 0.092 Thread 0x000002185dea4c90 Thread added: 0x00000218004b2af0
Event: 0.092 Thread 0x000002185dea4c90 Thread added: 0x00000218004b46b0
Event: 0.093 Thread 0x000002185dea4c90 Thread added: 0x00000218004b8e70
Event: 0.093 Thread 0x000002185dea4c90 Thread added: 0x00000218004b9d60
Event: 0.093 Thread 0x000002185dea4c90 Thread added: 0x00000218004c67f0
Event: 0.103 Thread 0x000002185dea4c90 Thread added: 0x0000021800b2f8d0
Event: 0.109 Thread 0x000002185dea4c90 Thread added: 0x0000021800bcd570
Event: 0.245 Thread 0x00000218004b9d60 Thread added: 0x0000021800c379f0
Event: 0.435 Thread 0x0000021800c379f0 Thread exited: 0x0000021800c379f0
Event: 0.585 Thread 0x000002185dea4c90 Thread added: 0x00000218051a96c0
Event: 0.657 Thread 0x00000218051a96c0 Thread exited: 0x00000218051a96c0
Event: 1.345 Thread 0x00000218004c67f0 Thread added: 0x0000021805892590
Event: 1.359 Thread 0x00000218004c67f0 Thread added: 0x0000021805ac2170
Event: 1.930 Thread 0x0000021805ac2170 Thread exited: 0x0000021805ac2170
Event: 2.247 Thread 0x0000021805892590 Thread exited: 0x0000021805892590
Event: 22.816 Thread 0x00000218004c67f0 Thread added: 0x0000021806008210
Event: 23.050 Thread 0x0000021806008210 Thread exited: 0x0000021806008210
Event: 23.407 Thread 0x00000218004b9d60 Thread added: 0x0000021805e29820
Event: 23.558 Thread 0x0000021805e29820 Thread exited: 0x0000021805e29820


Dynamic libraries:
0x00007ff623720000 - 0x00007ff62372e000 	C:\Program Files\Apache NetBeans\jdk\bin\java.exe
0x00007ff832b60000 - 0x00007ff832dc6000 	C:\WINDOWS\SYSTEM32\ntdll.dll
0x00007ff831820000 - 0x00007ff8318e9000 	C:\WINDOWS\System32\KERNEL32.DLL
0x00007ff82fd80000 - 0x00007ff83017e000 	C:\WINDOWS\System32\KERNELBASE.dll
0x00007ff82cc20000 - 0x00007ff82ccc0000 	C:\WINDOWS\SYSTEM32\apphelp.dll
0x00007ff830670000 - 0x00007ff8307bc000 	C:\WINDOWS\System32\ucrtbase.dll
0x00007ff805820000 - 0x00007ff805837000 	C:\Program Files\Apache NetBeans\jdk\bin\jli.dll
0x00007ff8315a0000 - 0x00007ff831767000 	C:\WINDOWS\System32\USER32.dll
0x00007ff830440000 - 0x00007ff830467000 	C:\WINDOWS\System32\win32u.dll
0x00007ff8312b0000 - 0x00007ff8312db000 	C:\WINDOWS\System32\GDI32.dll
0x00007ff830190000 - 0x00007ff8302ba000 	C:\WINDOWS\System32\gdi32full.dll
0x00007ff830470000 - 0x00007ff830513000 	C:\WINDOWS\System32\msvcp_win.dll
0x00007ff806240000 - 0x00007ff80625e000 	C:\Program Files\Apache NetBeans\jdk\bin\VCRUNTIME140.dll
0x00007ff815670000 - 0x00007ff815902000 	C:\WINDOWS\WinSxS\amd64_microsoft.windows.common-controls_6595b64144ccf1df_6.0.26100.8875_none_3e0d5d42e32fe9dd\COMCTL32.dll
0x00007ff831770000 - 0x00007ff831819000 	C:\WINDOWS\System32\msvcrt.dll
0x00007ff8323e0000 - 0x00007ff832412000 	C:\WINDOWS\System32\IMM32.DLL
0x000000005b940000 - 0x000000005b94d000 	C:\Program Files (x86)\360\Total Security\safemon\SafeWrapper.dll
0x00007ff832960000 - 0x00007ff832a17000 	C:\WINDOWS\System32\ADVAPI32.dll
0x00007ff830890000 - 0x00007ff83093a000 	C:\WINDOWS\System32\sechost.dll
0x00007ff830b50000 - 0x00007ff830c68000 	C:\WINDOWS\System32\RPCRT4.dll
0x00007ff8296f0000 - 0x00007ff8297f5000 	C:\Program Files (x86)\360\Total Security\safemon\libzdtp64.dll
0x00007ff831aa0000 - 0x00007ff832232000 	C:\WINDOWS\System32\SHELL32.dll
0x00007ff8319f0000 - 0x00007ff831a57000 	C:\WINDOWS\System32\SHLWAPI.dll
0x00007ff82f7c0000 - 0x00007ff82f7cb000 	C:\WINDOWS\SYSTEM32\VERSION.dll
0x00007ff82ae80000 - 0x00007ff82ae8c000 	C:\Program Files\Apache NetBeans\jdk\bin\vcruntime140_1.dll
0x00007fffb1950000 - 0x00007fffb19dd000 	C:\Program Files\Apache NetBeans\jdk\bin\msvcp140.dll
0x00007fff8c260000 - 0x00007fff8d1f9000 	C:\Program Files\Apache NetBeans\jdk\bin\server\jvm.dll
0x00007ff832440000 - 0x00007ff8324c0000 	C:\WINDOWS\System32\WS2_32.dll
0x00007ff82fbe0000 - 0x00007ff82fc3e000 	C:\WINDOWS\SYSTEM32\POWRPROF.dll
0x00007ff821b50000 - 0x00007ff821b86000 	C:\WINDOWS\SYSTEM32\WINMM.dll
0x00007ff82fbc0000 - 0x00007ff82fbd4000 	C:\WINDOWS\SYSTEM32\UMPDC.dll
0x00007ff82e9e0000 - 0x00007ff82e9fb000 	C:\WINDOWS\SYSTEM32\kernel.appcore.dll
0x00007ff8186a0000 - 0x00007ff8186aa000 	C:\Program Files\Apache NetBeans\jdk\bin\jimage.dll
0x00007ff81fc20000 - 0x00007ff81fe62000 	C:\WINDOWS\SYSTEM32\DBGHELP.DLL
0x00007ff830f20000 - 0x00007ff8312a3000 	C:\WINDOWS\System32\combase.dll
0x00007ff8314c0000 - 0x00007ff831599000 	C:\WINDOWS\System32\OLEAUT32.dll
0x00007ff816360000 - 0x00007ff81639b000 	C:\WINDOWS\SYSTEM32\dbgcore.DLL
0x00007ff8307d0000 - 0x00007ff83087c000 	C:\WINDOWS\System32\bcryptPrimitives.dll
0x00007ff805a80000 - 0x00007ff805a9e000 	C:\Program Files\Apache NetBeans\jdk\bin\java.dll
0x00007ff832240000 - 0x00007ff8323d9000 	C:\WINDOWS\System32\ole32.dll
0x00007ff82d7e0000 - 0x00007ff82e072000 	C:\WINDOWS\SYSTEM32\windows.storage.dll
0x00007ff8318f0000 - 0x00007ff8319e7000 	C:\WINDOWS\System32\SHCORE.dll
0x00007ff82fca0000 - 0x00007ff82fcc9000 	C:\WINDOWS\SYSTEM32\profapi.dll
0x00007ff800060000 - 0x00007ff800071000 	C:\Program Files\Apache NetBeans\jdk\bin\net.dll
0x00007ff82ef90000 - 0x00007ff82effc000 	C:\WINDOWS\system32\mswsock.dll
0x00007ffffa340000 - 0x00007ffffa356000 	C:\Program Files\Apache NetBeans\jdk\bin\nio.dll
0x00007ff8016f0000 - 0x00007ff801707000 	C:\Program Files\Apache NetBeans\jdk\bin\zip.dll
0x00007ffff5920000 - 0x00007ffff5944000 	C:\Program Files\Apache NetBeans\java\maven\lib\jansi-native\Windows\x86_64\jansi.dll
0x00007ff814b00000 - 0x00007ff814b10000 	C:\Program Files\Apache NetBeans\jdk\bin\verify.dll

JVMTI agents: none

dbghelp: loaded successfully - version: 4.0.5 - missing functions: none
symbol engine: initialized successfully - sym options: 0x614 - pdb path: .;C:\Program Files\Apache NetBeans\jdk\bin;C:\WINDOWS\SYSTEM32;C:\WINDOWS\WinSxS\amd64_microsoft.windows.common-controls_6595b64144ccf1df_6.0.26100.8875_none_3e0d5d42e32fe9dd;C:\Program Files (x86)\360\Total Security\safemon;C:\Program Files\Apache NetBeans\jdk\bin\server;C:\Program Files\Apache NetBeans\java\maven\lib\jansi-native\Windows\x86_64

VM Arguments:
jvm_args: --enable-native-access=ALL-UNNAMED -Dclassworlds.conf=C:\Program Files\Apache NetBeans\java\maven\bin\m2.conf -Dmaven.home=C:\Program Files\Apache NetBeans\java\maven -Dlibrary.jansi.path=C:\Program Files\Apache NetBeans\java\maven\lib\jansi-native -Dmaven.multiModuleProjectDirectory=C:\Users\DVDSTORE\Desktop\LeetCode\ArrayList\ArrayList 
java_command: org.codehaus.plexus.classworlds.launcher.Launcher -Dexec.vmArgs= -Dexec.args=${exec.vmArgs} -classpath %classpath ${exec.mainClass} ${exec.appArgs} -Dexec.appArgs= -Dexec.mainClass=com.mycompany.arraylist.Driver -Dexec.executable=C:\Program Files\Apache NetBeans\jdk\bin\java.exe -Dmaven.ext.class.path=C:\Program Files\Apache NetBeans\java\maven-nblib\netbeans-eventspy.jar --no-transfer-progress process-classes org.codehaus.mojo:exec-maven-plugin:3.5.1:exec
java_class_path (initial): C:\Program Files\Apache NetBeans\java\maven\boot\plexus-classworlds-2.9.0.jar
Launcher Type: SUN_STANDARD

[Global flags]
     bool AOTAdapterCaching                        = false                                  {diagnostic} {ergonomic}
     bool AOTInvokeDynamicLinking                  = false                                  {diagnostic} {ergonomic}
     bool AOTRecordTraining                        = false                                  {diagnostic} {ergonomic}
     bool AOTReplayTraining                        = false                                  {diagnostic} {ergonomic}
     bool AOTStubCaching                           = false                                  {diagnostic} {ergonomic}
     intx CICompilerCount                          = 4                                         {product} {ergonomic}
     uint ConcGCThreads                            = 3                                         {product} {ergonomic}
     uint G1ConcRefinementThreads                  = 10                                        {product} {ergonomic}
     uint G1EagerReclaimRemSetThreshold            = 16                                   {experimental} {ergonomic}
   size_t G1HeapRegionSize                         = 2097152                                   {product} {ergonomic}
     uint G1RemSetArrayOfCardsEntries              = 16                                   {experimental} {ergonomic}
     uint G1RemSetHowlMaxNumBuckets                = 8                                    {experimental} {ergonomic}
     uint G1RemSetHowlNumBuckets                   = 8                                    {experimental} {ergonomic}
   size_t InitialHeapSize                          = 8388608                                   {product} {ergonomic}
     bool IntelJccErratumMitigation                = false                             {ARCH diagnostic} {ergonomic}
   size_t MarkStackSize                            = 4194304                                   {product} {ergonomic}
   size_t MarkStackSizeMax                         = 536870912                                 {product} {ergonomic}
   size_t MaxHeapSize                              = 4257218560                                {product} {ergonomic}
   size_t MaxNewSize                               = 2554331136                                {product} {ergonomic}
 uint64_t MaxRAM                                   = 17026142208                               {product} {ergonomic}
   size_t MinHeapDeltaBytes                        = 2097152                                   {product} {ergonomic}
   size_t MinHeapSize                              = 8388608                                   {product} {ergonomic}
   size_t NonNMethodCodeHeapSize                   = 5898240                                {pd product} {ergonomic}
   size_t NonProfiledCodeHeapSize                  = 122945536                              {pd product} {ergonomic}
   size_t ProfiledCodeHeapSize                     = 122945536                              {pd product} {ergonomic}
   size_t ReservedCodeCacheSize                    = 251789312                              {pd product} {ergonomic}
     bool SegmentedCodeCache                       = true                                      {product} {ergonomic}
   size_t SoftMaxHeapSize                          = 4257218560                             {manageable} {ergonomic}
     bool UseCompressedOops                        = true                           {product lp64_product} {ergonomic}
     bool UseCondCardMark                          = true                                      {product} {ergonomic}
     bool UseFastUnorderedTimeStamps               = true                                 {experimental} {ergonomic}
     bool UseG1GC                                  = true                                      {product} {ergonomic}
     bool UseLargePagesIndividualAllocation        = false                                  {pd product} {ergonomic}
      int X86ICacheSync                            = 3                                 {ARCH diagnostic} {ergonomic}

Logging:
Log output configuration:
 #0: stdout all=warning uptime,level,tags foldmultilines=false
 #1: stderr all=off uptime,level,tags foldmultilines=false

Release file:
IMPLEMENTOR="Eclipse Adoptium" 
IMPLEMENTOR_VERSION="Temurin-26.0.1+8" 
JAVA_RUNTIME_VERSION="26.0.1+8" 
JAVA_VERSION="26.0.1" 
JAVA_VERSION_DATE="2026-04-21" 
LIBC="default" 
MODULES="java.base java.compiler java.datatransfer java.xml java.prefs java.desktop java.instrument java.logging java.management java.security.sasl java.naming java.rmi java.management.rmi java.net.http java.scripting java.security.jgss java.transaction.xa java.sql java.sql.rowset java.xml.crypto java.se java.smartcardio jdk.accessibility jdk.internal.jvmstat jdk.attach jdk.charsets jdk.internal.opt jdk.zipfs jdk.compiler jdk.crypto.cryptoki jdk.crypto.ec jdk.crypto.mscapi jdk.dynalink jdk.internal.ed jdk.editpad jdk.internal.vm.ci jdk.graal.compiler jdk.graal.compiler.management jdk.hotspot.agent jdk.httpserver jdk.incubator.vector jdk.internal.le jdk.internal.md jdk.jartool jdk.javadoc jdk.jcmd jdk.management jdk.management.agent jdk.jconsole jdk.jdeps jdk.jdwp.agent jdk.jdi jdk.jfr jdk.jlink jdk.jpackage jdk.jshell jdk.jstatd jdk.localedata jdk.management.jfr jdk.naming.dns jdk.naming.rmi jdk.net jdk.nio.mapmode jdk.sctp jdk.security.auth jdk.security.jgss jdk.unsupported jdk.unsupported.desktop jdk.xml.dom" 
OS_ARCH="x86_64" 
OS_NAME="Windows" 
SOURCE=".:git:1cafccec39fb" 
BUILD_SOURCE="git:a612825ee82a20ac872d60958c349854c1f29a8e"
BUILD_SOURCE_REPO="https://github.com/adoptium/temurin-build.git"
SOURCE_REPO="https://github.com/adoptium/jdk26u.git"
FULL_VERSION="26.0.1+8"
SEMANTIC_VERSION="26.0.1+8"
BUILD_INFO="OS: Windows Server 2022 Version: 10.0"
JVM_VARIANT="Hotspot"
JVM_VERSION="26.0.1+8"
IMAGE_TYPE="JDK"

Environment Variables:
JAVA_HOME=C:\Program Files\Apache NetBeans\jdk
PATH=C:\Program Files (x86)\Common Files\Oracle\Java\javapath;C:\WINDOWS\system32;C:\WINDOWS;C:\WINDOWS\System32\Wbem;C:\WINDOWS\System32\WindowsPowerShell\v1.0\;C:\WINDOWS\System32\OpenSSH\;C:\Program Files (x86)\NVIDIA Corporation\PhysX\Common;C:\Program Files\NVIDIA Corporation\NVIDIA NvDLISR;C:\Program Files\dotnet\;C:\Program Files\Git\cmd;C:\Users\DVDSTORE\AppData\Local\Microsoft\WindowsApps;C:\Users\DVDSTORE\AppData\Local\Programs\Microsoft VS Code\bin;;C:\Program Files\Apache NetBeans\bin\
USERNAME=DVDSTORE
OS=Windows_NT
PROCESSOR_IDENTIFIER=Intel64 Family 6 Model 151 Stepping 5, GenuineIntel
TMP=C:\Users\DVDSTORE\AppData\Local\Temp
TEMP=C:\Users\DVDSTORE\AppData\Local\Temp




Compilation memory statistics disabled.

Periodic native trim disabled

---------------  S Y S T E M  ---------------

OS:
 Windows 11 , 64 bit Build 26100 (10.0.26100.8875)
OS uptime: 3 days 17:10 hours

CPU: total 12 (initial active 12) (6 cores per cpu, 2 threads per core) family 6 model 151 stepping 5 microcode 0x2d, cx8, cmov, fxsr, ht, mmx, 3dnowpref, sse, sse2, sse3, ssse3, sse4.1, sse4.2, popcnt, lzcnt, tsc, tscinvbit, avx, avx2, aes, erms, clmul, bmi1, bmi2, adx, sha, fma, vzeroupper, clflush, clflushopt, clwb, serialize, rdtscp, rdpid, fsrm, gfni, f16c, pku, cet_ibt, cet_ss
Processor Information for the first 12 processors :
  Max Mhz: 2500, Current Mhz: 2500, Mhz Limit: 2500

Memory: 4k page, system-wide physical 16237M (2001M free)
TotalPageFile size 28525M (AvailPageFile size 376M)
current process WorkingSet (physical memory assigned to process): 100M, peak: 104M
current process commit charge ("private bytes"): 139M, peak: 156M

vm_info: OpenJDK 64-Bit Server VM (26.0.1+8) for windows-amd64 JRE (26.0.1+8), built on 2026-04-21T00:00:00Z with MS VC++ 17.12 (VS2022)

END.
