#
# There is insufficient memory for the Java Runtime Environment to continue.
# Native memory allocation (malloc) failed to allocate 78424 bytes. Error detail: Chunk::new
# Possible reasons:
#   The system is out of physical RAM or swap space
#   This process is running with CompressedOops enabled, and the Java Heap may be blocking the growth of the native heap
# Possible solutions:
#   Reduce memory load on the system
#   Increase physical memory or swap space
#   Check if swap backing store is full
#   Decrease Java heap size (-Xmx/-Xms)
#   Decrease number of Java threads
#   Decrease Java thread stack sizes (-Xss)
#   Set larger code cache with -XX:ReservedCodeCacheSize=
#   JVM is running with Zero Based Compressed Oops mode in which the Java heap is
#     placed in the first 32GB address space. The Java Heap base address is the
#     maximum limit for the native heap growth. Please use -XX:HeapBaseMinAddress
#     to set the Java Heap base and to place the Java Heap above 32GB virtual address.
# This output file may be truncated or incomplete.
#
#  Out of Memory Error (arena.cpp:193), pid=56948, tid=58344
#
# JRE version: OpenJDK Runtime Environment Temurin-26.0.1+8 (26.0.1+8) (build 26.0.1+8)
# Java VM: OpenJDK 64-Bit Server VM Temurin-26.0.1+8 (26.0.1+8, mixed mode, sharing, tiered, compressed oops, compressed class ptrs, g1 gc, windows-amd64)
# No core dump will be written. Minidumps are not enabled by default on client versions of Windows
#

---------------  S U M M A R Y ------------

Command Line: --enable-native-access=ALL-UNNAMED -Dclassworlds.conf=C:\Program Files\Apache NetBeans\java\maven\bin\m2.conf -Dmaven.home=C:\Program Files\Apache NetBeans\java\maven -Dlibrary.jansi.path=C:\Program Files\Apache NetBeans\java\maven\lib\jansi-native -Dmaven.multiModuleProjectDirectory=C:\Users\DVDSTORE\Desktop\LeetCode\ArrayList\ArrayList org.codehaus.plexus.classworlds.launcher.Launcher -Dexec.vmArgs= -Dexec.args=${exec.vmArgs} -classpath %classpath ${exec.mainClass} ${exec.appArgs} -Dexec.appArgs= -Dexec.mainClass=com.mycompany.arraylist.Driver -Dexec.executable=C:\Program Files\Apache NetBeans\jdk\bin\java.exe -Dmaven.ext.class.path=C:\Program Files\Apache NetBeans\java\maven-nblib\netbeans-eventspy.jar --no-transfer-progress process-classes org.codehaus.mojo:exec-maven-plugin:3.5.1:exec

Host: 12th Gen Intel(R) Core(TM) i5-12400F, 12 cores, 15G,  Windows 11 , 64 bit Build 26100 (10.0.26100.8875)
Time: Wed Aug 19 09:14:37 2026 Egypt Daylight Time elapsed time: 19.749708 seconds (0d 0h 0m 19s)

---------------  T H R E A D  ---------------

Current thread (0x0000024cf27b0bf0):  JavaThread "C2 CompilerThread0" daemon [_thread_in_native, id=58344, stack(0x0000006798500000,0x0000006798600000) (1024K)]


Current CompileTask:
C2:19749 1006       4       jdk.internal.util.ReferencedKeyMap::removeStaleReferences (30 bytes)

Stack: [0x0000006798500000,0x0000006798600000]
Native frames: (J=compiled Java code, j=interpreted, Vv=VM code, C=native code)
V  [jvm.dll+0x7db749]  (no source info available)
V  [jvm.dll+0x7a82bd]  (no source info available)
V  [jvm.dll+0xa44a60]  (no source info available)
V  [jvm.dll+0xa46eb1]  (no source info available)
V  [jvm.dll+0xa475c3]  (no source info available)
V  [jvm.dll+0x311a96]  (no source info available)
V  [jvm.dll+0x120316]  (no source info available)
V  [jvm.dll+0x12063e]  (no source info available)
V  [jvm.dll+0x46ad4b]  (no source info available)
V  [jvm.dll+0x4393f2]  (no source info available)
V  [jvm.dll+0x43880a]  (no source info available)
V  [jvm.dll+0x2d4379]  (no source info available)
V  [jvm.dll+0x2d350f]  (no source info available)
V  [jvm.dll+0x249670]  (no source info available)
V  [jvm.dll+0x2e363c]  (no source info available)
V  [jvm.dll+0x2e181d]  (no source info available)
V  [jvm.dll+0x4a82ae]  (no source info available)
V  [jvm.dll+0x9e3039]  (no source info available)
V  [jvm.dll+0x7dd228]  (no source info available)
C  [ucrtbase.dll+0x2cd30]  (no source info available)
C  [KERNEL32.DLL+0x2e957]  (no source info available)
C  [ntdll.dll+0xaad6c]  (no source info available)

Lock stack of current Java thread (top to bottom):


---------------  P R O C E S S  ---------------

Threads class SMR info:
_java_thread_list=0x0000024cf7a13a50, length=11, elements={
0x0000024cd01354f0, 0x0000024cf27a3410, 0x0000024cf27a53d0, 0x0000024cf27a8dd0,
0x0000024cf27a9980, 0x0000024cf27ab540, 0x0000024cf27afd00, 0x0000024cf27b0bf0,
0x0000024cf27e3e10, 0x0000024cf70e0920, 0x0000024cf70e1b10
}

Java Threads: ( => current thread )
  0x0000024cd01354f0 JavaThread "main"                              [_thread_blocked, id=57960, stack(0x0000006797600000,0x0000006797700000) (1024K)]
  0x0000024cf27a3410 JavaThread "Reference Handler"          daemon [_thread_blocked, id=37172, stack(0x0000006797f00000,0x0000006798000000) (1024K)]
  0x0000024cf27a53d0 JavaThread "Finalizer"                  daemon [_thread_blocked, id=57916, stack(0x0000006798000000,0x0000006798100000) (1024K)]
  0x0000024cf27a8dd0 JavaThread "Signal Dispatcher"          daemon [_thread_blocked, id=57912, stack(0x0000006798100000,0x0000006798200000) (1024K)]
  0x0000024cf27a9980 JavaThread "Attach Listener"            daemon [_thread_blocked, id=58332, stack(0x0000006798200000,0x0000006798300000) (1024K)]
  0x0000024cf27ab540 JavaThread "Service Thread"             daemon [_thread_blocked, id=58336, stack(0x0000006798300000,0x0000006798400000) (1024K)]
  0x0000024cf27afd00 JavaThread "Monitor Deflation Thread"   daemon [_thread_blocked, id=58340, stack(0x0000006798400000,0x0000006798500000) (1024K)]
=>0x0000024cf27b0bf0 JavaThread "C2 CompilerThread0"         daemon [_thread_in_native, id=58344, stack(0x0000006798500000,0x0000006798600000) (1024K)]
  0x0000024cf27e3e10 JavaThread "C1 CompilerThread0"         daemon [_thread_blocked, id=55996, stack(0x0000006798600000,0x0000006798700000) (1024K)]
  0x0000024cf70e0920 JavaThread "Notification Thread"        daemon [_thread_blocked, id=56100, stack(0x0000006798700000,0x0000006798800000) (1024K)]
  0x0000024cf70e1b10 JavaThread "Common-Cleaner"             daemon [_thread_blocked, id=56648, stack(0x0000006798800000,0x0000006798900000) (1024K)]
Total: 11

Other Threads:
  0x0000024cf278e940 VMThread "VM Thread"                           [id=56108, stack(0x0000006797e00000,0x0000006797f00000) (1024K)]
  0x0000024cf26585d0 WatcherThread "VM Periodic Task Thread"        [id=56940, stack(0x0000006797d00000,0x0000006797e00000) (1024K)]
  0x0000024cd259f880 WorkerThread "GC Thread#0"                     [id=57836, stack(0x0000006797700000,0x0000006797800000) (1024K)]
  0x0000024cf74835f0 WorkerThread "GC Thread#1"                     [id=59088, stack(0x0000006798900000,0x0000006798a00000) (1024K)]
  0x0000024cf73e8910 WorkerThread "GC Thread#2"                     [id=47196, stack(0x0000006798a00000,0x0000006798b00000) (1024K)]
  0x0000024cd25b85e0 ConcurrentGCThread "G1 Main Marker"            [id=57448, stack(0x0000006797800000,0x0000006797900000) (1024K)]
  0x0000024cd25b9970 WorkerThread "G1 Conc#0"                       [id=53100, stack(0x0000006797900000,0x0000006797a00000) (1024K)]
  0x0000024cd25dd820 WorkerThread "G1 Refinement Workers#0"         [id=58180, stack(0x0000006797b00000,0x0000006797c00000) (1024K)]
  0x0000024cd25dce60 ConcurrentGCThread "G1 Refine Control"         [id=58312, stack(0x0000006797a00000,0x0000006797b00000) (1024K)]
  0x0000024cf26440e0 ConcurrentGCThread "G1 Service"                [id=58268, stack(0x0000006797c00000,0x0000006797d00000) (1024K)]
Total: 10

Threads with active compile tasks:
C2 CompilerThread0  20171 1006       4       jdk.internal.util.ReferencedKeyMap::removeStaleReferences (30 bytes)
Total: 1

VM state: not at safepoint (normal execution)

VM Mutex/Monitor currently owned by a thread: None

Heap address: 0x0000000702400000, size: 4060 MB, Compressed Oops mode: Zero based, Oop shift amount: 3

CDS archive(s) mapped at: [0x000000009a000000-0x000000009ade0000-0x000000009ade0000), size 14548992, SharedBaseAddress: 0x000000009a000000, ArchiveRelocationMode: 1.
Compressed class space mapped at: 0x000000009b000000-0x00000000db000000, reserved size: 1073741824
UseCompressedClassPointers 1, UseCompactObjectHeaders 0
Narrow klass pointer bits 32, Max shift 3
Narrow klass base: 0x000000009a000000, Narrow klass shift: 0
Encoding Range: [0x000000009a000000 - 0x000000019a000000), (4294967296 bytes)
Klass Range:    [0x000000009a000000 - 0x00000000db000000), (1090519040 bytes)
Klass ID Range:  [8 - 1090519033) (1090519025)
Protection zone: [0x000000009a000000 - 0x000000009a010000), (65536 bytes)

GC Precious Log:
 CardTable entry size: 512
 Card Set container configuration: InlinePtr #cards 4 size 8 Array Of Cards #cards 16 size 48 Howl #buckets 8 coarsen threshold 3686 Howl Bitmap #cards 512 size 80 coarsen threshold 460 Card regions per heap region 1 cards per card region 4096
 CPUs: 12 total, 12 available
 Memory: 16237M
 Large Page Support: Disabled
 NUMA Support: Disabled
 Compressed Oops: Enabled (Zero based)
 Heap Region Size: 2M
 Heap Min Capacity: 8M
 Heap Initial Capacity: 8M
 Heap Max Capacity: 4060M
 Pre-touch: Disabled
 Parallel Workers: 10
 Concurrent Workers: 3
 Concurrent Refinement Workers: 10
 Periodic GC: Disabled

Heap:
 garbage-first heap   total reserved 4157440K, committed 12288K, used 3908K [0x0000000702400000, 0x0000000800000000)
  region size 2M, 1 eden (2M), 1 survivor (2M), 3 old (6M), 0 humongous (0M), 1 free (2M)

Heap Regions: E=young(eden), S=young(survivor), O=old, HS=humongous(starts), HC=humongous(continues), CS=collection set, F=free, TAMS=top-at-mark-start, PB=parsable bottom
|    0|0x0000000702400000, 0x0000000702600000, 0x0000000702600000|100%| O|  |TAMS 0x0000000702400000| PB 0x0000000702400000| Untracked |  0
|    1|0x0000000702600000, 0x0000000702686b78, 0x0000000702800000| 26%| S|CS|TAMS 0x0000000702600000| PB 0x0000000702600000| Complete  |  0
|    2|0x0000000702800000, 0x0000000702800000, 0x0000000702a00000|  0%| F|  |TAMS 0x0000000702800000| PB 0x0000000702800000| Untracked |  0
|    3|0x0000000702a00000, 0x0000000702b50cd0, 0x0000000702c00000| 65%| E|CS|TAMS 0x0000000702a00000| PB 0x0000000702a00000| Complete  |  0
| 2028|0x00000007ffc00000, 0x00000007ffc22b00, 0x00000007ffe00000|  6%| O|  |TAMS 0x00000007ffc00000| PB 0x00000007ffc00000| Untracked |  0
| 2029|0x00000007ffe00000, 0x00000007fff27b70, 0x0000000800000000| 57%| O|  |TAMS 0x00000007ffe00000| PB 0x00000007ffe00000| Untracked |  0

Card table byte_map: [0x0000024ceb970000,0x0000024cec160000] _byte_map_base: 0x0000024ce815e000
Refinement table byte_map: [0x0000024ceb180000,0x0000024ceb970000] _byte_map_base: 0x0000024ce796e000

Marking Bits: (CMBitMap*) 0x0000024cd25a0000
 Bits: [0x0000024cec160000, 0x0000024cf00d0000)

Polling page: 0x0000024cd0400000

Metaspace:
Metaspace        used 4254K, committed 4480K, reserved 1114112K
 class space     used 453K, committed 576K, reserved 1048576K

Usage:
  Non-class:      3.71 MB used.
      Class:    453.02 KB used.
       Both:      4.16 MB used.

Virtual space:
  Non-class space:       64.00 MB reserved,       3.81 MB (  6%) committed,  1 nodes.
      Class space:        1.00 GB reserved,     576.00 KB ( <1%) committed,  1 nodes.
             Both:        1.06 GB reserved,       4.38 MB ( <1%) committed. 

Chunk freelists:
   Non-Class:  9.92 MB
       Class:  15.42 MB
        Both:  25.34 MB

MaxMetaspaceSize: unlimited
CompressedClassSpaceSize: 1.00 GB
Initial GC threshold: 21.00 MB
Current GC threshold: 21.00 MB
CDS: on
 - commit_granule_bytes: 65536.
 - commit_granule_words: 8192.
 - virtual_space_node_default_size: 8388608.
 - enlarge_chunks_in_place: 1.
UseCompressedClassPointers 1, UseCompactObjectHeaders 0
Narrow klass pointer bits 32, Max shift 3
Narrow klass base: 0x000000009a000000, Narrow klass shift: 0
Encoding Range: [0x000000009a000000 - 0x000000019a000000), (4294967296 bytes)
Klass Range:    [0x000000009a000000 - 0x00000000db000000), (1090519040 bytes)
Klass ID Range:  [8 - 1090519033) (1090519025)
Protection zone: [0x000000009a000000 - 0x000000009a010000), (65536 bytes)


Internal statistics:

num_allocs_failed_limit: 0.
num_arena_births: 42.
num_arena_deaths: 0.
num_vsnodes_births: 2.
num_vsnodes_deaths: 0.
num_space_committed: 70.
num_space_uncommitted: 0.
num_chunks_returned_to_freelist: 0.
num_chunks_taken_from_freelist: 163.
num_chunk_merges: 0.
num_chunk_splits: 105.
num_chunks_enlarged: 84.
num_inconsistent_stats: 0.

CodeHeap 'non-profiled nmethods': size=120064Kb used=256Kb max_used=256Kb free=119807Kb
 bounds [0x0000024ce2f00000, 0x0000024ce3170000, 0x0000024cea440000]
CodeHeap 'profiled nmethods': size=120064Kb used=1514Kb max_used=1514Kb free=118550Kb
 bounds [0x0000024cdb420000, 0x0000024cdb690000, 0x0000024ce2960000]
CodeHeap 'non-nmethods': size=5760Kb used=1344Kb max_used=1361Kb free=4415Kb
 bounds [0x0000024ce2960000, 0x0000024ce2bd0000, 0x0000024ce2f00000]
CodeCache: size=245888Kb, used=3114Kb, max_used=3131Kb, free=242772Kb
 total_blobs=1481, nmethods=1017, adapters=369, full_count=0
Compilation: enabled, stopped_count=0, restarted_count=0

Compilation events (20 events):
Event: 17.738 Thread 0x0000024cf27e3e10 nmethod 1001 0x0000024cdb595088 code [0x0000024cdb595180, 0x0000024cdb595770]
Event: 17.741 Thread 0x0000024cf27e3e10 1003       3       jdk.internal.classfile.impl.AbstractDirectBuilder::<init> (26 bytes)
Event: 17.741 Thread 0x0000024cf27e3e10 nmethod 1003 0x0000024cdb595788 code [0x0000024cdb595880, 0x0000024cdb595c68]
Event: 17.741 Thread 0x0000024cf27e3e10 1004       3       jdk.internal.classfile.impl.AttributeHolder::<init> (17 bytes)
Event: 17.741 Thread 0x0000024cf27e3e10 nmethod 1004 0x0000024cdb595c88 code [0x0000024cdb595d80, 0x0000024cdb595f48]
Event: 17.741 Thread 0x0000024cf27e3e10 1005       1       java.lang.classfile.Opcode::kind (5 bytes)
Event: 17.741 Thread 0x0000024cf27e3e10 nmethod 1005 0x0000024ce2f3fc08 code [0x0000024ce2f3fd00, 0x0000024ce2f3fdb8]
Event: 17.741 Thread 0x0000024cf27b0bf0 1006       4       jdk.internal.util.ReferencedKeyMap::removeStaleReferences (30 bytes)
Event: 17.742 Thread 0x0000024cf27e3e10 1007       3       jdk.internal.classfile.impl.AbstractPoolEntry$Utf8EntryImpl::toString (88 bytes)
Event: 17.742 Thread 0x0000024cf27e3e10 nmethod 1007 0x0000024cdb595f88 code [0x0000024cdb596080, 0x0000024cdb5964b8]
Event: 17.742 Thread 0x0000024cf27e3e10 1008       3       jdk.internal.classfile.impl.DirectClassBuilder::constantPool (5 bytes)
Event: 17.742 Thread 0x0000024cf27e3e10 nmethod 1008 0x0000024cdb596508 code [0x0000024cdb596600, 0x0000024cdb596718]
Event: 17.742 Thread 0x0000024cf27e3e10 1009       3       jdk.internal.classfile.impl.SplitConstantPool::findEntry (130 bytes)
Event: 17.743 Thread 0x0000024cf27e3e10 nmethod 1009 0x0000024cdb596808 code [0x0000024cdb596900, 0x0000024cdb597448]
Event: 17.743 Thread 0x0000024cf27e3e10 1010       3       jdk.internal.classfile.impl.BufWriterImpl::writeIndex (11 bytes)
Event: 17.743 Thread 0x0000024cf27e3e10 nmethod 1010 0x0000024cdb597488 code [0x0000024cdb597580, 0x0000024cdb598808]
Event: 17.743 Thread 0x0000024cf27e3e10 1012       3       java.lang.invoke.MemberName::getModifiers (8 bytes)
Event: 17.743 Thread 0x0000024cf27e3e10 nmethod 1012 0x0000024cdb598888 code [0x0000024cdb598980, 0x0000024cdb598a80]
Event: 17.743 Thread 0x0000024cf27e3e10 1011       1       jdk.internal.classfile.impl.AbstractAttributeMapper::allowMultiple (5 bytes)
Event: 17.743 Thread 0x0000024cf27e3e10 nmethod 1011 0x0000024ce2f3ff08 code [0x0000024ce2f40000, 0x0000024ce2f400b8]

GC Heap Usage History (10 events):
Event: 4.604 {heap Before GC invocations=0 (full 0):
 garbage-first heap   total reserved 4157440K, committed 10240K, used 3230K [0x0000000702400000, 0x0000000800000000)
  region size 2M, 2 eden (4M), 0 survivor (0M), 1 old (2M), 0 humongous (0M), 2 free (4M)
}
Event: 5.652 {heap After GC invocations=1 (full 0):
 garbage-first heap   total reserved 4157440K, committed 10240K, used 2686K [0x0000000702400000, 0x0000000800000000)
  region size 2M, 0 eden (0M), 1 survivor (2M), 1 old (2M), 0 humongous (0M), 3 free (6M)
}
Event: 9.984 {heap Before GC invocations=1 (full 0):
 garbage-first heap   total reserved 4157440K, committed 10240K, used 2686K [0x0000000702400000, 0x0000000800000000)
  region size 2M, 1 eden (2M), 1 survivor (2M), 1 old (2M), 0 humongous (0M), 2 free (4M)
}
Event: 9.986 {heap After GC invocations=2 (full 0):
 garbage-first heap   total reserved 4157440K, committed 10240K, used 3035K [0x0000000702400000, 0x0000000800000000)
  region size 2M, 0 eden (0M), 1 survivor (2M), 2 old (4M), 0 humongous (0M), 2 free (4M)
}
Event: 10.791 {heap Before GC invocations=2 (full 0):
 garbage-first heap   total reserved 4157440K, committed 10240K, used 5083K [0x0000000702400000, 0x0000000800000000)
  region size 2M, 1 eden (2M), 1 survivor (2M), 2 old (4M), 0 humongous (0M), 1 free (2M)
}
Event: 10.793 {heap After GC invocations=3 (full 0):
 garbage-first heap   total reserved 4157440K, committed 10240K, used 3547K [0x0000000702400000, 0x0000000800000000)
  region size 2M, 0 eden (0M), 1 survivor (2M), 2 old (4M), 0 humongous (0M), 2 free (4M)
}
Event: 16.305 {heap Before GC invocations=3 (full 0):
 garbage-first heap   total reserved 4157440K, committed 10240K, used 5595K [0x0000000702400000, 0x0000000800000000)
  region size 2M, 1 eden (2M), 1 survivor (2M), 2 old (4M), 0 humongous (0M), 1 free (2M)
}
Event: 16.307 {heap After GC invocations=4 (full 0):
 garbage-first heap   total reserved 4157440K, committed 10240K, used 3960K [0x0000000702400000, 0x0000000800000000)
  region size 2M, 0 eden (0M), 1 survivor (2M), 2 old (4M), 0 humongous (0M), 2 free (4M)
}
Event: 17.016 {heap Before GC invocations=4 (full 0):
 garbage-first heap   total reserved 4157440K, committed 10240K, used 6008K [0x0000000702400000, 0x0000000800000000)
  region size 2M, 1 eden (2M), 1 survivor (2M), 2 old (4M), 0 humongous (0M), 1 free (2M)
}
Event: 17.018 {heap After GC invocations=5 (full 0):
 garbage-first heap   total reserved 4157440K, committed 12288K, used 3908K [0x0000000702400000, 0x0000000800000000)
  region size 2M, 0 eden (0M), 1 survivor (2M), 3 old (6M), 0 humongous (0M), 2 free (4M)
}

Metaspace Usage History (10 events):
Event: 4.604 {metaspace Before GC invocations=0 (full 0):
 Metaspace       used 1085K, committed 1216K, reserved 1114112K
  class space    used 88K, committed 128K, reserved 1048576K
}
Event: 5.652 {metaspace After GC invocations=1 (full 0):
 Metaspace       used 1085K, committed 1216K, reserved 1114112K
  class space    used 88K, committed 128K, reserved 1048576K
}
Event: 9.984 {metaspace Before GC invocations=1 (full 0):
 Metaspace       used 1971K, committed 2176K, reserved 1114112K
  class space    used 185K, committed 256K, reserved 1048576K
}
Event: 9.986 {metaspace After GC invocations=2 (full 0):
 Metaspace       used 1971K, committed 2176K, reserved 1114112K
  class space    used 185K, committed 256K, reserved 1048576K
}
Event: 10.791 {metaspace Before GC invocations=2 (full 0):
 Metaspace       used 2514K, committed 2752K, reserved 1114112K
  class space    used 237K, committed 320K, reserved 1048576K
}
Event: 10.793 {metaspace After GC invocations=3 (full 0):
 Metaspace       used 2514K, committed 2752K, reserved 1114112K
  class space    used 237K, committed 320K, reserved 1048576K
}
Event: 16.305 {metaspace Before GC invocations=3 (full 0):
 Metaspace       used 2968K, committed 3136K, reserved 1114112K
  class space    used 302K, committed 384K, reserved 1048576K
}
Event: 16.307 {metaspace After GC invocations=4 (full 0):
 Metaspace       used 2968K, committed 3136K, reserved 1114112K
  class space    used 302K, committed 384K, reserved 1048576K
}
Event: 17.016 {metaspace Before GC invocations=4 (full 0):
 Metaspace       used 3686K, committed 3840K, reserved 1114112K
  class space    used 383K, committed 448K, reserved 1048576K
}
Event: 17.018 {metaspace After GC invocations=5 (full 0):
 Metaspace       used 3686K, committed 3840K, reserved 1114112K
  class space    used 383K, committed 448K, reserved 1048576K
}

Dll operation events (14 events):
Event: 0.031 Attempting to load shared library C:\Program Files\Apache NetBeans\jdk\bin\java.dll
Event: 0.037 Loaded shared library C:\Program Files\Apache NetBeans\jdk\bin\java.dll
Event: 0.174 Attempting to load shared library C:\Program Files\Apache NetBeans\jdk\bin\net.dll
Event: 0.174 Loaded shared library C:\Program Files\Apache NetBeans\jdk\bin\net.dll
Event: 0.181 Attempting to load shared library C:\Program Files\Apache NetBeans\jdk\bin\nio.dll
Event: 0.182 Loaded shared library C:\Program Files\Apache NetBeans\jdk\bin\nio.dll
Event: 0.189 Attempting to load shared library C:\Program Files\Apache NetBeans\jdk\bin\zip.dll
Event: 0.190 Loaded shared library C:\Program Files\Apache NetBeans\jdk\bin\zip.dll
Event: 0.731 Attempting to load shared library C:\Program Files\Apache NetBeans\java\maven\lib\jansi-native\Windows\x86_64\jansi.dll
Event: 0.732 Loaded shared library C:\Program Files\Apache NetBeans\java\maven\lib\jansi-native\Windows\x86_64\jansi.dll
Event: 0.743 Attempting to load shared library C:\Program Files\Apache NetBeans\jdk\bin\verify.dll
Event: 0.744 Loaded shared library C:\Program Files\Apache NetBeans\jdk\bin\verify.dll
Event: 7.622 Attempting to load shared library C:\Program Files\Apache NetBeans\jdk\bin\jimage.dll
Event: 7.622 Loaded shared library C:\Program Files\Apache NetBeans\jdk\bin\jimage.dll

Deoptimization events (20 events):
Event: 10.581 Thread 0x0000024cd01354f0 Uncommon trap: trap_request=0xffffff45 fr.pc=0x0000024ce2f0ecf4 relative=0x0000000000000074
Event: 10.581 Thread 0x0000024cd01354f0 Uncommon trap: reason=unstable_if action=reinterpret pc=0x0000024ce2f0ecf4 method=jdk.internal.misc.Unsafe.convEndian(ZI)I @ 4 c2
Event: 10.581 Thread 0x0000024cd01354f0 DEOPT PACKING pc=0x0000024ce2f0ecf4 sp=0x00000067976fdf30
Event: 10.581 Thread 0x0000024cd01354f0 DEOPT UNPACKING pc=0x0000024ce29ec802 sp=0x00000067976fde60 mode 2
Event: 10.863 Thread 0x0000024cd01354f0 Uncommon trap: trap_request=0xffffff45 fr.pc=0x0000024ce2f0fa1c relative=0x000000000000019c
Event: 10.863 Thread 0x0000024cd01354f0 Uncommon trap: reason=unstable_if action=reinterpret pc=0x0000024ce2f0fa1c method=java.lang.AbstractStringBuilder.needsNewBuffer([BBIB)Z @ 8 c2
Event: 10.863 Thread 0x0000024cd01354f0 DEOPT PACKING pc=0x0000024ce2f0fa1c sp=0x00000067976fe4f0
Event: 10.863 Thread 0x0000024cd01354f0 DEOPT UNPACKING pc=0x0000024ce29ec802 sp=0x00000067976fe398 mode 2
Event: 10.863 Thread 0x0000024cd01354f0 Uncommon trap: trap_request=0xffffff45 fr.pc=0x0000024ce2f0fe44 relative=0x00000000000001c4
Event: 10.863 Thread 0x0000024cd01354f0 Uncommon trap: reason=unstable_if action=reinterpret pc=0x0000024ce2f0fe44 method=java.lang.AbstractStringBuilder.isLatin1(B)Z @ 7 c2
Event: 10.863 Thread 0x0000024cd01354f0 DEOPT PACKING pc=0x0000024ce2f0fe44 sp=0x00000067976fe500
Event: 10.863 Thread 0x0000024cd01354f0 DEOPT UNPACKING pc=0x0000024ce29ec802 sp=0x00000067976fe440 mode 2
Event: 10.867 Thread 0x0000024cd01354f0 Uncommon trap: trap_request=0xffffff45 fr.pc=0x0000024ce2f0bb64 relative=0x0000000000000064
Event: 10.867 Thread 0x0000024cd01354f0 Uncommon trap: reason=unstable_if action=reinterpret pc=0x0000024ce2f0bb64 method=java.lang.AbstractStringBuilder.needsNewBuffer([BBIB)Z @ 8 c2
Event: 10.868 Thread 0x0000024cd01354f0 DEOPT PACKING pc=0x0000024ce2f0bb64 sp=0x00000067976fe410
Event: 10.868 Thread 0x0000024cd01354f0 DEOPT UNPACKING pc=0x0000024ce29ec802 sp=0x00000067976fe398 mode 2
Event: 16.309 Thread 0x0000024cf73e8670 Uncommon trap: trap_request=0xffffff45 fr.pc=0x0000024ce2f3a644 relative=0x00000000000002c4
Event: 16.868 Thread 0x0000024cf73e8670 Uncommon trap: reason=unstable_if action=reinterpret pc=0x0000024ce2f3a644 method=jdk.internal.util.ArraysSupport.mismatch([BI[BII)I @ 55 c2
Event: 16.868 Thread 0x0000024cf73e8670 DEOPT PACKING pc=0x0000024ce2f3a644 sp=0x0000006798afefb0
Event: 16.868 Thread 0x0000024cf73e8670 DEOPT UNPACKING pc=0x0000024ce29ec802 sp=0x0000006798afee98 mode 2

Classes loaded (20 events):
Event: 17.732 Loading class java/lang/PublicMethods
Event: 17.732 Loading class java/lang/PublicMethods done
Event: 17.734 Loading class java/lang/WeakPairMap$Pair$Weak
Event: 17.734 Loading class java/lang/WeakPairMap$WeakRefPeer
Event: 17.734 Loading class java/lang/WeakPairMap$WeakRefPeer done
Event: 17.734 Loading class java/lang/WeakPairMap$Pair$Weak done
Event: 17.734 Loading class java/lang/WeakPairMap$Pair$Weak$1
Event: 17.734 Loading class java/lang/WeakPairMap$Pair$Weak$1 done
Event: 17.735 Loading class java/lang/reflect/Proxy$ProxyBuilder$ProxyClassContext
Event: 17.735 Loading class java/lang/reflect/Proxy$ProxyBuilder$ProxyClassContext done
Event: 17.735 Loading class java/lang/reflect/ProxyGenerator
Event: 17.736 Loading class java/lang/reflect/ProxyGenerator done
Event: 17.736 Loading class java/lang/reflect/ProxyGenerator$ProxyMethod
Event: 17.736 Loading class java/lang/reflect/ProxyGenerator$ProxyMethod done
Event: 17.743 Loading class java/lang/classfile/attribute/ExceptionsAttribute
Event: 17.743 Loading class java/lang/classfile/attribute/ExceptionsAttribute done
Event: 17.743 Loading class jdk/internal/classfile/impl/UnboundAttribute$UnboundExceptionsAttribute
Event: 17.744 Loading class jdk/internal/classfile/impl/UnboundAttribute$UnboundExceptionsAttribute done
Event: 17.744 Loading class jdk/internal/classfile/impl/AbstractAttributeMapper$ExceptionsMapper
Event: 17.744 Loading class jdk/internal/classfile/impl/AbstractAttributeMapper$ExceptionsMapper done

Classes unloaded (0 events):
No events

Classes redefined (0 events):
No events

Internal exceptions (20 events):
Event: 0.735 Thread 0x0000024cd01354f0 Exception <a 'java/lang/NullPointerException'{0x00000007029bc610}> (0x00000007029bc610) 
thrown [s\src\hotspot\share\interpreter\linkResolver.cpp, line 1428]
Event: 0.735 Thread 0x0000024cd01354f0 Exception <a 'java/lang/NullPointerException'{0x00000007029c1050}> (0x00000007029c1050) 
thrown [s\src\hotspot\share\interpreter\linkResolver.cpp, line 1428]
Event: 0.737 Thread 0x0000024cd01354f0 Exception <a 'java/lang/NullPointerException'{0x00000007029d2c18}> (0x00000007029d2c18) 
thrown [s\src\hotspot\share\interpreter\linkResolver.cpp, line 1428]
Event: 0.737 Thread 0x0000024cd01354f0 Exception <a 'java/lang/NullPointerException'{0x00000007029d2ef8}> (0x00000007029d2ef8) 
thrown [s\src\hotspot\share\interpreter\linkResolver.cpp, line 1428]
Event: 0.737 Thread 0x0000024cd01354f0 Exception <a 'java/lang/NullPointerException'{0x00000007029d31d8}> (0x00000007029d31d8) 
thrown [s\src\hotspot\share\interpreter\linkResolver.cpp, line 1428]
Event: 0.737 Thread 0x0000024cd01354f0 Exception <a 'java/lang/NullPointerException'{0x00000007029d34b8}> (0x00000007029d34b8) 
thrown [s\src\hotspot\share\interpreter\linkResolver.cpp, line 1428]
Event: 0.743 Thread 0x0000024cd01354f0 Exception <a 'sun/nio/fs/WindowsException'{0x00000007029f4e68}> (0x00000007029f4e68) 
thrown [s\src\hotspot\share\prims\jni.cpp, line 514]
Event: 0.743 Thread 0x0000024cd01354f0 Exception <a 'sun/nio/fs/WindowsException'{0x00000007029f54a0}> (0x00000007029f54a0) 
thrown [s\src\hotspot\share\prims\jni.cpp, line 514]
Event: 0.743 Thread 0x0000024cd01354f0 Exception <a 'sun/nio/fs/WindowsException'{0x00000007029f5a88}> (0x00000007029f5a88) 
thrown [s\src\hotspot\share\prims\jni.cpp, line 514]
Event: 0.743 Thread 0x0000024cd01354f0 Exception <a 'sun/nio/fs/WindowsException'{0x00000007029f5ff8}> (0x00000007029f5ff8) 
thrown [s\src\hotspot\share\prims\jni.cpp, line 514]
Event: 0.743 Thread 0x0000024cd01354f0 Exception <a 'sun/nio/fs/WindowsException'{0x00000007029f6548}> (0x00000007029f6548) 
thrown [s\src\hotspot\share\prims\jni.cpp, line 514]
Event: 0.743 Thread 0x0000024cd01354f0 Exception <a 'sun/nio/fs/WindowsException'{0x00000007029f6a38}> (0x00000007029f6a38) 
thrown [s\src\hotspot\share\prims\jni.cpp, line 514]
Event: 0.743 Thread 0x0000024cd01354f0 Exception <a 'sun/nio/fs/WindowsException'{0x00000007029f6ee0}> (0x00000007029f6ee0) 
thrown [s\src\hotspot\share\prims\jni.cpp, line 514]
Event: 7.522 Thread 0x0000024cd01354f0 Exception <a 'java/lang/NoSuchMethodError'{0x0000000702a3b6b0}: 'void java.lang.invoke.DirectMethodHandle$Holder.invokeVirtual(java.lang.Object, java.lang.Object)'> (0x0000000702a3b6b0) 
thrown [s\src\hotspot\share\interpreter\linkResolver.cpp, line 804]
Event: 7.526 Thread 0x0000024cd01354f0 Exception <a 'java/lang/NoSuchMethodError'{0x0000000702a5d068}: 'void java.lang.invoke.DirectMethodHandle$Holder.invokeStatic(java.lang.Object, java.lang.Object)'> (0x0000000702a5d068) 
thrown [s\src\hotspot\share\interpreter\linkResolver.cpp, line 804]
Event: 7.526 Thread 0x0000024cd01354f0 Exception <a 'java/lang/NoSuchMethodError'{0x0000000702a65050}: 'void java.lang.invoke.DirectMethodHandle$Holder.invokeStaticInit(java.lang.Object, java.lang.Object)'> (0x0000000702a65050) 
thrown [s\src\hotspot\share\interpreter\linkResolver.cpp, line 804]
Event: 7.532 Thread 0x0000024cd01354f0 Exception <a 'java/lang/NoSuchMethodError'{0x0000000702a9cbe8}: 'void java.lang.invoke.DirectMethodHandle$Holder.invokeSpecial(java.lang.Object, java.lang.Object, java.lang.Object, java.lang.Object, java.lang.Object)'> (0x0000000702a9cbe8) 
thrown [s\src\hotspot\share\interpreter\linkResolver.cpp, line 804]
Event: 7.540 Thread 0x0000024cd01354f0 Exception <a 'java/lang/NoSuchMethodError'{0x0000000702addf28}: 'void java.lang.invoke.DirectMethodHandle$Holder.invokeStatic(java.lang.Object, java.lang.Object, java.lang.Object)'> (0x0000000702addf28) 
thrown [s\src\hotspot\share\interpreter\linkResolver.cpp, line 804]
Event: 10.200 Thread 0x0000024cd01354f0 Exception <a 'java/lang/NoSuchMethodError'{0x0000000702a824f0}: 'java.lang.Object java.lang.invoke.DirectMethodHandle$Holder.invokeSpecialIFC(java.lang.Object, java.lang.Object, java.lang.Object, java.lang.Object)'> (0x0000000702a824f0) 
thrown [s\src\hotspot\share\interpreter\linkResolver.cpp, line 804]
Event: 16.994 Thread 0x0000024cd01354f0 Exception <a 'java/lang/NoSuchMethodError'{0x0000000702bc6138}: 'void java.lang.invoke.DirectMethodHandle$Holder.invokeSpecial(java.lang.Object, java.lang.Object, java.lang.Object)'> (0x0000000702bc6138) 
thrown [s\src\hotspot\share\interpreter\linkResolver.cpp, line 804]

VM Operations (16 events):
Event: 0.203 Executing non-safepoint VM operation: HandshakeAllThreads (Deoptimize)
Event: 0.311 Executing non-safepoint VM operation: HandshakeAllThreads (Deoptimize) done
Event: 0.569 Executing non-safepoint VM operation: HandshakeAllThreads (Deoptimize)
Event: 0.569 Executing non-safepoint VM operation: HandshakeAllThreads (Deoptimize) done
Event: 0.745 Executing safepoint VM operation: G1CollectForAllocation (G1 Evacuation Pause)
Event: 5.652 Executing safepoint VM operation: G1CollectForAllocation (G1 Evacuation Pause) done
Event: 7.648 Executing non-safepoint VM operation: HandshakeAllThreads (Deoptimize)
Event: 9.486 Executing non-safepoint VM operation: HandshakeAllThreads (Deoptimize) done
Event: 9.984 Executing safepoint VM operation: G1CollectForAllocation (G1 Evacuation Pause)
Event: 9.986 Executing safepoint VM operation: G1CollectForAllocation (G1 Evacuation Pause) done
Event: 10.791 Executing safepoint VM operation: G1CollectForAllocation (G1 Evacuation Pause)
Event: 10.793 Executing safepoint VM operation: G1CollectForAllocation (G1 Evacuation Pause) done
Event: 12.748 Executing safepoint VM operation: G1CollectForAllocation (G1 Evacuation Pause)
Event: 16.307 Executing safepoint VM operation: G1CollectForAllocation (G1 Evacuation Pause) done
Event: 17.016 Executing safepoint VM operation: G1CollectForAllocation (G1 Evacuation Pause)
Event: 17.018 Executing safepoint VM operation: G1CollectForAllocation (G1 Evacuation Pause) done

Memory protections (0 events):
No events

Nmethod flushes (0 events):
No events

Events (15 events):
Event: 0.080 Thread 0x0000024cd01354f0 Thread added: 0x0000024cd01354f0
Event: 0.152 Thread 0x0000024cd01354f0 Thread added: 0x0000024cf27a3410
Event: 0.152 Thread 0x0000024cd01354f0 Thread added: 0x0000024cf27a53d0
Event: 0.152 Thread 0x0000024cd01354f0 Thread added: 0x0000024cf27a8dd0
Event: 0.152 Thread 0x0000024cd01354f0 Thread added: 0x0000024cf27a9980
Event: 0.152 Thread 0x0000024cd01354f0 Thread added: 0x0000024cf27ab540
Event: 0.152 Thread 0x0000024cd01354f0 Thread added: 0x0000024cf27afd00
Event: 0.152 Thread 0x0000024cd01354f0 Thread added: 0x0000024cf27b0bf0
Event: 0.153 Thread 0x0000024cd01354f0 Thread added: 0x0000024cf27e3e10
Event: 0.163 Thread 0x0000024cd01354f0 Thread added: 0x0000024cf70e0920
Event: 0.168 Thread 0x0000024cd01354f0 Thread added: 0x0000024cf70e1b10
Event: 0.507 Thread 0x0000024cf27e3e10 Thread added: 0x0000024cf71ecb40
Event: 0.573 Thread 0x0000024cd01354f0 Thread added: 0x0000024cf73e8670
Event: 0.673 Thread 0x0000024cf71ecb40 Thread exited: 0x0000024cf71ecb40
Event: 16.868 Thread 0x0000024cf73e8670 Thread exited: 0x0000024cf73e8670


Dynamic libraries:
0x00007ff623720000 - 0x00007ff62372e000 	C:\Program Files\Apache NetBeans\jdk\bin\java.exe
0x00007ff832b60000 - 0x00007ff832dc6000 	C:\WINDOWS\SYSTEM32\ntdll.dll
0x00007ff831820000 - 0x00007ff8318e9000 	C:\WINDOWS\System32\KERNEL32.DLL
0x00007ff82fd80000 - 0x00007ff83017e000 	C:\WINDOWS\System32\KERNELBASE.dll
0x00007ff82cc20000 - 0x00007ff82ccc0000 	C:\WINDOWS\SYSTEM32\apphelp.dll
0x00007ff830670000 - 0x00007ff8307bc000 	C:\WINDOWS\System32\ucrtbase.dll
0x00007ff805820000 - 0x00007ff805837000 	C:\Program Files\Apache NetBeans\jdk\bin\jli.dll
0x00007ff8315a0000 - 0x00007ff831767000 	C:\WINDOWS\System32\USER32.dll
0x00007ff806240000 - 0x00007ff80625e000 	C:\Program Files\Apache NetBeans\jdk\bin\VCRUNTIME140.dll
0x00007ff830440000 - 0x00007ff830467000 	C:\WINDOWS\System32\win32u.dll
0x00007ff8312b0000 - 0x00007ff8312db000 	C:\WINDOWS\System32\GDI32.dll
0x00007ff830190000 - 0x00007ff8302ba000 	C:\WINDOWS\System32\gdi32full.dll
0x00007ff830470000 - 0x00007ff830513000 	C:\WINDOWS\System32\msvcp_win.dll
0x00007ff815670000 - 0x00007ff815902000 	C:\WINDOWS\WinSxS\amd64_microsoft.windows.common-controls_6595b64144ccf1df_6.0.26100.8875_none_3e0d5d42e32fe9dd\COMCTL32.dll
0x00007ff831770000 - 0x00007ff831819000 	C:\WINDOWS\System32\msvcrt.dll
0x00007ff8323e0000 - 0x00007ff832412000 	C:\WINDOWS\System32\IMM32.DLL
0x000000005b940000 - 0x000000005b94d000 	C:\Program Files (x86)\360\Total Security\safemon\SafeWrapper.dll
0x00007ff832960000 - 0x00007ff832a17000 	C:\WINDOWS\System32\ADVAPI32.dll
0x00007ff830890000 - 0x00007ff83093a000 	C:\WINDOWS\System32\sechost.dll
0x00007ff830b50000 - 0x00007ff830c68000 	C:\WINDOWS\System32\RPCRT4.dll
0x00007ff8296f0000 - 0x00007ff8297f5000 	C:\Program Files (x86)\360\Total Security\safemon\libzdtp64.dll
0x00007ff831aa0000 - 0x00007ff832232000 	C:\WINDOWS\System32\SHELL32.dll
0x00007ff8319f0000 - 0x00007ff831a57000 	C:\WINDOWS\System32\SHLWAPI.dll
0x00007ff82f7c0000 - 0x00007ff82f7cb000 	C:\WINDOWS\SYSTEM32\VERSION.dll
0x00007ff82ae80000 - 0x00007ff82ae8c000 	C:\Program Files\Apache NetBeans\jdk\bin\vcruntime140_1.dll
0x00007fffb1950000 - 0x00007fffb19dd000 	C:\Program Files\Apache NetBeans\jdk\bin\msvcp140.dll
0x00007fff8c260000 - 0x00007fff8d1f9000 	C:\Program Files\Apache NetBeans\jdk\bin\server\jvm.dll
0x00007ff832440000 - 0x00007ff8324c0000 	C:\WINDOWS\System32\WS2_32.dll
0x00007ff82fbe0000 - 0x00007ff82fc3e000 	C:\WINDOWS\SYSTEM32\POWRPROF.dll
0x00007ff821b50000 - 0x00007ff821b86000 	C:\WINDOWS\SYSTEM32\WINMM.dll
0x00007ff82fbc0000 - 0x00007ff82fbd4000 	C:\WINDOWS\SYSTEM32\UMPDC.dll
0x00007ff82e9e0000 - 0x00007ff82e9fb000 	C:\WINDOWS\SYSTEM32\kernel.appcore.dll
0x00007ff8186a0000 - 0x00007ff8186aa000 	C:\Program Files\Apache NetBeans\jdk\bin\jimage.dll
0x00007ff81fc20000 - 0x00007ff81fe62000 	C:\WINDOWS\SYSTEM32\DBGHELP.DLL
0x00007ff830f20000 - 0x00007ff8312a3000 	C:\WINDOWS\System32\combase.dll
0x00007ff8314c0000 - 0x00007ff831599000 	C:\WINDOWS\System32\OLEAUT32.dll
0x00007ff816360000 - 0x00007ff81639b000 	C:\WINDOWS\SYSTEM32\dbgcore.DLL
0x00007ff8307d0000 - 0x00007ff83087c000 	C:\WINDOWS\System32\bcryptPrimitives.dll
0x00007ff805a80000 - 0x00007ff805a9e000 	C:\Program Files\Apache NetBeans\jdk\bin\java.dll
0x00007ff832240000 - 0x00007ff8323d9000 	C:\WINDOWS\System32\ole32.dll
0x00007ff82d7e0000 - 0x00007ff82e072000 	C:\WINDOWS\SYSTEM32\windows.storage.dll
0x00007ff8318f0000 - 0x00007ff8319e7000 	C:\WINDOWS\System32\SHCORE.dll
0x00007ff82fca0000 - 0x00007ff82fcc9000 	C:\WINDOWS\SYSTEM32\profapi.dll
0x00007ff800060000 - 0x00007ff800071000 	C:\Program Files\Apache NetBeans\jdk\bin\net.dll
0x00007ff82ef90000 - 0x00007ff82effc000 	C:\WINDOWS\system32\mswsock.dll
0x00007ffffa340000 - 0x00007ffffa356000 	C:\Program Files\Apache NetBeans\jdk\bin\nio.dll
0x00007ff8016f0000 - 0x00007ff801707000 	C:\Program Files\Apache NetBeans\jdk\bin\zip.dll
0x00007ffff5920000 - 0x00007ffff5944000 	C:\Program Files\Apache NetBeans\java\maven\lib\jansi-native\Windows\x86_64\jansi.dll
0x00007ff814b00000 - 0x00007ff814b10000 	C:\Program Files\Apache NetBeans\jdk\bin\verify.dll

JVMTI agents: none

dbghelp: loaded successfully - version: 4.0.5 - missing functions: none
symbol engine: initialized successfully - sym options: 0x614 - pdb path: .;C:\Program Files\Apache NetBeans\jdk\bin;C:\WINDOWS\SYSTEM32;C:\WINDOWS\WinSxS\amd64_microsoft.windows.common-controls_6595b64144ccf1df_6.0.26100.8875_none_3e0d5d42e32fe9dd;C:\Program Files (x86)\360\Total Security\safemon;C:\Program Files\Apache NetBeans\jdk\bin\server;C:\Program Files\Apache NetBeans\java\maven\lib\jansi-native\Windows\x86_64

VM Arguments:
jvm_args: --enable-native-access=ALL-UNNAMED -Dclassworlds.conf=C:\Program Files\Apache NetBeans\java\maven\bin\m2.conf -Dmaven.home=C:\Program Files\Apache NetBeans\java\maven -Dlibrary.jansi.path=C:\Program Files\Apache NetBeans\java\maven\lib\jansi-native -Dmaven.multiModuleProjectDirectory=C:\Users\DVDSTORE\Desktop\LeetCode\ArrayList\ArrayList 
java_command: org.codehaus.plexus.classworlds.launcher.Launcher -Dexec.vmArgs= -Dexec.args=${exec.vmArgs} -classpath %classpath ${exec.mainClass} ${exec.appArgs} -Dexec.appArgs= -Dexec.mainClass=com.mycompany.arraylist.Driver -Dexec.executable=C:\Program Files\Apache NetBeans\jdk\bin\java.exe -Dmaven.ext.class.path=C:\Program Files\Apache NetBeans\java\maven-nblib\netbeans-eventspy.jar --no-transfer-progress process-classes org.codehaus.mojo:exec-maven-plugin:3.5.1:exec
java_class_path (initial): C:\Program Files\Apache NetBeans\java\maven\boot\plexus-classworlds-2.9.0.jar
Launcher Type: SUN_STANDARD

[Global flags]
     bool AOTAdapterCaching                        = false                                  {diagnostic} {ergonomic}
     bool AOTInvokeDynamicLinking                  = false                                  {diagnostic} {ergonomic}
     bool AOTRecordTraining                        = false                                  {diagnostic} {ergonomic}
     bool AOTReplayTraining                        = false                                  {diagnostic} {ergonomic}
     bool AOTStubCaching                           = false                                  {diagnostic} {ergonomic}
     intx CICompilerCount                          = 4                                         {product} {ergonomic}
     uint ConcGCThreads                            = 3                                         {product} {ergonomic}
     uint G1ConcRefinementThreads                  = 10                                        {product} {ergonomic}
     uint G1EagerReclaimRemSetThreshold            = 16                                   {experimental} {ergonomic}
   size_t G1HeapRegionSize                         = 2097152                                   {product} {ergonomic}
     uint G1RemSetArrayOfCardsEntries              = 16                                   {experimental} {ergonomic}
     uint G1RemSetHowlMaxNumBuckets                = 8                                    {experimental} {ergonomic}
     uint G1RemSetHowlNumBuckets                   = 8                                    {experimental} {ergonomic}
   size_t InitialHeapSize                          = 8388608                                   {product} {ergonomic}
     bool IntelJccErratumMitigation                = false                             {ARCH diagnostic} {ergonomic}
   size_t MarkStackSize                            = 4194304                                   {product} {ergonomic}
   size_t MarkStackSizeMax                         = 536870912                                 {product} {ergonomic}
   size_t MaxHeapSize                              = 4257218560                                {product} {ergonomic}
   size_t MaxNewSize                               = 2554331136                                {product} {ergonomic}
 uint64_t MaxRAM                                   = 17026142208                               {product} {ergonomic}
   size_t MinHeapDeltaBytes                        = 2097152                                   {product} {ergonomic}
   size_t MinHeapSize                              = 8388608                                   {product} {ergonomic}
   size_t NonNMethodCodeHeapSize                   = 5898240                                {pd product} {ergonomic}
   size_t NonProfiledCodeHeapSize                  = 122945536                              {pd product} {ergonomic}
   size_t ProfiledCodeHeapSize                     = 122945536                              {pd product} {ergonomic}
   size_t ReservedCodeCacheSize                    = 251789312                              {pd product} {ergonomic}
     bool SegmentedCodeCache                       = true                                      {product} {ergonomic}
   size_t SoftMaxHeapSize                          = 4257218560                             {manageable} {ergonomic}
     bool UseCompressedOops                        = true                           {product lp64_product} {ergonomic}
     bool UseCondCardMark                          = true                                      {product} {ergonomic}
     bool UseFastUnorderedTimeStamps               = true                                 {experimental} {ergonomic}
     bool UseG1GC                                  = true                                      {product} {ergonomic}
     bool UseLargePagesIndividualAllocation        = false                                  {pd product} {ergonomic}
      int X86ICacheSync                            = 3                                 {ARCH diagnostic} {ergonomic}

Logging:
Log output configuration:
 #0: stdout all=warning uptime,level,tags foldmultilines=false
 #1: stderr all=off uptime,level,tags foldmultilines=false

Release file:
IMPLEMENTOR="Eclipse Adoptium" 
IMPLEMENTOR_VERSION="Temurin-26.0.1+8" 
JAVA_RUNTIME_VERSION="26.0.1+8" 
JAVA_VERSION="26.0.1" 
JAVA_VERSION_DATE="2026-04-21" 
LIBC="default" 
MODULES="java.base java.compiler java.datatransfer java.xml java.prefs java.desktop java.instrument java.logging java.management java.security.sasl java.naming java.rmi java.management.rmi java.net.http java.scripting java.security.jgss java.transaction.xa java.sql java.sql.rowset java.xml.crypto java.se java.smartcardio jdk.accessibility jdk.internal.jvmstat jdk.attach jdk.charsets jdk.internal.opt jdk.zipfs jdk.compiler jdk.crypto.cryptoki jdk.crypto.ec jdk.crypto.mscapi jdk.dynalink jdk.internal.ed jdk.editpad jdk.internal.vm.ci jdk.graal.compiler jdk.graal.compiler.management jdk.hotspot.agent jdk.httpserver jdk.incubator.vector jdk.internal.le jdk.internal.md jdk.jartool jdk.javadoc jdk.jcmd jdk.management jdk.management.agent jdk.jconsole jdk.jdeps jdk.jdwp.agent jdk.jdi jdk.jfr jdk.jlink jdk.jpackage jdk.jshell jdk.jstatd jdk.localedata jdk.management.jfr jdk.naming.dns jdk.naming.rmi jdk.net jdk.nio.mapmode jdk.sctp jdk.security.auth jdk.security.jgss jdk.unsupported jdk.unsupported.desktop jdk.xml.dom" 
OS_ARCH="x86_64" 
OS_NAME="Windows" 
SOURCE=".:git:1cafccec39fb" 
BUILD_SOURCE="git:a612825ee82a20ac872d60958c349854c1f29a8e"
BUILD_SOURCE_REPO="https://github.com/adoptium/temurin-build.git"
SOURCE_REPO="https://github.com/adoptium/jdk26u.git"
FULL_VERSION="26.0.1+8"
SEMANTIC_VERSION="26.0.1+8"
BUILD_INFO="OS: Windows Server 2022 Version: 10.0"
JVM_VARIANT="Hotspot"
JVM_VERSION="26.0.1+8"
IMAGE_TYPE="JDK"

Environment Variables:
JAVA_HOME=C:\Program Files\Apache NetBeans\jdk
PATH=C:\Program Files (x86)\Common Files\Oracle\Java\javapath;C:\WINDOWS\system32;C:\WINDOWS;C:\WINDOWS\System32\Wbem;C:\WINDOWS\System32\WindowsPowerShell\v1.0\;C:\WINDOWS\System32\OpenSSH\;C:\Program Files (x86)\NVIDIA Corporation\PhysX\Common;C:\Program Files\NVIDIA Corporation\NVIDIA NvDLISR;C:\Program Files\dotnet\;C:\Program Files\Git\cmd;C:\Users\DVDSTORE\AppData\Local\Microsoft\WindowsApps;C:\Users\DVDSTORE\AppData\Local\Programs\Microsoft VS Code\bin;;C:\Program Files\Apache NetBeans\bin\
USERNAME=DVDSTORE
OS=Windows_NT
PROCESSOR_IDENTIFIER=Intel64 Family 6 Model 151 Stepping 5, GenuineIntel
TMP=C:\Users\DVDSTORE\AppData\Local\Temp
TEMP=C:\Users\DVDSTORE\AppData\Local\Temp




Compilation memory statistics disabled.

Periodic native trim disabled

---------------  S Y S T E M  ---------------

OS:
 Windows 11 , 64 bit Build 26100 (10.0.26100.8875)
OS uptime: 3 days 17:10 hours

CPU: total 12 (initial active 12) (6 cores per cpu, 2 threads per core) family 6 model 151 stepping 5 microcode 0x2d, cx8, cmov, fxsr, ht, mmx, 3dnowpref, sse, sse2, sse3, ssse3, sse4.1, sse4.2, popcnt, lzcnt, tsc, tscinvbit, avx, avx2, aes, erms, clmul, bmi1, bmi2, adx, sha, fma, vzeroupper, clflush, clflushopt, clwb, serialize, rdtscp, rdpid, fsrm, gfni, f16c, pku, cet_ibt, cet_ss
Processor Information for the first 12 processors :
  Max Mhz: 2500, Current Mhz: 2500, Mhz Limit: 2500

Memory: 4k page, system-wide physical 16237M (2000M free)
TotalPageFile size 28525M (AvailPageFile size 376M)
current process WorkingSet (physical memory assigned to process): 62M, peak: 62M
current process commit charge ("private bytes"): 106M, peak: 107M

vm_info: OpenJDK 64-Bit Server VM (26.0.1+8) for windows-amd64 JRE (26.0.1+8), built on 2026-04-21T00:00:00Z with MS VC++ 17.12 (VS2022)

END.
