#
# There is insufficient memory for the Java Runtime Environment to continue.
# Native memory allocation (malloc) failed to allocate 1535192 bytes. Error detail: Chunk::new
# Possible reasons:
#   The system is out of physical RAM or swap space
#   This process is running with CompressedOops enabled, and the Java Heap may be blocking the growth of the native heap
# Possible solutions:
#   Reduce memory load on the system
#   Increase physical memory or swap space
#   Check if swap backing store is full
#   Decrease Java heap size (-Xmx/-Xms)
#   Decrease number of Java threads
#   Decrease Java thread stack sizes (-Xss)
#   Set larger code cache with -XX:ReservedCodeCacheSize=
#   JVM is running with Zero Based Compressed Oops mode in which the Java heap is
#     placed in the first 32GB address space. The Java Heap base address is the
#     maximum limit for the native heap growth. Please use -XX:HeapBaseMinAddress
#     to set the Java Heap base and to place the Java Heap above 32GB virtual address.
# This output file may be truncated or incomplete.
#
#  Out of Memory Error (arena.cpp:193), pid=58876, tid=57068
#
# JRE version: OpenJDK Runtime Environment Temurin-26.0.1+8 (26.0.1+8) (build 26.0.1+8)
# Java VM: OpenJDK 64-Bit Server VM Temurin-26.0.1+8 (26.0.1+8, mixed mode, sharing, tiered, compressed oops, compressed class ptrs, g1 gc, windows-amd64)
# No core dump will be written. Minidumps are not enabled by default on client versions of Windows
#

---------------  S U M M A R Y ------------

Command Line: --enable-native-access=ALL-UNNAMED -Dclassworlds.conf=C:\Program Files\Apache NetBeans\java\maven\bin\m2.conf -Dmaven.home=C:\Program Files\Apache NetBeans\java\maven -Dlibrary.jansi.path=C:\Program Files\Apache NetBeans\java\maven\lib\jansi-native -Dmaven.multiModuleProjectDirectory=C:\Users\DVDSTORE\Desktop\LeetCode\ArrayList\ArrayList org.codehaus.plexus.classworlds.launcher.Launcher -Dexec.vmArgs= -Dexec.args=${exec.vmArgs} -classpath %classpath ${exec.mainClass} ${exec.appArgs} -Dexec.appArgs= -Dexec.mainClass=com.mycompany.arraylist.Driver -Dexec.executable=C:\Program Files\Apache NetBeans\jdk\bin\java.exe -Dmaven.ext.class.path=C:\Program Files\Apache NetBeans\java\maven-nblib\netbeans-eventspy.jar --no-transfer-progress process-classes org.codehaus.mojo:exec-maven-plugin:3.5.1:exec

Host: 12th Gen Intel(R) Core(TM) i5-12400F, 12 cores, 15G,  Windows 11 , 64 bit Build 26100 (10.0.26100.8875)
Time: Wed Aug 19 09:14:36 2026 Egypt Daylight Time elapsed time: 13.554455 seconds (0d 0h 0m 13s)

---------------  T H R E A D  ---------------

Current thread (0x000002c1edfbc1a0):  JavaThread "C2 CompilerThread0" daemon [_thread_in_native, id=57068, stack(0x000000eda6f00000,0x000000eda7000000) (1024K)]


Current CompileTask:
C2:13554 1215       4       java.lang.StringLatin1::indexOf (121 bytes)

Stack: [0x000000eda6f00000,0x000000eda7000000]
Native frames: (J=compiled Java code, j=interpreted, Vv=VM code, C=native code)
V  [jvm.dll+0x7db749]  (no source info available)
V  [jvm.dll+0x7a82bd]  (no source info available)
V  [jvm.dll+0xa44a60]  (no source info available)
V  [jvm.dll+0xa46eb1]  (no source info available)
V  [jvm.dll+0xa475c3]  (no source info available)
V  [jvm.dll+0x311a96]  (no source info available)
V  [jvm.dll+0x120316]  (no source info available)
V  [jvm.dll+0x12063e]  (no source info available)
V  [jvm.dll+0x1b2836]  (no source info available)
V  [jvm.dll+0x3ce802]  (no source info available)
V  [jvm.dll+0x7e430f]  (no source info available)
V  [jvm.dll+0x2d4597]  (no source info available)
V  [jvm.dll+0x2d350f]  (no source info available)
V  [jvm.dll+0x249670]  (no source info available)
V  [jvm.dll+0x2e363c]  (no source info available)
V  [jvm.dll+0x2e181d]  (no source info available)
V  [jvm.dll+0x4a82ae]  (no source info available)
V  [jvm.dll+0x9e3039]  (no source info available)
V  [jvm.dll+0x7dd228]  (no source info available)
C  [ucrtbase.dll+0x2cd30]  (no source info available)
C  [KERNEL32.DLL+0x2e957]  (no source info available)
C  [ntdll.dll+0xaad6c]  (no source info available)

Lock stack of current Java thread (top to bottom):


---------------  P R O C E S S  ---------------

Threads class SMR info:
_java_thread_list=0x000002c1f3060280, length=12, elements={
0x000002c1cb895720, 0x000002c1edfadd10, 0x000002c1edfae760, 0x000002c1edfb2ea0,
0x000002c1edfb3a50, 0x000002c1edfbdd10, 0x000002c1edfe3050, 0x000002c1edfbc1a0,
0x000002c1ee000c30, 0x000002c1ee671b70, 0x000002c1ee679340, 0x000002c1f35b8c80
}

Java Threads: ( => current thread )
  0x000002c1cb895720 JavaThread "main"                              [_thread_in_native, id=60728, stack(0x000000eda6000000,0x000000eda6100000) (1024K)]
  0x000002c1edfadd10 JavaThread "Reference Handler"          daemon [_thread_blocked, id=56868, stack(0x000000eda6900000,0x000000eda6a00000) (1024K)]
  0x000002c1edfae760 JavaThread "Finalizer"                  daemon [_thread_blocked, id=56872, stack(0x000000eda6a00000,0x000000eda6b00000) (1024K)]
  0x000002c1edfb2ea0 JavaThread "Signal Dispatcher"          daemon [_thread_blocked, id=56876, stack(0x000000eda6b00000,0x000000eda6c00000) (1024K)]
  0x000002c1edfb3a50 JavaThread "Attach Listener"            daemon [_thread_blocked, id=56880, stack(0x000000eda6c00000,0x000000eda6d00000) (1024K)]
  0x000002c1edfbdd10 JavaThread "Service Thread"             daemon [_thread_blocked, id=56884, stack(0x000000eda6d00000,0x000000eda6e00000) (1024K)]
  0x000002c1edfe3050 JavaThread "Monitor Deflation Thread"   daemon [_thread_blocked, id=56888, stack(0x000000eda6e00000,0x000000eda6f00000) (1024K)]
=>0x000002c1edfbc1a0 JavaThread "C2 CompilerThread0"         daemon [_thread_in_native, id=57068, stack(0x000000eda6f00000,0x000000eda7000000) (1024K)]
  0x000002c1ee000c30 JavaThread "C1 CompilerThread0"         daemon [_thread_blocked, id=57076, stack(0x000000eda7000000,0x000000eda7100000) (1024K)]
  0x000002c1ee671b70 JavaThread "Notification Thread"        daemon [_thread_blocked, id=57128, stack(0x000000eda7100000,0x000000eda7200000) (1024K)]
  0x000002c1ee679340 JavaThread "Common-Cleaner"             daemon [_thread_blocked, id=57132, stack(0x000000eda7200000,0x000000eda7300000) (1024K)]
  0x000002c1f35b8c80 JavaThread "C2 CompilerThread1"         daemon [_thread_blocked, id=51288, stack(0x000000eda7600000,0x000000eda7700000) (1024K)]
Total: 12

Other Threads:
  0x000002c1edf9c390 VMThread "VM Thread"                           [id=56628, stack(0x000000eda6800000,0x000000eda6900000) (1024K)]
  0x000002c1ede64c20 WatcherThread "VM Periodic Task Thread"        [id=60260, stack(0x000000eda6700000,0x000000eda6800000) (1024K)]
  0x000002c1cddb1320 WorkerThread "GC Thread#0"                     [id=60532, stack(0x000000eda6100000,0x000000eda6200000) (1024K)]
  0x000002c1ee97dea0 WorkerThread "GC Thread#1"                     [id=56184, stack(0x000000eda7400000,0x000000eda7500000) (1024K)]
  0x000002c1f32b9110 WorkerThread "GC Thread#2"                     [id=54180, stack(0x000000eda7500000,0x000000eda7600000) (1024K)]
  0x000002c1cddca080 ConcurrentGCThread "G1 Main Marker"            [id=60448, stack(0x000000eda6200000,0x000000eda6300000) (1024K)]
  0x000002c1cddce2e0 WorkerThread "G1 Conc#0"                       [id=60436, stack(0x000000eda6300000,0x000000eda6400000) (1024K)]
  0x000002c1ede599b0 WorkerThread "G1 Refinement Workers#0"         [id=57808, stack(0x000000eda6500000,0x000000eda6600000) (1024K)]
  0x000002c1ede58ff0 ConcurrentGCThread "G1 Refine Control"         [id=59104, stack(0x000000eda6400000,0x000000eda6500000) (1024K)]
  0x000002c1ede5a320 ConcurrentGCThread "G1 Service"                [id=54284, stack(0x000000eda6600000,0x000000eda6700000) (1024K)]
Total: 10

Threads with active compile tasks:
C2 CompilerThread0  14965 1215       4       java.lang.StringLatin1::indexOf (121 bytes)
Total: 1

VM state: not at safepoint (normal execution)

VM Mutex/Monitor currently owned by a thread: None

Heap address: 0x0000000702400000, size: 4060 MB, Compressed Oops mode: Zero based, Oop shift amount: 3

CDS archive(s) mapped at: [0x0000000096000000-0x0000000096de0000-0x0000000096de0000), size 14548992, SharedBaseAddress: 0x0000000096000000, ArchiveRelocationMode: 1.
Compressed class space mapped at: 0x0000000097000000-0x00000000d7000000, reserved size: 1073741824
UseCompressedClassPointers 1, UseCompactObjectHeaders 0
Narrow klass pointer bits 32, Max shift 3
Narrow klass base: 0x0000000096000000, Narrow klass shift: 0
Encoding Range: [0x0000000096000000 - 0x0000000196000000), (4294967296 bytes)
Klass Range:    [0x0000000096000000 - 0x00000000d7000000), (1090519040 bytes)
Klass ID Range:  [8 - 1090519033) (1090519025)
Protection zone: [0x0000000096000000 - 0x0000000096010000), (65536 bytes)

GC Precious Log:
 CardTable entry size: 512
 Card Set container configuration: InlinePtr #cards 4 size 8 Array Of Cards #cards 16 size 48 Howl #buckets 8 coarsen threshold 3686 Howl Bitmap #cards 512 size 80 coarsen threshold 460 Card regions per heap region 1 cards per card region 4096
 CPUs: 12 total, 12 available
 Memory: 16237M
 Large Page Support: Disabled
 NUMA Support: Disabled
 Compressed Oops: Enabled (Zero based)
 Heap Region Size: 2M
 Heap Min Capacity: 8M
 Heap Initial Capacity: 8M
 Heap Max Capacity: 4060M
 Pre-touch: Disabled
 Parallel Workers: 10
 Concurrent Workers: 3
 Concurrent Refinement Workers: 10
 Periodic GC: Disabled

Heap:
 garbage-first heap   total reserved 4157440K, committed 12288K, used 4215K [0x0000000702400000, 0x0000000800000000)
  region size 2M, 1 eden (2M), 1 survivor (2M), 3 old (6M), 0 humongous (0M), 1 free (2M)

Heap Regions: E=young(eden), S=young(survivor), O=old, HS=humongous(starts), HC=humongous(continues), CS=collection set, F=free, TAMS=top-at-mark-start, PB=parsable bottom
|    0|0x0000000702400000, 0x0000000702600000, 0x0000000702600000|100%| O|  |TAMS 0x0000000702400000| PB 0x0000000702400000| Untracked |  0
|    1|0x0000000702600000, 0x00000007026e07c0, 0x0000000702800000| 43%| S|CS|TAMS 0x0000000702600000| PB 0x0000000702600000| Complete  |  0
|    2|0x0000000702800000, 0x0000000702800000, 0x0000000702a00000|  0%| F|  |TAMS 0x0000000702800000| PB 0x0000000702800000| Untracked |  0
|    3|0x0000000702a00000, 0x0000000702bbd1c0, 0x0000000702c00000| 86%| E|CS|TAMS 0x0000000702a00000| PB 0x0000000702a00000| Complete  |  0
| 2028|0x00000007ffc00000, 0x00000007ffc15a00, 0x00000007ffe00000|  4%| O|  |TAMS 0x00000007ffc00000| PB 0x00000007ffc00000| Untracked |  0
| 2029|0x00000007ffe00000, 0x00000007fff27b70, 0x0000000800000000| 57%| O|  |TAMS 0x00000007ffe00000| PB 0x00000007ffe00000| Untracked |  0

Card table byte_map: [0x000002c1e7180000,0x000002c1e7970000] _byte_map_base: 0x000002c1e396e000
Refinement table byte_map: [0x000002c1e6990000,0x000002c1e7180000] _byte_map_base: 0x000002c1e317e000

Marking Bits: (CMBitMap*) 0x000002c1cddb1aa0
 Bits: [0x000002c1e7970000, 0x000002c1eb8e0000)

Polling page: 0x000002c1cbd50000

Metaspace:
Metaspace        used 5415K, committed 5632K, reserved 1114112K
 class space     used 646K, committed 768K, reserved 1048576K

Usage:
  Non-class:      4.66 MB used.
      Class:    646.34 KB used.
       Both:      5.29 MB used.

Virtual space:
  Non-class space:       64.00 MB reserved,       4.75 MB (  7%) committed,  1 nodes.
      Class space:        1.00 GB reserved,     768.00 KB ( <1%) committed,  1 nodes.
             Both:        1.06 GB reserved,       5.50 MB ( <1%) committed. 

Chunk freelists:
   Non-Class:  9.30 MB
       Class:  15.30 MB
        Both:  24.59 MB

MaxMetaspaceSize: unlimited
CompressedClassSpaceSize: 1.00 GB
Initial GC threshold: 21.00 MB
Current GC threshold: 21.00 MB
CDS: on
 - commit_granule_bytes: 65536.
 - commit_granule_words: 8192.
 - virtual_space_node_default_size: 8388608.
 - enlarge_chunks_in_place: 1.
UseCompressedClassPointers 1, UseCompactObjectHeaders 0
Narrow klass pointer bits 32, Max shift 3
Narrow klass base: 0x0000000096000000, Narrow klass shift: 0
Encoding Range: [0x0000000096000000 - 0x0000000196000000), (4294967296 bytes)
Klass Range:    [0x0000000096000000 - 0x00000000d7000000), (1090519040 bytes)
Klass ID Range:  [8 - 1090519033) (1090519025)
Protection zone: [0x0000000096000000 - 0x0000000096010000), (65536 bytes)


Internal statistics:

num_allocs_failed_limit: 0.
num_arena_births: 54.
num_arena_deaths: 0.
num_vsnodes_births: 2.
num_vsnodes_deaths: 0.
num_space_committed: 88.
num_space_uncommitted: 0.
num_chunks_returned_to_freelist: 0.
num_chunks_taken_from_freelist: 226.
num_chunk_merges: 0.
num_chunk_splits: 135.
num_chunks_enlarged: 105.
num_inconsistent_stats: 0.

CodeHeap 'non-profiled nmethods': size=120064Kb used=333Kb max_used=333Kb free=119730Kb
 bounds [0x000002c1de710000, 0x000002c1de980000, 0x000002c1e5c50000]
CodeHeap 'profiled nmethods': size=120064Kb used=1785Kb max_used=1785Kb free=118278Kb
 bounds [0x000002c1d6c30000, 0x000002c1d6ea0000, 0x000002c1de170000]
CodeHeap 'non-nmethods': size=5760Kb used=1352Kb max_used=1376Kb free=4408Kb
 bounds [0x000002c1de170000, 0x000002c1de3e0000, 0x000002c1de710000]
CodeCache: size=245888Kb, used=3470Kb, max_used=3494Kb, free=242416Kb
 total_blobs=1717, nmethods=1252, adapters=369, full_count=0
Compilation: enabled, stopped_count=0, restarted_count=0

Compilation events (20 events):
Event: 12.455 Thread 0x000002c1ee000c30 nmethod 1207 0x000002c1d6dd5f08 code [0x000002c1d6dd6000, 0x000002c1d6dd6148]
Event: 12.455 Thread 0x000002c1ee000c30 1208       3       java.lang.Module::getLayer (43 bytes)
Event: 12.455 Thread 0x000002c1ee000c30 nmethod 1208 0x000002c1d6dd6208 code [0x000002c1d6dd6300, 0x000002c1d6dd6778]
Event: 12.455 Thread 0x000002c1ee000c30 1209       1       java.lang.reflect.Field::getName (5 bytes)
Event: 12.455 Thread 0x000002c1ee000c30 nmethod 1209 0x000002c1de75fa08 code [0x000002c1de75fb00, 0x000002c1de75fbb8]
Event: 12.455 Thread 0x000002c1ee000c30 1211       3       jdk.internal.util.ArraysSupport::mismatch (71 bytes)
Event: 12.456 Thread 0x000002c1ee000c30 nmethod 1211 0x000002c1d6dd6788 code [0x000002c1d6dd6880, 0x000002c1d6dd6c38]
Event: 12.456 Thread 0x000002c1ee000c30 1210       3       java.lang.StringLatin1::compareTo (41 bytes)
Event: 12.456 Thread 0x000002c1ee000c30 nmethod 1210 0x000002c1d6dd6c88 code [0x000002c1d6dd6d80, 0x000002c1d6dd70c8]
Event: 12.456 Thread 0x000002c1ee000c30 1212       3       java.util.Comparator$$Lambda/0x000000009702b060::compare (10 bytes)
Event: 12.456 Thread 0x000002c1ee000c30 nmethod 1212 0x000002c1d6dd7108 code [0x000002c1d6dd7200, 0x000002c1d6dd76b0]
Event: 12.456 Thread 0x000002c1ee000c30 1213       3       java.util.Comparator::lambda$comparing$77a9974f$1 (23 bytes)
Event: 12.456 Thread 0x000002c1ee000c30 nmethod 1213 0x000002c1d6dd7708 code [0x000002c1d6dd7800, 0x000002c1d6dd7c30]
Event: 12.547 Thread 0x000002c1ee000c30 1214       3       java.lang.String::substring (10 bytes)
Event: 12.547 Thread 0x000002c1edfbc1a0 1215       4       java.lang.StringLatin1::indexOf (121 bytes)
Event: 12.547 Thread 0x000002c1ee000c30 nmethod 1214 0x000002c1d6dd7c88 code [0x000002c1d6dd7d80, 0x000002c1d6dd8120]
Event: 12.547 Thread 0x000002c1ee000c30 1216       3       java.lang.Character::isLetterOrDigit (5 bytes)
Event: 12.547 Thread 0x000002c1ee000c30 nmethod 1216 0x000002c1d6dd8188 code [0x000002c1d6dd8280, 0x000002c1d6dd8580]
Event: 12.547 Thread 0x000002c1ee000c30 1217       3       java.lang.Character::isLetterOrDigit (19 bytes)
Event: 12.547 Thread 0x000002c1ee000c30 nmethod 1217 0x000002c1d6dd8588 code [0x000002c1d6dd8680, 0x000002c1d6dd8920]

GC Heap Usage History (14 events):
Event: 4.413 {heap Before GC invocations=0 (full 0):
 garbage-first heap   total reserved 4157440K, committed 10240K, used 3230K [0x0000000702400000, 0x0000000800000000)
  region size 2M, 2 eden (4M), 0 survivor (0M), 1 old (2M), 0 humongous (0M), 2 free (4M)
}
Event: 4.700 {heap After GC invocations=1 (full 0):
 garbage-first heap   total reserved 4157440K, committed 10240K, used 2779K [0x0000000702400000, 0x0000000800000000)
  region size 2M, 0 eden (0M), 1 survivor (2M), 1 old (2M), 0 humongous (0M), 3 free (6M)
}
Event: 5.669 {heap Before GC invocations=1 (full 0):
 garbage-first heap   total reserved 4157440K, committed 10240K, used 4827K [0x0000000702400000, 0x0000000800000000)
  region size 2M, 1 eden (2M), 1 survivor (2M), 1 old (2M), 0 humongous (0M), 2 free (4M)
}
Event: 5.674 {heap After GC invocations=2 (full 0):
 garbage-first heap   total reserved 4157440K, committed 10240K, used 2976K [0x0000000702400000, 0x0000000800000000)
  region size 2M, 0 eden (0M), 1 survivor (2M), 2 old (4M), 0 humongous (0M), 2 free (4M)
}
Event: 6.132 {heap Before GC invocations=2 (full 0):
 garbage-first heap   total reserved 4157440K, committed 10240K, used 5024K [0x0000000702400000, 0x0000000800000000)
  region size 2M, 1 eden (2M), 1 survivor (2M), 2 old (4M), 0 humongous (0M), 1 free (2M)
}
Event: 6.133 {heap After GC invocations=3 (full 0):
 garbage-first heap   total reserved 4157440K, committed 10240K, used 3434K [0x0000000702400000, 0x0000000800000000)
  region size 2M, 0 eden (0M), 1 survivor (2M), 2 old (4M), 0 humongous (0M), 2 free (4M)
}
Event: 8.761 {heap Before GC invocations=3 (full 0):
 garbage-first heap   total reserved 4157440K, committed 10240K, used 3434K [0x0000000702400000, 0x0000000800000000)
  region size 2M, 1 eden (2M), 1 survivor (2M), 2 old (4M), 0 humongous (0M), 1 free (2M)
}
Event: 8.763 {heap After GC invocations=4 (full 0):
 garbage-first heap   total reserved 4157440K, committed 10240K, used 3831K [0x0000000702400000, 0x0000000800000000)
  region size 2M, 0 eden (0M), 1 survivor (2M), 2 old (4M), 0 humongous (0M), 2 free (4M)
}
Event: 9.456 {heap Before GC invocations=4 (full 0):
 garbage-first heap   total reserved 4157440K, committed 10240K, used 3831K [0x0000000702400000, 0x0000000800000000)
  region size 2M, 1 eden (2M), 1 survivor (2M), 2 old (4M), 0 humongous (0M), 1 free (2M)
}
Event: 9.458 {heap After GC invocations=5 (full 0):
 garbage-first heap   total reserved 4157440K, committed 10240K, used 3986K [0x0000000702400000, 0x0000000800000000)
  region size 2M, 0 eden (0M), 1 survivor (2M), 2 old (4M), 0 humongous (0M), 2 free (4M)
}
Event: 10.285 {heap Before GC invocations=5 (full 0):
 garbage-first heap   total reserved 4157440K, committed 10240K, used 6034K [0x0000000702400000, 0x0000000800000000)
  region size 2M, 1 eden (2M), 1 survivor (2M), 2 old (4M), 0 humongous (0M), 1 free (2M)
}
Event: 10.287 {heap After GC invocations=6 (full 0):
 garbage-first heap   total reserved 4157440K, committed 12288K, used 4049K [0x0000000702400000, 0x0000000800000000)
  region size 2M, 0 eden (0M), 1 survivor (2M), 3 old (6M), 0 humongous (0M), 2 free (4M)
}
Event: 11.682 {heap Before GC invocations=6 (full 0):
 garbage-first heap   total reserved 4157440K, committed 12288K, used 6097K [0x0000000702400000, 0x0000000800000000)
  region size 2M, 1 eden (2M), 1 survivor (2M), 3 old (6M), 0 humongous (0M), 1 free (2M)
}
Event: 11.683 {heap After GC invocations=7 (full 0):
 garbage-first heap   total reserved 4157440K, committed 12288K, used 4215K [0x0000000702400000, 0x0000000800000000)
  region size 2M, 0 eden (0M), 1 survivor (2M), 3 old (6M), 0 humongous (0M), 2 free (4M)
}

Metaspace Usage History (14 events):
Event: 4.413 {metaspace Before GC invocations=0 (full 0):
 Metaspace       used 1118K, committed 1280K, reserved 1114112K
  class space    used 91K, committed 128K, reserved 1048576K
}
Event: 4.700 {metaspace After GC invocations=1 (full 0):
 Metaspace       used 1118K, committed 1280K, reserved 1114112K
  class space    used 91K, committed 128K, reserved 1048576K
}
Event: 5.669 {metaspace Before GC invocations=1 (full 0):
 Metaspace       used 1961K, committed 2112K, reserved 1114112K
  class space    used 184K, committed 256K, reserved 1048576K
}
Event: 5.674 {metaspace After GC invocations=2 (full 0):
 Metaspace       used 1961K, committed 2112K, reserved 1114112K
  class space    used 184K, committed 256K, reserved 1048576K
}
Event: 6.132 {metaspace Before GC invocations=2 (full 0):
 Metaspace       used 2509K, committed 2688K, reserved 1114112K
  class space    used 237K, committed 320K, reserved 1048576K
}
Event: 6.133 {metaspace After GC invocations=3 (full 0):
 Metaspace       used 2509K, committed 2688K, reserved 1114112K
  class space    used 237K, committed 320K, reserved 1048576K
}
Event: 8.761 {metaspace Before GC invocations=3 (full 0):
 Metaspace       used 2960K, committed 3136K, reserved 1114112K
  class space    used 301K, committed 384K, reserved 1048576K
}
Event: 8.763 {metaspace After GC invocations=4 (full 0):
 Metaspace       used 2960K, committed 3136K, reserved 1114112K
  class space    used 301K, committed 384K, reserved 1048576K
}
Event: 9.456 {metaspace Before GC invocations=4 (full 0):
 Metaspace       used 3663K, committed 3840K, reserved 1114112K
  class space    used 382K, committed 448K, reserved 1048576K
}
Event: 9.458 {metaspace After GC invocations=5 (full 0):
 Metaspace       used 3663K, committed 3840K, reserved 1114112K
  class space    used 382K, committed 448K, reserved 1048576K
}
Event: 10.285 {metaspace Before GC invocations=5 (full 0):
 Metaspace       used 4524K, committed 4672K, reserved 1114112K
  class space    used 498K, committed 576K, reserved 1048576K
}
Event: 10.287 {metaspace After GC invocations=6 (full 0):
 Metaspace       used 4524K, committed 4672K, reserved 1114112K
  class space    used 498K, committed 576K, reserved 1048576K
}
Event: 11.682 {metaspace Before GC invocations=6 (full 0):
 Metaspace       used 5060K, committed 5184K, reserved 1114112K
  class space    used 597K, committed 640K, reserved 1048576K
}
Event: 11.683 {metaspace After GC invocations=7 (full 0):
 Metaspace       used 5060K, committed 5184K, reserved 1114112K
  class space    used 597K, committed 640K, reserved 1048576K
}

Dll operation events (14 events):
Event: 0.240 Attempting to load shared library C:\Program Files\Apache NetBeans\jdk\bin\java.dll
Event: 0.241 Loaded shared library C:\Program Files\Apache NetBeans\jdk\bin\java.dll
Event: 3.229 Attempting to load shared library C:\Program Files\Apache NetBeans\jdk\bin\net.dll
Event: 3.230 Loaded shared library C:\Program Files\Apache NetBeans\jdk\bin\net.dll
Event: 3.235 Attempting to load shared library C:\Program Files\Apache NetBeans\jdk\bin\nio.dll
Event: 3.236 Loaded shared library C:\Program Files\Apache NetBeans\jdk\bin\nio.dll
Event: 3.244 Attempting to load shared library C:\Program Files\Apache NetBeans\jdk\bin\zip.dll
Event: 3.244 Loaded shared library C:\Program Files\Apache NetBeans\jdk\bin\zip.dll
Event: 4.230 Attempting to load shared library C:\Program Files\Apache NetBeans\java\maven\lib\jansi-native\Windows\x86_64\jansi.dll
Event: 4.233 Attempting to load shared library C:\Program Files\Apache NetBeans\jdk\bin\jimage.dll
Event: 4.233 Loaded shared library C:\Program Files\Apache NetBeans\jdk\bin\jimage.dll
Event: 4.236 Loaded shared library C:\Program Files\Apache NetBeans\java\maven\lib\jansi-native\Windows\x86_64\jansi.dll
Event: 4.889 Attempting to load shared library C:\Program Files\Apache NetBeans\jdk\bin\verify.dll
Event: 4.889 Loaded shared library C:\Program Files\Apache NetBeans\jdk\bin\verify.dll

Deoptimization events (20 events):
Event: 6.155 Thread 0x000002c1cb895720 Uncommon trap: trap_request=0xffffff45 fr.pc=0x000002c1de71d89c relative=0x000000000000019c
Event: 6.155 Thread 0x000002c1cb895720 Uncommon trap: reason=unstable_if action=reinterpret pc=0x000002c1de71d89c method=java.lang.AbstractStringBuilder.needsNewBuffer([BBIB)Z @ 8 c2
Event: 6.155 Thread 0x000002c1cb895720 DEOPT PACKING pc=0x000002c1de71d89c sp=0x000000eda60fe3e0
Event: 6.156 Thread 0x000002c1cb895720 DEOPT UNPACKING pc=0x000002c1de292282 sp=0x000000eda60fe288 mode 2
Event: 6.156 Thread 0x000002c1cb895720 Uncommon trap: trap_request=0xffffff45 fr.pc=0x000002c1de73aac4 relative=0x00000000000001c4
Event: 6.156 Thread 0x000002c1cb895720 Uncommon trap: reason=unstable_if action=reinterpret pc=0x000002c1de73aac4 method=java.lang.AbstractStringBuilder.isLatin1(B)Z @ 7 c2
Event: 6.156 Thread 0x000002c1cb895720 DEOPT PACKING pc=0x000002c1de73aac4 sp=0x000000eda60fe3f0
Event: 6.156 Thread 0x000002c1cb895720 DEOPT UNPACKING pc=0x000002c1de292282 sp=0x000000eda60fe330 mode 2
Event: 6.157 Thread 0x000002c1cb895720 Uncommon trap: trap_request=0xffffff45 fr.pc=0x000002c1de71b864 relative=0x0000000000000064
Event: 6.157 Thread 0x000002c1cb895720 Uncommon trap: reason=unstable_if action=reinterpret pc=0x000002c1de71b864 method=java.lang.AbstractStringBuilder.needsNewBuffer([BBIB)Z @ 8 c2
Event: 6.157 Thread 0x000002c1cb895720 DEOPT PACKING pc=0x000002c1de71b864 sp=0x000000eda60fe300
Event: 6.157 Thread 0x000002c1cb895720 DEOPT UNPACKING pc=0x000002c1de292282 sp=0x000000eda60fe288 mode 2
Event: 9.820 Thread 0x000002c1cb895720 Uncommon trap: trap_request=0xffffff45 fr.pc=0x000002c1de74c144 relative=0x00000000000003c4
Event: 9.821 Thread 0x000002c1cb895720 Uncommon trap: reason=unstable_if action=reinterpret pc=0x000002c1de74c144 method=java.util.concurrent.ConcurrentHashMap.get(Ljava/lang/Object;)Ljava/lang/Object; @ 76 c2
Event: 9.821 Thread 0x000002c1cb895720 DEOPT PACKING pc=0x000002c1de74c144 sp=0x000000eda60fdc00
Event: 9.821 Thread 0x000002c1cb895720 DEOPT UNPACKING pc=0x000002c1de292282 sp=0x000000eda60fdb78 mode 2
Event: 12.546 Thread 0x000002c1cb895720 Uncommon trap: trap_request=0xffffff66 fr.pc=0x000002c1de73a67c relative=0x00000000000003fc
Event: 12.546 Thread 0x000002c1cb895720 Uncommon trap: reason=loop_limit_check action=maybe_recompile pc=0x000002c1de73a67c method=java.lang.StringLatin1.indexOf([BI[BII)I @ 37 c2
Event: 12.546 Thread 0x000002c1cb895720 DEOPT PACKING pc=0x000002c1de73a67c sp=0x000000eda60fde60
Event: 12.546 Thread 0x000002c1cb895720 DEOPT UNPACKING pc=0x000002c1de292282 sp=0x000000eda60fddc0 mode 2

Classes loaded (20 events):
Event: 11.827 Loading class java/lang/reflect/WildcardType
Event: 11.827 Loading class java/lang/reflect/WildcardType done
Event: 12.014 Loading class sun/reflect/generics/scope/ClassScope
Event: 12.014 Loading class sun/reflect/generics/scope/Scope
Event: 12.014 Loading class sun/reflect/generics/scope/Scope done
Event: 12.014 Loading class sun/reflect/generics/scope/AbstractScope
Event: 12.014 Loading class sun/reflect/generics/scope/AbstractScope done
Event: 12.014 Loading class sun/reflect/generics/scope/ClassScope done
Event: 12.014 Loading class sun/reflect/generics/factory/CoreReflectionFactory
Event: 12.014 Loading class sun/reflect/generics/factory/GenericsFactory
Event: 12.014 Loading class sun/reflect/generics/factory/GenericsFactory done
Event: 12.014 Loading class sun/reflect/generics/factory/CoreReflectionFactory done
Event: 12.015 Loading class sun/reflect/generics/tree/TypeVariableSignature
Event: 12.015 Loading class sun/reflect/generics/tree/TypeVariableSignature done
Event: 12.015 Loading class sun/reflect/generics/visitor/Reifier
Event: 12.015 Loading class sun/reflect/generics/visitor/TypeTreeVisitor
Event: 12.015 Loading class sun/reflect/generics/visitor/TypeTreeVisitor done
Event: 12.015 Loading class sun/reflect/generics/visitor/Reifier done
Event: 12.490 Loading class java/lang/annotation/IncompleteAnnotationException
Event: 12.490 Loading class java/lang/annotation/IncompleteAnnotationException done

Classes unloaded (0 events):
No events

Classes redefined (0 events):
No events

Internal exceptions (20 events):
Event: 4.888 Thread 0x000002c1cb895720 Exception <a 'sun/nio/fs/WindowsException'{0x0000000702a45be0}> (0x0000000702a45be0) 
thrown [s\src\hotspot\share\prims\jni.cpp, line 514]
Event: 4.888 Thread 0x000002c1cb895720 Exception <a 'sun/nio/fs/WindowsException'{0x0000000702a46218}> (0x0000000702a46218) 
thrown [s\src\hotspot\share\prims\jni.cpp, line 514]
Event: 4.888 Thread 0x000002c1cb895720 Exception <a 'sun/nio/fs/WindowsException'{0x0000000702a46800}> (0x0000000702a46800) 
thrown [s\src\hotspot\share\prims\jni.cpp, line 514]
Event: 4.888 Thread 0x000002c1cb895720 Exception <a 'sun/nio/fs/WindowsException'{0x0000000702a46d70}> (0x0000000702a46d70) 
thrown [s\src\hotspot\share\prims\jni.cpp, line 514]
Event: 4.888 Thread 0x000002c1cb895720 Exception <a 'sun/nio/fs/WindowsException'{0x0000000702a472c0}> (0x0000000702a472c0) 
thrown [s\src\hotspot\share\prims\jni.cpp, line 514]
Event: 4.888 Thread 0x000002c1cb895720 Exception <a 'sun/nio/fs/WindowsException'{0x0000000702a477b0}> (0x0000000702a477b0) 
thrown [s\src\hotspot\share\prims\jni.cpp, line 514]
Event: 4.888 Thread 0x000002c1cb895720 Exception <a 'sun/nio/fs/WindowsException'{0x0000000702a47c58}> (0x0000000702a47c58) 
thrown [s\src\hotspot\share\prims\jni.cpp, line 514]
Event: 5.054 Thread 0x000002c1cb895720 Exception <a 'java/lang/NoSuchMethodError'{0x0000000702a81018}: 'void java.lang.invoke.DirectMethodHandle$Holder.invokeVirtual(java.lang.Object, java.lang.Object)'> (0x0000000702a81018) 
thrown [s\src\hotspot\share\interpreter\linkResolver.cpp, line 804]
Event: 5.057 Thread 0x000002c1cb895720 Exception <a 'java/lang/NoSuchMethodError'{0x0000000702aa2788}: 'void java.lang.invoke.DirectMethodHandle$Holder.invokeStatic(java.lang.Object, java.lang.Object)'> (0x0000000702aa2788) 
thrown [s\src\hotspot\share\interpreter\linkResolver.cpp, line 804]
Event: 5.058 Thread 0x000002c1cb895720 Exception <a 'java/lang/NoSuchMethodError'{0x0000000702aaa780}: 'void java.lang.invoke.DirectMethodHandle$Holder.invokeStaticInit(java.lang.Object, java.lang.Object)'> (0x0000000702aaa780) 
thrown [s\src\hotspot\share\interpreter\linkResolver.cpp, line 804]
Event: 5.138 Thread 0x000002c1cb895720 Exception <a 'java/lang/NoSuchMethodError'{0x0000000702ada298}: 'void java.lang.invoke.DirectMethodHandle$Holder.invokeSpecial(java.lang.Object, java.lang.Object, java.lang.Object, java.lang.Object, java.lang.Object)'> (0x0000000702ada298) 
thrown [s\src\hotspot\share\interpreter\linkResolver.cpp, line 804]
Event: 5.457 Thread 0x000002c1cb895720 Exception <a 'java/lang/NoSuchMethodError'{0x0000000702b1b6a8}: 'void java.lang.invoke.DirectMethodHandle$Holder.invokeStatic(java.lang.Object, java.lang.Object, java.lang.Object)'> (0x0000000702b1b6a8) 
thrown [s\src\hotspot\share\interpreter\linkResolver.cpp, line 804]
Event: 5.770 Thread 0x000002c1cb895720 Exception <a 'java/lang/NoSuchMethodError'{0x0000000702aa0090}: 'java.lang.Object java.lang.invoke.DirectMethodHandle$Holder.invokeSpecialIFC(java.lang.Object, java.lang.Object, java.lang.Object, java.lang.Object)'> (0x0000000702aa0090) 
thrown [s\src\hotspot\share\interpreter\linkResolver.cpp, line 804]
Event: 9.453 Thread 0x000002c1cb895720 Exception <a 'java/lang/NoSuchMethodError'{0x0000000702bcb338}: 'void java.lang.invoke.DirectMethodHandle$Holder.invokeSpecial(java.lang.Object, java.lang.Object, java.lang.Object)'> (0x0000000702bcb338) 
thrown [s\src\hotspot\share\interpreter\linkResolver.cpp, line 804]
Event: 9.824 Thread 0x000002c1cb895720 Exception <a 'java/lang/NoSuchMethodError'{0x0000000702b83890}: 'java.lang.Object java.lang.invoke.DirectMethodHandle$Holder.invokeInterface(java.lang.Object, java.lang.Object)'> (0x0000000702b83890) 
thrown [s\src\hotspot\share\interpreter\linkResolver.cpp, line 804]
Event: 10.689 Thread 0x000002c1cb895720 Exception <a 'java/lang/NoSuchMethodError'{0x0000000702a2bfb8}: 'int java.lang.invoke.DirectMethodHandle$Holder.invokeStatic(java.lang.Object, java.lang.Object, java.lang.Object, java.lang.Object)'> (0x0000000702a2bfb8) 
thrown [s\src\hotspot\share\interpreter\linkResolver.cpp, line 804]
Event: 10.692 Thread 0x000002c1cb895720 Exception <a 'java/lang/NoSuchMethodError'{0x0000000702a59a58}: 'int java.lang.invoke.DirectMethodHandle$Holder.invokeSpecialIFC(java.lang.Object, java.lang.Object, java.lang.Object, java.lang.Object, java.lang.Object)'> (0x0000000702a59a58) 
thrown [s\src\hotspot\share\interpreter\linkResolver.cpp, line 804]
Event: 11.547 Thread 0x000002c1cb895720 Exception <a 'java/lang/NoSuchMethodError'{0x0000000702ba7e68}: 'java.lang.Object java.lang.invoke.DirectMethodHandle$Holder.newInvokeSpecial(java.lang.Object, java.lang.Object, java.lang.Object, java.lang.Object, java.lang.Object)'> (0x0000000702ba7e68) 
thrown [s\src\hotspot\share\interpreter\linkResolver.cpp, line 804]
Event: 12.305 Thread 0x000002c1cb895720 Exception <a 'java/lang/NoSuchMethodError'{0x0000000702ac44a0}: 'int java.lang.invoke.DirectMethodHandle$Holder.invokeStaticInit(java.lang.Object, java.lang.Object)'> (0x0000000702ac44a0) 
thrown [s\src\hotspot\share\interpreter\linkResolver.cpp, line 804]
Event: 12.490 Thread 0x000002c1cb895720 Exception <a 'java/lang/NoClassDefFoundError'{0x0000000702afc248}: javax/enterprise/inject/Typed> (0x0000000702afc248) 
thrown [s\src\hotspot\share\classfile\systemDictionary.cpp, line 318]

VM Operations (20 events):
Event: 4.204 Executing non-safepoint VM operation: HandshakeAllThreads (Deoptimize)
Event: 4.204 Executing non-safepoint VM operation: HandshakeAllThreads (Deoptimize) done
Event: 4.372 Executing non-safepoint VM operation: HandshakeAllThreads (Deoptimize)
Event: 4.398 Executing non-safepoint VM operation: HandshakeAllThreads (Deoptimize) done
Event: 4.413 Executing safepoint VM operation: G1CollectForAllocation (G1 Evacuation Pause)
Event: 4.700 Executing safepoint VM operation: G1CollectForAllocation (G1 Evacuation Pause) done
Event: 5.669 Executing safepoint VM operation: G1CollectForAllocation (G1 Evacuation Pause)
Event: 5.674 Executing safepoint VM operation: G1CollectForAllocation (G1 Evacuation Pause) done
Event: 6.132 Executing safepoint VM operation: G1CollectForAllocation (G1 Evacuation Pause)
Event: 6.134 Executing safepoint VM operation: G1CollectForAllocation (G1 Evacuation Pause) done
Event: 8.761 Executing safepoint VM operation: G1CollectForAllocation (G1 Evacuation Pause)
Event: 8.763 Executing safepoint VM operation: G1CollectForAllocation (G1 Evacuation Pause) done
Event: 9.456 Executing safepoint VM operation: G1CollectForAllocation (G1 Evacuation Pause)
Event: 9.458 Executing safepoint VM operation: G1CollectForAllocation (G1 Evacuation Pause) done
Event: 9.782 Executing non-safepoint VM operation: HandshakeAllThreads (Deoptimize)
Event: 9.782 Executing non-safepoint VM operation: HandshakeAllThreads (Deoptimize) done
Event: 10.285 Executing safepoint VM operation: G1CollectForAllocation (G1 Evacuation Pause)
Event: 10.287 Executing safepoint VM operation: G1CollectForAllocation (G1 Evacuation Pause) done
Event: 11.682 Executing safepoint VM operation: G1CollectForAllocation (G1 Evacuation Pause)
Event: 11.683 Executing safepoint VM operation: G1CollectForAllocation (G1 Evacuation Pause) done

Memory protections (0 events):
No events

Nmethod flushes (0 events):
No events

Events (13 events):
Event: 2.858 Thread 0x000002c1cb895720 Thread added: 0x000002c1cb895720
Event: 3.197 Thread 0x000002c1cb895720 Thread added: 0x000002c1edfadd10
Event: 3.197 Thread 0x000002c1cb895720 Thread added: 0x000002c1edfae760
Event: 3.198 Thread 0x000002c1cb895720 Thread added: 0x000002c1edfb2ea0
Event: 3.200 Thread 0x000002c1cb895720 Thread added: 0x000002c1edfb3a50
Event: 3.201 Thread 0x000002c1cb895720 Thread added: 0x000002c1edfbdd10
Event: 3.201 Thread 0x000002c1cb895720 Thread added: 0x000002c1edfe3050
Event: 3.201 Thread 0x000002c1cb895720 Thread added: 0x000002c1edfbc1a0
Event: 3.201 Thread 0x000002c1cb895720 Thread added: 0x000002c1ee000c30
Event: 3.215 Thread 0x000002c1cb895720 Thread added: 0x000002c1ee671b70
Event: 3.217 Thread 0x000002c1cb895720 Thread added: 0x000002c1ee679340
Event: 4.210 Thread 0x000002c1cb895720 Thread added: 0x000002c1f3016b80
Event: 4.726 Thread 0x000002c1f3016b80 Thread exited: 0x000002c1f3016b80


Dynamic libraries:
0x00007ff623720000 - 0x00007ff62372e000 	C:\Program Files\Apache NetBeans\jdk\bin\java.exe
0x00007ff832b60000 - 0x00007ff832dc6000 	C:\WINDOWS\SYSTEM32\ntdll.dll
0x00007ff831820000 - 0x00007ff8318e9000 	C:\WINDOWS\System32\KERNEL32.DLL
0x00007ff82fd80000 - 0x00007ff83017e000 	C:\WINDOWS\System32\KERNELBASE.dll
0x00007ff82cc20000 - 0x00007ff82ccc0000 	C:\WINDOWS\SYSTEM32\apphelp.dll
0x00007ff830670000 - 0x00007ff8307bc000 	C:\WINDOWS\System32\ucrtbase.dll
0x00007ff805820000 - 0x00007ff805837000 	C:\Program Files\Apache NetBeans\jdk\bin\jli.dll
0x00007ff8315a0000 - 0x00007ff831767000 	C:\WINDOWS\System32\USER32.dll
0x00007ff830440000 - 0x00007ff830467000 	C:\WINDOWS\System32\win32u.dll
0x00007ff8312b0000 - 0x00007ff8312db000 	C:\WINDOWS\System32\GDI32.dll
0x00007ff830190000 - 0x00007ff8302ba000 	C:\WINDOWS\System32\gdi32full.dll
0x00007ff830470000 - 0x00007ff830513000 	C:\WINDOWS\System32\msvcp_win.dll
0x00007ff806240000 - 0x00007ff80625e000 	C:\Program Files\Apache NetBeans\jdk\bin\VCRUNTIME140.dll
0x00007ff815670000 - 0x00007ff815902000 	C:\WINDOWS\WinSxS\amd64_microsoft.windows.common-controls_6595b64144ccf1df_6.0.26100.8875_none_3e0d5d42e32fe9dd\COMCTL32.dll
0x00007ff831770000 - 0x00007ff831819000 	C:\WINDOWS\System32\msvcrt.dll
0x00007ff8323e0000 - 0x00007ff832412000 	C:\WINDOWS\System32\IMM32.DLL
0x000000005b940000 - 0x000000005b94d000 	C:\Program Files (x86)\360\Total Security\safemon\SafeWrapper.dll
0x00007ff832960000 - 0x00007ff832a17000 	C:\WINDOWS\System32\ADVAPI32.dll
0x00007ff830890000 - 0x00007ff83093a000 	C:\WINDOWS\System32\sechost.dll
0x00007ff830b50000 - 0x00007ff830c68000 	C:\WINDOWS\System32\RPCRT4.dll
0x00007ff8296f0000 - 0x00007ff8297f5000 	C:\Program Files (x86)\360\Total Security\safemon\libzdtp64.dll
0x00007ff831aa0000 - 0x00007ff832232000 	C:\WINDOWS\System32\SHELL32.dll
0x00007ff8319f0000 - 0x00007ff831a57000 	C:\WINDOWS\System32\SHLWAPI.dll
0x00007ff82f7c0000 - 0x00007ff82f7cb000 	C:\WINDOWS\SYSTEM32\VERSION.dll
0x00007ff82ae80000 - 0x00007ff82ae8c000 	C:\Program Files\Apache NetBeans\jdk\bin\vcruntime140_1.dll
0x00007fffb1950000 - 0x00007fffb19dd000 	C:\Program Files\Apache NetBeans\jdk\bin\msvcp140.dll
0x00007fff8c260000 - 0x00007fff8d1f9000 	C:\Program Files\Apache NetBeans\jdk\bin\server\jvm.dll
0x00007ff832440000 - 0x00007ff8324c0000 	C:\WINDOWS\System32\WS2_32.dll
0x00007ff82fbe0000 - 0x00007ff82fc3e000 	C:\WINDOWS\SYSTEM32\POWRPROF.dll
0x00007ff821b50000 - 0x00007ff821b86000 	C:\WINDOWS\SYSTEM32\WINMM.dll
0x00007ff82fbc0000 - 0x00007ff82fbd4000 	C:\WINDOWS\SYSTEM32\UMPDC.dll
0x00007ff82e9e0000 - 0x00007ff82e9fb000 	C:\WINDOWS\SYSTEM32\kernel.appcore.dll
0x00007ff8186a0000 - 0x00007ff8186aa000 	C:\Program Files\Apache NetBeans\jdk\bin\jimage.dll
0x00007ff81fc20000 - 0x00007ff81fe62000 	C:\WINDOWS\SYSTEM32\DBGHELP.DLL
0x00007ff830f20000 - 0x00007ff8312a3000 	C:\WINDOWS\System32\combase.dll
0x00007ff8314c0000 - 0x00007ff831599000 	C:\WINDOWS\System32\OLEAUT32.dll
0x00007ff816360000 - 0x00007ff81639b000 	C:\WINDOWS\SYSTEM32\dbgcore.DLL
0x00007ff8307d0000 - 0x00007ff83087c000 	C:\WINDOWS\System32\bcryptPrimitives.dll
0x00007ff805a80000 - 0x00007ff805a9e000 	C:\Program Files\Apache NetBeans\jdk\bin\java.dll
0x00007ff832240000 - 0x00007ff8323d9000 	C:\WINDOWS\System32\ole32.dll
0x00007ff82d7e0000 - 0x00007ff82e072000 	C:\WINDOWS\SYSTEM32\windows.storage.dll
0x00007ff8318f0000 - 0x00007ff8319e7000 	C:\WINDOWS\System32\SHCORE.dll
0x00007ff82fca0000 - 0x00007ff82fcc9000 	C:\WINDOWS\SYSTEM32\profapi.dll
0x00007ff800060000 - 0x00007ff800071000 	C:\Program Files\Apache NetBeans\jdk\bin\net.dll
0x00007ff82ef90000 - 0x00007ff82effc000 	C:\WINDOWS\system32\mswsock.dll
0x00007ffffa340000 - 0x00007ffffa356000 	C:\Program Files\Apache NetBeans\jdk\bin\nio.dll
0x00007ff8016f0000 - 0x00007ff801707000 	C:\Program Files\Apache NetBeans\jdk\bin\zip.dll
0x00007ffff5920000 - 0x00007ffff5944000 	C:\Program Files\Apache NetBeans\java\maven\lib\jansi-native\Windows\x86_64\jansi.dll
0x00007ff814b00000 - 0x00007ff814b10000 	C:\Program Files\Apache NetBeans\jdk\bin\verify.dll

JVMTI agents: none

dbghelp: loaded successfully - version: 4.0.5 - missing functions: none
symbol engine: initialized successfully - sym options: 0x614 - pdb path: .;C:\Program Files\Apache NetBeans\jdk\bin;C:\WINDOWS\SYSTEM32;C:\WINDOWS\WinSxS\amd64_microsoft.windows.common-controls_6595b64144ccf1df_6.0.26100.8875_none_3e0d5d42e32fe9dd;C:\Program Files (x86)\360\Total Security\safemon;C:\Program Files\Apache NetBeans\jdk\bin\server;C:\Program Files\Apache NetBeans\java\maven\lib\jansi-native\Windows\x86_64

VM Arguments:
jvm_args: --enable-native-access=ALL-UNNAMED -Dclassworlds.conf=C:\Program Files\Apache NetBeans\java\maven\bin\m2.conf -Dmaven.home=C:\Program Files\Apache NetBeans\java\maven -Dlibrary.jansi.path=C:\Program Files\Apache NetBeans\java\maven\lib\jansi-native -Dmaven.multiModuleProjectDirectory=C:\Users\DVDSTORE\Desktop\LeetCode\ArrayList\ArrayList 
java_command: org.codehaus.plexus.classworlds.launcher.Launcher -Dexec.vmArgs= -Dexec.args=${exec.vmArgs} -classpath %classpath ${exec.mainClass} ${exec.appArgs} -Dexec.appArgs= -Dexec.mainClass=com.mycompany.arraylist.Driver -Dexec.executable=C:\Program Files\Apache NetBeans\jdk\bin\java.exe -Dmaven.ext.class.path=C:\Program Files\Apache NetBeans\java\maven-nblib\netbeans-eventspy.jar --no-transfer-progress process-classes org.codehaus.mojo:exec-maven-plugin:3.5.1:exec
java_class_path (initial): C:\Program Files\Apache NetBeans\java\maven\boot\plexus-classworlds-2.9.0.jar
Launcher Type: SUN_STANDARD

[Global flags]
     bool AOTAdapterCaching                        = false                                  {diagnostic} {ergonomic}
     bool AOTInvokeDynamicLinking                  = false                                  {diagnostic} {ergonomic}
     bool AOTRecordTraining                        = false                                  {diagnostic} {ergonomic}
     bool AOTReplayTraining                        = false                                  {diagnostic} {ergonomic}
     bool AOTStubCaching                           = false                                  {diagnostic} {ergonomic}
     intx CICompilerCount                          = 4                                         {product} {ergonomic}
     uint ConcGCThreads                            = 3                                         {product} {ergonomic}
     uint G1ConcRefinementThreads                  = 10                                        {product} {ergonomic}
     uint G1EagerReclaimRemSetThreshold            = 16                                   {experimental} {ergonomic}
   size_t G1HeapRegionSize                         = 2097152                                   {product} {ergonomic}
     uint G1RemSetArrayOfCardsEntries              = 16                                   {experimental} {ergonomic}
     uint G1RemSetHowlMaxNumBuckets                = 8                                    {experimental} {ergonomic}
     uint G1RemSetHowlNumBuckets                   = 8                                    {experimental} {ergonomic}
   size_t InitialHeapSize                          = 8388608                                   {product} {ergonomic}
     bool IntelJccErratumMitigation                = false                             {ARCH diagnostic} {ergonomic}
   size_t MarkStackSize                            = 4194304                                   {product} {ergonomic}
   size_t MarkStackSizeMax                         = 536870912                                 {product} {ergonomic}
   size_t MaxHeapSize                              = 4257218560                                {product} {ergonomic}
   size_t MaxNewSize                               = 2554331136                                {product} {ergonomic}
 uint64_t MaxRAM                                   = 17026142208                               {product} {ergonomic}
   size_t MinHeapDeltaBytes                        = 2097152                                   {product} {ergonomic}
   size_t MinHeapSize                              = 8388608                                   {product} {ergonomic}
   size_t NonNMethodCodeHeapSize                   = 5898240                                {pd product} {ergonomic}
   size_t NonProfiledCodeHeapSize                  = 122945536                              {pd product} {ergonomic}
   size_t ProfiledCodeHeapSize                     = 122945536                              {pd product} {ergonomic}
   size_t ReservedCodeCacheSize                    = 251789312                              {pd product} {ergonomic}
     bool SegmentedCodeCache                       = true                                      {product} {ergonomic}
   size_t SoftMaxHeapSize                          = 4257218560                             {manageable} {ergonomic}
     bool UseCompressedOops                        = true                           {product lp64_product} {ergonomic}
     bool UseCondCardMark                          = true                                      {product} {ergonomic}
     bool UseFastUnorderedTimeStamps               = true                                 {experimental} {ergonomic}
     bool UseG1GC                                  = true                                      {product} {ergonomic}
     bool UseLargePagesIndividualAllocation        = false                                  {pd product} {ergonomic}
      int X86ICacheSync                            = 3                                 {ARCH diagnostic} {ergonomic}

Logging:
Log output configuration:
 #0: stdout all=warning uptime,level,tags foldmultilines=false
 #1: stderr all=off uptime,level,tags foldmultilines=false

Release file:
IMPLEMENTOR="Eclipse Adoptium" 
IMPLEMENTOR_VERSION="Temurin-26.0.1+8" 
JAVA_RUNTIME_VERSION="26.0.1+8" 
JAVA_VERSION="26.0.1" 
JAVA_VERSION_DATE="2026-04-21" 
LIBC="default" 
MODULES="java.base java.compiler java.datatransfer java.xml java.prefs java.desktop java.instrument java.logging java.management java.security.sasl java.naming java.rmi java.management.rmi java.net.http java.scripting java.security.jgss java.transaction.xa java.sql java.sql.rowset java.xml.crypto java.se java.smartcardio jdk.accessibility jdk.internal.jvmstat jdk.attach jdk.charsets jdk.internal.opt jdk.zipfs jdk.compiler jdk.crypto.cryptoki jdk.crypto.ec jdk.crypto.mscapi jdk.dynalink jdk.internal.ed jdk.editpad jdk.internal.vm.ci jdk.graal.compiler jdk.graal.compiler.management jdk.hotspot.agent jdk.httpserver jdk.incubator.vector jdk.internal.le jdk.internal.md jdk.jartool jdk.javadoc jdk.jcmd jdk.management jdk.management.agent jdk.jconsole jdk.jdeps jdk.jdwp.agent jdk.jdi jdk.jfr jdk.jlink jdk.jpackage jdk.jshell jdk.jstatd jdk.localedata jdk.management.jfr jdk.naming.dns jdk.naming.rmi jdk.net jdk.nio.mapmode jdk.sctp jdk.security.auth jdk.security.jgss jdk.unsupported jdk.unsupported.desktop jdk.xml.dom" 
OS_ARCH="x86_64" 
OS_NAME="Windows" 
SOURCE=".:git:1cafccec39fb" 
BUILD_SOURCE="git:a612825ee82a20ac872d60958c349854c1f29a8e"
BUILD_SOURCE_REPO="https://github.com/adoptium/temurin-build.git"
SOURCE_REPO="https://github.com/adoptium/jdk26u.git"
FULL_VERSION="26.0.1+8"
SEMANTIC_VERSION="26.0.1+8"
BUILD_INFO="OS: Windows Server 2022 Version: 10.0"
JVM_VARIANT="Hotspot"
JVM_VERSION="26.0.1+8"
IMAGE_TYPE="JDK"

Environment Variables:
JAVA_HOME=C:\Program Files\Apache NetBeans\jdk
PATH=C:\Program Files (x86)\Common Files\Oracle\Java\javapath;C:\WINDOWS\system32;C:\WINDOWS;C:\WINDOWS\System32\Wbem;C:\WINDOWS\System32\WindowsPowerShell\v1.0\;C:\WINDOWS\System32\OpenSSH\;C:\Program Files (x86)\NVIDIA Corporation\PhysX\Common;C:\Program Files\NVIDIA Corporation\NVIDIA NvDLISR;C:\Program Files\dotnet\;C:\Program Files\Git\cmd;C:\Users\DVDSTORE\AppData\Local\Microsoft\WindowsApps;C:\Users\DVDSTORE\AppData\Local\Programs\Microsoft VS Code\bin;;C:\Program Files\Apache NetBeans\bin\
USERNAME=DVDSTORE
OS=Windows_NT
PROCESSOR_IDENTIFIER=Intel64 Family 6 Model 151 Stepping 5, GenuineIntel
TMP=C:\Users\DVDSTORE\AppData\Local\Temp
TEMP=C:\Users\DVDSTORE\AppData\Local\Temp




Compilation memory statistics disabled.

Periodic native trim disabled

---------------  S Y S T E M  ---------------

OS:
 Windows 11 , 64 bit Build 26100 (10.0.26100.8875)
OS uptime: 3 days 17:10 hours

CPU: total 12 (initial active 12) (6 cores per cpu, 2 threads per core) family 6 model 151 stepping 5 microcode 0x2d, cx8, cmov, fxsr, ht, mmx, 3dnowpref, sse, sse2, sse3, ssse3, sse4.1, sse4.2, popcnt, lzcnt, tsc, tscinvbit, avx, avx2, aes, erms, clmul, bmi1, bmi2, adx, sha, fma, vzeroupper, clflush, clflushopt, clwb, serialize, rdtscp, rdpid, fsrm, gfni, f16c, pku, cet_ibt, cet_ss
Processor Information for the first 12 processors :
  Max Mhz: 2500, Current Mhz: 2500, Mhz Limit: 2500

Memory: 4k page, system-wide physical 16237M (2001M free)
TotalPageFile size 28525M (AvailPageFile size 376M)
current process WorkingSet (physical memory assigned to process): 68M, peak: 69M
current process commit charge ("private bytes"): 111M, peak: 118M

vm_info: OpenJDK 64-Bit Server VM (26.0.1+8) for windows-amd64 JRE (26.0.1+8), built on 2026-04-21T00:00:00Z with MS VC++ 17.12 (VS2022)

END.
