#
# There is insufficient memory for the Java Runtime Environment to continue.
# Native memory allocation (malloc) failed to allocate 1812632 bytes. Error detail: Chunk::new
# Possible reasons:
#   The system is out of physical RAM or swap space
#   This process is running with CompressedOops enabled, and the Java Heap may be blocking the growth of the native heap
# Possible solutions:
#   Reduce memory load on the system
#   Increase physical memory or swap space
#   Check if swap backing store is full
#   Decrease Java heap size (-Xmx/-Xms)
#   Decrease number of Java threads
#   Decrease Java thread stack sizes (-Xss)
#   Set larger code cache with -XX:ReservedCodeCacheSize=
#   JVM is running with Zero Based Compressed Oops mode in which the Java heap is
#     placed in the first 32GB address space. The Java Heap base address is the
#     maximum limit for the native heap growth. Please use -XX:HeapBaseMinAddress
#     to set the Java Heap base and to place the Java Heap above 32GB virtual address.
# This output file may be truncated or incomplete.
#
#  Out of Memory Error (arena.cpp:193), pid=57120, tid=18816
#
# JRE version: OpenJDK Runtime Environment Temurin-26.0.1+8 (26.0.1+8) (build 26.0.1+8)
# Java VM: OpenJDK 64-Bit Server VM Temurin-26.0.1+8 (26.0.1+8, mixed mode, sharing, tiered, compressed oops, compressed class ptrs, g1 gc, windows-amd64)
# No core dump will be written. Minidumps are not enabled by default on client versions of Windows
#

---------------  S U M M A R Y ------------

Command Line: -Dclassworlds.conf=C:\Program Files\Apache NetBeans\java\maven\bin\m2.conf -Dmaven.home=C:\Program Files\Apache NetBeans\java\maven -Dlibrary.jansi.path=C:\Program Files\Apache NetBeans\java\maven\lib\jansi-native -Dmaven.multiModuleProjectDirectory=C:\Users\DVDSTORE\Desktop\LeetCode\ArrayList\ArrayList org.codehaus.plexus.classworlds.launcher.Launcher -Dexec.vmArgs= -Dexec.args=${exec.vmArgs} -classpath %classpath ${exec.mainClass} ${exec.appArgs} -Dexec.appArgs= -Dexec.mainClass=com.mycompany.arraylist.Driver -Dexec.executable=C:\Program Files\Apache NetBeans\jdk\bin\java.exe -Dmaven.ext.class.path=C:\Program Files\Apache NetBeans\java\maven-nblib\netbeans-eventspy.jar --no-transfer-progress process-classes org.codehaus.mojo:exec-maven-plugin:3.5.1:exec

Host: 12th Gen Intel(R) Core(TM) i5-12400F, 12 cores, 15G,  Windows 11 , 64 bit Build 26100 (10.0.26100.8875)
Time: Wed Aug 19 09:14:37 2026 Egypt Daylight Time elapsed time: 8.802879 seconds (0d 0h 0m 8s)

---------------  T H R E A D  ---------------

Current thread (0x000001cb7de7aad0):  JavaThread "C2 CompilerThread0" daemon [_thread_in_native, id=18816, stack(0x0000000376500000,0x0000000376600000) (1024K)]


Current CompileTask:
C2:8802  649  s!   4       jdk.internal.loader.URLClassPath::getLoader (202 bytes)

Stack: [0x0000000376500000,0x0000000376600000]
Native frames: (J=compiled Java code, j=interpreted, Vv=VM code, C=native code)
V  [jvm.dll+0x7db749]  (no source info available)
V  [jvm.dll+0x7a82bd]  (no source info available)
V  [jvm.dll+0xa44a60]  (no source info available)
V  [jvm.dll+0xa46eb1]  (no source info available)
V  [jvm.dll+0xa475c3]  (no source info available)
V  [jvm.dll+0x311a96]  (no source info available)
V  [jvm.dll+0x120316]  (no source info available)
V  [jvm.dll+0x12063e]  (no source info available)
V  [jvm.dll+0x1b2836]  (no source info available)
V  [jvm.dll+0x3ce802]  (no source info available)
V  [jvm.dll+0x7e430f]  (no source info available)
V  [jvm.dll+0x2d4597]  (no source info available)
V  [jvm.dll+0x2d350f]  (no source info available)
V  [jvm.dll+0x249670]  (no source info available)
V  [jvm.dll+0x2e363c]  (no source info available)
V  [jvm.dll+0x2e181d]  (no source info available)
V  [jvm.dll+0x4a82ae]  (no source info available)
V  [jvm.dll+0x9e3039]  (no source info available)
V  [jvm.dll+0x7dd228]  (no source info available)
C  [ucrtbase.dll+0x2cd30]  (no source info available)
C  [KERNEL32.DLL+0x2e957]  (no source info available)
C  [ntdll.dll+0xaad6c]  (no source info available)

Lock stack of current Java thread (top to bottom):


---------------  P R O C E S S  ---------------

Threads class SMR info:
_java_thread_list=0x000001cb7e8a2260, length=11, elements={
0x000001cb5b789490, 0x000001cb7de68840, 0x000001cb7de6bb70, 0x000001cb7de6d8a0,
0x000001cb7de70460, 0x000001cb7de71010, 0x000001cb7de79be0, 0x000001cb7de7aad0,
0x000001cb7de83540, 0x000001cb7de90540, 0x000001cb7de9a300
}

Java Threads: ( => current thread )
  0x000001cb5b789490 JavaThread "main"                              [_thread_in_Java, id=62284, stack(0x0000000375600000,0x0000000375700000) (1024K)]
  0x000001cb7de68840 JavaThread "Reference Handler"          daemon [_thread_blocked, id=29988, stack(0x0000000375f00000,0x0000000376000000) (1024K)]
  0x000001cb7de6bb70 JavaThread "Finalizer"                  daemon [_thread_blocked, id=24936, stack(0x0000000376000000,0x0000000376100000) (1024K)]
  0x000001cb7de6d8a0 JavaThread "Signal Dispatcher"          daemon [_thread_blocked, id=30220, stack(0x0000000376100000,0x0000000376200000) (1024K)]
  0x000001cb7de70460 JavaThread "Attach Listener"            daemon [_thread_blocked, id=28528, stack(0x0000000376200000,0x0000000376300000) (1024K)]
  0x000001cb7de71010 JavaThread "Service Thread"             daemon [_thread_blocked, id=25232, stack(0x0000000376300000,0x0000000376400000) (1024K)]
  0x000001cb7de79be0 JavaThread "Monitor Deflation Thread"   daemon [_thread_blocked, id=30568, stack(0x0000000376400000,0x0000000376500000) (1024K)]
=>0x000001cb7de7aad0 JavaThread "C2 CompilerThread0"         daemon [_thread_in_native, id=18816, stack(0x0000000376500000,0x0000000376600000) (1024K)]
  0x000001cb7de83540 JavaThread "C1 CompilerThread0"         daemon [_thread_blocked, id=28152, stack(0x0000000376600000,0x0000000376700000) (1024K)]
  0x000001cb7de90540 JavaThread "Notification Thread"        daemon [_thread_blocked, id=29404, stack(0x0000000376700000,0x0000000376800000) (1024K)]
  0x000001cb7de9a300 JavaThread "Common-Cleaner"             daemon [_thread_blocked, id=15824, stack(0x0000000376800000,0x0000000376900000) (1024K)]
Total: 11

Other Threads:
  0x000001cb7de5ab30 VMThread "VM Thread"                           [id=51344, stack(0x0000000375e00000,0x0000000375f00000) (1024K)]
  0x000001cb7de41f10 WatcherThread "VM Periodic Task Thread"        [id=11836, stack(0x0000000375d00000,0x0000000375e00000) (1024K)]
  0x000001cb5db31950 WorkerThread "GC Thread#0"                     [id=62392, stack(0x0000000375700000,0x0000000375800000) (1024K)]
  0x000001cb7e8c3f00 WorkerThread "GC Thread#1"                     [id=58148, stack(0x0000000376900000,0x0000000376a00000) (1024K)]
  0x000001cb5db4a6b0 ConcurrentGCThread "G1 Main Marker"            [id=62396, stack(0x0000000375800000,0x0000000375900000) (1024K)]
  0x000001cb5db4b230 WorkerThread "G1 Conc#0"                       [id=62400, stack(0x0000000375900000,0x0000000375a00000) (1024K)]
  0x000001cb7dd07c50 WorkerThread "G1 Refinement Workers#0"         [id=62408, stack(0x0000000375b00000,0x0000000375c00000) (1024K)]
  0x000001cb7dd063d0 ConcurrentGCThread "G1 Refine Control"         [id=62404, stack(0x0000000375a00000,0x0000000375b00000) (1024K)]
  0x000001cb7dd0a3f0 ConcurrentGCThread "G1 Service"                [id=62412, stack(0x0000000375c00000,0x0000000375d00000) (1024K)]
Total: 9

Threads with active compile tasks:
C2 CompilerThread0  9215  649  s!   4       jdk.internal.loader.URLClassPath::getLoader (202 bytes)
Total: 1

VM state: not at safepoint (normal execution)

VM Mutex/Monitor currently owned by a thread: None

Heap address: 0x0000000702400000, size: 4060 MB, Compressed Oops mode: Zero based, Oop shift amount: 3

CDS archive(s) mapped at: [0x0000000004000000-0x0000000004de0000-0x0000000004de0000), size 14548992, SharedBaseAddress: 0x0000000004000000, ArchiveRelocationMode: 1.
Compressed class space mapped at: 0x0000000005000000-0x0000000045000000, reserved size: 1073741824
UseCompressedClassPointers 1, UseCompactObjectHeaders 0
Narrow klass pointer bits 32, Max shift 3
Narrow klass base: 0x0000000004000000, Narrow klass shift: 0
Encoding Range: [0x0000000004000000 - 0x0000000104000000), (4294967296 bytes)
Klass Range:    [0x0000000004000000 - 0x0000000045000000), (1090519040 bytes)
Klass ID Range:  [8 - 1090519033) (1090519025)
Protection zone: [0x0000000004000000 - 0x0000000004010000), (65536 bytes)

GC Precious Log:
 CardTable entry size: 512
 Card Set container configuration: InlinePtr #cards 4 size 8 Array Of Cards #cards 16 size 48 Howl #buckets 8 coarsen threshold 3686 Howl Bitmap #cards 512 size 80 coarsen threshold 460 Card regions per heap region 1 cards per card region 4096
 CPUs: 12 total, 12 available
 Memory: 16237M
 Large Page Support: Disabled
 NUMA Support: Disabled
 Compressed Oops: Enabled (Zero based)
 Heap Region Size: 2M
 Heap Min Capacity: 8M
 Heap Initial Capacity: 8M
 Heap Max Capacity: 4060M
 Pre-touch: Disabled
 Parallel Workers: 10
 Concurrent Workers: 3
 Concurrent Refinement Workers: 10
 Periodic GC: Disabled

Heap:
 garbage-first heap   total reserved 4157440K, committed 10240K, used 2897K [0x0000000702400000, 0x0000000800000000)
  region size 2M, 1 eden (2M), 1 survivor (2M), 2 old (4M), 0 humongous (0M), 1 free (2M)

Heap Regions: E=young(eden), S=young(survivor), O=old, HS=humongous(starts), HC=humongous(continues), CS=collection set, F=free, TAMS=top-at-mark-start, PB=parsable bottom
|    0|0x0000000702400000, 0x000000070255a2b0, 0x0000000702600000| 67%| O|  |TAMS 0x0000000702400000| PB 0x0000000702400000| Untracked |  0
|    1|0x0000000702600000, 0x0000000702600000, 0x0000000702800000|  0%| F|  |TAMS 0x0000000702600000| PB 0x0000000702600000| Untracked |  0
|    2|0x0000000702800000, 0x0000000702852740, 0x0000000702a00000| 16%| S|CS|TAMS 0x0000000702800000| PB 0x0000000702800000| Complete  |  0
|    3|0x0000000702a00000, 0x0000000702afed00, 0x0000000702c00000| 49%| E|CS|TAMS 0x0000000702a00000| PB 0x0000000702a00000| Complete  |  0
| 2029|0x00000007ffe00000, 0x00000007fff27b70, 0x0000000800000000| 57%| O|  |TAMS 0x00000007ffe00000| PB 0x00000007ffe00000| Untracked |  0

Card table byte_map: [0x000001cb76720000,0x000001cb76f10000] _byte_map_base: 0x000001cb72f0e000
Refinement table byte_map: [0x000001cb76f10000,0x000001cb77700000] _byte_map_base: 0x000001cb736fe000

Marking Bits: (CMBitMap*) 0x000001cb5db320d0
 Bits: [0x000001cb77700000, 0x000001cb7b670000)

Polling page: 0x000001cb5d270000

Metaspace:
Metaspace        used 2367K, committed 2560K, reserved 1114112K
 class space     used 226K, committed 320K, reserved 1048576K

Usage:
  Non-class:      2.09 MB used.
      Class:    226.46 KB used.
       Both:      2.31 MB used.

Virtual space:
  Non-class space:       64.00 MB reserved,       2.19 MB (  3%) committed,  1 nodes.
      Class space:        1.00 GB reserved,     320.00 KB ( <1%) committed,  1 nodes.
             Both:        1.06 GB reserved,       2.50 MB ( <1%) committed. 

Chunk freelists:
   Non-Class:  11.02 MB
       Class:  15.61 MB
        Both:  26.62 MB

MaxMetaspaceSize: unlimited
CompressedClassSpaceSize: 1.00 GB
Initial GC threshold: 21.00 MB
Current GC threshold: 21.00 MB
CDS: on
 - commit_granule_bytes: 65536.
 - commit_granule_words: 8192.
 - virtual_space_node_default_size: 8388608.
 - enlarge_chunks_in_place: 1.
UseCompressedClassPointers 1, UseCompactObjectHeaders 0
Narrow klass pointer bits 32, Max shift 3
Narrow klass base: 0x0000000004000000, Narrow klass shift: 0
Encoding Range: [0x0000000004000000 - 0x0000000104000000), (4294967296 bytes)
Klass Range:    [0x0000000004000000 - 0x0000000045000000), (1090519040 bytes)
Klass ID Range:  [8 - 1090519033) (1090519025)
Protection zone: [0x0000000004000000 - 0x0000000004010000), (65536 bytes)


Internal statistics:

num_allocs_failed_limit: 0.
num_arena_births: 36.
num_arena_deaths: 0.
num_vsnodes_births: 2.
num_vsnodes_deaths: 0.
num_space_committed: 40.
num_space_uncommitted: 0.
num_chunks_returned_to_freelist: 0.
num_chunks_taken_from_freelist: 104.
num_chunk_merges: 0.
num_chunk_splits: 59.
num_chunks_enlarged: 45.
num_inconsistent_stats: 0.

CodeHeap 'non-profiled nmethods': size=120064Kb used=179Kb max_used=179Kb free=119884Kb
 bounds [0x000001cb6e490000, 0x000001cb6e700000, 0x000001cb759d0000]
CodeHeap 'profiled nmethods': size=120064Kb used=797Kb max_used=797Kb free=119267Kb
 bounds [0x000001cb669b0000, 0x000001cb66c20000, 0x000001cb6def0000]
CodeHeap 'non-nmethods': size=5760Kb used=1303Kb max_used=1310Kb free=4457Kb
 bounds [0x000001cb6def0000, 0x000001cb6e160000, 0x000001cb6e490000]
CodeCache: size=245888Kb, used=2279Kb, max_used=2286Kb, free=243608Kb
 total_blobs=1064, nmethods=651, adapters=317, full_count=0
Compilation: enabled, stopped_count=0, restarted_count=0

Compilation events (20 events):
Event: 6.694 Thread 0x000001cb7de83540 nmethod 640 0x000001cb66a71108 code [0x000001cb66a71200, 0x000001cb66a713f8]
Event: 6.694 Thread 0x000001cb7de83540  641   !   3       java.net.URL::set (114 bytes)
Event: 6.694 Thread 0x000001cb7de83540 nmethod 641 0x000001cb66a71408 code [0x000001cb66a71500, 0x000001cb66a722a0]
Event: 6.731 Thread 0x000001cb7de83540  642  s    3       jdk.internal.perf.PerfCounter::add (18 bytes)
Event: 6.731 Thread 0x000001cb7de83540 nmethod 642 0x000001cb66a72308 code [0x000001cb66a72400, 0x000001cb66a72908]
Event: 6.731 Thread 0x000001cb7de83540  643  s    3       jdk.internal.perf.PerfCounter::get (9 bytes)
Event: 6.731 Thread 0x000001cb7de83540 nmethod 643 0x000001cb66a72988 code [0x000001cb66a72a80, 0x000001cb66a72d28]
Event: 6.756 Thread 0x000001cb7de7aad0  644       4       java.util.concurrent.ConcurrentHashMap::spread (10 bytes)
Event: 6.756 Thread 0x000001cb7de7aad0 nmethod 644 0x000001cb6e4bc988 code [0x000001cb6e4bca80, 0x000001cb6e4bcae0]
Event: 6.759 Thread 0x000001cb7de83540  645       3       java.lang.Math::clamp (49 bytes)
Event: 6.760 Thread 0x000001cb7de83540 nmethod 645 0x000001cb66a72d88 code [0x000001cb66a72e80, 0x000001cb66a73910]
Event: 6.760 Thread 0x000001cb7de83540  646       3       java.lang.Math::min (12 bytes)
Event: 6.760 Thread 0x000001cb7de83540 nmethod 646 0x000001cb66a73988 code [0x000001cb66a73a80, 0x000001cb66a73ba0]
Event: 6.777 Thread 0x000001cb7de83540  647   !   3       java.util.concurrent.ConcurrentHashMap::computeIfAbsent (576 bytes)
Event: 6.779 Thread 0x000001cb7de83540 nmethod 647 0x000001cb66a73c88 code [0x000001cb66a73d80, 0x000001cb66a760e0]
Event: 6.779 Thread 0x000001cb7de83540  648       3       java.lang.ClassNotFoundException::<init> (7 bytes)
Event: 6.779 Thread 0x000001cb7de83540 nmethod 648 0x000001cb66a76108 code [0x000001cb66a76200, 0x000001cb66a763f8]
Event: 6.794 Thread 0x000001cb7de7aad0  649  s!   4       jdk.internal.loader.URLClassPath::getLoader (202 bytes)
Event: 6.812 Thread 0x000001cb7de83540  650       3       java.util.Collections$SetFromMap::add (22 bytes)
Event: 6.812 Thread 0x000001cb7de83540 nmethod 650 0x000001cb66a76408 code [0x000001cb66a76500, 0x000001cb66a76728]

GC Heap Usage History (4 events):
Event: 4.790 {heap Before GC invocations=0 (full 0):
 garbage-first heap   total reserved 4157440K, committed 10240K, used 3230K [0x0000000702400000, 0x0000000800000000)
  region size 2M, 2 eden (4M), 0 survivor (0M), 1 old (2M), 0 humongous (0M), 2 free (4M)
}
Event: 4.954 {heap After GC invocations=1 (full 0):
 garbage-first heap   total reserved 4157440K, committed 10240K, used 2707K [0x0000000702400000, 0x0000000800000000)
  region size 2M, 0 eden (0M), 1 survivor (2M), 1 old (2M), 0 humongous (0M), 3 free (6M)
}
Event: 6.118 {heap Before GC invocations=1 (full 0):
 garbage-first heap   total reserved 4157440K, committed 10240K, used 2707K [0x0000000702400000, 0x0000000800000000)
  region size 2M, 1 eden (2M), 1 survivor (2M), 1 old (2M), 0 humongous (0M), 2 free (4M)
}
Event: 6.120 {heap After GC invocations=2 (full 0):
 garbage-first heap   total reserved 4157440K, committed 10240K, used 2897K [0x0000000702400000, 0x0000000800000000)
  region size 2M, 0 eden (0M), 1 survivor (2M), 2 old (4M), 0 humongous (0M), 2 free (4M)
}

Metaspace Usage History (4 events):
Event: 4.790 {metaspace Before GC invocations=0 (full 0):
 Metaspace       used 1129K, committed 1280K, reserved 1114112K
  class space    used 95K, committed 128K, reserved 1048576K
}
Event: 4.954 {metaspace After GC invocations=1 (full 0):
 Metaspace       used 1129K, committed 1280K, reserved 1114112K
  class space    used 95K, committed 128K, reserved 1048576K
}
Event: 6.118 {metaspace Before GC invocations=1 (full 0):
 Metaspace       used 1982K, committed 2176K, reserved 1114112K
  class space    used 185K, committed 256K, reserved 1048576K
}
Event: 6.120 {metaspace After GC invocations=2 (full 0):
 Metaspace       used 1982K, committed 2176K, reserved 1114112K
  class space    used 185K, committed 256K, reserved 1048576K
}

Dll operation events (14 events):
Event: 0.012 Attempting to load shared library C:\Program Files\Apache NetBeans\jdk\bin\java.dll
Event: 0.014 Loaded shared library C:\Program Files\Apache NetBeans\jdk\bin\java.dll
Event: 1.835 Attempting to load shared library C:\Program Files\Apache NetBeans\jdk\bin\net.dll
Event: 2.296 Loaded shared library C:\Program Files\Apache NetBeans\jdk\bin\net.dll
Event: 2.299 Attempting to load shared library C:\Program Files\Apache NetBeans\jdk\bin\nio.dll
Event: 2.300 Loaded shared library C:\Program Files\Apache NetBeans\jdk\bin\nio.dll
Event: 2.303 Attempting to load shared library C:\Program Files\Apache NetBeans\jdk\bin\zip.dll
Event: 2.303 Loaded shared library C:\Program Files\Apache NetBeans\jdk\bin\zip.dll
Event: 4.421 Attempting to load shared library C:\Program Files\Apache NetBeans\jdk\bin\jimage.dll
Event: 4.421 Loaded shared library C:\Program Files\Apache NetBeans\jdk\bin\jimage.dll
Event: 4.485 Attempting to load shared library C:\Program Files\Apache NetBeans\java\maven\lib\jansi-native\Windows\x86_64\jansi.dll
Event: 4.496 Loaded shared library C:\Program Files\Apache NetBeans\java\maven\lib\jansi-native\Windows\x86_64\jansi.dll
Event: 4.964 Attempting to load shared library C:\Program Files\Apache NetBeans\jdk\bin\verify.dll
Event: 4.964 Loaded shared library C:\Program Files\Apache NetBeans\jdk\bin\verify.dll

Deoptimization events (20 events):
Event: 4.095 Thread 0x000001cb5b789490 Uncommon trap: trap_request=0xffffff45 fr.pc=0x000001cb6e49fedc relative=0x000000000000005c
Event: 4.095 Thread 0x000001cb5b789490 Uncommon trap: reason=unstable_if action=reinterpret pc=0x000001cb6e49fedc method=java.io.WinNTFileSystem.isSlash(C)Z @ 9 c2
Event: 4.095 Thread 0x000001cb5b789490 DEOPT PACKING pc=0x000001cb6e49fedc sp=0x00000003756fea40
Event: 4.095 Thread 0x000001cb5b789490 DEOPT UNPACKING pc=0x000001cb6df86a02 sp=0x00000003756fe9c8 mode 2
Event: 4.259 Thread 0x000001cb5b789490 DEOPT PACKING pc=0x000001cb669e47f8 sp=0x00000003756fd480
Event: 4.259 Thread 0x000001cb5b789490 DEOPT UNPACKING pc=0x000001cb6df41a02 sp=0x00000003756fc8f0 mode 0
Event: 5.935 Thread 0x000001cb5b789490 DEOPT PACKING pc=0x000001cb669c4e99 sp=0x00000003756fdc90
Event: 5.935 Thread 0x000001cb5b789490 DEOPT UNPACKING pc=0x000001cb6df41a02 sp=0x00000003756fd0e0 mode 0
Event: 5.988 Thread 0x000001cb5b789490 Uncommon trap: trap_request=0xffffff66 fr.pc=0x000001cb6e4b5fe8 relative=0x00000000000003e8
Event: 5.988 Thread 0x000001cb5b789490 Uncommon trap: reason=loop_limit_check action=maybe_recompile pc=0x000001cb6e4b5fe8 method=java.lang.StringLatin1.indexOf([BI[BII)I @ 37 c2
Event: 5.988 Thread 0x000001cb5b789490 DEOPT PACKING pc=0x000001cb6e4b5fe8 sp=0x00000003756feb40
Event: 5.988 Thread 0x000001cb5b789490 DEOPT UNPACKING pc=0x000001cb6df86a02 sp=0x00000003756feaa0 mode 2
Event: 6.052 Thread 0x000001cb5b789490 DEOPT PACKING pc=0x000001cb669e47f8 sp=0x00000003756feb30
Event: 6.052 Thread 0x000001cb5b789490 DEOPT UNPACKING pc=0x000001cb6df41a02 sp=0x00000003756fdfa0 mode 0
Event: 6.125 Thread 0x000001cb5b789490 DEOPT PACKING pc=0x000001cb669e47f8 sp=0x00000003756fe600
Event: 6.125 Thread 0x000001cb5b789490 DEOPT UNPACKING pc=0x000001cb6df41a02 sp=0x00000003756fda88 mode 0
Event: 6.599 Thread 0x000001cb5b789490 DEOPT PACKING pc=0x000001cb669cddd8 sp=0x00000003756fa8b0
Event: 6.599 Thread 0x000001cb5b789490 DEOPT UNPACKING pc=0x000001cb6df41a02 sp=0x00000003756f9d40 mode 0
Event: 6.601 Thread 0x000001cb5b789490 DEOPT PACKING pc=0x000001cb669e47f8 sp=0x00000003756fa750
Event: 6.601 Thread 0x000001cb5b789490 DEOPT UNPACKING pc=0x000001cb6df41a02 sp=0x00000003756f9bc0 mode 0

Classes loaded (20 events):
Event: 6.051 Loading class java/util/regex/Pattern$BnM
Event: 6.051 Loading class java/util/regex/Pattern$BnM done
Event: 6.051 Loading class java/util/regex/Pattern$SliceS
Event: 6.051 Loading class java/util/regex/Pattern$SliceS done
Event: 6.052 Loading class java/text/MessageFormat
Event: 6.052 Loading class java/text/MessageFormat done
Event: 6.052 Loading class java/io/Reader$2
Event: 6.052 Loading class java/io/Reader$2 done
Event: 6.122 Loading class java/io/EOFException
Event: 6.122 Loading class java/io/EOFException done
Event: 6.234 Loading class java/io/StringWriter
Event: 6.234 Loading class java/io/StringWriter done
Event: 6.694 Loading class java/lang/TypeNotPresentException
Event: 6.694 Loading class java/lang/TypeNotPresentException done
Event: 6.756 Loading class java/util/concurrent/atomic/AtomicReferenceFieldUpdater
Event: 6.756 Loading class java/util/concurrent/atomic/AtomicReferenceFieldUpdater done
Event: 6.756 Loading class java/util/concurrent/atomic/AtomicReferenceFieldUpdater$AtomicReferenceFieldUpdaterImpl
Event: 6.756 Loading class java/util/concurrent/atomic/AtomicReferenceFieldUpdater$AtomicReferenceFieldUpdaterImpl done
Event: 6.756 Loading class sun/reflect/misc/ReflectUtil
Event: 6.756 Loading class sun/reflect/misc/ReflectUtil done

Classes unloaded (0 events):
No events

Classes redefined (0 events):
No events

Internal exceptions (20 events):
Event: 4.523 Thread 0x000001cb5b789490 Exception <a 'java/lang/NullPointerException'{0x00000007029a1538}> (0x00000007029a1538) 
thrown [s\src\hotspot\share\interpreter\linkResolver.cpp, line 1428]
Event: 4.523 Thread 0x000001cb5b789490 Exception <a 'java/lang/NullPointerException'{0x00000007029a1818}> (0x00000007029a1818) 
thrown [s\src\hotspot\share\interpreter\linkResolver.cpp, line 1428]
Event: 4.556 Thread 0x000001cb5b789490 Exception <a 'java/lang/NullPointerException'{0x00000007029e6218}> (0x00000007029e6218) 
thrown [s\src\hotspot\share\interpreter\linkResolver.cpp, line 1428]
Event: 4.699 Thread 0x000001cb5b789490 Exception <a 'java/lang/NullPointerException'{0x00000007029f7528}> (0x00000007029f7528) 
thrown [s\src\hotspot\share\interpreter\linkResolver.cpp, line 1428]
Event: 4.699 Thread 0x000001cb5b789490 Exception <a 'java/lang/NullPointerException'{0x00000007029f7808}> (0x00000007029f7808) 
thrown [s\src\hotspot\share\interpreter\linkResolver.cpp, line 1428]
Event: 4.699 Thread 0x000001cb5b789490 Exception <a 'java/lang/NullPointerException'{0x00000007029f7ae8}> (0x00000007029f7ae8) 
thrown [s\src\hotspot\share\interpreter\linkResolver.cpp, line 1428]
Event: 4.699 Thread 0x000001cb5b789490 Exception <a 'java/lang/NullPointerException'{0x00000007029f7dc8}> (0x00000007029f7dc8) 
thrown [s\src\hotspot\share\interpreter\linkResolver.cpp, line 1428]
Event: 4.962 Thread 0x000001cb5b789490 Exception <a 'sun/nio/fs/WindowsException'{0x0000000702a1a048}> (0x0000000702a1a048) 
thrown [s\src\hotspot\share\prims\jni.cpp, line 514]
Event: 4.962 Thread 0x000001cb5b789490 Exception <a 'sun/nio/fs/WindowsException'{0x0000000702a1a680}> (0x0000000702a1a680) 
thrown [s\src\hotspot\share\prims\jni.cpp, line 514]
Event: 4.962 Thread 0x000001cb5b789490 Exception <a 'sun/nio/fs/WindowsException'{0x0000000702a1ac68}> (0x0000000702a1ac68) 
thrown [s\src\hotspot\share\prims\jni.cpp, line 514]
Event: 4.962 Thread 0x000001cb5b789490 Exception <a 'sun/nio/fs/WindowsException'{0x0000000702a1b1d8}> (0x0000000702a1b1d8) 
thrown [s\src\hotspot\share\prims\jni.cpp, line 514]
Event: 4.962 Thread 0x000001cb5b789490 Exception <a 'sun/nio/fs/WindowsException'{0x0000000702a1b728}> (0x0000000702a1b728) 
thrown [s\src\hotspot\share\prims\jni.cpp, line 514]
Event: 4.962 Thread 0x000001cb5b789490 Exception <a 'sun/nio/fs/WindowsException'{0x0000000702a1bc18}> (0x0000000702a1bc18) 
thrown [s\src\hotspot\share\prims\jni.cpp, line 514]
Event: 4.962 Thread 0x000001cb5b789490 Exception <a 'sun/nio/fs/WindowsException'{0x0000000702a1c0c0}> (0x0000000702a1c0c0) 
thrown [s\src\hotspot\share\prims\jni.cpp, line 514]
Event: 5.242 Thread 0x000001cb5b789490 Exception <a 'java/lang/NoSuchMethodError'{0x0000000702a54f38}: 'void java.lang.invoke.DirectMethodHandle$Holder.invokeVirtual(java.lang.Object, java.lang.Object)'> (0x0000000702a54f38) 
thrown [s\src\hotspot\share\interpreter\linkResolver.cpp, line 804]
Event: 5.245 Thread 0x000001cb5b789490 Exception <a 'java/lang/NoSuchMethodError'{0x0000000702a76690}: 'void java.lang.invoke.DirectMethodHandle$Holder.invokeStatic(java.lang.Object, java.lang.Object)'> (0x0000000702a76690) 
thrown [s\src\hotspot\share\interpreter\linkResolver.cpp, line 804]
Event: 5.246 Thread 0x000001cb5b789490 Exception <a 'java/lang/NoSuchMethodError'{0x0000000702a7e438}: 'void java.lang.invoke.DirectMethodHandle$Holder.invokeStaticInit(java.lang.Object, java.lang.Object)'> (0x0000000702a7e438) 
thrown [s\src\hotspot\share\interpreter\linkResolver.cpp, line 804]
Event: 5.251 Thread 0x000001cb5b789490 Exception <a 'java/lang/NoSuchMethodError'{0x0000000702aade80}: 'void java.lang.invoke.DirectMethodHandle$Holder.invokeSpecial(java.lang.Object, java.lang.Object, java.lang.Object, java.lang.Object, java.lang.Object)'> (0x0000000702aade80) 
thrown [s\src\hotspot\share\interpreter\linkResolver.cpp, line 804]
Event: 5.377 Thread 0x000001cb5b789490 Exception <a 'java/lang/NoSuchMethodError'{0x0000000702aef338}: 'void java.lang.invoke.DirectMethodHandle$Holder.invokeStatic(java.lang.Object, java.lang.Object, java.lang.Object)'> (0x0000000702aef338) 
thrown [s\src\hotspot\share\interpreter\linkResolver.cpp, line 804]
Event: 6.594 Thread 0x000001cb5b789490 Exception <a 'java/lang/NoSuchMethodError'{0x0000000702a823a8}: 'java.lang.Object java.lang.invoke.DirectMethodHandle$Holder.invokeSpecialIFC(java.lang.Object, java.lang.Object, java.lang.Object, java.lang.Object)'> (0x0000000702a823a8) 
thrown [s\src\hotspot\share\interpreter\linkResolver.cpp, line 804]

VM Operations (8 events):
Event: 4.301 Executing non-safepoint VM operation: HandshakeAllThreads (Deoptimize)
Event: 4.302 Executing non-safepoint VM operation: HandshakeAllThreads (Deoptimize) done
Event: 4.425 Executing non-safepoint VM operation: HandshakeAllThreads (Deoptimize)
Event: 4.425 Executing non-safepoint VM operation: HandshakeAllThreads (Deoptimize) done
Event: 4.790 Executing safepoint VM operation: G1CollectForAllocation (G1 Evacuation Pause)
Event: 4.954 Executing safepoint VM operation: G1CollectForAllocation (G1 Evacuation Pause) done
Event: 6.118 Executing safepoint VM operation: G1CollectForAllocation (G1 Evacuation Pause)
Event: 6.120 Executing safepoint VM operation: G1CollectForAllocation (G1 Evacuation Pause) done

Memory protections (0 events):
No events

Nmethod flushes (0 events):
No events

Events (13 events):
Event: 0.416 Thread 0x000001cb5b789490 Thread added: 0x000001cb5b789490
Event: 1.569 Thread 0x000001cb5b789490 Thread added: 0x000001cb7de68840
Event: 1.569 Thread 0x000001cb5b789490 Thread added: 0x000001cb7de6bb70
Event: 1.569 Thread 0x000001cb5b789490 Thread added: 0x000001cb7de6d8a0
Event: 1.569 Thread 0x000001cb5b789490 Thread added: 0x000001cb7de70460
Event: 1.569 Thread 0x000001cb5b789490 Thread added: 0x000001cb7de71010
Event: 1.569 Thread 0x000001cb5b789490 Thread added: 0x000001cb7de79be0
Event: 1.569 Thread 0x000001cb5b789490 Thread added: 0x000001cb7de7aad0
Event: 1.569 Thread 0x000001cb5b789490 Thread added: 0x000001cb7de83540
Event: 1.572 Thread 0x000001cb5b789490 Thread added: 0x000001cb7de90540
Event: 1.678 Thread 0x000001cb5b789490 Thread added: 0x000001cb7de9a300
Event: 4.394 Thread 0x000001cb5b789490 Thread added: 0x000001cb7e81ed50
Event: 4.430 Thread 0x000001cb7e81ed50 Thread exited: 0x000001cb7e81ed50


Dynamic libraries:
0x00007ff623720000 - 0x00007ff62372e000 	C:\Program Files\Apache NetBeans\jdk\bin\java.exe
0x00007ff832b60000 - 0x00007ff832dc6000 	C:\WINDOWS\SYSTEM32\ntdll.dll
0x00007ff831820000 - 0x00007ff8318e9000 	C:\WINDOWS\System32\KERNEL32.DLL
0x00007ff82fd80000 - 0x00007ff83017e000 	C:\WINDOWS\System32\KERNELBASE.dll
0x00007ff82cc20000 - 0x00007ff82ccc0000 	C:\WINDOWS\SYSTEM32\apphelp.dll
0x00007ff830670000 - 0x00007ff8307bc000 	C:\WINDOWS\System32\ucrtbase.dll
0x00007ff805820000 - 0x00007ff805837000 	C:\Program Files\Apache NetBeans\jdk\bin\jli.dll
0x00007ff8315a0000 - 0x00007ff831767000 	C:\WINDOWS\System32\USER32.dll
0x00007ff830440000 - 0x00007ff830467000 	C:\WINDOWS\System32\win32u.dll
0x00007ff8312b0000 - 0x00007ff8312db000 	C:\WINDOWS\System32\GDI32.dll
0x00007ff830190000 - 0x00007ff8302ba000 	C:\WINDOWS\System32\gdi32full.dll
0x00007ff830470000 - 0x00007ff830513000 	C:\WINDOWS\System32\msvcp_win.dll
0x00007ff806240000 - 0x00007ff80625e000 	C:\Program Files\Apache NetBeans\jdk\bin\VCRUNTIME140.dll
0x00007ff815670000 - 0x00007ff815902000 	C:\WINDOWS\WinSxS\amd64_microsoft.windows.common-controls_6595b64144ccf1df_6.0.26100.8875_none_3e0d5d42e32fe9dd\COMCTL32.dll
0x00007ff831770000 - 0x00007ff831819000 	C:\WINDOWS\System32\msvcrt.dll
0x00007ff8323e0000 - 0x00007ff832412000 	C:\WINDOWS\System32\IMM32.DLL
0x000000005b940000 - 0x000000005b94d000 	C:\Program Files (x86)\360\Total Security\safemon\SafeWrapper.dll
0x00007ff832960000 - 0x00007ff832a17000 	C:\WINDOWS\System32\ADVAPI32.dll
0x00007ff830890000 - 0x00007ff83093a000 	C:\WINDOWS\System32\sechost.dll
0x00007ff830b50000 - 0x00007ff830c68000 	C:\WINDOWS\System32\RPCRT4.dll
0x00007ff8296f0000 - 0x00007ff8297f5000 	C:\Program Files (x86)\360\Total Security\safemon\libzdtp64.dll
0x00007ff831aa0000 - 0x00007ff832232000 	C:\WINDOWS\System32\SHELL32.dll
0x00007ff8319f0000 - 0x00007ff831a57000 	C:\WINDOWS\System32\SHLWAPI.dll
0x00007ff82f7c0000 - 0x00007ff82f7cb000 	C:\WINDOWS\SYSTEM32\VERSION.dll
0x00007ff82ae80000 - 0x00007ff82ae8c000 	C:\Program Files\Apache NetBeans\jdk\bin\vcruntime140_1.dll
0x00007fffb1950000 - 0x00007fffb19dd000 	C:\Program Files\Apache NetBeans\jdk\bin\msvcp140.dll
0x00007fff8c260000 - 0x00007fff8d1f9000 	C:\Program Files\Apache NetBeans\jdk\bin\server\jvm.dll
0x00007ff832440000 - 0x00007ff8324c0000 	C:\WINDOWS\System32\WS2_32.dll
0x00007ff82fbe0000 - 0x00007ff82fc3e000 	C:\WINDOWS\SYSTEM32\POWRPROF.dll
0x00007ff821b50000 - 0x00007ff821b86000 	C:\WINDOWS\SYSTEM32\WINMM.dll
0x00007ff82fbc0000 - 0x00007ff82fbd4000 	C:\WINDOWS\SYSTEM32\UMPDC.dll
0x00007ff82e9e0000 - 0x00007ff82e9fb000 	C:\WINDOWS\SYSTEM32\kernel.appcore.dll
0x00007ff8186a0000 - 0x00007ff8186aa000 	C:\Program Files\Apache NetBeans\jdk\bin\jimage.dll
0x00007ff81fc20000 - 0x00007ff81fe62000 	C:\WINDOWS\SYSTEM32\DBGHELP.DLL
0x00007ff830f20000 - 0x00007ff8312a3000 	C:\WINDOWS\System32\combase.dll
0x00007ff8314c0000 - 0x00007ff831599000 	C:\WINDOWS\System32\OLEAUT32.dll
0x00007ff816360000 - 0x00007ff81639b000 	C:\WINDOWS\SYSTEM32\dbgcore.DLL
0x00007ff8307d0000 - 0x00007ff83087c000 	C:\WINDOWS\System32\bcryptPrimitives.dll
0x00007ff805a80000 - 0x00007ff805a9e000 	C:\Program Files\Apache NetBeans\jdk\bin\java.dll
0x00007ff832240000 - 0x00007ff8323d9000 	C:\WINDOWS\System32\ole32.dll
0x00007ff82d7e0000 - 0x00007ff82e072000 	C:\WINDOWS\SYSTEM32\windows.storage.dll
0x00007ff8318f0000 - 0x00007ff8319e7000 	C:\WINDOWS\System32\SHCORE.dll
0x00007ff82fca0000 - 0x00007ff82fcc9000 	C:\WINDOWS\SYSTEM32\profapi.dll
0x00007ff800060000 - 0x00007ff800071000 	C:\Program Files\Apache NetBeans\jdk\bin\net.dll
0x00007ff82ef90000 - 0x00007ff82effc000 	C:\WINDOWS\system32\mswsock.dll
0x00007ffffa340000 - 0x00007ffffa356000 	C:\Program Files\Apache NetBeans\jdk\bin\nio.dll
0x00007ff8016f0000 - 0x00007ff801707000 	C:\Program Files\Apache NetBeans\jdk\bin\zip.dll
0x00007ffff5920000 - 0x00007ffff5944000 	C:\Program Files\Apache NetBeans\java\maven\lib\jansi-native\Windows\x86_64\jansi.dll
0x00007ff814b00000 - 0x00007ff814b10000 	C:\Program Files\Apache NetBeans\jdk\bin\verify.dll

JVMTI agents: none

dbghelp: loaded successfully - version: 4.0.5 - missing functions: none
symbol engine: initialized successfully - sym options: 0x614 - pdb path: .;C:\Program Files\Apache NetBeans\jdk\bin;C:\WINDOWS\SYSTEM32;C:\WINDOWS\WinSxS\amd64_microsoft.windows.common-controls_6595b64144ccf1df_6.0.26100.8875_none_3e0d5d42e32fe9dd;C:\Program Files (x86)\360\Total Security\safemon;C:\Program Files\Apache NetBeans\jdk\bin\server;C:\Program Files\Apache NetBeans\java\maven\lib\jansi-native\Windows\x86_64

VM Arguments:
jvm_args: -Dclassworlds.conf=C:\Program Files\Apache NetBeans\java\maven\bin\m2.conf -Dmaven.home=C:\Program Files\Apache NetBeans\java\maven -Dlibrary.jansi.path=C:\Program Files\Apache NetBeans\java\maven\lib\jansi-native -Dmaven.multiModuleProjectDirectory=C:\Users\DVDSTORE\Desktop\LeetCode\ArrayList\ArrayList 
java_command: org.codehaus.plexus.classworlds.launcher.Launcher -Dexec.vmArgs= -Dexec.args=${exec.vmArgs} -classpath %classpath ${exec.mainClass} ${exec.appArgs} -Dexec.appArgs= -Dexec.mainClass=com.mycompany.arraylist.Driver -Dexec.executable=C:\Program Files\Apache NetBeans\jdk\bin\java.exe -Dmaven.ext.class.path=C:\Program Files\Apache NetBeans\java\maven-nblib\netbeans-eventspy.jar --no-transfer-progress process-classes org.codehaus.mojo:exec-maven-plugin:3.5.1:exec
java_class_path (initial): C:\Program Files\Apache NetBeans\java\maven\boot\plexus-classworlds-2.9.0.jar
Launcher Type: SUN_STANDARD

[Global flags]
     bool AOTAdapterCaching                        = false                                  {diagnostic} {ergonomic}
     bool AOTInvokeDynamicLinking                  = false                                  {diagnostic} {ergonomic}
     bool AOTRecordTraining                        = false                                  {diagnostic} {ergonomic}
     bool AOTReplayTraining                        = false                                  {diagnostic} {ergonomic}
     bool AOTStubCaching                           = false                                  {diagnostic} {ergonomic}
     intx CICompilerCount                          = 4                                         {product} {ergonomic}
     uint ConcGCThreads                            = 3                                         {product} {ergonomic}
     uint G1ConcRefinementThreads                  = 10                                        {product} {ergonomic}
     uint G1EagerReclaimRemSetThreshold            = 16                                   {experimental} {ergonomic}
   size_t G1HeapRegionSize                         = 2097152                                   {product} {ergonomic}
     uint G1RemSetArrayOfCardsEntries              = 16                                   {experimental} {ergonomic}
     uint G1RemSetHowlMaxNumBuckets                = 8                                    {experimental} {ergonomic}
     uint G1RemSetHowlNumBuckets                   = 8                                    {experimental} {ergonomic}
   size_t InitialHeapSize                          = 8388608                                   {product} {ergonomic}
     bool IntelJccErratumMitigation                = false                             {ARCH diagnostic} {ergonomic}
   size_t MarkStackSize                            = 4194304                                   {product} {ergonomic}
   size_t MarkStackSizeMax                         = 536870912                                 {product} {ergonomic}
   size_t MaxHeapSize                              = 4257218560                                {product} {ergonomic}
   size_t MaxNewSize                               = 2554331136                                {product} {ergonomic}
 uint64_t MaxRAM                                   = 17026142208                               {product} {ergonomic}
   size_t MinHeapDeltaBytes                        = 2097152                                   {product} {ergonomic}
   size_t MinHeapSize                              = 8388608                                   {product} {ergonomic}
   size_t NonNMethodCodeHeapSize                   = 5898240                                {pd product} {ergonomic}
   size_t NonProfiledCodeHeapSize                  = 122945536                              {pd product} {ergonomic}
   size_t ProfiledCodeHeapSize                     = 122945536                              {pd product} {ergonomic}
   size_t ReservedCodeCacheSize                    = 251789312                              {pd product} {ergonomic}
     bool SegmentedCodeCache                       = true                                      {product} {ergonomic}
   size_t SoftMaxHeapSize                          = 4257218560                             {manageable} {ergonomic}
     bool UseCompressedOops                        = true                           {product lp64_product} {ergonomic}
     bool UseCondCardMark                          = true                                      {product} {ergonomic}
     bool UseFastUnorderedTimeStamps               = true                                 {experimental} {ergonomic}
     bool UseG1GC                                  = true                                      {product} {ergonomic}
     bool UseLargePagesIndividualAllocation        = false                                  {pd product} {ergonomic}
      int X86ICacheSync                            = 3                                 {ARCH diagnostic} {ergonomic}

Logging:
Log output configuration:
 #0: stdout all=warning uptime,level,tags foldmultilines=false
 #1: stderr all=off uptime,level,tags foldmultilines=false

Release file:
IMPLEMENTOR="Eclipse Adoptium" 
IMPLEMENTOR_VERSION="Temurin-26.0.1+8" 
JAVA_RUNTIME_VERSION="26.0.1+8" 
JAVA_VERSION="26.0.1" 
JAVA_VERSION_DATE="2026-04-21" 
LIBC="default" 
MODULES="java.base java.compiler java.datatransfer java.xml java.prefs java.desktop java.instrument java.logging java.management java.security.sasl java.naming java.rmi java.management.rmi java.net.http java.scripting java.security.jgss java.transaction.xa java.sql java.sql.rowset java.xml.crypto java.se java.smartcardio jdk.accessibility jdk.internal.jvmstat jdk.attach jdk.charsets jdk.internal.opt jdk.zipfs jdk.compiler jdk.crypto.cryptoki jdk.crypto.ec jdk.crypto.mscapi jdk.dynalink jdk.internal.ed jdk.editpad jdk.internal.vm.ci jdk.graal.compiler jdk.graal.compiler.management jdk.hotspot.agent jdk.httpserver jdk.incubator.vector jdk.internal.le jdk.internal.md jdk.jartool jdk.javadoc jdk.jcmd jdk.management jdk.management.agent jdk.jconsole jdk.jdeps jdk.jdwp.agent jdk.jdi jdk.jfr jdk.jlink jdk.jpackage jdk.jshell jdk.jstatd jdk.localedata jdk.management.jfr jdk.naming.dns jdk.naming.rmi jdk.net jdk.nio.mapmode jdk.sctp jdk.security.auth jdk.security.jgss jdk.unsupported jdk.unsupported.desktop jdk.xml.dom" 
OS_ARCH="x86_64" 
OS_NAME="Windows" 
SOURCE=".:git:1cafccec39fb" 
BUILD_SOURCE="git:a612825ee82a20ac872d60958c349854c1f29a8e"
BUILD_SOURCE_REPO="https://github.com/adoptium/temurin-build.git"
SOURCE_REPO="https://github.com/adoptium/jdk26u.git"
FULL_VERSION="26.0.1+8"
SEMANTIC_VERSION="26.0.1+8"
BUILD_INFO="OS: Windows Server 2022 Version: 10.0"
JVM_VARIANT="Hotspot"
JVM_VERSION="26.0.1+8"
IMAGE_TYPE="JDK"

Environment Variables:
JAVA_HOME=C:\Program Files\Apache NetBeans\jdk
PATH=C:\Program Files (x86)\Common Files\Oracle\Java\javapath;C:\WINDOWS\system32;C:\WINDOWS;C:\WINDOWS\System32\Wbem;C:\WINDOWS\System32\WindowsPowerShell\v1.0\;C:\WINDOWS\System32\OpenSSH\;C:\Program Files (x86)\NVIDIA Corporation\PhysX\Common;C:\Program Files\NVIDIA Corporation\NVIDIA NvDLISR;C:\Program Files\dotnet\;C:\Program Files\Git\cmd;C:\Users\DVDSTORE\AppData\Local\Microsoft\WindowsApps;C:\Users\DVDSTORE\AppData\Local\Programs\Microsoft VS Code\bin;;C:\Program Files\Apache NetBeans\bin\
USERNAME=DVDSTORE
OS=Windows_NT
PROCESSOR_IDENTIFIER=Intel64 Family 6 Model 151 Stepping 5, GenuineIntel
TMP=C:\Users\DVDSTORE\AppData\Local\Temp
TEMP=C:\Users\DVDSTORE\AppData\Local\Temp




Compilation memory statistics disabled.

Periodic native trim disabled

---------------  S Y S T E M  ---------------

OS:
 Windows 11 , 64 bit Build 26100 (10.0.26100.8875)
OS uptime: 3 days 17:10 hours

CPU: total 12 (initial active 12) (6 cores per cpu, 2 threads per core) family 6 model 151 stepping 5 microcode 0x2d, cx8, cmov, fxsr, ht, mmx, 3dnowpref, sse, sse2, sse3, ssse3, sse4.1, sse4.2, popcnt, lzcnt, tsc, tscinvbit, avx, avx2, aes, erms, clmul, bmi1, bmi2, adx, sha, fma, vzeroupper, clflush, clflushopt, clwb, serialize, rdtscp, rdpid, fsrm, gfni, f16c, pku, cet_ibt, cet_ss
Processor Information for the first 12 processors :
  Max Mhz: 2500, Current Mhz: 2500, Mhz Limit: 2500

Memory: 4k page, system-wide physical 16237M (1996M free)
TotalPageFile size 28525M (AvailPageFile size 373M)
current process WorkingSet (physical memory assigned to process): 57M, peak: 61M
current process commit charge ("private bytes"): 100M, peak: 107M

vm_info: OpenJDK 64-Bit Server VM (26.0.1+8) for windows-amd64 JRE (26.0.1+8), built on 2026-04-21T00:00:00Z with MS VC++ 17.12 (VS2022)

END.
