#
# There is insufficient memory for the Java Runtime Environment to continue.
# Native memory allocation (malloc) failed to allocate 1997592 bytes. Error detail: Chunk::new
# Possible reasons:
#   The system is out of physical RAM or swap space
#   This process is running with CompressedOops enabled, and the Java Heap may be blocking the growth of the native heap
# Possible solutions:
#   Reduce memory load on the system
#   Increase physical memory or swap space
#   Check if swap backing store is full
#   Decrease Java heap size (-Xmx/-Xms)
#   Decrease number of Java threads
#   Decrease Java thread stack sizes (-Xss)
#   Set larger code cache with -XX:ReservedCodeCacheSize=
#   JVM is running with Zero Based Compressed Oops mode in which the Java heap is
#     placed in the first 32GB address space. The Java Heap base address is the
#     maximum limit for the native heap growth. Please use -XX:HeapBaseMinAddress
#     to set the Java Heap base and to place the Java Heap above 32GB virtual address.
# This output file may be truncated or incomplete.
#
#  Out of Memory Error (arena.cpp:193), pid=55856, tid=58468
#
# JRE version: OpenJDK Runtime Environment Temurin-26.0.1+8 (26.0.1+8) (build 26.0.1+8)
# Java VM: OpenJDK 64-Bit Server VM Temurin-26.0.1+8 (26.0.1+8, mixed mode, sharing, tiered, compressed oops, compressed class ptrs, g1 gc, windows-amd64)
# No core dump will be written. Minidumps are not enabled by default on client versions of Windows
#

---------------  S U M M A R Y ------------

Command Line: --enable-native-access=ALL-UNNAMED -Dclassworlds.conf=C:\Program Files\Apache NetBeans\java\maven\bin\m2.conf -Dmaven.home=C:\Program Files\Apache NetBeans\java\maven -Dlibrary.jansi.path=C:\Program Files\Apache NetBeans\java\maven\lib\jansi-native -Dmaven.multiModuleProjectDirectory=C:\Users\DVDSTORE\Desktop\LeetCode\ArrayList\ArrayList org.codehaus.plexus.classworlds.launcher.Launcher -Dexec.vmArgs= -Dexec.args=${exec.vmArgs} -classpath %classpath ${exec.mainClass} ${exec.appArgs} -Dexec.appArgs= -Dexec.mainClass=com.mycompany.arraylist.Driver -Dexec.executable=C:\Program Files\Apache NetBeans\jdk\bin\java.exe -Dmaven.ext.class.path=C:\Program Files\Apache NetBeans\java\maven-nblib\netbeans-eventspy.jar --no-transfer-progress process-classes org.codehaus.mojo:exec-maven-plugin:3.5.1:exec

Host: 12th Gen Intel(R) Core(TM) i5-12400F, 12 cores, 15G,  Windows 11 , 64 bit Build 26100 (10.0.26100.8875)
Time: Wed Aug 19 09:14:36 2026 Egypt Daylight Time elapsed time: 18.205273 seconds (0d 0h 0m 18s)

---------------  T H R E A D  ---------------

Current thread (0x000001cbde9b97b0):  JavaThread "C2 CompilerThread0" daemon [_thread_in_native, id=58468, stack(0x0000004b98200000,0x0000004b98300000) (1024K)]


Current CompileTask:
C2:18205 1705       4       jdk.internal.jimage.BasicImageReader::getLocationIndex (52 bytes)

Stack: [0x0000004b98200000,0x0000004b98300000]
Native frames: (J=compiled Java code, j=interpreted, Vv=VM code, C=native code)
V  [jvm.dll+0x7db749]  (no source info available)
V  [jvm.dll+0x7a82bd]  (no source info available)
V  [jvm.dll+0xa44a60]  (no source info available)
V  [jvm.dll+0xa46eb1]  (no source info available)
V  [jvm.dll+0xa475c3]  (no source info available)
V  [jvm.dll+0x311a96]  (no source info available)
V  [jvm.dll+0x120316]  (no source info available)
V  [jvm.dll+0x12063e]  (no source info available)
V  [jvm.dll+0x1b2836]  (no source info available)
V  [jvm.dll+0x3ce802]  (no source info available)
V  [jvm.dll+0x7e430f]  (no source info available)
V  [jvm.dll+0x2d4597]  (no source info available)
V  [jvm.dll+0x2d350f]  (no source info available)
V  [jvm.dll+0x249670]  (no source info available)
V  [jvm.dll+0x2e363c]  (no source info available)
V  [jvm.dll+0x2e181d]  (no source info available)
V  [jvm.dll+0x4a82ae]  (no source info available)
V  [jvm.dll+0x9e3039]  (no source info available)
V  [jvm.dll+0x7dd228]  (no source info available)
C  [ucrtbase.dll+0x2cd30]  (no source info available)
C  [KERNEL32.DLL+0x2e957]  (no source info available)
C  [ntdll.dll+0xaad6c]  (no source info available)

Lock stack of current Java thread (top to bottom):


---------------  P R O C E S S  ---------------

Threads class SMR info:
_java_thread_list=0x000001cbe3db98b0, length=11, elements={
0x000001cbbc325090, 0x000001cbde9ae080, 0x000001cbde9af7a0, 0x000001cbde9b1990,
0x000001cbde9b2540, 0x000001cbde9b4100, 0x000001cbde9b88c0, 0x000001cbde9b97b0,
0x000001cbde9cf260, 0x000001cbe30f34f0, 0x000001cbe30fde90
}

Java Threads: ( => current thread )
  0x000001cbbc325090 JavaThread "main"                              [_thread_in_vm, id=56660, stack(0x0000004b97300000,0x0000004b97400000) (1024K)]
  0x000001cbde9ae080 JavaThread "Reference Handler"          daemon [_thread_blocked, id=56780, stack(0x0000004b97c00000,0x0000004b97d00000) (1024K)]
  0x000001cbde9af7a0 JavaThread "Finalizer"                  daemon [_thread_blocked, id=58512, stack(0x0000004b97d00000,0x0000004b97e00000) (1024K)]
  0x000001cbde9b1990 JavaThread "Signal Dispatcher"          daemon [_thread_blocked, id=58384, stack(0x0000004b97e00000,0x0000004b97f00000) (1024K)]
  0x000001cbde9b2540 JavaThread "Attach Listener"            daemon [_thread_blocked, id=58392, stack(0x0000004b97f00000,0x0000004b98000000) (1024K)]
  0x000001cbde9b4100 JavaThread "Service Thread"             daemon [_thread_blocked, id=58452, stack(0x0000004b98000000,0x0000004b98100000) (1024K)]
  0x000001cbde9b88c0 JavaThread "Monitor Deflation Thread"   daemon [_thread_blocked, id=58464, stack(0x0000004b98100000,0x0000004b98200000) (1024K)]
=>0x000001cbde9b97b0 JavaThread "C2 CompilerThread0"         daemon [_thread_in_native, id=58468, stack(0x0000004b98200000,0x0000004b98300000) (1024K)]
  0x000001cbde9cf260 JavaThread "C1 CompilerThread0"         daemon [_thread_blocked, id=58472, stack(0x0000004b98300000,0x0000004b98400000) (1024K)]
  0x000001cbe30f34f0 JavaThread "Notification Thread"        daemon [_thread_blocked, id=53244, stack(0x0000004b98400000,0x0000004b98500000) (1024K)]
  0x000001cbe30fde90 JavaThread "Common-Cleaner"             daemon [_thread_blocked, id=47264, stack(0x0000004b98500000,0x0000004b98600000) (1024K)]
Total: 11

Other Threads:
  0x000001cbde99c9c0 VMThread "VM Thread"                           [id=57948, stack(0x0000004b97b00000,0x0000004b97c00000) (1024K)]
  0x000001cbde85ef20 WatcherThread "VM Periodic Task Thread"        [id=57944, stack(0x0000004b97a00000,0x0000004b97b00000) (1024K)]
  0x000001cbbe7af5d0 WorkerThread "GC Thread#0"                     [id=58936, stack(0x0000004b97400000,0x0000004b97500000) (1024K)]
  0x000001cbe33baee0 WorkerThread "GC Thread#1"                     [id=58184, stack(0x0000004b98700000,0x0000004b98800000) (1024K)]
  0x000001cbe3d72370 WorkerThread "GC Thread#2"                     [id=60936, stack(0x0000004b98600000,0x0000004b98700000) (1024K)]
  0x000001cbe3a8d250 WorkerThread "GC Thread#3"                     [id=18740, stack(0x0000004b98900000,0x0000004b98a00000) (1024K)]
  0x000001cbbe7c8330 ConcurrentGCThread "G1 Main Marker"            [id=58940, stack(0x0000004b97500000,0x0000004b97600000) (1024K)]
  0x000001cbbe7c96c0 WorkerThread "G1 Conc#0"                       [id=58944, stack(0x0000004b97600000,0x0000004b97700000) (1024K)]
  0x000001cbbe7e9b00 WorkerThread "G1 Refinement Workers#0"         [id=58952, stack(0x0000004b97800000,0x0000004b97900000) (1024K)]
  0x000001cbbe7e8180 ConcurrentGCThread "G1 Refine Control"         [id=58948, stack(0x0000004b97700000,0x0000004b97800000) (1024K)]
  0x000001cbde857220 ConcurrentGCThread "G1 Service"                [id=58956, stack(0x0000004b97900000,0x0000004b97a00000) (1024K)]
Total: 11

Threads with active compile tasks:
C2 CompilerThread0  18427 1705       4       jdk.internal.jimage.BasicImageReader::getLocationIndex (52 bytes)
Total: 1

VM state: not at safepoint (normal execution)

VM Mutex/Monitor currently owned by a thread:  ([mutex/lock_event])
[0x00007fff8d0fd888] Metaspace_lock - owner thread: 0x000001cbbc325090

Heap address: 0x0000000702400000, size: 4060 MB, Compressed Oops mode: Zero based, Oop shift amount: 3

CDS archive(s) mapped at: [0x0000000089000000-0x0000000089de0000-0x0000000089de0000), size 14548992, SharedBaseAddress: 0x0000000089000000, ArchiveRelocationMode: 1.
Compressed class space mapped at: 0x000000008a000000-0x00000000ca000000, reserved size: 1073741824
UseCompressedClassPointers 1, UseCompactObjectHeaders 0
Narrow klass pointer bits 32, Max shift 3
Narrow klass base: 0x0000000089000000, Narrow klass shift: 0
Encoding Range: [0x0000000089000000 - 0x0000000189000000), (4294967296 bytes)
Klass Range:    [0x0000000089000000 - 0x00000000ca000000), (1090519040 bytes)
Klass ID Range:  [8 - 1090519033) (1090519025)
Protection zone: [0x0000000089000000 - 0x0000000089010000), (65536 bytes)

GC Precious Log:
 CardTable entry size: 512
 Card Set container configuration: InlinePtr #cards 4 size 8 Array Of Cards #cards 16 size 48 Howl #buckets 8 coarsen threshold 3686 Howl Bitmap #cards 512 size 80 coarsen threshold 460 Card regions per heap region 1 cards per card region 4096
 CPUs: 12 total, 12 available
 Memory: 16237M
 Large Page Support: Disabled
 NUMA Support: Disabled
 Compressed Oops: Enabled (Zero based)
 Heap Region Size: 2M
 Heap Min Capacity: 8M
 Heap Initial Capacity: 8M
 Heap Max Capacity: 4060M
 Pre-touch: Disabled
 Parallel Workers: 10
 Concurrent Workers: 3
 Concurrent Refinement Workers: 10
 Periodic GC: Disabled

Heap:
 garbage-first heap   total reserved 4157440K, committed 12288K, used 4973K [0x0000000702400000, 0x0000000800000000)
  region size 2M, 1 eden (2M), 1 survivor (2M), 3 old (6M), 0 humongous (0M), 1 free (2M)

Heap Regions: E=young(eden), S=young(survivor), O=old, HS=humongous(starts), HC=humongous(continues), CS=collection set, F=free, TAMS=top-at-mark-start, PB=parsable bottom
|    0|0x0000000702400000, 0x0000000702600000, 0x0000000702600000|100%| O|  |TAMS 0x0000000702400000| PB 0x0000000702400000| Untracked |  0
|    1|0x0000000702600000, 0x0000000702713bb0, 0x0000000702800000| 53%| S|CS|TAMS 0x0000000702600000| PB 0x0000000702600000| Complete  |  0
|    2|0x0000000702800000, 0x0000000702800000, 0x0000000702a00000|  0%| F|  |TAMS 0x0000000702800000| PB 0x0000000702800000| Untracked |  0
|    3|0x0000000702a00000, 0x0000000702a0f8d0, 0x0000000702c00000|  3%| E|CS|TAMS 0x0000000702a00000| PB 0x0000000702a00000| Complete  |  0
| 2028|0x00000007ffc00000, 0x00000007ffca0008, 0x00000007ffe00000| 31%| O|  |TAMS 0x00000007ffc00000| PB 0x00000007ffc00000| Untracked |  0
| 2029|0x00000007ffe00000, 0x00000007fff27b70, 0x0000000800000000| 57%| O|  |TAMS 0x00000007ffe00000| PB 0x00000007ffe00000| Untracked |  0

Card table byte_map: [0x000001cbd7b80000,0x000001cbd8370000] _byte_map_base: 0x000001cbd436e000
Refinement table byte_map: [0x000001cbd7390000,0x000001cbd7b80000] _byte_map_base: 0x000001cbd3b7e000

Marking Bits: (CMBitMap*) 0x000001cbbe7afd50
 Bits: [0x000001cbd8370000, 0x000001cbdc2e0000)

Polling page: 0x000001cbbc530000

Metaspace:
Metaspace        used 7095K, committed 7232K, reserved 1114112K
 class space     used 862K, committed 960K, reserved 1048576K

Usage:
  Non-class:      6.09 MB used.
      Class:    862.58 KB used.
       Both:      6.93 MB used.

Virtual space:
  Non-class space:       64.00 MB reserved,       6.12 MB ( 10%) committed,  1 nodes.
      Class space:        1.00 GB reserved,     960.00 KB ( <1%) committed,  1 nodes.
             Both:        1.06 GB reserved,       7.06 MB ( <1%) committed. 

Chunk freelists:
   Non-Class:  8.11 MB
       Class:  15.09 MB
        Both:  23.20 MB

MaxMetaspaceSize: unlimited
CompressedClassSpaceSize: 1.00 GB
Initial GC threshold: 21.00 MB
Current GC threshold: 21.00 MB
CDS: on
 - commit_granule_bytes: 65536.
 - commit_granule_words: 8192.
 - virtual_space_node_default_size: 8388608.
 - enlarge_chunks_in_place: 1.
UseCompressedClassPointers 1, UseCompactObjectHeaders 0
Narrow klass pointer bits 32, Max shift 3
Narrow klass base: 0x0000000089000000, Narrow klass shift: 0
Encoding Range: [0x0000000089000000 - 0x0000000189000000), (4294967296 bytes)
Klass Range:    [0x0000000089000000 - 0x00000000ca000000), (1090519040 bytes)
Klass ID Range:  [8 - 1090519033) (1090519025)
Protection zone: [0x0000000089000000 - 0x0000000089010000), (65536 bytes)


Internal statistics:

num_allocs_failed_limit: 0.
num_arena_births: 56.
num_arena_deaths: 0.
num_vsnodes_births: 2.
num_vsnodes_deaths: 0.
num_space_committed: 113.
num_space_uncommitted: 0.
num_chunks_returned_to_freelist: 0.
num_chunks_taken_from_freelist: 275.
num_chunk_merges: 0.
num_chunk_splits: 180.
num_chunks_enlarged: 149.
num_inconsistent_stats: 0.

CodeHeap 'non-profiled nmethods': size=120064Kb used=549Kb max_used=549Kb free=119514Kb
 bounds [0x000001cbcf110000, 0x000001cbcf380000, 0x000001cbd6650000]
CodeHeap 'profiled nmethods': size=120064Kb used=2513Kb max_used=2513Kb free=117550Kb
 bounds [0x000001cbc7630000, 0x000001cbc78b0000, 0x000001cbceb70000]
CodeHeap 'non-nmethods': size=5760Kb used=1356Kb max_used=1400Kb free=4404Kb
 bounds [0x000001cbceb70000, 0x000001cbcede0000, 0x000001cbcf110000]
CodeCache: size=245888Kb, used=4418Kb, max_used=4462Kb, free=241468Kb
 total_blobs=2202, nmethods=1733, adapters=373, full_count=0
Compilation: enabled, stopped_count=0, restarted_count=0

Compilation events (20 events):
Event: 17.039 Thread 0x000001cbde9cf260 nmethod 1696 0x000001cbc788f788 code [0x000001cbc788f880, 0x000001cbc788fe28]
Event: 17.040 Thread 0x000001cbde9cf260 1697       3       jdk.internal.loader.AbstractClassLoaderValue::extractValue (17 bytes)
Event: 17.040 Thread 0x000001cbde9cf260 nmethod 1697 0x000001cbc788fe88 code [0x000001cbc788ff80, 0x000001cbc7890328]
Event: 17.041 Thread 0x000001cbde9b97b0 1698       4       org.objectweb.asm.ClassReader::readUtf (44 bytes)
Event: 17.051 Thread 0x000001cbde9b97b0 nmethod 1698 0x000001cbcf197e08 code [0x000001cbcf197f00, 0x000001cbcf1988b0]
Event: 17.118 Thread 0x000001cbde9cf260 1699       3       com.google.common.cache.LocalCache::recordsAccess (5 bytes)
Event: 17.118 Thread 0x000001cbde9cf260 nmethod 1699 0x000001cbc7890388 code [0x000001cbc7890480, 0x000001cbc78906a8]
Event: 17.118 Thread 0x000001cbde9cf260 1700       3       com.google.common.cache.LocalCache::refreshes (15 bytes)
Event: 17.118 Thread 0x000001cbde9cf260 nmethod 1700 0x000001cbc7890708 code [0x000001cbc7890800, 0x000001cbc7890950]
Event: 17.118 Thread 0x000001cbde9cf260 1701       3       java.net.URLConnection::setUseCaches (10 bytes)
Event: 17.118 Thread 0x000001cbde9cf260 nmethod 1701 0x000001cbc7890a08 code [0x000001cbc7890b00, 0x000001cbc7890d80]
Event: 17.195 Thread 0x000001cbde9cf260 1702   !   3       sun.reflect.annotation.AnnotationParser::parseAnnotation2 (275 bytes)
Event: 17.196 Thread 0x000001cbde9b97b0 1705       4       jdk.internal.jimage.BasicImageReader::getLocationIndex (52 bytes)
Event: 17.196 Thread 0x000001cbde9cf260 nmethod 1702 0x000001cbc7890d88 code [0x000001cbc7890e80, 0x000001cbc7892810]
Event: 17.196 Thread 0x000001cbde9cf260 1706       3       sun.nio.fs.NativeBuffers::releaseNativeBuffer (97 bytes)
Event: 17.197 Thread 0x000001cbde9cf260 nmethod 1706 0x000001cbc7892888 code [0x000001cbc7892980, 0x000001cbc78944b0]
Event: 17.197 Thread 0x000001cbde9cf260 1703       3       sun.net.www.protocol.jar.JarURLConnection::getUseCaches (8 bytes)
Event: 17.197 Thread 0x000001cbde9cf260 nmethod 1703 0x000001cbc7894508 code [0x000001cbc7894600, 0x000001cbc78947d0]
Event: 17.197 Thread 0x000001cbde9cf260 1704       1       sun.net.www.protocol.jar.JarURLConnection::access$000 (5 bytes)
Event: 17.197 Thread 0x000001cbde9cf260 nmethod 1704 0x000001cbcf198908 code [0x000001cbcf198a00, 0x000001cbcf198aa0]

GC Heap Usage History (20 events):
Event: 10.610 {heap Before GC invocations=6 (full 0):
 garbage-first heap   total reserved 4157440K, committed 12288K, used 6113K [0x0000000702400000, 0x0000000800000000)
  region size 2M, 1 eden (2M), 1 survivor (2M), 3 old (6M), 0 humongous (0M), 1 free (2M)
}
Event: 10.611 {heap After GC invocations=7 (full 0):
 garbage-first heap   total reserved 4157440K, committed 12288K, used 4153K [0x0000000702400000, 0x0000000800000000)
  region size 2M, 0 eden (0M), 1 survivor (2M), 3 old (6M), 0 humongous (0M), 2 free (4M)
}
Event: 12.306 {heap Before GC invocations=7 (full 0):
 garbage-first heap   total reserved 4157440K, committed 12288K, used 6201K [0x0000000702400000, 0x0000000800000000)
  region size 2M, 1 eden (2M), 1 survivor (2M), 3 old (6M), 0 humongous (0M), 1 free (2M)
}
Event: 12.308 {heap After GC invocations=8 (full 0):
 garbage-first heap   total reserved 4157440K, committed 12288K, used 4300K [0x0000000702400000, 0x0000000800000000)
  region size 2M, 0 eden (0M), 1 survivor (2M), 3 old (6M), 0 humongous (0M), 2 free (4M)
}
Event: 12.584 {heap Before GC invocations=8 (full 0):
 garbage-first heap   total reserved 4157440K, committed 12288K, used 6348K [0x0000000702400000, 0x0000000800000000)
  region size 2M, 1 eden (2M), 1 survivor (2M), 3 old (6M), 0 humongous (0M), 1 free (2M)
}
Event: 12.587 {heap After GC invocations=9 (full 0):
 garbage-first heap   total reserved 4157440K, committed 12288K, used 4377K [0x0000000702400000, 0x0000000800000000)
  region size 2M, 0 eden (0M), 1 survivor (2M), 3 old (6M), 0 humongous (0M), 2 free (4M)
}
Event: 12.872 {heap Before GC invocations=9 (full 0):
 garbage-first heap   total reserved 4157440K, committed 12288K, used 6425K [0x0000000702400000, 0x0000000800000000)
  region size 2M, 1 eden (2M), 1 survivor (2M), 3 old (6M), 0 humongous (0M), 1 free (2M)
}
Event: 12.874 {heap After GC invocations=10 (full 0):
 garbage-first heap   total reserved 4157440K, committed 12288K, used 4451K [0x0000000702400000, 0x0000000800000000)
  region size 2M, 0 eden (0M), 1 survivor (2M), 3 old (6M), 0 humongous (0M), 2 free (4M)
}
Event: 12.952 {heap Before GC invocations=10 (full 0):
 garbage-first heap   total reserved 4157440K, committed 12288K, used 6499K [0x0000000702400000, 0x0000000800000000)
  region size 2M, 1 eden (2M), 1 survivor (2M), 3 old (6M), 0 humongous (0M), 1 free (2M)
}
Event: 12.954 {heap After GC invocations=11 (full 0):
 garbage-first heap   total reserved 4157440K, committed 12288K, used 4443K [0x0000000702400000, 0x0000000800000000)
  region size 2M, 0 eden (0M), 1 survivor (2M), 3 old (6M), 0 humongous (0M), 2 free (4M)
}
Event: 13.664 {heap Before GC invocations=11 (full 0):
 garbage-first heap   total reserved 4157440K, committed 12288K, used 6491K [0x0000000702400000, 0x0000000800000000)
  region size 2M, 1 eden (2M), 1 survivor (2M), 3 old (6M), 0 humongous (0M), 1 free (2M)
}
Event: 13.666 {heap After GC invocations=12 (full 0):
 garbage-first heap   total reserved 4157440K, committed 12288K, used 4630K [0x0000000702400000, 0x0000000800000000)
  region size 2M, 0 eden (0M), 1 survivor (2M), 3 old (6M), 0 humongous (0M), 2 free (4M)
}
Event: 14.288 {heap Before GC invocations=12 (full 0):
 garbage-first heap   total reserved 4157440K, committed 12288K, used 6678K [0x0000000702400000, 0x0000000800000000)
  region size 2M, 1 eden (2M), 1 survivor (2M), 3 old (6M), 0 humongous (0M), 1 free (2M)
}
Event: 14.291 {heap After GC invocations=13 (full 0):
 garbage-first heap   total reserved 4157440K, committed 12288K, used 4685K [0x0000000702400000, 0x0000000800000000)
  region size 2M, 0 eden (0M), 1 survivor (2M), 3 old (6M), 0 humongous (0M), 2 free (4M)
}
Event: 15.069 {heap Before GC invocations=13 (full 0):
 garbage-first heap   total reserved 4157440K, committed 12288K, used 4685K [0x0000000702400000, 0x0000000800000000)
  region size 2M, 1 eden (2M), 1 survivor (2M), 3 old (6M), 0 humongous (0M), 1 free (2M)
}
Event: 15.072 {heap After GC invocations=14 (full 0):
 garbage-first heap   total reserved 4157440K, committed 12288K, used 4716K [0x0000000702400000, 0x0000000800000000)
  region size 2M, 0 eden (0M), 1 survivor (2M), 3 old (6M), 0 humongous (0M), 2 free (4M)
}
Event: 15.994 {heap Before GC invocations=14 (full 0):
 garbage-first heap   total reserved 4157440K, committed 12288K, used 6764K [0x0000000702400000, 0x0000000800000000)
  region size 2M, 1 eden (2M), 1 survivor (2M), 3 old (6M), 0 humongous (0M), 1 free (2M)
}
Event: 15.995 {heap After GC invocations=15 (full 0):
 garbage-first heap   total reserved 4157440K, committed 12288K, used 4801K [0x0000000702400000, 0x0000000800000000)
  region size 2M, 0 eden (0M), 1 survivor (2M), 3 old (6M), 0 humongous (0M), 2 free (4M)
}
Event: 16.765 {heap Before GC invocations=15 (full 0):
 garbage-first heap   total reserved 4157440K, committed 12288K, used 4801K [0x0000000702400000, 0x0000000800000000)
  region size 2M, 1 eden (2M), 1 survivor (2M), 3 old (6M), 0 humongous (0M), 1 free (2M)
}
Event: 16.768 {heap After GC invocations=16 (full 0):
 garbage-first heap   total reserved 4157440K, committed 12288K, used 4912K [0x0000000702400000, 0x0000000800000000)
  region size 2M, 0 eden (0M), 1 survivor (2M), 3 old (6M), 0 humongous (0M), 2 free (4M)
}

Metaspace Usage History (20 events):
Event: 10.610 {metaspace Before GC invocations=6 (full 0):
 Metaspace       used 5095K, committed 5248K, reserved 1114112K
  class space    used 602K, committed 640K, reserved 1048576K
}
Event: 10.611 {metaspace After GC invocations=7 (full 0):
 Metaspace       used 5095K, committed 5248K, reserved 1114112K
  class space    used 602K, committed 640K, reserved 1048576K
}
Event: 12.306 {metaspace Before GC invocations=7 (full 0):
 Metaspace       used 5457K, committed 5632K, reserved 1114112K
  class space    used 654K, committed 768K, reserved 1048576K
}
Event: 12.308 {metaspace After GC invocations=8 (full 0):
 Metaspace       used 5457K, committed 5632K, reserved 1114112K
  class space    used 654K, committed 768K, reserved 1048576K
}
Event: 12.584 {metaspace Before GC invocations=8 (full 0):
 Metaspace       used 5531K, committed 5760K, reserved 1114112K
  class space    used 669K, committed 768K, reserved 1048576K
}
Event: 12.587 {metaspace After GC invocations=9 (full 0):
 Metaspace       used 5531K, committed 5760K, reserved 1114112K
  class space    used 669K, committed 768K, reserved 1048576K
}
Event: 12.872 {metaspace Before GC invocations=9 (full 0):
 Metaspace       used 5595K, committed 5760K, reserved 1114112K
  class space    used 680K, committed 768K, reserved 1048576K
}
Event: 12.874 {metaspace After GC invocations=10 (full 0):
 Metaspace       used 5595K, committed 5760K, reserved 1114112K
  class space    used 680K, committed 768K, reserved 1048576K
}
Event: 12.952 {metaspace Before GC invocations=10 (full 0):
 Metaspace       used 5740K, committed 5952K, reserved 1114112K
  class space    used 704K, committed 832K, reserved 1048576K
}
Event: 12.954 {metaspace After GC invocations=11 (full 0):
 Metaspace       used 5740K, committed 5952K, reserved 1114112K
  class space    used 704K, committed 832K, reserved 1048576K
}
Event: 13.664 {metaspace Before GC invocations=11 (full 0):
 Metaspace       used 6026K, committed 6208K, reserved 1114112K
  class space    used 734K, committed 832K, reserved 1048576K
}
Event: 13.666 {metaspace After GC invocations=12 (full 0):
 Metaspace       used 6026K, committed 6208K, reserved 1114112K
  class space    used 734K, committed 832K, reserved 1048576K
}
Event: 14.288 {metaspace Before GC invocations=12 (full 0):
 Metaspace       used 6326K, committed 6528K, reserved 1114112K
  class space    used 770K, committed 896K, reserved 1048576K
}
Event: 14.291 {metaspace After GC invocations=13 (full 0):
 Metaspace       used 6326K, committed 6528K, reserved 1114112K
  class space    used 770K, committed 896K, reserved 1048576K
}
Event: 15.069 {metaspace Before GC invocations=13 (full 0):
 Metaspace       used 6564K, committed 6720K, reserved 1114112K
  class space    used 801K, committed 896K, reserved 1048576K
}
Event: 15.072 {metaspace After GC invocations=14 (full 0):
 Metaspace       used 6564K, committed 6720K, reserved 1114112K
  class space    used 801K, committed 896K, reserved 1048576K
}
Event: 15.994 {metaspace Before GC invocations=14 (full 0):
 Metaspace       used 6737K, committed 6912K, reserved 1114112K
  class space    used 817K, committed 896K, reserved 1048576K
}
Event: 15.995 {metaspace After GC invocations=15 (full 0):
 Metaspace       used 6737K, committed 6912K, reserved 1114112K
  class space    used 817K, committed 896K, reserved 1048576K
}
Event: 16.765 {metaspace Before GC invocations=15 (full 0):
 Metaspace       used 6895K, committed 7104K, reserved 1114112K
  class space    used 840K, committed 960K, reserved 1048576K
}
Event: 16.768 {metaspace After GC invocations=16 (full 0):
 Metaspace       used 6895K, committed 7104K, reserved 1114112K
  class space    used 840K, committed 960K, reserved 1048576K
}

Dll operation events (14 events):
Event: 0.202 Attempting to load shared library C:\Program Files\Apache NetBeans\jdk\bin\java.dll
Event: 0.205 Loaded shared library C:\Program Files\Apache NetBeans\jdk\bin\java.dll
Event: 0.688 Attempting to load shared library C:\Program Files\Apache NetBeans\jdk\bin\net.dll
Event: 0.688 Loaded shared library C:\Program Files\Apache NetBeans\jdk\bin\net.dll
Event: 0.690 Attempting to load shared library C:\Program Files\Apache NetBeans\jdk\bin\nio.dll
Event: 0.690 Loaded shared library C:\Program Files\Apache NetBeans\jdk\bin\nio.dll
Event: 0.693 Attempting to load shared library C:\Program Files\Apache NetBeans\jdk\bin\zip.dll
Event: 0.694 Loaded shared library C:\Program Files\Apache NetBeans\jdk\bin\zip.dll
Event: 2.045 Attempting to load shared library C:\Program Files\Apache NetBeans\java\maven\lib\jansi-native\Windows\x86_64\jansi.dll
Event: 2.585 Loaded shared library C:\Program Files\Apache NetBeans\java\maven\lib\jansi-native\Windows\x86_64\jansi.dll
Event: 2.762 Attempting to load shared library C:\Program Files\Apache NetBeans\jdk\bin\verify.dll
Event: 2.763 Loaded shared library C:\Program Files\Apache NetBeans\jdk\bin\verify.dll
Event: 5.230 Attempting to load shared library C:\Program Files\Apache NetBeans\jdk\bin\jimage.dll
Event: 5.230 Loaded shared library C:\Program Files\Apache NetBeans\jdk\bin\jimage.dll

Deoptimization events (20 events):
Event: 14.525 Thread 0x000001cbbc325090 DEOPT PACKING pc=0x000001cbcf189384 sp=0x0000004b973fde60
Event: 14.525 Thread 0x000001cbbc325090 DEOPT UNPACKING pc=0x000001cbcec92602 sp=0x0000004b973fddd8 mode 2
Event: 14.525 Thread 0x000001cbbc325090 Uncommon trap: trap_request=0xffffffde fr.pc=0x000001cbcf189384 relative=0x0000000000000104
Event: 14.525 Thread 0x000001cbbc325090 Uncommon trap: reason=class_check action=maybe_recompile pc=0x000001cbcf189384 method=jdk.internal.misc.Unsafe.allocateUninitializedArray(Ljava/lang/Class;I)Ljava/lang/Object; @ 51 c2
Event: 14.525 Thread 0x000001cbbc325090 DEOPT PACKING pc=0x000001cbcf189384 sp=0x0000004b973fdf10
Event: 14.525 Thread 0x000001cbbc325090 DEOPT UNPACKING pc=0x000001cbcec92602 sp=0x0000004b973fde88 mode 2
Event: 15.072 Thread 0x000001cbbc325090 Uncommon trap: trap_request=0xffffff45 fr.pc=0x000001cbcf188a54 relative=0x00000000000005d4
Event: 15.072 Thread 0x000001cbbc325090 Uncommon trap: reason=unstable_if action=reinterpret pc=0x000001cbcf188a54 method=java.lang.String.<init>([CIILjava/lang/Void;)V @ 5 c2
Event: 15.072 Thread 0x000001cbbc325090 DEOPT PACKING pc=0x000001cbcf188a54 sp=0x0000004b973fe1e0
Event: 15.072 Thread 0x000001cbbc325090 DEOPT UNPACKING pc=0x000001cbcec92602 sp=0x0000004b973fe060 mode 2
Event: 15.587 Thread 0x000001cbbc325090 DEOPT PACKING pc=0x000001cbc780cde0 sp=0x0000004b973fe350
Event: 15.587 Thread 0x000001cbbc325090 DEOPT UNPACKING pc=0x000001cbcebc1a02 sp=0x0000004b973fd7c0 mode 0
Event: 16.757 Thread 0x000001cbbc325090 Uncommon trap: trap_request=0xffffff45 fr.pc=0x000001cbcf1960fc relative=0x00000000000016fc
Event: 16.757 Thread 0x000001cbbc325090 Uncommon trap: reason=unstable_if action=reinterpret pc=0x000001cbcf1960fc method=jdk.internal.jimage.ImageLocation.verifyName(Ljava/lang/String;Ljava/lang/String;IIIIIILjdk/internal/jimage/ImageStrings;)Z @ 27 c2
Event: 16.757 Thread 0x000001cbbc325090 DEOPT PACKING pc=0x000001cbcf1960fc sp=0x0000004b973fe300
Event: 16.757 Thread 0x000001cbbc325090 DEOPT UNPACKING pc=0x000001cbcec92602 sp=0x0000004b973fe1b0 mode 2
Event: 17.040 Thread 0x000001cbbc325090 Uncommon trap: trap_request=0xffffffc6 fr.pc=0x000001cbcf18c61c relative=0x000000000000039c
Event: 17.040 Thread 0x000001cbbc325090 Uncommon trap: reason=bimorphic_or_optimized_type_check action=maybe_recompile pc=0x000001cbcf18c61c method=java.util.concurrent.ConcurrentHashMap.get(Ljava/lang/Object;)Ljava/lang/Object; @ 149 c2
Event: 17.040 Thread 0x000001cbbc325090 DEOPT PACKING pc=0x000001cbcf18c61c sp=0x0000004b973fdb30
Event: 17.040 Thread 0x000001cbbc325090 DEOPT UNPACKING pc=0x000001cbcec92602 sp=0x0000004b973fdaa0 mode 2

Classes loaded (20 events):
Event: 10.779 Loading class sun/reflect/generics/factory/GenericsFactory done
Event: 10.779 Loading class sun/reflect/generics/factory/CoreReflectionFactory done
Event: 10.779 Loading class sun/reflect/generics/tree/TypeVariableSignature
Event: 10.779 Loading class sun/reflect/generics/tree/TypeVariableSignature done
Event: 10.779 Loading class sun/reflect/generics/visitor/Reifier
Event: 10.779 Loading class sun/reflect/generics/visitor/TypeTreeVisitor
Event: 10.779 Loading class sun/reflect/generics/visitor/TypeTreeVisitor done
Event: 10.779 Loading class sun/reflect/generics/visitor/Reifier done
Event: 10.887 Loading class java/lang/annotation/IncompleteAnnotationException
Event: 10.887 Loading class java/lang/annotation/IncompleteAnnotationException done
Event: 12.343 Loading class java/lang/foreign/MemorySegment
Event: 12.343 Loading class java/lang/foreign/MemorySegment done
Event: 12.950 Loading class sun/reflect/generics/reflectiveObjects/TypeVariableImpl
Event: 12.950 Loading class sun/reflect/generics/reflectiveObjects/LazyReflectiveObjectGenerator
Event: 12.950 Loading class sun/reflect/generics/reflectiveObjects/LazyReflectiveObjectGenerator done
Event: 12.950 Loading class sun/reflect/generics/reflectiveObjects/TypeVariableImpl done
Event: 12.950 Loading class sun/reflect/generics/reflectiveObjects/ParameterizedTypeImpl
Event: 12.950 Loading class sun/reflect/generics/reflectiveObjects/ParameterizedTypeImpl done
Event: 17.034 Loading class java/lang/Deprecated
Event: 17.034 Loading class java/lang/Deprecated done

Classes unloaded (0 events):
No events

Classes redefined (0 events):
No events

Internal exceptions (20 events):
Event: 2.761 Thread 0x000001cbbc325090 Exception <a 'sun/nio/fs/WindowsException'{0x00000007029f5368}> (0x00000007029f5368) 
thrown [s\src\hotspot\share\prims\jni.cpp, line 514]
Event: 2.761 Thread 0x000001cbbc325090 Exception <a 'sun/nio/fs/WindowsException'{0x00000007029f59a0}> (0x00000007029f59a0) 
thrown [s\src\hotspot\share\prims\jni.cpp, line 514]
Event: 2.761 Thread 0x000001cbbc325090 Exception <a 'sun/nio/fs/WindowsException'{0x00000007029f5f88}> (0x00000007029f5f88) 
thrown [s\src\hotspot\share\prims\jni.cpp, line 514]
Event: 2.761 Thread 0x000001cbbc325090 Exception <a 'sun/nio/fs/WindowsException'{0x00000007029f64f8}> (0x00000007029f64f8) 
thrown [s\src\hotspot\share\prims\jni.cpp, line 514]
Event: 2.761 Thread 0x000001cbbc325090 Exception <a 'sun/nio/fs/WindowsException'{0x00000007029f6a48}> (0x00000007029f6a48) 
thrown [s\src\hotspot\share\prims\jni.cpp, line 514]
Event: 2.761 Thread 0x000001cbbc325090 Exception <a 'sun/nio/fs/WindowsException'{0x00000007029f6f38}> (0x00000007029f6f38) 
thrown [s\src\hotspot\share\prims\jni.cpp, line 514]
Event: 2.761 Thread 0x000001cbbc325090 Exception <a 'sun/nio/fs/WindowsException'{0x00000007029f73e0}> (0x00000007029f73e0) 
thrown [s\src\hotspot\share\prims\jni.cpp, line 514]
Event: 5.350 Thread 0x000001cbbc325090 Exception <a 'java/lang/NoSuchMethodError'{0x0000000702a6c4d8}: 'void java.lang.invoke.DirectMethodHandle$Holder.invokeVirtual(java.lang.Object, java.lang.Object)'> (0x0000000702a6c4d8) 
thrown [s\src\hotspot\share\interpreter\linkResolver.cpp, line 804]
Event: 5.352 Thread 0x000001cbbc325090 Exception <a 'java/lang/NoSuchMethodError'{0x0000000702a8dec0}: 'void java.lang.invoke.DirectMethodHandle$Holder.invokeStatic(java.lang.Object, java.lang.Object)'> (0x0000000702a8dec0) 
thrown [s\src\hotspot\share\interpreter\linkResolver.cpp, line 804]
Event: 5.353 Thread 0x000001cbbc325090 Exception <a 'java/lang/NoSuchMethodError'{0x0000000702a95c68}: 'void java.lang.invoke.DirectMethodHandle$Holder.invokeStaticInit(java.lang.Object, java.lang.Object)'> (0x0000000702a95c68) 
thrown [s\src\hotspot\share\interpreter\linkResolver.cpp, line 804]
Event: 5.922 Thread 0x000001cbbc325090 Exception <a 'java/lang/NoSuchMethodError'{0x0000000702ac56f0}: 'void java.lang.invoke.DirectMethodHandle$Holder.invokeSpecial(java.lang.Object, java.lang.Object, java.lang.Object, java.lang.Object, java.lang.Object)'> (0x0000000702ac56f0) 
thrown [s\src\hotspot\share\interpreter\linkResolver.cpp, line 804]
Event: 5.931 Thread 0x000001cbbc325090 Exception <a 'java/lang/NoSuchMethodError'{0x0000000702b06a38}: 'void java.lang.invoke.DirectMethodHandle$Holder.invokeStatic(java.lang.Object, java.lang.Object, java.lang.Object)'> (0x0000000702b06a38) 
thrown [s\src\hotspot\share\interpreter\linkResolver.cpp, line 804]
Event: 7.443 Thread 0x000001cbbc325090 Exception <a 'java/lang/NoSuchMethodError'{0x0000000702a951e0}: 'java.lang.Object java.lang.invoke.DirectMethodHandle$Holder.invokeSpecialIFC(java.lang.Object, java.lang.Object, java.lang.Object, java.lang.Object)'> (0x0000000702a951e0) 
thrown [s\src\hotspot\share\interpreter\linkResolver.cpp, line 804]
Event: 9.588 Thread 0x000001cbbc325090 Exception <a 'java/lang/NoSuchMethodError'{0x0000000702bb7c80}: 'void java.lang.invoke.DirectMethodHandle$Holder.invokeSpecial(java.lang.Object, java.lang.Object, java.lang.Object)'> (0x0000000702bb7c80) 
thrown [s\src\hotspot\share\interpreter\linkResolver.cpp, line 804]
Event: 10.246 Thread 0x000001cbbc325090 Exception <a 'java/lang/NoSuchMethodError'{0x0000000702b69958}: 'java.lang.Object java.lang.invoke.DirectMethodHandle$Holder.invokeInterface(java.lang.Object, java.lang.Object)'> (0x0000000702b69958) 
thrown [s\src\hotspot\share\interpreter\linkResolver.cpp, line 804]
Event: 10.437 Thread 0x000001cbbc325090 Exception <a 'java/lang/NoSuchMethodError'{0x0000000702a16648}: 'int java.lang.invoke.DirectMethodHandle$Holder.invokeStatic(java.lang.Object, java.lang.Object, java.lang.Object, java.lang.Object)'> (0x0000000702a16648) 
thrown [s\src\hotspot\share\interpreter\linkResolver.cpp, line 804]
Event: 10.478 Thread 0x000001cbbc325090 Exception <a 'java/lang/NoSuchMethodError'{0x0000000702a3ff20}: 'int java.lang.invoke.DirectMethodHandle$Holder.invokeSpecialIFC(java.lang.Object, java.lang.Object, java.lang.Object, java.lang.Object, java.lang.Object)'> (0x0000000702a3ff20) 
thrown [s\src\hotspot\share\interpreter\linkResolver.cpp, line 804]
Event: 10.600 Thread 0x000001cbbc325090 Exception <a 'java/lang/NoSuchMethodError'{0x0000000702b8f490}: 'java.lang.Object java.lang.invoke.DirectMethodHandle$Holder.newInvokeSpecial(java.lang.Object, java.lang.Object, java.lang.Object, java.lang.Object, java.lang.Object)'> (0x0000000702b8f490) 
thrown [s\src\hotspot\share\interpreter\linkResolver.cpp, line 804]
Event: 10.786 Thread 0x000001cbbc325090 Exception <a 'java/lang/NoSuchMethodError'{0x0000000702aaa0e8}: 'int java.lang.invoke.DirectMethodHandle$Holder.invokeStaticInit(java.lang.Object, java.lang.Object)'> (0x0000000702aaa0e8) 
thrown [s\src\hotspot\share\interpreter\linkResolver.cpp, line 804]
Event: 10.898 Thread 0x000001cbbc325090 Exception <a 'java/lang/NoClassDefFoundError'{0x0000000702ae51d8}: javax/enterprise/inject/Typed> (0x0000000702ae51d8) 
thrown [s\src\hotspot\share\classfile\systemDictionary.cpp, line 318]

VM Operations (20 events):
Event: 10.610 Executing safepoint VM operation: G1CollectForAllocation (G1 Evacuation Pause)
Event: 10.611 Executing safepoint VM operation: G1CollectForAllocation (G1 Evacuation Pause) done
Event: 12.306 Executing safepoint VM operation: G1CollectForAllocation (G1 Evacuation Pause)
Event: 12.308 Executing safepoint VM operation: G1CollectForAllocation (G1 Evacuation Pause) done
Event: 12.584 Executing safepoint VM operation: G1CollectForAllocation (G1 Evacuation Pause)
Event: 12.587 Executing safepoint VM operation: G1CollectForAllocation (G1 Evacuation Pause) done
Event: 12.872 Executing safepoint VM operation: G1CollectForAllocation (G1 Evacuation Pause)
Event: 12.874 Executing safepoint VM operation: G1CollectForAllocation (G1 Evacuation Pause) done
Event: 12.952 Executing safepoint VM operation: G1CollectForAllocation (G1 Evacuation Pause)
Event: 12.954 Executing safepoint VM operation: G1CollectForAllocation (G1 Evacuation Pause) done
Event: 13.663 Executing safepoint VM operation: G1CollectForAllocation (G1 Evacuation Pause)
Event: 13.666 Executing safepoint VM operation: G1CollectForAllocation (G1 Evacuation Pause) done
Event: 14.288 Executing safepoint VM operation: G1CollectForAllocation (G1 Evacuation Pause)
Event: 14.291 Executing safepoint VM operation: G1CollectForAllocation (G1 Evacuation Pause) done
Event: 15.069 Executing safepoint VM operation: G1CollectForAllocation (G1 Evacuation Pause)
Event: 15.072 Executing safepoint VM operation: G1CollectForAllocation (G1 Evacuation Pause) done
Event: 15.994 Executing safepoint VM operation: G1CollectForAllocation (G1 Evacuation Pause)
Event: 15.995 Executing safepoint VM operation: G1CollectForAllocation (G1 Evacuation Pause) done
Event: 16.765 Executing safepoint VM operation: G1CollectForAllocation (G1 Evacuation Pause)
Event: 16.768 Executing safepoint VM operation: G1CollectForAllocation (G1 Evacuation Pause) done

Memory protections (0 events):
No events

Nmethod flushes (0 events):
No events

Events (20 events):
Event: 0.670 Thread 0x000001cbbc325090 Thread added: 0x000001cbde9b4100
Event: 0.670 Thread 0x000001cbbc325090 Thread added: 0x000001cbde9b88c0
Event: 0.670 Thread 0x000001cbbc325090 Thread added: 0x000001cbde9b97b0
Event: 0.671 Thread 0x000001cbbc325090 Thread added: 0x000001cbde9cf260
Event: 0.684 Thread 0x000001cbbc325090 Thread added: 0x000001cbe30f34f0
Event: 0.686 Thread 0x000001cbbc325090 Thread added: 0x000001cbe30fde90
Event: 0.970 Thread 0x000001cbde9cf260 Thread added: 0x000001cbe318f440
Event: 1.093 Thread 0x000001cbe318f440 Thread exited: 0x000001cbe318f440
Event: 2.043 Thread 0x000001cbbc325090 Thread added: 0x000001cbe33a2250
Event: 5.246 Thread 0x000001cbe33a2250 Thread exited: 0x000001cbe33a2250
Event: 7.814 Thread 0x000001cbde9cf260 Thread added: 0x000001cbe3c85a20
Event: 8.015 Thread 0x000001cbe3c85a20 Thread exited: 0x000001cbe3c85a20
Event: 11.966 Thread 0x000001cbde9cf260 Thread added: 0x000001cbe3ddec80
Event: 12.232 Thread 0x000001cbe3ddec80 Thread exited: 0x000001cbe3ddec80
Event: 12.345 Thread 0x000001cbde9b97b0 Thread added: 0x000001cbe3e821f0
Event: 12.462 Thread 0x000001cbe3e821f0 Thread exited: 0x000001cbe3e821f0
Event: 12.592 Thread 0x000001cbde9cf260 Thread added: 0x000001cbe3dd4d70
Event: 12.592 Thread 0x000001cbde9cf260 Thread added: 0x000001cbe38da980
Event: 12.870 Thread 0x000001cbe38da980 Thread exited: 0x000001cbe38da980
Event: 12.872 Thread 0x000001cbe3dd4d70 Thread exited: 0x000001cbe3dd4d70


Dynamic libraries:
0x00007ff623720000 - 0x00007ff62372e000 	C:\Program Files\Apache NetBeans\jdk\bin\java.exe
0x00007ff832b60000 - 0x00007ff832dc6000 	C:\WINDOWS\SYSTEM32\ntdll.dll
0x00007ff831820000 - 0x00007ff8318e9000 	C:\WINDOWS\System32\KERNEL32.DLL
0x00007ff82fd80000 - 0x00007ff83017e000 	C:\WINDOWS\System32\KERNELBASE.dll
0x00007ff82cc20000 - 0x00007ff82ccc0000 	C:\WINDOWS\SYSTEM32\apphelp.dll
0x00007ff830670000 - 0x00007ff8307bc000 	C:\WINDOWS\System32\ucrtbase.dll
0x00007ff805820000 - 0x00007ff805837000 	C:\Program Files\Apache NetBeans\jdk\bin\jli.dll
0x00007ff8315a0000 - 0x00007ff831767000 	C:\WINDOWS\System32\USER32.dll
0x00007ff830440000 - 0x00007ff830467000 	C:\WINDOWS\System32\win32u.dll
0x00007ff8312b0000 - 0x00007ff8312db000 	C:\WINDOWS\System32\GDI32.dll
0x00007ff830190000 - 0x00007ff8302ba000 	C:\WINDOWS\System32\gdi32full.dll
0x00007ff830470000 - 0x00007ff830513000 	C:\WINDOWS\System32\msvcp_win.dll
0x00007ff806240000 - 0x00007ff80625e000 	C:\Program Files\Apache NetBeans\jdk\bin\VCRUNTIME140.dll
0x00007ff815670000 - 0x00007ff815902000 	C:\WINDOWS\WinSxS\amd64_microsoft.windows.common-controls_6595b64144ccf1df_6.0.26100.8875_none_3e0d5d42e32fe9dd\COMCTL32.dll
0x00007ff831770000 - 0x00007ff831819000 	C:\WINDOWS\System32\msvcrt.dll
0x00007ff8323e0000 - 0x00007ff832412000 	C:\WINDOWS\System32\IMM32.DLL
0x000000005b940000 - 0x000000005b94d000 	C:\Program Files (x86)\360\Total Security\safemon\SafeWrapper.dll
0x00007ff832960000 - 0x00007ff832a17000 	C:\WINDOWS\System32\ADVAPI32.dll
0x00007ff830890000 - 0x00007ff83093a000 	C:\WINDOWS\System32\sechost.dll
0x00007ff830b50000 - 0x00007ff830c68000 	C:\WINDOWS\System32\RPCRT4.dll
0x00007ff8296f0000 - 0x00007ff8297f5000 	C:\Program Files (x86)\360\Total Security\safemon\libzdtp64.dll
0x00007ff831aa0000 - 0x00007ff832232000 	C:\WINDOWS\System32\SHELL32.dll
0x00007ff8319f0000 - 0x00007ff831a57000 	C:\WINDOWS\System32\SHLWAPI.dll
0x00007ff82f7c0000 - 0x00007ff82f7cb000 	C:\WINDOWS\SYSTEM32\VERSION.dll
0x00007ff82ae80000 - 0x00007ff82ae8c000 	C:\Program Files\Apache NetBeans\jdk\bin\vcruntime140_1.dll
0x00007fffb1950000 - 0x00007fffb19dd000 	C:\Program Files\Apache NetBeans\jdk\bin\msvcp140.dll
0x00007fff8c260000 - 0x00007fff8d1f9000 	C:\Program Files\Apache NetBeans\jdk\bin\server\jvm.dll
0x00007ff832440000 - 0x00007ff8324c0000 	C:\WINDOWS\System32\WS2_32.dll
0x00007ff82fbe0000 - 0x00007ff82fc3e000 	C:\WINDOWS\SYSTEM32\POWRPROF.dll
0x00007ff821b50000 - 0x00007ff821b86000 	C:\WINDOWS\SYSTEM32\WINMM.dll
0x00007ff82fbc0000 - 0x00007ff82fbd4000 	C:\WINDOWS\SYSTEM32\UMPDC.dll
0x00007ff82e9e0000 - 0x00007ff82e9fb000 	C:\WINDOWS\SYSTEM32\kernel.appcore.dll
0x00007ff8186a0000 - 0x00007ff8186aa000 	C:\Program Files\Apache NetBeans\jdk\bin\jimage.dll
0x00007ff81fc20000 - 0x00007ff81fe62000 	C:\WINDOWS\SYSTEM32\DBGHELP.DLL
0x00007ff830f20000 - 0x00007ff8312a3000 	C:\WINDOWS\System32\combase.dll
0x00007ff8314c0000 - 0x00007ff831599000 	C:\WINDOWS\System32\OLEAUT32.dll
0x00007ff816360000 - 0x00007ff81639b000 	C:\WINDOWS\SYSTEM32\dbgcore.DLL
0x00007ff8307d0000 - 0x00007ff83087c000 	C:\WINDOWS\System32\bcryptPrimitives.dll
0x00007ff805a80000 - 0x00007ff805a9e000 	C:\Program Files\Apache NetBeans\jdk\bin\java.dll
0x00007ff832240000 - 0x00007ff8323d9000 	C:\WINDOWS\System32\ole32.dll
0x00007ff82d7e0000 - 0x00007ff82e072000 	C:\WINDOWS\SYSTEM32\windows.storage.dll
0x00007ff8318f0000 - 0x00007ff8319e7000 	C:\WINDOWS\System32\SHCORE.dll
0x00007ff82fca0000 - 0x00007ff82fcc9000 	C:\WINDOWS\SYSTEM32\profapi.dll
0x00007ff800060000 - 0x00007ff800071000 	C:\Program Files\Apache NetBeans\jdk\bin\net.dll
0x00007ff82ef90000 - 0x00007ff82effc000 	C:\WINDOWS\system32\mswsock.dll
0x00007ffffa340000 - 0x00007ffffa356000 	C:\Program Files\Apache NetBeans\jdk\bin\nio.dll
0x00007ff8016f0000 - 0x00007ff801707000 	C:\Program Files\Apache NetBeans\jdk\bin\zip.dll
0x00007ffff5920000 - 0x00007ffff5944000 	C:\Program Files\Apache NetBeans\java\maven\lib\jansi-native\Windows\x86_64\jansi.dll
0x00007ff814b00000 - 0x00007ff814b10000 	C:\Program Files\Apache NetBeans\jdk\bin\verify.dll

JVMTI agents: none

dbghelp: loaded successfully - version: 4.0.5 - missing functions: none
symbol engine: initialized successfully - sym options: 0x614 - pdb path: .;C:\Program Files\Apache NetBeans\jdk\bin;C:\WINDOWS\SYSTEM32;C:\WINDOWS\WinSxS\amd64_microsoft.windows.common-controls_6595b64144ccf1df_6.0.26100.8875_none_3e0d5d42e32fe9dd;C:\Program Files (x86)\360\Total Security\safemon;C:\Program Files\Apache NetBeans\jdk\bin\server;C:\Program Files\Apache NetBeans\java\maven\lib\jansi-native\Windows\x86_64

VM Arguments:
jvm_args: --enable-native-access=ALL-UNNAMED -Dclassworlds.conf=C:\Program Files\Apache NetBeans\java\maven\bin\m2.conf -Dmaven.home=C:\Program Files\Apache NetBeans\java\maven -Dlibrary.jansi.path=C:\Program Files\Apache NetBeans\java\maven\lib\jansi-native -Dmaven.multiModuleProjectDirectory=C:\Users\DVDSTORE\Desktop\LeetCode\ArrayList\ArrayList 
java_command: org.codehaus.plexus.classworlds.launcher.Launcher -Dexec.vmArgs= -Dexec.args=${exec.vmArgs} -classpath %classpath ${exec.mainClass} ${exec.appArgs} -Dexec.appArgs= -Dexec.mainClass=com.mycompany.arraylist.Driver -Dexec.executable=C:\Program Files\Apache NetBeans\jdk\bin\java.exe -Dmaven.ext.class.path=C:\Program Files\Apache NetBeans\java\maven-nblib\netbeans-eventspy.jar --no-transfer-progress process-classes org.codehaus.mojo:exec-maven-plugin:3.5.1:exec
java_class_path (initial): C:\Program Files\Apache NetBeans\java\maven\boot\plexus-classworlds-2.9.0.jar
Launcher Type: SUN_STANDARD

[Global flags]
     bool AOTAdapterCaching                        = false                                  {diagnostic} {ergonomic}
     bool AOTInvokeDynamicLinking                  = false                                  {diagnostic} {ergonomic}
     bool AOTRecordTraining                        = false                                  {diagnostic} {ergonomic}
     bool AOTReplayTraining                        = false                                  {diagnostic} {ergonomic}
     bool AOTStubCaching                           = false                                  {diagnostic} {ergonomic}
     intx CICompilerCount                          = 4                                         {product} {ergonomic}
     uint ConcGCThreads                            = 3                                         {product} {ergonomic}
     uint G1ConcRefinementThreads                  = 10                                        {product} {ergonomic}
     uint G1EagerReclaimRemSetThreshold            = 16                                   {experimental} {ergonomic}
   size_t G1HeapRegionSize                         = 2097152                                   {product} {ergonomic}
     uint G1RemSetArrayOfCardsEntries              = 16                                   {experimental} {ergonomic}
     uint G1RemSetHowlMaxNumBuckets                = 8                                    {experimental} {ergonomic}
     uint G1RemSetHowlNumBuckets                   = 8                                    {experimental} {ergonomic}
   size_t InitialHeapSize                          = 8388608                                   {product} {ergonomic}
     bool IntelJccErratumMitigation                = false                             {ARCH diagnostic} {ergonomic}
   size_t MarkStackSize                            = 4194304                                   {product} {ergonomic}
   size_t MarkStackSizeMax                         = 536870912                                 {product} {ergonomic}
   size_t MaxHeapSize                              = 4257218560                                {product} {ergonomic}
   size_t MaxNewSize                               = 2554331136                                {product} {ergonomic}
 uint64_t MaxRAM                                   = 17026142208                               {product} {ergonomic}
   size_t MinHeapDeltaBytes                        = 2097152                                   {product} {ergonomic}
   size_t MinHeapSize                              = 8388608                                   {product} {ergonomic}
   size_t NonNMethodCodeHeapSize                   = 5898240                                {pd product} {ergonomic}
   size_t NonProfiledCodeHeapSize                  = 122945536                              {pd product} {ergonomic}
   size_t ProfiledCodeHeapSize                     = 122945536                              {pd product} {ergonomic}
   size_t ReservedCodeCacheSize                    = 251789312                              {pd product} {ergonomic}
     bool SegmentedCodeCache                       = true                                      {product} {ergonomic}
   size_t SoftMaxHeapSize                          = 4257218560                             {manageable} {ergonomic}
     bool UseCompressedOops                        = true                           {product lp64_product} {ergonomic}
     bool UseCondCardMark                          = true                                      {product} {ergonomic}
     bool UseFastUnorderedTimeStamps               = true                                 {experimental} {ergonomic}
     bool UseG1GC                                  = true                                      {product} {ergonomic}
     bool UseLargePagesIndividualAllocation        = false                                  {pd product} {ergonomic}
      int X86ICacheSync                            = 3                                 {ARCH diagnostic} {ergonomic}

Logging:
Log output configuration:
 #0: stdout all=warning uptime,level,tags foldmultilines=false
 #1: stderr all=off uptime,level,tags foldmultilines=false

Release file:
IMPLEMENTOR="Eclipse Adoptium" 
IMPLEMENTOR_VERSION="Temurin-26.0.1+8" 
JAVA_RUNTIME_VERSION="26.0.1+8" 
JAVA_VERSION="26.0.1" 
JAVA_VERSION_DATE="2026-04-21" 
LIBC="default" 
MODULES="java.base java.compiler java.datatransfer java.xml java.prefs java.desktop java.instrument java.logging java.management java.security.sasl java.naming java.rmi java.management.rmi java.net.http java.scripting java.security.jgss java.transaction.xa java.sql java.sql.rowset java.xml.crypto java.se java.smartcardio jdk.accessibility jdk.internal.jvmstat jdk.attach jdk.charsets jdk.internal.opt jdk.zipfs jdk.compiler jdk.crypto.cryptoki jdk.crypto.ec jdk.crypto.mscapi jdk.dynalink jdk.internal.ed jdk.editpad jdk.internal.vm.ci jdk.graal.compiler jdk.graal.compiler.management jdk.hotspot.agent jdk.httpserver jdk.incubator.vector jdk.internal.le jdk.internal.md jdk.jartool jdk.javadoc jdk.jcmd jdk.management jdk.management.agent jdk.jconsole jdk.jdeps jdk.jdwp.agent jdk.jdi jdk.jfr jdk.jlink jdk.jpackage jdk.jshell jdk.jstatd jdk.localedata jdk.management.jfr jdk.naming.dns jdk.naming.rmi jdk.net jdk.nio.mapmode jdk.sctp jdk.security.auth jdk.security.jgss jdk.unsupported jdk.unsupported.desktop jdk.xml.dom" 
OS_ARCH="x86_64" 
OS_NAME="Windows" 
SOURCE=".:git:1cafccec39fb" 
BUILD_SOURCE="git:a612825ee82a20ac872d60958c349854c1f29a8e"
BUILD_SOURCE_REPO="https://github.com/adoptium/temurin-build.git"
SOURCE_REPO="https://github.com/adoptium/jdk26u.git"
FULL_VERSION="26.0.1+8"
SEMANTIC_VERSION="26.0.1+8"
BUILD_INFO="OS: Windows Server 2022 Version: 10.0"
JVM_VARIANT="Hotspot"
JVM_VERSION="26.0.1+8"
IMAGE_TYPE="JDK"

Environment Variables:
JAVA_HOME=C:\Program Files\Apache NetBeans\jdk
PATH=C:\Program Files (x86)\Common Files\Oracle\Java\javapath;C:\WINDOWS\system32;C:\WINDOWS;C:\WINDOWS\System32\Wbem;C:\WINDOWS\System32\WindowsPowerShell\v1.0\;C:\WINDOWS\System32\OpenSSH\;C:\Program Files (x86)\NVIDIA Corporation\PhysX\Common;C:\Program Files\NVIDIA Corporation\NVIDIA NvDLISR;C:\Program Files\dotnet\;C:\Program Files\Git\cmd;C:\Users\DVDSTORE\AppData\Local\Microsoft\WindowsApps;C:\Users\DVDSTORE\AppData\Local\Programs\Microsoft VS Code\bin;;C:\Program Files\Apache NetBeans\bin\
USERNAME=DVDSTORE
OS=Windows_NT
PROCESSOR_IDENTIFIER=Intel64 Family 6 Model 151 Stepping 5, GenuineIntel
TMP=C:\Users\DVDSTORE\AppData\Local\Temp
TEMP=C:\Users\DVDSTORE\AppData\Local\Temp




Compilation memory statistics disabled.

Periodic native trim disabled

---------------  S Y S T E M  ---------------

OS:
 Windows 11 , 64 bit Build 26100 (10.0.26100.8875)
OS uptime: 3 days 17:10 hours

CPU: total 12 (initial active 12) (6 cores per cpu, 2 threads per core) family 6 model 151 stepping 5 microcode 0x2d, cx8, cmov, fxsr, ht, mmx, 3dnowpref, sse, sse2, sse3, ssse3, sse4.1, sse4.2, popcnt, lzcnt, tsc, tscinvbit, avx, avx2, aes, erms, clmul, bmi1, bmi2, adx, sha, fma, vzeroupper, clflush, clflushopt, clwb, serialize, rdtscp, rdpid, fsrm, gfni, f16c, pku, cet_ibt, cet_ss
Processor Information for the first 12 processors :
  Max Mhz: 2500, Current Mhz: 2500, Mhz Limit: 2500

Memory: 4k page, system-wide physical 16237M (1927M free)
TotalPageFile size 28525M (AvailPageFile size 129M)
current process WorkingSet (physical memory assigned to process): 73M, peak: 82M
current process commit charge ("private bytes"): 115M, peak: 132M

vm_info: OpenJDK 64-Bit Server VM (26.0.1+8) for windows-amd64 JRE (26.0.1+8), built on 2026-04-21T00:00:00Z with MS VC++ 17.12 (VS2022)

END.
