#
# There is insufficient memory for the Java Runtime Environment to continue.
# Native memory allocation (malloc) failed to allocate 1535192 bytes. Error detail: Chunk::new
# Possible reasons:
#   The system is out of physical RAM or swap space
#   This process is running with CompressedOops enabled, and the Java Heap may be blocking the growth of the native heap
# Possible solutions:
#   Reduce memory load on the system
#   Increase physical memory or swap space
#   Check if swap backing store is full
#   Decrease Java heap size (-Xmx/-Xms)
#   Decrease number of Java threads
#   Decrease Java thread stack sizes (-Xss)
#   Set larger code cache with -XX:ReservedCodeCacheSize=
#   JVM is running with Zero Based Compressed Oops mode in which the Java heap is
#     placed in the first 32GB address space. The Java Heap base address is the
#     maximum limit for the native heap growth. Please use -XX:HeapBaseMinAddress
#     to set the Java Heap base and to place the Java Heap above 32GB virtual address.
# This output file may be truncated or incomplete.
#
#  Out of Memory Error (arena.cpp:193), pid=55740, tid=58748
#
# JRE version: OpenJDK Runtime Environment Temurin-26.0.1+8 (26.0.1+8) (build 26.0.1+8)
# Java VM: OpenJDK 64-Bit Server VM Temurin-26.0.1+8 (26.0.1+8, mixed mode, sharing, tiered, compressed oops, compressed class ptrs, g1 gc, windows-amd64)
# No core dump will be written. Minidumps are not enabled by default on client versions of Windows
#

---------------  S U M M A R Y ------------

Command Line: --enable-native-access=ALL-UNNAMED -Dclassworlds.conf=C:\Program Files\Apache NetBeans\java\maven\bin\m2.conf -Dmaven.home=C:\Program Files\Apache NetBeans\java\maven -Dlibrary.jansi.path=C:\Program Files\Apache NetBeans\java\maven\lib\jansi-native -Dmaven.multiModuleProjectDirectory=C:\Users\DVDSTORE\Desktop\LeetCode\ArrayList\ArrayList org.codehaus.plexus.classworlds.launcher.Launcher -Dexec.vmArgs= -Dexec.args=${exec.vmArgs} -classpath %classpath ${exec.mainClass} ${exec.appArgs} -Dexec.appArgs= -Dexec.mainClass=com.mycompany.arraylist.Driver -Dexec.executable=C:\Program Files\Apache NetBeans\jdk\bin\java.exe -Dmaven.ext.class.path=C:\Program Files\Apache NetBeans\java\maven-nblib\netbeans-eventspy.jar --no-transfer-progress process-classes org.codehaus.mojo:exec-maven-plugin:3.5.1:exec

Host: 12th Gen Intel(R) Core(TM) i5-12400F, 12 cores, 15G,  Windows 11 , 64 bit Build 26100 (10.0.26100.8875)
Time: Wed Aug 19 09:14:25 2026 Egypt Daylight Time elapsed time: 7.206518 seconds (0d 0h 0m 7s)

---------------  T H R E A D  ---------------

Current thread (0x000001e0550e8f10):  JavaThread "C2 CompilerThread0" daemon [_thread_in_native, id=58748, stack(0x000000bb1dc00000,0x000000bb1dd00000) (1024K)]


Current CompileTask:
C2:7206 1196       4       java.lang.StringLatin1::indexOf (121 bytes)

Stack: [0x000000bb1dc00000,0x000000bb1dd00000]
Native frames: (J=compiled Java code, j=interpreted, Vv=VM code, C=native code)
V  [jvm.dll+0x7db749]  (no source info available)
V  [jvm.dll+0x7a82bd]  (no source info available)
V  [jvm.dll+0xa44a60]  (no source info available)
V  [jvm.dll+0xa46eb1]  (no source info available)
V  [jvm.dll+0xa475c3]  (no source info available)
V  [jvm.dll+0x311a96]  (no source info available)
V  [jvm.dll+0x120316]  (no source info available)
V  [jvm.dll+0x12063e]  (no source info available)
V  [jvm.dll+0x1b2836]  (no source info available)
V  [jvm.dll+0x3ce802]  (no source info available)
V  [jvm.dll+0x7e430f]  (no source info available)
V  [jvm.dll+0x2d4597]  (no source info available)
V  [jvm.dll+0x2d350f]  (no source info available)
V  [jvm.dll+0x249670]  (no source info available)
V  [jvm.dll+0x2e363c]  (no source info available)
V  [jvm.dll+0x2e181d]  (no source info available)
V  [jvm.dll+0x4a82ae]  (no source info available)
V  [jvm.dll+0x9e3039]  (no source info available)
V  [jvm.dll+0x7dd228]  (no source info available)
C  [ucrtbase.dll+0x2cd30]  (no source info available)
C  [KERNEL32.DLL+0x2e957]  (no source info available)
C  [ntdll.dll+0xaad6c]  (no source info available)

Lock stack of current Java thread (top to bottom):


---------------  P R O C E S S  ---------------

Threads class SMR info:
_java_thread_list=0x000001e05a910700, length=13, elements={
0x000001e0329d4c90, 0x000001e0550ddf70, 0x000001e0550df530, 0x000001e0550e10f0,
0x000001e0550e1ca0, 0x000001e0550e3860, 0x000001e0550e8020, 0x000001e0550e8f10,
0x000001e0550fa770, 0x000001e05570d260, 0x000001e05570ea20, 0x000001e05a5ec650,
0x000001e0556c5090
}

Java Threads: ( => current thread )
  0x000001e0329d4c90 JavaThread "main"                              [_thread_in_Java, id=56804, stack(0x000000bb1cd00000,0x000000bb1ce00000) (1024K)]
  0x000001e0550ddf70 JavaThread "Reference Handler"          daemon [_thread_blocked, id=55312, stack(0x000000bb1d600000,0x000000bb1d700000) (1024K)]
  0x000001e0550df530 JavaThread "Finalizer"                  daemon [_thread_blocked, id=51944, stack(0x000000bb1d700000,0x000000bb1d800000) (1024K)]
  0x000001e0550e10f0 JavaThread "Signal Dispatcher"          daemon [_thread_blocked, id=55820, stack(0x000000bb1d800000,0x000000bb1d900000) (1024K)]
  0x000001e0550e1ca0 JavaThread "Attach Listener"            daemon [_thread_blocked, id=56724, stack(0x000000bb1d900000,0x000000bb1da00000) (1024K)]
  0x000001e0550e3860 JavaThread "Service Thread"             daemon [_thread_blocked, id=58732, stack(0x000000bb1da00000,0x000000bb1db00000) (1024K)]
  0x000001e0550e8020 JavaThread "Monitor Deflation Thread"   daemon [_thread_blocked, id=58736, stack(0x000000bb1db00000,0x000000bb1dc00000) (1024K)]
=>0x000001e0550e8f10 JavaThread "C2 CompilerThread0"         daemon [_thread_in_native, id=58748, stack(0x000000bb1dc00000,0x000000bb1dd00000) (1024K)]
  0x000001e0550fa770 JavaThread "C1 CompilerThread0"         daemon [_thread_blocked, id=59448, stack(0x000000bb1dd00000,0x000000bb1de00000) (1024K)]
  0x000001e05570d260 JavaThread "Notification Thread"        daemon [_thread_blocked, id=59600, stack(0x000000bb1de00000,0x000000bb1df00000) (1024K)]
  0x000001e05570ea20 JavaThread "Common-Cleaner"             daemon [_thread_blocked, id=59604, stack(0x000000bb1df00000,0x000000bb1e000000) (1024K)]
  0x000001e05a5ec650 JavaThread "C2 CompilerThread1"         daemon [_thread_in_native, id=42300, stack(0x000000bb1e000000,0x000000bb1e100000) (1024K)]
  0x000001e0556c5090 JavaThread "C2 CompilerThread2"         daemon [_thread_in_native, id=61124, stack(0x000000bb1e200000,0x000000bb1e300000) (1024K)]
Total: 13

Other Threads:
  0x000001e0550caad0 VMThread "VM Thread"                           [id=54672, stack(0x000000bb1d500000,0x000000bb1d600000) (1024K)]
  0x000001e0550b7a60 WatcherThread "VM Periodic Task Thread"        [id=58700, stack(0x000000bb1d400000,0x000000bb1d500000) (1024K)]
  0x000001e034ecf1c0 WorkerThread "GC Thread#0"                     [id=58652, stack(0x000000bb1ce00000,0x000000bb1cf00000) (1024K)]
  0x000001e05a057290 WorkerThread "GC Thread#1"                     [id=60668, stack(0x000000bb1e100000,0x000000bb1e200000) (1024K)]
  0x000001e05ac86d60 WorkerThread "GC Thread#2"                     [id=60772, stack(0x0000000000000000,0x0000000000000000) (0B)]
  0x000001e034ee7f20 ConcurrentGCThread "G1 Main Marker"            [id=58656, stack(0x000000bb1cf00000,0x000000bb1d000000) (1024K)]
  0x000001e034ee92b0 WorkerThread "G1 Conc#0"                       [id=58660, stack(0x000000bb1d000000,0x000000bb1d100000) (1024K)]
  0x000001e054f85580 WorkerThread "G1 Refinement Workers#0"         [id=58668, stack(0x000000bb1d200000,0x000000bb1d300000) (1024K)]
  0x000001e054f84d10 ConcurrentGCThread "G1 Refine Control"         [id=58664, stack(0x000000bb1d100000,0x000000bb1d200000) (1024K)]
  0x000001e054f86d60 ConcurrentGCThread "G1 Service"                [id=58672, stack(0x000000bb1d300000,0x000000bb1d400000) (1024K)]
Total: 10

Threads with active compile tasks:
C2 CompilerThread0  7427 1196       4       java.lang.StringLatin1::indexOf (121 bytes)
C2 CompilerThread1  7427 1280   !   4       sun.nio.cs.StreamDecoder::read (220 bytes)
C2 CompilerThread2  7427 1281       4       java.io.InputStreamReader::read (11 bytes)
Total: 3

VM state: not at safepoint (normal execution)

VM Mutex/Monitor currently owned by a thread: None

Heap address: 0x0000000702400000, size: 4060 MB, Compressed Oops mode: Zero based, Oop shift amount: 3

CDS archive(s) mapped at: [0x0000000017000000-0x0000000017de0000-0x0000000017de0000), size 14548992, SharedBaseAddress: 0x0000000017000000, ArchiveRelocationMode: 1.
Compressed class space mapped at: 0x0000000018000000-0x0000000058000000, reserved size: 1073741824
UseCompressedClassPointers 1, UseCompactObjectHeaders 0
Narrow klass pointer bits 32, Max shift 3
Narrow klass base: 0x0000000017000000, Narrow klass shift: 0
Encoding Range: [0x0000000017000000 - 0x0000000117000000), (4294967296 bytes)
Klass Range:    [0x0000000017000000 - 0x0000000058000000), (1090519040 bytes)
Klass ID Range:  [8 - 1090519033) (1090519025)
Protection zone: [0x0000000017000000 - 0x0000000017010000), (65536 bytes)

GC Precious Log:
 CardTable entry size: 512
 Card Set container configuration: InlinePtr #cards 4 size 8 Array Of Cards #cards 16 size 48 Howl #buckets 8 coarsen threshold 3686 Howl Bitmap #cards 512 size 80 coarsen threshold 460 Card regions per heap region 1 cards per card region 4096
 CPUs: 12 total, 12 available
 Memory: 16237M
 Large Page Support: Disabled
 NUMA Support: Disabled
 Compressed Oops: Enabled (Zero based)
 Heap Region Size: 2M
 Heap Min Capacity: 8M
 Heap Initial Capacity: 8M
 Heap Max Capacity: 4060M
 Pre-touch: Disabled
 Parallel Workers: 10
 Concurrent Workers: 3
 Concurrent Refinement Workers: 10
 Periodic GC: Disabled

Heap:
 garbage-first heap   total reserved 4157440K, committed 30720K, used 4293K [0x0000000702400000, 0x0000000800000000)
  region size 2M, 1 eden (2M), 1 survivor (2M), 2 old (4M), 0 humongous (0M), 11 free (22M)

Heap Regions: E=young(eden), S=young(survivor), O=old, HS=humongous(starts), HC=humongous(continues), CS=collection set, F=free, TAMS=top-at-mark-start, PB=parsable bottom
|    0|0x0000000702400000, 0x0000000702576a90, 0x0000000702600000| 73%| O|  |TAMS 0x0000000702400000| PB 0x0000000702400000| Untracked |  0
|    1|0x0000000702600000, 0x0000000702600000, 0x0000000702800000|  0%| F|  |TAMS 0x0000000702600000| PB 0x0000000702600000| Untracked |  0
|    2|0x0000000702800000, 0x0000000702800000, 0x0000000702a00000|  0%| F|  |TAMS 0x0000000702800000| PB 0x0000000702800000| Untracked |  0
|    3|0x0000000702a00000, 0x0000000702a00000, 0x0000000702c00000|  0%| F|  |TAMS 0x0000000702a00000| PB 0x0000000702a00000| Untracked |  0
|    4|0x0000000702c00000, 0x0000000702c00000, 0x0000000702e00000|  0%| F|  |TAMS 0x0000000702c00000| PB 0x0000000702c00000| Untracked |  0
|    5|0x0000000702e00000, 0x0000000702e00000, 0x0000000703000000|  0%| F|  |TAMS 0x0000000702e00000| PB 0x0000000702e00000| Untracked |  0
|    6|0x0000000703000000, 0x0000000703000000, 0x0000000703200000|  0%| F|  |TAMS 0x0000000703000000| PB 0x0000000703000000| Untracked |  0
|    7|0x0000000703200000, 0x0000000703392f00, 0x0000000703400000| 78%| S|CS|TAMS 0x0000000703200000| PB 0x0000000703200000| Complete  |  0
|    8|0x0000000703400000, 0x0000000703400000, 0x0000000703600000|  0%| F|  |TAMS 0x0000000703400000| PB 0x0000000703400000| Untracked |  0
|    9|0x0000000703600000, 0x0000000703600000, 0x0000000703800000|  0%| F|  |TAMS 0x0000000703600000| PB 0x0000000703600000| Untracked |  0
|   10|0x0000000703800000, 0x0000000703800000, 0x0000000703a00000|  0%| F|  |TAMS 0x0000000703800000| PB 0x0000000703800000| Untracked |  0
|   11|0x0000000703a00000, 0x0000000703a00000, 0x0000000703c00000|  0%| F|  |TAMS 0x0000000703a00000| PB 0x0000000703a00000| Untracked |  0
|   12|0x0000000703c00000, 0x0000000703c00000, 0x0000000703e00000|  0%| F|  |TAMS 0x0000000703c00000| PB 0x0000000703c00000| Untracked |  0
|   13|0x0000000703e00000, 0x0000000703fa1bf8, 0x0000000704000000| 81%| E|CS|TAMS 0x0000000703e00000| PB 0x0000000703e00000| Complete  |  0
| 2029|0x00000007ffe00000, 0x00000007fff27b70, 0x0000000800000000| 57%| O|  |TAMS 0x00000007ffe00000| PB 0x00000007ffe00000| Untracked |  0

Card table byte_map: [0x000001e04dab0000,0x000001e04e2a0000] _byte_map_base: 0x000001e04a29e000
Refinement table byte_map: [0x000001e04e2a0000,0x000001e04ea90000] _byte_map_base: 0x000001e04aa8e000

Marking Bits: (CMBitMap*) 0x000001e034ecf940
 Bits: [0x000001e04ea90000, 0x000001e052a00000)

Polling page: 0x000001e032c70000

Metaspace:
Metaspace        used 5549K, committed 5760K, reserved 1114112K
 class space     used 668K, committed 768K, reserved 1048576K

Usage:
  Non-class:      4.77 MB used.
      Class:    668.34 KB used.
       Both:      5.42 MB used.

Virtual space:
  Non-class space:       64.00 MB reserved,       4.88 MB (  8%) committed,  1 nodes.
      Class space:        1.00 GB reserved,     768.00 KB ( <1%) committed,  1 nodes.
             Both:        1.06 GB reserved,       5.62 MB ( <1%) committed. 

Chunk freelists:
   Non-Class:  9.22 MB
       Class:  15.27 MB
        Both:  24.48 MB

MaxMetaspaceSize: unlimited
CompressedClassSpaceSize: 1.00 GB
Initial GC threshold: 21.00 MB
Current GC threshold: 21.00 MB
CDS: on
 - commit_granule_bytes: 65536.
 - commit_granule_words: 8192.
 - virtual_space_node_default_size: 8388608.
 - enlarge_chunks_in_place: 1.
UseCompressedClassPointers 1, UseCompactObjectHeaders 0
Narrow klass pointer bits 32, Max shift 3
Narrow klass base: 0x0000000017000000, Narrow klass shift: 0
Encoding Range: [0x0000000017000000 - 0x0000000117000000), (4294967296 bytes)
Klass Range:    [0x0000000017000000 - 0x0000000058000000), (1090519040 bytes)
Klass ID Range:  [8 - 1090519033) (1090519025)
Protection zone: [0x0000000017000000 - 0x0000000017010000), (65536 bytes)


Internal statistics:

num_allocs_failed_limit: 0.
num_arena_births: 54.
num_arena_deaths: 0.
num_vsnodes_births: 2.
num_vsnodes_deaths: 0.
num_space_committed: 90.
num_space_uncommitted: 0.
num_chunks_returned_to_freelist: 0.
num_chunks_taken_from_freelist: 234.
num_chunk_merges: 0.
num_chunk_splits: 138.
num_chunks_enlarged: 108.
num_inconsistent_stats: 0.

CodeHeap 'non-profiled nmethods': size=120064Kb used=352Kb max_used=352Kb free=119711Kb
 bounds [0x000001e045830000, 0x000001e045aa0000, 0x000001e04cd70000]
CodeHeap 'profiled nmethods': size=120064Kb used=1874Kb max_used=1874Kb free=118189Kb
 bounds [0x000001e03dd50000, 0x000001e03dfc0000, 0x000001e045290000]
CodeHeap 'non-nmethods': size=5760Kb used=1353Kb max_used=1402Kb free=4406Kb
 bounds [0x000001e045290000, 0x000001e045500000, 0x000001e045830000]
CodeCache: size=245888Kb, used=3579Kb, max_used=3628Kb, free=242306Kb
 total_blobs=1741, nmethods=1276, adapters=369, full_count=0
Compilation: enabled, stopped_count=0, restarted_count=0

Compilation events (20 events):
Event: 6.201 Thread 0x000001e0550fa770 nmethod 1202 0x000001e03def7e88 code [0x000001e03def7f80, 0x000001e03def80c8]
Event: 6.201 Thread 0x000001e0550fa770 1203       3       java.nio.ByteBuffer::position (6 bytes)
Event: 6.201 Thread 0x000001e0550fa770 nmethod 1203 0x000001e03def8188 code [0x000001e03def8280, 0x000001e03def8440]
Event: 6.201 Thread 0x000001e0550fa770 1205       3       java.nio.charset.CoderResult::isOverflow (14 bytes)
Event: 6.201 Thread 0x000001e0550fa770 nmethod 1205 0x000001e03def8488 code [0x000001e03def8580, 0x000001e03def86c8]
Event: 6.201 Thread 0x000001e0550fa770 1206       3       sun.nio.cs.StreamDecoder::ensureOpen (18 bytes)
Event: 6.201 Thread 0x000001e0550fa770 nmethod 1206 0x000001e03def8788 code [0x000001e03def8880, 0x000001e03def8a78]
Event: 6.201 Thread 0x000001e0550fa770 1204   !   3       sun.nio.cs.StreamDecoder::read (220 bytes)
Event: 6.202 Thread 0x000001e0550fa770 nmethod 1204 0x000001e03def8a88 code [0x000001e03def8b80, 0x000001e03def9908]
Event: 6.202 Thread 0x000001e0550fa770 1209       3       java.io.InputStreamReader::read (11 bytes)
Event: 6.202 Thread 0x000001e0550fa770 nmethod 1209 0x000001e03def9988 code [0x000001e03def9a80, 0x000001e03def9bc8]
Event: 6.202 Thread 0x000001e0550fa770 1210       3       org.codehaus.plexus.util.xml.XmlReader::read (11 bytes)
Event: 6.202 Thread 0x000001e0550fa770 nmethod 1210 0x000001e03def9c88 code [0x000001e03def9d80, 0x000001e03def9f48]
Event: 6.202 Thread 0x000001e0550fa770 1208       3       java.nio.Buffer::limit (65 bytes)
Event: 6.202 Thread 0x000001e0550fa770 nmethod 1208 0x000001e03def9f88 code [0x000001e03defa080, 0x000001e03defa2f0]
Event: 6.202 Thread 0x000001e0550fa770 1207       3       java.nio.CharBuffer::<init> (24 bytes)
Event: 6.202 Thread 0x000001e0550fa770 nmethod 1207 0x000001e03defa308 code [0x000001e03defa400, 0x000001e03defa5b0]
Event: 6.202 Thread 0x000001e0550fa770 1211       3       java.nio.ByteBuffer::array (35 bytes)
Event: 6.202 Thread 0x000001e0550fa770 nmethod 1211 0x000001e03defa608 code [0x000001e03defa700, 0x000001e03defa9b8]
Event: 6.202 Thread 0x000001e0550fa770 1212       3       org.codehaus.plexus.util.InterpolationFilterReader::read (477 bytes)

GC Heap Usage History (6 events):
Event: 2.961 {heap Before GC invocations=0 (full 0):
 garbage-first heap   total reserved 4157440K, committed 10240K, used 3230K [0x0000000702400000, 0x0000000800000000)
  region size 2M, 2 eden (4M), 0 survivor (0M), 1 old (2M), 0 humongous (0M), 2 free (4M)
}
Event: 3.206 {heap After GC invocations=1 (full 0):
 garbage-first heap   total reserved 4157440K, committed 10240K, used 2684K [0x0000000702400000, 0x0000000800000000)
  region size 2M, 0 eden (0M), 1 survivor (2M), 1 old (2M), 0 humongous (0M), 3 free (6M)
}
Event: 3.294 {heap Before GC invocations=1 (full 0):
 garbage-first heap   total reserved 4157440K, committed 10240K, used 4732K [0x0000000702400000, 0x0000000800000000)
  region size 2M, 1 eden (2M), 1 survivor (2M), 1 old (2M), 0 humongous (0M), 2 free (4M)
}
Event: 3.296 {heap After GC invocations=2 (full 0):
 garbage-first heap   total reserved 4157440K, committed 10240K, used 2931K [0x0000000702400000, 0x0000000800000000)
  region size 2M, 0 eden (0M), 1 survivor (2M), 2 old (4M), 0 humongous (0M), 2 free (4M)
}
Event: 3.430 {heap Before GC invocations=2 (full 0):
 garbage-first heap   total reserved 4157440K, committed 10240K, used 4979K [0x0000000702400000, 0x0000000800000000)
  region size 2M, 1 eden (2M), 1 survivor (2M), 2 old (4M), 0 humongous (0M), 1 free (2M)
}
Event: 3.432 {heap After GC invocations=3 (full 0):
 garbage-first heap   total reserved 4157440K, committed 30720K, used 3478K [0x0000000702400000, 0x0000000800000000)
  region size 2M, 0 eden (0M), 1 survivor (2M), 2 old (4M), 0 humongous (0M), 12 free (24M)
}

Metaspace Usage History (6 events):
Event: 2.961 {metaspace Before GC invocations=0 (full 0):
 Metaspace       used 1129K, committed 1280K, reserved 1114112K
  class space    used 91K, committed 128K, reserved 1048576K
}
Event: 3.206 {metaspace After GC invocations=1 (full 0):
 Metaspace       used 1129K, committed 1280K, reserved 1114112K
  class space    used 91K, committed 128K, reserved 1048576K
}
Event: 3.294 {metaspace Before GC invocations=1 (full 0):
 Metaspace       used 2025K, committed 2176K, reserved 1114112K
  class space    used 185K, committed 256K, reserved 1048576K
}
Event: 3.296 {metaspace After GC invocations=2 (full 0):
 Metaspace       used 2025K, committed 2176K, reserved 1114112K
  class space    used 185K, committed 256K, reserved 1048576K
}
Event: 3.430 {metaspace Before GC invocations=2 (full 0):
 Metaspace       used 2516K, committed 2752K, reserved 1114112K
  class space    used 236K, committed 320K, reserved 1048576K
}
Event: 3.432 {metaspace After GC invocations=3 (full 0):
 Metaspace       used 2516K, committed 2752K, reserved 1114112K
  class space    used 236K, committed 320K, reserved 1048576K
}

Dll operation events (14 events):
Event: 0.258 Attempting to load shared library C:\Program Files\Apache NetBeans\jdk\bin\java.dll
Event: 0.260 Loaded shared library C:\Program Files\Apache NetBeans\jdk\bin\java.dll
Event: 1.409 Attempting to load shared library C:\Program Files\Apache NetBeans\jdk\bin\net.dll
Event: 2.262 Loaded shared library C:\Program Files\Apache NetBeans\jdk\bin\net.dll
Event: 2.265 Attempting to load shared library C:\Program Files\Apache NetBeans\jdk\bin\nio.dll
Event: 2.265 Loaded shared library C:\Program Files\Apache NetBeans\jdk\bin\nio.dll
Event: 2.268 Attempting to load shared library C:\Program Files\Apache NetBeans\jdk\bin\zip.dll
Event: 2.268 Loaded shared library C:\Program Files\Apache NetBeans\jdk\bin\zip.dll
Event: 2.774 Attempting to load shared library C:\Program Files\Apache NetBeans\java\maven\lib\jansi-native\Windows\x86_64\jansi.dll
Event: 2.949 Loaded shared library C:\Program Files\Apache NetBeans\java\maven\lib\jansi-native\Windows\x86_64\jansi.dll
Event: 2.953 Attempting to load shared library C:\Program Files\Apache NetBeans\jdk\bin\jimage.dll
Event: 2.953 Loaded shared library C:\Program Files\Apache NetBeans\jdk\bin\jimage.dll
Event: 3.211 Attempting to load shared library C:\Program Files\Apache NetBeans\jdk\bin\verify.dll
Event: 3.211 Loaded shared library C:\Program Files\Apache NetBeans\jdk\bin\verify.dll

Deoptimization events (20 events):
Event: 3.883 Thread 0x000001e05a01b2e0 Uncommon trap: trap_request=0xffffff45 fr.pc=0x000001e0458674c4 relative=0x00000000000002c4
Event: 3.883 Thread 0x000001e05a01b2e0 Uncommon trap: reason=unstable_if action=reinterpret pc=0x000001e0458674c4 method=jdk.internal.util.ArraysSupport.mismatch([BI[BII)I @ 55 c2
Event: 3.883 Thread 0x000001e05a01b2e0 DEOPT PACKING pc=0x000001e0458674c4 sp=0x000000bb1e0fef70
Event: 3.883 Thread 0x000001e05a01b2e0 DEOPT UNPACKING pc=0x000001e04531c802 sp=0x000000bb1e0fee58 mode 2
Event: 3.883 Thread 0x000001e05a01b2e0 Uncommon trap: trap_request=0xffffff45 fr.pc=0x000001e04586d2f0 relative=0x00000000000001f0
Event: 3.883 Thread 0x000001e05a01b2e0 Uncommon trap: reason=unstable_if action=reinterpret pc=0x000001e04586d2f0 method=jdk.internal.util.ArraysSupport.mismatch([BI[BII)I @ 55 c2
Event: 3.883 Thread 0x000001e05a01b2e0 DEOPT PACKING pc=0x000001e04586d2f0 sp=0x000000bb1e0fee90
Event: 3.883 Thread 0x000001e05a01b2e0 DEOPT UNPACKING pc=0x000001e04531c802 sp=0x000000bb1e0fee48 mode 2
Event: 4.242 Thread 0x000001e0329d4c90 Uncommon trap: trap_request=0xffffff45 fr.pc=0x000001e0458695c4 relative=0x00000000000003c4
Event: 4.242 Thread 0x000001e0329d4c90 Uncommon trap: reason=unstable_if action=reinterpret pc=0x000001e0458695c4 method=java.util.concurrent.ConcurrentHashMap.get(Ljava/lang/Object;)Ljava/lang/Object; @ 76 c2
Event: 4.242 Thread 0x000001e0329d4c90 DEOPT PACKING pc=0x000001e0458695c4 sp=0x000000bb1cdfdbf0
Event: 4.242 Thread 0x000001e0329d4c90 DEOPT UNPACKING pc=0x000001e04531c802 sp=0x000000bb1cdfdb68 mode 2
Event: 6.199 Thread 0x000001e0329d4c90 Uncommon trap: trap_request=0xffffff66 fr.pc=0x000001e04585a67c relative=0x00000000000003fc
Event: 6.199 Thread 0x000001e0329d4c90 Uncommon trap: reason=loop_limit_check action=maybe_recompile pc=0x000001e04585a67c method=java.lang.StringLatin1.indexOf([BI[BII)I @ 37 c2
Event: 6.199 Thread 0x000001e0329d4c90 DEOPT PACKING pc=0x000001e04585a67c sp=0x000000bb1cdfde50
Event: 6.199 Thread 0x000001e0329d4c90 DEOPT UNPACKING pc=0x000001e04531c802 sp=0x000000bb1cdfddb0 mode 2
Event: 6.201 Thread 0x000001e0329d4c90 Uncommon trap: trap_request=0xffffff6e fr.pc=0x000001e04586138c relative=0x000000000000030c
Event: 6.201 Thread 0x000001e0329d4c90 Uncommon trap: reason=predicate action=maybe_recompile pc=0x000001e04586138c method=java.util.regex.Pattern$BmpCharPropertyGreedy.match(Ljava/util/regex/Matcher;ILjava/lang/CharSequence;)Z @ 12 c2
Event: 6.201 Thread 0x000001e0329d4c90 DEOPT PACKING pc=0x000001e04586138c sp=0x000000bb1cdfdef0
Event: 6.201 Thread 0x000001e0329d4c90 DEOPT UNPACKING pc=0x000001e04531c802 sp=0x000000bb1cdfdea8 mode 2

Classes loaded (20 events):
Event: 5.396 Loading class java/lang/reflect/WildcardType
Event: 5.396 Loading class java/lang/reflect/WildcardType done
Event: 5.398 Loading class sun/reflect/generics/scope/ClassScope
Event: 5.398 Loading class sun/reflect/generics/scope/Scope
Event: 5.398 Loading class sun/reflect/generics/scope/Scope done
Event: 5.398 Loading class sun/reflect/generics/scope/AbstractScope
Event: 5.398 Loading class sun/reflect/generics/scope/AbstractScope done
Event: 5.398 Loading class sun/reflect/generics/scope/ClassScope done
Event: 5.398 Loading class sun/reflect/generics/factory/CoreReflectionFactory
Event: 5.398 Loading class sun/reflect/generics/factory/GenericsFactory
Event: 5.398 Loading class sun/reflect/generics/factory/GenericsFactory done
Event: 5.398 Loading class sun/reflect/generics/factory/CoreReflectionFactory done
Event: 5.398 Loading class sun/reflect/generics/tree/TypeVariableSignature
Event: 5.398 Loading class sun/reflect/generics/tree/TypeVariableSignature done
Event: 5.398 Loading class sun/reflect/generics/visitor/Reifier
Event: 5.398 Loading class sun/reflect/generics/visitor/TypeTreeVisitor
Event: 5.398 Loading class sun/reflect/generics/visitor/TypeTreeVisitor done
Event: 6.183 Loading class sun/reflect/generics/visitor/Reifier done
Event: 6.197 Loading class java/lang/annotation/IncompleteAnnotationException
Event: 6.197 Loading class java/lang/annotation/IncompleteAnnotationException done

Classes unloaded (0 events):
No events

Classes redefined (0 events):
No events

Internal exceptions (20 events):
Event: 3.209 Thread 0x000001e0329d4c90 Exception <a 'sun/nio/fs/WindowsException'{0x0000000702a11858}> (0x0000000702a11858) 
thrown [s\src\hotspot\share\prims\jni.cpp, line 514]
Event: 3.210 Thread 0x000001e0329d4c90 Exception <a 'sun/nio/fs/WindowsException'{0x0000000702a11e90}> (0x0000000702a11e90) 
thrown [s\src\hotspot\share\prims\jni.cpp, line 514]
Event: 3.210 Thread 0x000001e0329d4c90 Exception <a 'sun/nio/fs/WindowsException'{0x0000000702a12478}> (0x0000000702a12478) 
thrown [s\src\hotspot\share\prims\jni.cpp, line 514]
Event: 3.210 Thread 0x000001e0329d4c90 Exception <a 'sun/nio/fs/WindowsException'{0x0000000702a129e8}> (0x0000000702a129e8) 
thrown [s\src\hotspot\share\prims\jni.cpp, line 514]
Event: 3.210 Thread 0x000001e0329d4c90 Exception <a 'sun/nio/fs/WindowsException'{0x0000000702a12f38}> (0x0000000702a12f38) 
thrown [s\src\hotspot\share\prims\jni.cpp, line 514]
Event: 3.210 Thread 0x000001e0329d4c90 Exception <a 'sun/nio/fs/WindowsException'{0x0000000702a13428}> (0x0000000702a13428) 
thrown [s\src\hotspot\share\prims\jni.cpp, line 514]
Event: 3.210 Thread 0x000001e0329d4c90 Exception <a 'sun/nio/fs/WindowsException'{0x0000000702a138d0}> (0x0000000702a138d0) 
thrown [s\src\hotspot\share\prims\jni.cpp, line 514]
Event: 3.221 Thread 0x000001e0329d4c90 Exception <a 'java/lang/NoSuchMethodError'{0x0000000702a51dd8}: 'void java.lang.invoke.DirectMethodHandle$Holder.invokeVirtual(java.lang.Object, java.lang.Object)'> (0x0000000702a51dd8) 
thrown [s\src\hotspot\share\interpreter\linkResolver.cpp, line 804]
Event: 3.223 Thread 0x000001e0329d4c90 Exception <a 'java/lang/NoSuchMethodError'{0x0000000702a738c8}: 'void java.lang.invoke.DirectMethodHandle$Holder.invokeStatic(java.lang.Object, java.lang.Object)'> (0x0000000702a738c8) 
thrown [s\src\hotspot\share\interpreter\linkResolver.cpp, line 804]
Event: 3.224 Thread 0x000001e0329d4c90 Exception <a 'java/lang/NoSuchMethodError'{0x0000000702a7b988}: 'void java.lang.invoke.DirectMethodHandle$Holder.invokeStaticInit(java.lang.Object, java.lang.Object)'> (0x0000000702a7b988) 
thrown [s\src\hotspot\share\interpreter\linkResolver.cpp, line 804]
Event: 3.229 Thread 0x000001e0329d4c90 Exception <a 'java/lang/NoSuchMethodError'{0x0000000702aaf380}: 'void java.lang.invoke.DirectMethodHandle$Holder.invokeSpecial(java.lang.Object, java.lang.Object, java.lang.Object, java.lang.Object, java.lang.Object)'> (0x0000000702aaf380) 
thrown [s\src\hotspot\share\interpreter\linkResolver.cpp, line 804]
Event: 3.241 Thread 0x000001e0329d4c90 Exception <a 'java/lang/NoSuchMethodError'{0x0000000702aec6d0}: 'void java.lang.invoke.DirectMethodHandle$Holder.invokeStatic(java.lang.Object, java.lang.Object, java.lang.Object)'> (0x0000000702aec6d0) 
thrown [s\src\hotspot\share\interpreter\linkResolver.cpp, line 804]
Event: 3.317 Thread 0x000001e0329d4c90 Exception <a 'java/lang/NoSuchMethodError'{0x0000000702a74490}: 'java.lang.Object java.lang.invoke.DirectMethodHandle$Holder.invokeSpecialIFC(java.lang.Object, java.lang.Object, java.lang.Object, java.lang.Object)'> (0x0000000702a74490) 
thrown [s\src\hotspot\share\interpreter\linkResolver.cpp, line 804]
Event: 4.008 Thread 0x000001e0329d4c90 Exception <a 'java/lang/NoSuchMethodError'{0x0000000703db3bf0}: 'void java.lang.invoke.DirectMethodHandle$Holder.invokeSpecial(java.lang.Object, java.lang.Object, java.lang.Object)'> (0x0000000703db3bf0) 
thrown [s\src\hotspot\share\interpreter\linkResolver.cpp, line 804]
Event: 4.246 Thread 0x000001e0329d4c90 Exception <a 'java/lang/NoSuchMethodError'{0x0000000703b631e8}: 'java.lang.Object java.lang.invoke.DirectMethodHandle$Holder.invokeInterface(java.lang.Object, java.lang.Object)'> (0x0000000703b631e8) 
thrown [s\src\hotspot\share\interpreter\linkResolver.cpp, line 804]
Event: 4.261 Thread 0x000001e0329d4c90 Exception <a 'java/lang/NoSuchMethodError'{0x000000070380fac8}: 'int java.lang.invoke.DirectMethodHandle$Holder.invokeStatic(java.lang.Object, java.lang.Object, java.lang.Object, java.lang.Object)'> (0x000000070380fac8) 
thrown [s\src\hotspot\share\interpreter\linkResolver.cpp, line 804]
Event: 4.265 Thread 0x000001e0329d4c90 Exception <a 'java/lang/NoSuchMethodError'{0x00000007038392d8}: 'int java.lang.invoke.DirectMethodHandle$Holder.invokeSpecialIFC(java.lang.Object, java.lang.Object, java.lang.Object, java.lang.Object, java.lang.Object)'> (0x00000007038392d8) 
thrown [s\src\hotspot\share\interpreter\linkResolver.cpp, line 804]
Event: 4.347 Thread 0x000001e0329d4c90 Exception <a 'java/lang/NoSuchMethodError'{0x0000000703986fb0}: 'java.lang.Object java.lang.invoke.DirectMethodHandle$Holder.newInvokeSpecial(java.lang.Object, java.lang.Object, java.lang.Object, java.lang.Object, java.lang.Object)'> (0x0000000703986fb0) 
thrown [s\src\hotspot\share\interpreter\linkResolver.cpp, line 804]
Event: 6.190 Thread 0x000001e0329d4c90 Exception <a 'java/lang/NoSuchMethodError'{0x00000007036a1580}: 'int java.lang.invoke.DirectMethodHandle$Holder.invokeStaticInit(java.lang.Object, java.lang.Object)'> (0x00000007036a1580) 
thrown [s\src\hotspot\share\interpreter\linkResolver.cpp, line 804]
Event: 6.197 Thread 0x000001e0329d4c90 Exception <a 'java/lang/NoClassDefFoundError'{0x00000007036dc418}: javax/enterprise/inject/Typed> (0x00000007036dc418) 
thrown [s\src\hotspot\share\classfile\systemDictionary.cpp, line 318]

VM Operations (12 events):
Event: 2.764 Executing non-safepoint VM operation: HandshakeAllThreads (Deoptimize)
Event: 2.764 Executing non-safepoint VM operation: HandshakeAllThreads (Deoptimize) done
Event: 2.959 Executing safepoint VM operation: G1CollectForAllocation (G1 Evacuation Pause)
Event: 3.206 Executing safepoint VM operation: G1CollectForAllocation (G1 Evacuation Pause) done
Event: 3.207 Executing non-safepoint VM operation: HandshakeAllThreads (Deoptimize)
Event: 3.207 Executing non-safepoint VM operation: HandshakeAllThreads (Deoptimize) done
Event: 3.294 Executing safepoint VM operation: G1CollectForAllocation (G1 Evacuation Pause)
Event: 3.296 Executing safepoint VM operation: G1CollectForAllocation (G1 Evacuation Pause) done
Event: 3.372 Executing safepoint VM operation: G1CollectForAllocation (G1 Evacuation Pause)
Event: 3.432 Executing safepoint VM operation: G1CollectForAllocation (G1 Evacuation Pause) done
Event: 4.224 Executing non-safepoint VM operation: HandshakeAllThreads (Deoptimize)
Event: 4.233 Executing non-safepoint VM operation: HandshakeAllThreads (Deoptimize) done

Memory protections (0 events):
No events

Nmethod flushes (0 events):
No events

Events (17 events):
Event: 0.950 Thread 0x000001e0329d4c90 Thread added: 0x000001e0329d4c90
Event: 1.184 Thread 0x000001e0329d4c90 Thread added: 0x000001e0550ddf70
Event: 1.185 Thread 0x000001e0329d4c90 Thread added: 0x000001e0550df530
Event: 1.185 Thread 0x000001e0329d4c90 Thread added: 0x000001e0550e10f0
Event: 1.185 Thread 0x000001e0329d4c90 Thread added: 0x000001e0550e1ca0
Event: 1.185 Thread 0x000001e0329d4c90 Thread added: 0x000001e0550e3860
Event: 1.185 Thread 0x000001e0329d4c90 Thread added: 0x000001e0550e8020
Event: 1.185 Thread 0x000001e0329d4c90 Thread added: 0x000001e0550e8f10
Event: 1.319 Thread 0x000001e0329d4c90 Thread added: 0x000001e0550fa770
Event: 1.405 Thread 0x000001e0329d4c90 Thread added: 0x000001e05570d260
Event: 1.407 Thread 0x000001e0329d4c90 Thread added: 0x000001e05570ea20
Event: 2.362 Thread 0x000001e0550fa770 Thread added: 0x000001e055881d00
Event: 2.598 Thread 0x000001e055881d00 Thread exited: 0x000001e055881d00
Event: 2.771 Thread 0x000001e0329d4c90 Thread added: 0x000001e05a01b2e0
Event: 3.346 Thread 0x000001e0550fa770 Thread added: 0x000001e05a67c360
Event: 3.646 Thread 0x000001e05a67c360 Thread exited: 0x000001e05a67c360
Event: 3.883 Thread 0x000001e05a01b2e0 Thread exited: 0x000001e05a01b2e0


Dynamic libraries:
0x00007ff623720000 - 0x00007ff62372e000 	C:\Program Files\Apache NetBeans\jdk\bin\java.exe
0x00007ff832b60000 - 0x00007ff832dc6000 	C:\WINDOWS\SYSTEM32\ntdll.dll
0x00007ff831820000 - 0x00007ff8318e9000 	C:\WINDOWS\System32\KERNEL32.DLL
0x00007ff82fd80000 - 0x00007ff83017e000 	C:\WINDOWS\System32\KERNELBASE.dll
0x00007ff82cc20000 - 0x00007ff82ccc0000 	C:\WINDOWS\SYSTEM32\apphelp.dll
0x00007ff830670000 - 0x00007ff8307bc000 	C:\WINDOWS\System32\ucrtbase.dll
0x00007ff805820000 - 0x00007ff805837000 	C:\Program Files\Apache NetBeans\jdk\bin\jli.dll
0x00007ff8315a0000 - 0x00007ff831767000 	C:\WINDOWS\System32\USER32.dll
0x00007ff830440000 - 0x00007ff830467000 	C:\WINDOWS\System32\win32u.dll
0x00007ff8312b0000 - 0x00007ff8312db000 	C:\WINDOWS\System32\GDI32.dll
0x00007ff830190000 - 0x00007ff8302ba000 	C:\WINDOWS\System32\gdi32full.dll
0x00007ff830470000 - 0x00007ff830513000 	C:\WINDOWS\System32\msvcp_win.dll
0x00007ff806240000 - 0x00007ff80625e000 	C:\Program Files\Apache NetBeans\jdk\bin\VCRUNTIME140.dll
0x00007ff815670000 - 0x00007ff815902000 	C:\WINDOWS\WinSxS\amd64_microsoft.windows.common-controls_6595b64144ccf1df_6.0.26100.8875_none_3e0d5d42e32fe9dd\COMCTL32.dll
0x00007ff831770000 - 0x00007ff831819000 	C:\WINDOWS\System32\msvcrt.dll
0x00007ff8323e0000 - 0x00007ff832412000 	C:\WINDOWS\System32\IMM32.DLL
0x000000005b940000 - 0x000000005b94d000 	C:\Program Files (x86)\360\Total Security\safemon\SafeWrapper.dll
0x00007ff832960000 - 0x00007ff832a17000 	C:\WINDOWS\System32\ADVAPI32.dll
0x00007ff830890000 - 0x00007ff83093a000 	C:\WINDOWS\System32\sechost.dll
0x00007ff830b50000 - 0x00007ff830c68000 	C:\WINDOWS\System32\RPCRT4.dll
0x00007ff8296f0000 - 0x00007ff8297f5000 	C:\Program Files (x86)\360\Total Security\safemon\libzdtp64.dll
0x00007ff831aa0000 - 0x00007ff832232000 	C:\WINDOWS\System32\SHELL32.dll
0x00007ff8319f0000 - 0x00007ff831a57000 	C:\WINDOWS\System32\SHLWAPI.dll
0x00007ff82f7c0000 - 0x00007ff82f7cb000 	C:\WINDOWS\SYSTEM32\VERSION.dll
0x00007ff82ae80000 - 0x00007ff82ae8c000 	C:\Program Files\Apache NetBeans\jdk\bin\vcruntime140_1.dll
0x00007fffb1950000 - 0x00007fffb19dd000 	C:\Program Files\Apache NetBeans\jdk\bin\msvcp140.dll
0x00007fff8c260000 - 0x00007fff8d1f9000 	C:\Program Files\Apache NetBeans\jdk\bin\server\jvm.dll
0x00007ff832440000 - 0x00007ff8324c0000 	C:\WINDOWS\System32\WS2_32.dll
0x00007ff821b50000 - 0x00007ff821b86000 	C:\WINDOWS\SYSTEM32\WINMM.dll
0x00007ff82fbe0000 - 0x00007ff82fc3e000 	C:\WINDOWS\SYSTEM32\POWRPROF.dll
0x00007ff82fbc0000 - 0x00007ff82fbd4000 	C:\WINDOWS\SYSTEM32\UMPDC.dll
0x00007ff82e9e0000 - 0x00007ff82e9fb000 	C:\WINDOWS\SYSTEM32\kernel.appcore.dll
0x00007ff8186a0000 - 0x00007ff8186aa000 	C:\Program Files\Apache NetBeans\jdk\bin\jimage.dll
0x00007ff81fc20000 - 0x00007ff81fe62000 	C:\WINDOWS\SYSTEM32\DBGHELP.DLL
0x00007ff830f20000 - 0x00007ff8312a3000 	C:\WINDOWS\System32\combase.dll
0x00007ff8314c0000 - 0x00007ff831599000 	C:\WINDOWS\System32\OLEAUT32.dll
0x00007ff816360000 - 0x00007ff81639b000 	C:\WINDOWS\SYSTEM32\dbgcore.DLL
0x00007ff8307d0000 - 0x00007ff83087c000 	C:\WINDOWS\System32\bcryptPrimitives.dll
0x00007ff805a80000 - 0x00007ff805a9e000 	C:\Program Files\Apache NetBeans\jdk\bin\java.dll
0x00007ff832240000 - 0x00007ff8323d9000 	C:\WINDOWS\System32\ole32.dll
0x00007ff82d7e0000 - 0x00007ff82e072000 	C:\WINDOWS\SYSTEM32\windows.storage.dll
0x00007ff8318f0000 - 0x00007ff8319e7000 	C:\WINDOWS\System32\SHCORE.dll
0x00007ff82fca0000 - 0x00007ff82fcc9000 	C:\WINDOWS\SYSTEM32\profapi.dll
0x00007ff800060000 - 0x00007ff800071000 	C:\Program Files\Apache NetBeans\jdk\bin\net.dll
0x00007ff82ef90000 - 0x00007ff82effc000 	C:\WINDOWS\system32\mswsock.dll
0x00007ffffa340000 - 0x00007ffffa356000 	C:\Program Files\Apache NetBeans\jdk\bin\nio.dll
0x00007ff8016f0000 - 0x00007ff801707000 	C:\Program Files\Apache NetBeans\jdk\bin\zip.dll
0x00007ffff5920000 - 0x00007ffff5944000 	C:\Program Files\Apache NetBeans\java\maven\lib\jansi-native\Windows\x86_64\jansi.dll
0x00007ff814b00000 - 0x00007ff814b10000 	C:\Program Files\Apache NetBeans\jdk\bin\verify.dll

JVMTI agents: none

dbghelp: loaded successfully - version: 4.0.5 - missing functions: none
symbol engine: initialized successfully - sym options: 0x614 - pdb path: .;C:\Program Files\Apache NetBeans\jdk\bin;C:\WINDOWS\SYSTEM32;C:\WINDOWS\WinSxS\amd64_microsoft.windows.common-controls_6595b64144ccf1df_6.0.26100.8875_none_3e0d5d42e32fe9dd;C:\Program Files (x86)\360\Total Security\safemon;C:\Program Files\Apache NetBeans\jdk\bin\server;C:\Program Files\Apache NetBeans\java\maven\lib\jansi-native\Windows\x86_64

VM Arguments:
jvm_args: --enable-native-access=ALL-UNNAMED -Dclassworlds.conf=C:\Program Files\Apache NetBeans\java\maven\bin\m2.conf -Dmaven.home=C:\Program Files\Apache NetBeans\java\maven -Dlibrary.jansi.path=C:\Program Files\Apache NetBeans\java\maven\lib\jansi-native -Dmaven.multiModuleProjectDirectory=C:\Users\DVDSTORE\Desktop\LeetCode\ArrayList\ArrayList 
java_command: org.codehaus.plexus.classworlds.launcher.Launcher -Dexec.vmArgs= -Dexec.args=${exec.vmArgs} -classpath %classpath ${exec.mainClass} ${exec.appArgs} -Dexec.appArgs= -Dexec.mainClass=com.mycompany.arraylist.Driver -Dexec.executable=C:\Program Files\Apache NetBeans\jdk\bin\java.exe -Dmaven.ext.class.path=C:\Program Files\Apache NetBeans\java\maven-nblib\netbeans-eventspy.jar --no-transfer-progress process-classes org.codehaus.mojo:exec-maven-plugin:3.5.1:exec
java_class_path (initial): C:\Program Files\Apache NetBeans\java\maven\boot\plexus-classworlds-2.9.0.jar
Launcher Type: SUN_STANDARD

[Global flags]
     bool AOTAdapterCaching                        = false                                  {diagnostic} {ergonomic}
     bool AOTInvokeDynamicLinking                  = false                                  {diagnostic} {ergonomic}
     bool AOTRecordTraining                        = false                                  {diagnostic} {ergonomic}
     bool AOTReplayTraining                        = false                                  {diagnostic} {ergonomic}
     bool AOTStubCaching                           = false                                  {diagnostic} {ergonomic}
     intx CICompilerCount                          = 4                                         {product} {ergonomic}
     uint ConcGCThreads                            = 3                                         {product} {ergonomic}
     uint G1ConcRefinementThreads                  = 10                                        {product} {ergonomic}
     uint G1EagerReclaimRemSetThreshold            = 16                                   {experimental} {ergonomic}
   size_t G1HeapRegionSize                         = 2097152                                   {product} {ergonomic}
     uint G1RemSetArrayOfCardsEntries              = 16                                   {experimental} {ergonomic}
     uint G1RemSetHowlMaxNumBuckets                = 8                                    {experimental} {ergonomic}
     uint G1RemSetHowlNumBuckets                   = 8                                    {experimental} {ergonomic}
   size_t InitialHeapSize                          = 8388608                                   {product} {ergonomic}
     bool IntelJccErratumMitigation                = false                             {ARCH diagnostic} {ergonomic}
   size_t MarkStackSize                            = 4194304                                   {product} {ergonomic}
   size_t MarkStackSizeMax                         = 536870912                                 {product} {ergonomic}
   size_t MaxHeapSize                              = 4257218560                                {product} {ergonomic}
   size_t MaxNewSize                               = 2554331136                                {product} {ergonomic}
 uint64_t MaxRAM                                   = 17026142208                               {product} {ergonomic}
   size_t MinHeapDeltaBytes                        = 2097152                                   {product} {ergonomic}
   size_t MinHeapSize                              = 8388608                                   {product} {ergonomic}
   size_t NonNMethodCodeHeapSize                   = 5898240                                {pd product} {ergonomic}
   size_t NonProfiledCodeHeapSize                  = 122945536                              {pd product} {ergonomic}
   size_t ProfiledCodeHeapSize                     = 122945536                              {pd product} {ergonomic}
   size_t ReservedCodeCacheSize                    = 251789312                              {pd product} {ergonomic}
     bool SegmentedCodeCache                       = true                                      {product} {ergonomic}
   size_t SoftMaxHeapSize                          = 4257218560                             {manageable} {ergonomic}
     bool UseCompressedOops                        = true                           {product lp64_product} {ergonomic}
     bool UseCondCardMark                          = true                                      {product} {ergonomic}
     bool UseFastUnorderedTimeStamps               = true                                 {experimental} {ergonomic}
     bool UseG1GC                                  = true                                      {product} {ergonomic}
     bool UseLargePagesIndividualAllocation        = false                                  {pd product} {ergonomic}
      int X86ICacheSync                            = 3                                 {ARCH diagnostic} {ergonomic}

Logging:
Log output configuration:
 #0: stdout all=warning uptime,level,tags foldmultilines=false
 #1: stderr all=off uptime,level,tags foldmultilines=false

Release file:
IMPLEMENTOR="Eclipse Adoptium" 
IMPLEMENTOR_VERSION="Temurin-26.0.1+8" 
JAVA_RUNTIME_VERSION="26.0.1+8" 
JAVA_VERSION="26.0.1" 
JAVA_VERSION_DATE="2026-04-21" 
LIBC="default" 
MODULES="java.base java.compiler java.datatransfer java.xml java.prefs java.desktop java.instrument java.logging java.management java.security.sasl java.naming java.rmi java.management.rmi java.net.http java.scripting java.security.jgss java.transaction.xa java.sql java.sql.rowset java.xml.crypto java.se java.smartcardio jdk.accessibility jdk.internal.jvmstat jdk.attach jdk.charsets jdk.internal.opt jdk.zipfs jdk.compiler jdk.crypto.cryptoki jdk.crypto.ec jdk.crypto.mscapi jdk.dynalink jdk.internal.ed jdk.editpad jdk.internal.vm.ci jdk.graal.compiler jdk.graal.compiler.management jdk.hotspot.agent jdk.httpserver jdk.incubator.vector jdk.internal.le jdk.internal.md jdk.jartool jdk.javadoc jdk.jcmd jdk.management jdk.management.agent jdk.jconsole jdk.jdeps jdk.jdwp.agent jdk.jdi jdk.jfr jdk.jlink jdk.jpackage jdk.jshell jdk.jstatd jdk.localedata jdk.management.jfr jdk.naming.dns jdk.naming.rmi jdk.net jdk.nio.mapmode jdk.sctp jdk.security.auth jdk.security.jgss jdk.unsupported jdk.unsupported.desktop jdk.xml.dom" 
OS_ARCH="x86_64" 
OS_NAME="Windows" 
SOURCE=".:git:1cafccec39fb" 
BUILD_SOURCE="git:a612825ee82a20ac872d60958c349854c1f29a8e"
BUILD_SOURCE_REPO="https://github.com/adoptium/temurin-build.git"
SOURCE_REPO="https://github.com/adoptium/jdk26u.git"
FULL_VERSION="26.0.1+8"
SEMANTIC_VERSION="26.0.1+8"
BUILD_INFO="OS: Windows Server 2022 Version: 10.0"
JVM_VARIANT="Hotspot"
JVM_VERSION="26.0.1+8"
IMAGE_TYPE="JDK"

Environment Variables:
JAVA_HOME=C:\Program Files\Apache NetBeans\jdk
PATH=C:\Program Files (x86)\Common Files\Oracle\Java\javapath;C:\WINDOWS\system32;C:\WINDOWS;C:\WINDOWS\System32\Wbem;C:\WINDOWS\System32\WindowsPowerShell\v1.0\;C:\WINDOWS\System32\OpenSSH\;C:\Program Files (x86)\NVIDIA Corporation\PhysX\Common;C:\Program Files\NVIDIA Corporation\NVIDIA NvDLISR;C:\Program Files\dotnet\;C:\Program Files\Git\cmd;C:\Users\DVDSTORE\AppData\Local\Microsoft\WindowsApps;C:\Users\DVDSTORE\AppData\Local\Programs\Microsoft VS Code\bin;;C:\Program Files\Apache NetBeans\bin\
USERNAME=DVDSTORE
OS=Windows_NT
PROCESSOR_IDENTIFIER=Intel64 Family 6 Model 151 Stepping 5, GenuineIntel
TMP=C:\Users\DVDSTORE\AppData\Local\Temp
TEMP=C:\Users\DVDSTORE\AppData\Local\Temp




Compilation memory statistics disabled.

Periodic native trim disabled

---------------  S Y S T E M  ---------------

OS:
 Windows 11 , 64 bit Build 26100 (10.0.26100.8875)
OS uptime: 3 days 17:10 hours

CPU: total 12 (initial active 12) (6 cores per cpu, 2 threads per core) family 6 model 151 stepping 5 microcode 0x2d, cx8, cmov, fxsr, ht, mmx, 3dnowpref, sse, sse2, sse3, ssse3, sse4.1, sse4.2, popcnt, lzcnt, tsc, tscinvbit, avx, avx2, aes, erms, clmul, bmi1, bmi2, adx, sha, fma, vzeroupper, clflush, clflushopt, clwb, serialize, rdtscp, rdpid, fsrm, gfni, f16c, pku, cet_ibt, cet_ss
Processor Information for the first 12 processors :
  Max Mhz: 2500, Current Mhz: 2500, Mhz Limit: 2500

Memory: 4k page, system-wide physical 16237M (1562M free)
TotalPageFile size 28525M (AvailPageFile size 459M)
current process WorkingSet (physical memory assigned to process): 88M, peak: 89M
current process commit charge ("private bytes"): 137M, peak: 144M

vm_info: OpenJDK 64-Bit Server VM (26.0.1+8) for windows-amd64 JRE (26.0.1+8), built on 2026-04-21T00:00:00Z with MS VC++ 17.12 (VS2022)

END.
