#
# There is insufficient memory for the Java Runtime Environment to continue.
# Native memory allocation (malloc) failed to allocate 4087640 bytes. Error detail: Chunk::new
# Possible reasons:
#   The system is out of physical RAM or swap space
#   This process is running with CompressedOops enabled, and the Java Heap may be blocking the growth of the native heap
# Possible solutions:
#   Reduce memory load on the system
#   Increase physical memory or swap space
#   Check if swap backing store is full
#   Decrease Java heap size (-Xmx/-Xms)
#   Decrease number of Java threads
#   Decrease Java thread stack sizes (-Xss)
#   Set larger code cache with -XX:ReservedCodeCacheSize=
#   JVM is running with Zero Based Compressed Oops mode in which the Java heap is
#     placed in the first 32GB address space. The Java Heap base address is the
#     maximum limit for the native heap growth. Please use -XX:HeapBaseMinAddress
#     to set the Java Heap base and to place the Java Heap above 32GB virtual address.
# This output file may be truncated or incomplete.
#
#  Out of Memory Error (arena.cpp:193), pid=51448, tid=46488
#
# JRE version: OpenJDK Runtime Environment Temurin-26.0.1+8 (26.0.1+8) (build 26.0.1+8)
# Java VM: OpenJDK 64-Bit Server VM Temurin-26.0.1+8 (26.0.1+8, mixed mode, sharing, tiered, compressed oops, compressed class ptrs, g1 gc, windows-amd64)
# No core dump will be written. Minidumps are not enabled by default on client versions of Windows
#

---------------  S U M M A R Y ------------

Command Line: --enable-native-access=ALL-UNNAMED -Dclassworlds.conf=C:\Program Files\Apache NetBeans\java\maven\bin\m2.conf -Dmaven.home=C:\Program Files\Apache NetBeans\java\maven -Dlibrary.jansi.path=C:\Program Files\Apache NetBeans\java\maven\lib\jansi-native -Dmaven.multiModuleProjectDirectory=C:\Users\DVDSTORE\Desktop\LeetCode\ArrayList\ArrayList org.codehaus.plexus.classworlds.launcher.Launcher -Dexec.vmArgs= -Dexec.args=${exec.vmArgs} -classpath %classpath ${exec.mainClass} ${exec.appArgs} -Dexec.appArgs= -Dexec.mainClass=com.mycompany.arraylist.Driver -Dexec.executable=C:\Program Files\Apache NetBeans\jdk\bin\java.exe -Dmaven.ext.class.path=C:\Program Files\Apache NetBeans\java\maven-nblib\netbeans-eventspy.jar --no-transfer-progress process-classes org.codehaus.mojo:exec-maven-plugin:3.5.1:exec

Host: 12th Gen Intel(R) Core(TM) i5-12400F, 12 cores, 15G,  Windows 11 , 64 bit Build 26100 (10.0.26100.8875)
Time: Wed Aug 19 09:14:36 2026 Egypt Daylight Time elapsed time: 30.617384 seconds (0d 0h 0m 30s)

---------------  T H R E A D  ---------------

Current thread (0x000001eb4f2d6020):  JavaThread "C2 CompilerThread0" daemon [_thread_in_native, id=46488, stack(0x000000b34a000000,0x000000b34a100000) (1024K)]


Current CompileTask:
C2:30617 3811       4       java.io.DataInputStream::readFully (59 bytes)

Stack: [0x000000b34a000000,0x000000b34a100000]
Native frames: (J=compiled Java code, j=interpreted, Vv=VM code, C=native code)
V  [jvm.dll+0x7db749]  (no source info available)
V  [jvm.dll+0x7a82bd]  (no source info available)
V  [jvm.dll+0xa44a60]  (no source info available)
V  [jvm.dll+0xa46eb1]  (no source info available)
V  [jvm.dll+0xa475c3]  (no source info available)
V  [jvm.dll+0x311a96]  (no source info available)
V  [jvm.dll+0x120316]  (no source info available)
V  [jvm.dll+0x12063e]  (no source info available)
V  [jvm.dll+0x1b2836]  (no source info available)
V  [jvm.dll+0x3ce802]  (no source info available)
V  [jvm.dll+0x7e430f]  (no source info available)
V  [jvm.dll+0x2d4597]  (no source info available)
V  [jvm.dll+0x2d350f]  (no source info available)
V  [jvm.dll+0x249670]  (no source info available)
V  [jvm.dll+0x2e363c]  (no source info available)
V  [jvm.dll+0x2e181d]  (no source info available)
V  [jvm.dll+0x4a82ae]  (no source info available)
V  [jvm.dll+0x9e3039]  (no source info available)
V  [jvm.dll+0x7dd228]  (no source info available)
C  [ucrtbase.dll+0x2cd30]  (no source info available)
C  [KERNEL32.DLL+0x2e957]  (no source info available)
C  [ntdll.dll+0xaad6c]  (no source info available)

Lock stack of current Java thread (top to bottom):


---------------  P R O C E S S  ---------------

Threads class SMR info:
_java_thread_list=0x000001eb546bc970, length=11, elements={
0x000001eb2f07b210, 0x000001eb4f2c9480, 0x000001eb4f2c9ed0, 0x000001eb4f2ce200,
0x000001eb4f2cedb0, 0x000001eb4f2d0970, 0x000001eb4f2d5130, 0x000001eb4f2d6020,
0x000001eb4f2dec50, 0x000001eb4f320380, 0x000001eb4f325d20
}

Java Threads: ( => current thread )
  0x000001eb2f07b210 JavaThread "main"                              [_thread_in_vm, id=50952, stack(0x000000b349100000,0x000000b349200000) (1024K)]
  0x000001eb4f2c9480 JavaThread "Reference Handler"          daemon [_thread_blocked, id=36180, stack(0x000000b349a00000,0x000000b349b00000) (1024K)]
  0x000001eb4f2c9ed0 JavaThread "Finalizer"                  daemon [_thread_blocked, id=47332, stack(0x000000b349b00000,0x000000b349c00000) (1024K)]
  0x000001eb4f2ce200 JavaThread "Signal Dispatcher"          daemon [_thread_blocked, id=47048, stack(0x000000b349c00000,0x000000b349d00000) (1024K)]
  0x000001eb4f2cedb0 JavaThread "Attach Listener"            daemon [_thread_blocked, id=14500, stack(0x000000b349d00000,0x000000b349e00000) (1024K)]
  0x000001eb4f2d0970 JavaThread "Service Thread"             daemon [_thread_blocked, id=45636, stack(0x000000b349e00000,0x000000b349f00000) (1024K)]
  0x000001eb4f2d5130 JavaThread "Monitor Deflation Thread"   daemon [_thread_blocked, id=50344, stack(0x000000b349f00000,0x000000b34a000000) (1024K)]
=>0x000001eb4f2d6020 JavaThread "C2 CompilerThread0"         daemon [_thread_in_native, id=46488, stack(0x000000b34a000000,0x000000b34a100000) (1024K)]
  0x000001eb4f2dec50 JavaThread "C1 CompilerThread0"         daemon [_thread_blocked, id=50340, stack(0x000000b34a100000,0x000000b34a200000) (1024K)]
  0x000001eb4f320380 JavaThread "Notification Thread"        daemon [_thread_blocked, id=50520, stack(0x000000b34a200000,0x000000b34a300000) (1024K)]
  0x000001eb4f325d20 JavaThread "Common-Cleaner"             daemon [_thread_blocked, id=50568, stack(0x000000b34a300000,0x000000b34a400000) (1024K)]
Total: 11

Other Threads:
  0x000001eb4f2b46f0 VMThread "VM Thread"                           [id=42116, stack(0x000000b349900000,0x000000b349a00000) (1024K)]
  0x000001eb4f2a4480 WatcherThread "VM Periodic Task Thread"        [id=44852, stack(0x000000b349800000,0x000000b349900000) (1024K)]
  0x000001eb2f0c0400 WorkerThread "GC Thread#0"                     [id=51236, stack(0x000000b349200000,0x000000b349300000) (1024K)]
  0x000001eb4fde8120 WorkerThread "GC Thread#1"                     [id=51376, stack(0x000000b34a500000,0x000000b34a600000) (1024K)]
  0x000001eb547410b0 WorkerThread "GC Thread#2"                     [id=51108, stack(0x000000b34a600000,0x000000b34a700000) (1024K)]
  0x000001eb545e54b0 WorkerThread "GC Thread#3"                     [id=53104, stack(0x000000b34ab00000,0x000000b34ac00000) (1024K)]
  0x000001eb54f5d390 WorkerThread "GC Thread#4"                     [id=59424, stack(0x000000b34a900000,0x000000b34aa00000) (1024K)]
  0x000001eb4fd4b3b0 WorkerThread "GC Thread#5"                     [id=61068, stack(0x000000b34aa00000,0x000000b34ab00000) (1024K)]
  0x000001eb4fd47ba0 WorkerThread "GC Thread#6"                     [id=61356, stack(0x000000b34ac00000,0x000000b34ad00000) (1024K)]
  0x000001eb4fd49130 WorkerThread "GC Thread#7"                     [id=58992, stack(0x000000b34a400000,0x000000b34a500000) (1024K)]
  0x000001eb4fd48440 WorkerThread "GC Thread#8"                     [id=50532, stack(0x000000b34ad00000,0x000000b34ae00000) (1024K)]
  0x000001eb4fd47ff0 WorkerThread "GC Thread#9"                     [id=56808, stack(0x000000b34af00000,0x000000b34b000000) (1024K)]
  0x000001eb2f0d9160 ConcurrentGCThread "G1 Main Marker"            [id=51636, stack(0x000000b349300000,0x000000b349400000) (1024K)]
  0x000001eb2f0da4f0 WorkerThread "G1 Conc#0"                       [id=51672, stack(0x000000b349400000,0x000000b349500000) (1024K)]
  0x000001eb5477d360 WorkerThread "G1 Conc#1"                       [id=54000, stack(0x000000b34a700000,0x000000b34a800000) (1024K)]
  0x000001eb5477f7a0 WorkerThread "G1 Conc#2"                       [id=54004, stack(0x000000b34a800000,0x000000b34a900000) (1024K)]
  0x000001eb2f0feae0 WorkerThread "G1 Refinement Workers#0"         [id=51680, stack(0x000000b349600000,0x000000b349700000) (1024K)]
  0x000001eb2f0fe120 ConcurrentGCThread "G1 Refine Control"         [id=51676, stack(0x000000b349500000,0x000000b349600000) (1024K)]
  0x000001eb4f1661b0 ConcurrentGCThread "G1 Service"                [id=51684, stack(0x000000b349700000,0x000000b349800000) (1024K)]
Total: 19

Threads with active compile tasks:
C2 CompilerThread0  32012 3811       4       java.io.DataInputStream::readFully (59 bytes)
Total: 1

VM state: not at safepoint (normal execution)

VM Mutex/Monitor currently owned by a thread: None

Heap address: 0x0000000702400000, size: 4060 MB, Compressed Oops mode: Zero based, Oop shift amount: 3

CDS archive(s) mapped at: [0x000000008c000000-0x000000008cde0000-0x000000008cde0000), size 14548992, SharedBaseAddress: 0x000000008c000000, ArchiveRelocationMode: 1.
Compressed class space mapped at: 0x000000008d000000-0x00000000cd000000, reserved size: 1073741824
UseCompressedClassPointers 1, UseCompactObjectHeaders 0
Narrow klass pointer bits 32, Max shift 3
Narrow klass base: 0x000000008c000000, Narrow klass shift: 0
Encoding Range: [0x000000008c000000 - 0x000000018c000000), (4294967296 bytes)
Klass Range:    [0x000000008c000000 - 0x00000000cd000000), (1090519040 bytes)
Klass ID Range:  [8 - 1090519033) (1090519025)
Protection zone: [0x000000008c000000 - 0x000000008c010000), (65536 bytes)

GC Precious Log:
 CardTable entry size: 512
 Card Set container configuration: InlinePtr #cards 4 size 8 Array Of Cards #cards 16 size 48 Howl #buckets 8 coarsen threshold 3686 Howl Bitmap #cards 512 size 80 coarsen threshold 460 Card regions per heap region 1 cards per card region 4096
 CPUs: 12 total, 12 available
 Memory: 16237M
 Large Page Support: Disabled
 NUMA Support: Disabled
 Compressed Oops: Enabled (Zero based)
 Heap Region Size: 2M
 Heap Min Capacity: 8M
 Heap Initial Capacity: 8M
 Heap Max Capacity: 4060M
 Pre-touch: Disabled
 Parallel Workers: 10
 Concurrent Workers: 3
 Concurrent Refinement Workers: 10
 Periodic GC: Disabled

Heap:
 garbage-first heap   total reserved 4157440K, committed 49152K, used 16660K [0x0000000702400000, 0x0000000800000000)
  region size 2M, 4 eden (8M), 1 survivor (2M), 5 old (10M), 0 humongous (0M), 14 free (28M)

Heap Regions: E=young(eden), S=young(survivor), O=old, HS=humongous(starts), HC=humongous(continues), CS=collection set, F=free, TAMS=top-at-mark-start, PB=parsable bottom
|    0|0x0000000702400000, 0x0000000702600000, 0x0000000702600000|100%| O|  |TAMS 0x0000000702400000| PB 0x0000000702400000| Untracked |  0
|    1|0x0000000702600000, 0x00000007026555b8, 0x0000000702800000| 16%| O|  |TAMS 0x0000000702600000| PB 0x0000000702600000| Untracked |  0
|    2|0x0000000702800000, 0x0000000702800000, 0x0000000702a00000|  0%| F|  |TAMS 0x0000000702800000| PB 0x0000000702800000| Untracked |  0
|    3|0x0000000702a00000, 0x0000000702a00000, 0x0000000702c00000|  0%| F|  |TAMS 0x0000000702a00000| PB 0x0000000702a00000| Untracked |  0
|    4|0x0000000702c00000, 0x0000000702c00000, 0x0000000702e00000|  0%| F|  |TAMS 0x0000000702c00000| PB 0x0000000702c00000| Untracked |  0
|    5|0x0000000702e00000, 0x0000000702e00000, 0x0000000703000000|  0%| F|  |TAMS 0x0000000702e00000| PB 0x0000000702e00000| Untracked |  0
|    6|0x0000000703000000, 0x0000000703000000, 0x0000000703200000|  0%| F|  |TAMS 0x0000000703000000| PB 0x0000000703000000| Untracked |  0
|    7|0x0000000703200000, 0x0000000703200000, 0x0000000703400000|  0%| F|  |TAMS 0x0000000703200000| PB 0x0000000703200000| Untracked |  0
|    8|0x0000000703400000, 0x0000000703400000, 0x0000000703600000|  0%| F|  |TAMS 0x0000000703400000| PB 0x0000000703400000| Untracked |  0
|    9|0x0000000703600000, 0x0000000703600000, 0x0000000703800000|  0%| F|  |TAMS 0x0000000703600000| PB 0x0000000703600000| Untracked |  0
|   10|0x0000000703800000, 0x0000000703800000, 0x0000000703a00000|  0%| F|  |TAMS 0x0000000703800000| PB 0x0000000703800000| Untracked |  0
|   11|0x0000000703a00000, 0x0000000703a00000, 0x0000000703c00000|  0%| F|  |TAMS 0x0000000703a00000| PB 0x0000000703a00000| Untracked |  0
|   12|0x0000000703c00000, 0x0000000703c00000, 0x0000000703e00000|  0%| F|  |TAMS 0x0000000703c00000| PB 0x0000000703c00000| Untracked |  0
|   13|0x0000000703e00000, 0x0000000703e00000, 0x0000000704000000|  0%| F|  |TAMS 0x0000000703e00000| PB 0x0000000703e00000| Untracked |  0
|   14|0x0000000704000000, 0x0000000704000000, 0x0000000704200000|  0%| F|  |TAMS 0x0000000704000000| PB 0x0000000704000000| Untracked |  0
|   15|0x0000000704200000, 0x00000007043efd30, 0x0000000704400000| 96%| S|CS|TAMS 0x0000000704200000| PB 0x0000000704200000| Complete  |  0
|   16|0x0000000704400000, 0x0000000704400000, 0x0000000704600000|  0%| F|  |TAMS 0x0000000704400000| PB 0x0000000704400000| Untracked |  0
|   17|0x0000000704600000, 0x00000007047071b0, 0x0000000704800000| 51%| E|CS|TAMS 0x0000000704600000| PB 0x0000000704600000| Complete  |  0
|   18|0x0000000704800000, 0x0000000704a00000, 0x0000000704a00000|100%| E|CS|TAMS 0x0000000704800000| PB 0x0000000704800000| Complete  |  0
|   19|0x0000000704a00000, 0x0000000704c00000, 0x0000000704c00000|100%| E|CS|TAMS 0x0000000704a00000| PB 0x0000000704a00000| Complete  |  0
| 2026|0x00000007ff800000, 0x00000007ffa00000, 0x00000007ffa00000|100%| O|  |TAMS 0x00000007ff800000| PB 0x00000007ff800000| Untracked |  0
| 2027|0x00000007ffa00000, 0x00000007ffc00000, 0x00000007ffc00000|100%| O|  |TAMS 0x00000007ffa00000| PB 0x00000007ffa00000| Untracked |  0
| 2028|0x00000007ffc00000, 0x00000007ffe00000, 0x00000007ffe00000|100%| O|  |TAMS 0x00000007ffc00000| PB 0x00000007ffc00000| Untracked |  0
| 2029|0x00000007ffe00000, 0x0000000800000000, 0x0000000800000000|100%| E|CS|TAMS 0x00000007ffe00000| PB 0x00000007ffe00000| Complete  |  0

Card table byte_map: [0x000001eb48490000,0x000001eb48c80000] _byte_map_base: 0x000001eb44c7e000
Refinement table byte_map: [0x000001eb47ca0000,0x000001eb48490000] _byte_map_base: 0x000001eb4448e000

Marking Bits: (CMBitMap*) 0x000001eb2f0c0b80
 Bits: [0x000001eb48c80000, 0x000001eb4cbf0000)

Polling page: 0x000001eb2cff0000

Metaspace:
Metaspace        used 16185K, committed 16448K, reserved 1114112K
 class space     used 2015K, committed 2176K, reserved 1048576K

Usage:
  Non-class:     13.84 MB used.
      Class:      1.97 MB used.
       Both:     15.81 MB used.

Virtual space:
  Non-class space:       64.00 MB reserved,      13.94 MB ( 22%) committed,  1 nodes.
      Class space:        1.00 GB reserved,       2.12 MB ( <1%) committed,  1 nodes.
             Both:        1.06 GB reserved,      16.06 MB (  1%) committed. 

Chunk freelists:
   Non-Class:  1.69 MB
       Class:  13.78 MB
        Both:  15.47 MB

MaxMetaspaceSize: unlimited
CompressedClassSpaceSize: 1.00 GB
Initial GC threshold: 21.00 MB
Current GC threshold: 21.00 MB
CDS: on
 - commit_granule_bytes: 65536.
 - commit_granule_words: 8192.
 - virtual_space_node_default_size: 8388608.
 - enlarge_chunks_in_place: 1.
UseCompressedClassPointers 1, UseCompactObjectHeaders 0
Narrow klass pointer bits 32, Max shift 3
Narrow klass base: 0x000000008c000000, Narrow klass shift: 0
Encoding Range: [0x000000008c000000 - 0x000000018c000000), (4294967296 bytes)
Klass Range:    [0x000000008c000000 - 0x00000000cd000000), (1090519040 bytes)
Klass ID Range:  [8 - 1090519033) (1090519025)
Protection zone: [0x000000008c000000 - 0x000000008c010000), (65536 bytes)


Internal statistics:

num_allocs_failed_limit: 0.
num_arena_births: 142.
num_arena_deaths: 0.
num_vsnodes_births: 2.
num_vsnodes_deaths: 0.
num_space_committed: 257.
num_space_uncommitted: 0.
num_chunks_returned_to_freelist: 0.
num_chunks_taken_from_freelist: 733.
num_chunk_merges: 0.
num_chunk_splits: 485.
num_chunks_enlarged: 378.
num_inconsistent_stats: 0.

CodeHeap 'non-profiled nmethods': size=120064Kb used=1241Kb max_used=1241Kb free=118822Kb
 bounds [0x000001eb3fa20000, 0x000001eb3fc90000, 0x000001eb46f60000]
CodeHeap 'profiled nmethods': size=120064Kb used=6066Kb max_used=6066Kb free=113997Kb
 bounds [0x000001eb37f40000, 0x000001eb38530000, 0x000001eb3f480000]
CodeHeap 'non-nmethods': size=5760Kb used=1410Kb max_used=1448Kb free=4349Kb
 bounds [0x000001eb3f480000, 0x000001eb3f6f0000, 0x000001eb3fa20000]
CodeCache: size=245888Kb, used=8717Kb, max_used=8755Kb, free=237168Kb
 total_blobs=4362, nmethods=3837, adapters=427, full_count=0
Compilation: enabled, stopped_count=0, restarted_count=0

Compilation events (20 events):
Event: 29.537 Thread 0x000001eb4f2d6020 nmethod 3802 0x000001eb3fb54308 code [0x000001eb3fb54400, 0x000001eb3fb54670]
Event: 29.598 Thread 0x000001eb4f2dec50 3803       3       java.io.DataInputStream::readUTF (5 bytes)
Event: 29.598 Thread 0x000001eb4f2dec50 nmethod 3803 0x000001eb3851ef08 code [0x000001eb3851f000, 0x000001eb3851f128]
Event: 29.598 Thread 0x000001eb4f2dec50 3804       3       java.io.DataInputStream::readUTF (597 bytes)
Event: 29.598 Thread 0x000001eb4f2d6020 3808       4       java.lang.System$1::countPositives (7 bytes)
Event: 29.599 Thread 0x000001eb4f2d6020 nmethod 3808 0x000001eb3fb54688 code [0x000001eb3fb54780, 0x000001eb3fb54908]
Event: 29.599 Thread 0x000001eb4f2d6020 3809       4       java.io.BufferedInputStream::getBufIfOpen (61 bytes)
Event: 29.599 Thread 0x000001eb4f2dec50 nmethod 3804 0x000001eb3851f208 code [0x000001eb3851f300, 0x000001eb38521dc0]
Event: 29.599 Thread 0x000001eb4f2dec50 3805       3       java.io.DataInputStream::readUnsignedShort (19 bytes)
Event: 29.600 Thread 0x000001eb4f2dec50 nmethod 3805 0x000001eb38521e08 code [0x000001eb38521f00, 0x000001eb38522660]
Event: 29.600 Thread 0x000001eb4f2dec50 3806       3       jdk.internal.util.ByteArray::getUnsignedShort (12 bytes)
Event: 29.600 Thread 0x000001eb4f2dec50 nmethod 3806 0x000001eb38522708 code [0x000001eb38522800, 0x000001eb38522e00]
Event: 29.600 Thread 0x000001eb4f2dec50 3807       3       java.lang.System$1::uncheckedNewStringWithLatin1Bytes (5 bytes)
Event: 29.600 Thread 0x000001eb4f2dec50 nmethod 3807 0x000001eb38522e88 code [0x000001eb38522f80, 0x000001eb385230a8]
Event: 29.600 Thread 0x000001eb4f2dec50 3810       3       java.io.DataInputStream::readFully (9 bytes)
Event: 29.600 Thread 0x000001eb4f2dec50 nmethod 3810 0x000001eb38523188 code [0x000001eb38523280, 0x000001eb38523438]
Event: 29.600 Thread 0x000001eb4f2d6020 nmethod 3809 0x000001eb3fb54988 code [0x000001eb3fb54a80, 0x000001eb3fb54d20]
Event: 29.600 Thread 0x000001eb4f2d6020 3811       4       java.io.DataInputStream::readFully (59 bytes)
Event: 29.628 Thread 0x000001eb4f2dec50 3815       3       java.util.concurrent.ConcurrentHashMap$KeyIterator::next (34 bytes)
Event: 30.615 Thread 0x000001eb4f2dec50 nmethod 3815 0x000001eb38523488 code [0x000001eb38523580, 0x000001eb385238b0]

GC Heap Usage History (20 events):
Event: 16.210 {heap Before GC invocations=18 (full 0):
 garbage-first heap   total reserved 4157440K, committed 14336K, used 10593K [0x0000000702400000, 0x0000000800000000)
  region size 2M, 2 eden (4M), 1 survivor (2M), 3 old (6M), 0 humongous (0M), 1 free (2M)
}
Event: 16.213 {heap After GC invocations=19 (full 0):
 garbage-first heap   total reserved 4157440K, committed 14336K, used 7076K [0x0000000702400000, 0x0000000800000000)
  region size 2M, 0 eden (0M), 1 survivor (2M), 3 old (6M), 0 humongous (0M), 3 free (6M)
}
Event: 16.480 {heap Before GC invocations=19 (full 0):
 garbage-first heap   total reserved 4157440K, committed 14336K, used 11172K [0x0000000702400000, 0x0000000800000000)
  region size 2M, 2 eden (4M), 1 survivor (2M), 3 old (6M), 0 humongous (0M), 1 free (2M)
}
Event: 18.187 {heap After GC invocations=20 (full 0):
 garbage-first heap   total reserved 4157440K, committed 16384K, used 7472K [0x0000000702400000, 0x0000000800000000)
  region size 2M, 0 eden (0M), 1 survivor (2M), 4 old (8M), 0 humongous (0M), 3 free (6M)
}
Event: 19.608 {heap Before GC invocations=20 (full 0):
 garbage-first heap   total reserved 4157440K, committed 16384K, used 9520K [0x0000000702400000, 0x0000000800000000)
  region size 2M, 1 eden (2M), 1 survivor (2M), 4 old (8M), 0 humongous (0M), 2 free (4M)
}
Event: 19.610 {heap After GC invocations=21 (full 0):
 garbage-first heap   total reserved 4157440K, committed 49152K, used 7604K [0x0000000702400000, 0x0000000800000000)
  region size 2M, 0 eden (0M), 1 survivor (2M), 4 old (8M), 0 humongous (0M), 19 free (38M)
}
Event: 20.524 {heap Before GC invocations=21 (full 0):
 garbage-first heap   total reserved 4157440K, committed 49152K, used 9652K [0x0000000702400000, 0x0000000800000000)
  region size 2M, 1 eden (2M), 1 survivor (2M), 4 old (8M), 0 humongous (0M), 18 free (36M)
}
Event: 20.527 {heap After GC invocations=22 (full 0):
 garbage-first heap   total reserved 4157440K, committed 49152K, used 8158K [0x0000000702400000, 0x0000000800000000)
  region size 2M, 0 eden (0M), 1 survivor (2M), 4 old (8M), 0 humongous (0M), 19 free (38M)
}
Event: 21.411 {heap Before GC invocations=22 (full 0):
 garbage-first heap   total reserved 4157440K, committed 49152K, used 8158K [0x0000000702400000, 0x0000000800000000)
  region size 2M, 1 eden (2M), 1 survivor (2M), 4 old (8M), 0 humongous (0M), 18 free (36M)
}
Event: 21.414 {heap After GC invocations=23 (full 0):
 garbage-first heap   total reserved 4157440K, committed 49152K, used 8286K [0x0000000702400000, 0x0000000800000000)
  region size 2M, 0 eden (0M), 1 survivor (2M), 4 old (8M), 0 humongous (0M), 19 free (38M)
}
Event: 21.661 {heap Before GC invocations=23 (full 0):
 garbage-first heap   total reserved 4157440K, committed 49152K, used 10334K [0x0000000702400000, 0x0000000800000000)
  region size 2M, 1 eden (2M), 1 survivor (2M), 4 old (8M), 0 humongous (0M), 18 free (36M)
}
Event: 21.664 {heap After GC invocations=24 (full 0):
 garbage-first heap   total reserved 4157440K, committed 49152K, used 8308K [0x0000000702400000, 0x0000000800000000)
  region size 2M, 0 eden (0M), 1 survivor (2M), 4 old (8M), 0 humongous (0M), 19 free (38M)
}
Event: 23.855 {heap Before GC invocations=24 (full 0):
 garbage-first heap   total reserved 4157440K, committed 49152K, used 12404K [0x0000000702400000, 0x0000000800000000)
  region size 2M, 2 eden (4M), 1 survivor (2M), 4 old (8M), 0 humongous (0M), 17 free (34M)
}
Event: 23.858 {heap After GC invocations=25 (full 0):
 garbage-first heap   total reserved 4157440K, committed 49152K, used 8693K [0x0000000702400000, 0x0000000800000000)
  region size 2M, 0 eden (0M), 1 survivor (2M), 4 old (8M), 0 humongous (0M), 19 free (38M)
}
Event: 24.412 {heap Before GC invocations=25 (full 0):
 garbage-first heap   total reserved 4157440K, committed 49152K, used 12789K [0x0000000702400000, 0x0000000800000000)
  region size 2M, 2 eden (4M), 1 survivor (2M), 4 old (8M), 0 humongous (0M), 17 free (34M)
}
Event: 24.415 {heap After GC invocations=26 (full 0):
 garbage-first heap   total reserved 4157440K, committed 49152K, used 9097K [0x0000000702400000, 0x0000000800000000)
  region size 2M, 0 eden (0M), 1 survivor (2M), 4 old (8M), 0 humongous (0M), 19 free (38M)
}
Event: 25.762 {heap Before GC invocations=26 (full 0):
 garbage-first heap   total reserved 4157440K, committed 49152K, used 15241K [0x0000000702400000, 0x0000000800000000)
  region size 2M, 3 eden (6M), 1 survivor (2M), 4 old (8M), 0 humongous (0M), 16 free (32M)
}
Event: 25.766 {heap After GC invocations=27 (full 0):
 garbage-first heap   total reserved 4157440K, committed 49152K, used 9582K [0x0000000702400000, 0x0000000800000000)
  region size 2M, 0 eden (0M), 1 survivor (2M), 4 old (8M), 0 humongous (0M), 19 free (38M)
}
Event: 27.695 {heap Before GC invocations=27 (full 0):
 garbage-first heap   total reserved 4157440K, committed 49152K, used 17774K [0x0000000702400000, 0x0000000800000000)
  region size 2M, 4 eden (8M), 1 survivor (2M), 4 old (8M), 0 humongous (0M), 15 free (30M)
}
Event: 27.699 {heap After GC invocations=28 (full 0):
 garbage-first heap   total reserved 4157440K, committed 49152K, used 10516K [0x0000000702400000, 0x0000000800000000)
  region size 2M, 0 eden (0M), 1 survivor (2M), 5 old (10M), 0 humongous (0M), 18 free (36M)
}

Metaspace Usage History (20 events):
Event: 16.210 {metaspace Before GC invocations=18 (full 0):
 Metaspace       used 11283K, committed 11456K, reserved 1114112K
  class space    used 1434K, committed 1536K, reserved 1048576K
}
Event: 16.213 {metaspace After GC invocations=19 (full 0):
 Metaspace       used 11283K, committed 11456K, reserved 1114112K
  class space    used 1434K, committed 1536K, reserved 1048576K
}
Event: 16.480 {metaspace Before GC invocations=19 (full 0):
 Metaspace       used 11913K, committed 12160K, reserved 1114112K
  class space    used 1529K, committed 1664K, reserved 1048576K
}
Event: 18.187 {metaspace After GC invocations=20 (full 0):
 Metaspace       used 11913K, committed 12160K, reserved 1114112K
  class space    used 1529K, committed 1664K, reserved 1048576K
}
Event: 19.608 {metaspace Before GC invocations=20 (full 0):
 Metaspace       used 12254K, committed 12480K, reserved 1114112K
  class space    used 1576K, committed 1664K, reserved 1048576K
}
Event: 19.610 {metaspace After GC invocations=21 (full 0):
 Metaspace       used 12254K, committed 12480K, reserved 1114112K
  class space    used 1576K, committed 1664K, reserved 1048576K
}
Event: 20.524 {metaspace Before GC invocations=21 (full 0):
 Metaspace       used 12725K, committed 12992K, reserved 1114112K
  class space    used 1622K, committed 1728K, reserved 1048576K
}
Event: 20.527 {metaspace After GC invocations=22 (full 0):
 Metaspace       used 12725K, committed 12992K, reserved 1114112K
  class space    used 1622K, committed 1728K, reserved 1048576K
}
Event: 21.411 {metaspace Before GC invocations=22 (full 0):
 Metaspace       used 13143K, committed 13376K, reserved 1114112K
  class space    used 1678K, committed 1792K, reserved 1048576K
}
Event: 21.414 {metaspace After GC invocations=23 (full 0):
 Metaspace       used 13143K, committed 13376K, reserved 1114112K
  class space    used 1678K, committed 1792K, reserved 1048576K
}
Event: 21.661 {metaspace Before GC invocations=23 (full 0):
 Metaspace       used 13700K, committed 13888K, reserved 1114112K
  class space    used 1745K, committed 1856K, reserved 1048576K
}
Event: 21.664 {metaspace After GC invocations=24 (full 0):
 Metaspace       used 13700K, committed 13888K, reserved 1114112K
  class space    used 1745K, committed 1856K, reserved 1048576K
}
Event: 23.855 {metaspace Before GC invocations=24 (full 0):
 Metaspace       used 14539K, committed 14784K, reserved 1114112K
  class space    used 1835K, committed 1920K, reserved 1048576K
}
Event: 23.858 {metaspace After GC invocations=25 (full 0):
 Metaspace       used 14539K, committed 14784K, reserved 1114112K
  class space    used 1835K, committed 1920K, reserved 1048576K
}
Event: 24.412 {metaspace Before GC invocations=25 (full 0):
 Metaspace       used 14852K, committed 15104K, reserved 1114112K
  class space    used 1873K, committed 1984K, reserved 1048576K
}
Event: 24.415 {metaspace After GC invocations=26 (full 0):
 Metaspace       used 14852K, committed 15104K, reserved 1114112K
  class space    used 1873K, committed 1984K, reserved 1048576K
}
Event: 25.762 {metaspace Before GC invocations=26 (full 0):
 Metaspace       used 15120K, committed 15296K, reserved 1114112K
  class space    used 1901K, committed 1984K, reserved 1048576K
}
Event: 25.766 {metaspace After GC invocations=27 (full 0):
 Metaspace       used 15120K, committed 15296K, reserved 1114112K
  class space    used 1901K, committed 1984K, reserved 1048576K
}
Event: 27.695 {metaspace Before GC invocations=27 (full 0):
 Metaspace       used 15307K, committed 15552K, reserved 1114112K
  class space    used 1906K, committed 1984K, reserved 1048576K
}
Event: 27.699 {metaspace After GC invocations=28 (full 0):
 Metaspace       used 15307K, committed 15552K, reserved 1114112K
  class space    used 1906K, committed 1984K, reserved 1048576K
}

Dll operation events (14 events):
Event: 0.047 Attempting to load shared library C:\Program Files\Apache NetBeans\jdk\bin\java.dll
Event: 0.049 Loaded shared library C:\Program Files\Apache NetBeans\jdk\bin\java.dll
Event: 0.142 Attempting to load shared library C:\Program Files\Apache NetBeans\jdk\bin\net.dll
Event: 0.416 Loaded shared library C:\Program Files\Apache NetBeans\jdk\bin\net.dll
Event: 0.420 Attempting to load shared library C:\Program Files\Apache NetBeans\jdk\bin\nio.dll
Event: 0.444 Loaded shared library C:\Program Files\Apache NetBeans\jdk\bin\nio.dll
Event: 0.450 Attempting to load shared library C:\Program Files\Apache NetBeans\jdk\bin\zip.dll
Event: 0.450 Loaded shared library C:\Program Files\Apache NetBeans\jdk\bin\zip.dll
Event: 0.682 Attempting to load shared library C:\Program Files\Apache NetBeans\java\maven\lib\jansi-native\Windows\x86_64\jansi.dll
Event: 0.720 Loaded shared library C:\Program Files\Apache NetBeans\java\maven\lib\jansi-native\Windows\x86_64\jansi.dll
Event: 0.742 Attempting to load shared library C:\Program Files\Apache NetBeans\jdk\bin\verify.dll
Event: 0.743 Loaded shared library C:\Program Files\Apache NetBeans\jdk\bin\verify.dll
Event: 0.918 Attempting to load shared library C:\Program Files\Apache NetBeans\jdk\bin\jimage.dll
Event: 0.918 Loaded shared library C:\Program Files\Apache NetBeans\jdk\bin\jimage.dll

Deoptimization events (20 events):
Event: 28.874 Thread 0x000001eb2f07b210 Uncommon trap: trap_request=0xffffffc6 fr.pc=0x000001eb3fae6e84 relative=0x0000000000000084
Event: 28.874 Thread 0x000001eb2f07b210 Uncommon trap: reason=bimorphic_or_optimized_type_check action=maybe_recompile pc=0x000001eb3fae6e84 method=com.google.inject.internal.LinkedBindingImpl.acceptTargetVisitor(Lcom/google/inject/spi/BindingTargetVisitor;)Ljava/lang/Object; @ 2 c2
Event: 28.874 Thread 0x000001eb2f07b210 DEOPT PACKING pc=0x000001eb3fae6e84 sp=0x000000b3491fdc40
Event: 28.874 Thread 0x000001eb2f07b210 DEOPT UNPACKING pc=0x000001eb3f517602 sp=0x000000b3491fdbc8 mode 2
Event: 28.874 Thread 0x000001eb2f07b210 Uncommon trap: trap_request=0xffffffc6 fr.pc=0x000001eb3fae6e84 relative=0x0000000000000084
Event: 28.874 Thread 0x000001eb2f07b210 Uncommon trap: reason=bimorphic_or_optimized_type_check action=maybe_recompile pc=0x000001eb3fae6e84 method=com.google.inject.internal.LinkedBindingImpl.acceptTargetVisitor(Lcom/google/inject/spi/BindingTargetVisitor;)Ljava/lang/Object; @ 2 c2
Event: 28.874 Thread 0x000001eb2f07b210 DEOPT PACKING pc=0x000001eb3fae6e84 sp=0x000000b3491fdc40
Event: 28.874 Thread 0x000001eb2f07b210 DEOPT UNPACKING pc=0x000001eb3f517602 sp=0x000000b3491fdbc8 mode 2
Event: 28.882 Thread 0x000001eb2f07b210 Uncommon trap: trap_request=0xffffffc6 fr.pc=0x000001eb3fae6e84 relative=0x0000000000000084
Event: 28.882 Thread 0x000001eb2f07b210 Uncommon trap: reason=bimorphic_or_optimized_type_check action=maybe_recompile pc=0x000001eb3fae6e84 method=com.google.inject.internal.LinkedBindingImpl.acceptTargetVisitor(Lcom/google/inject/spi/BindingTargetVisitor;)Ljava/lang/Object; @ 2 c2
Event: 28.882 Thread 0x000001eb2f07b210 DEOPT PACKING pc=0x000001eb3fae6e84 sp=0x000000b3491fdc40
Event: 28.882 Thread 0x000001eb2f07b210 DEOPT UNPACKING pc=0x000001eb3f517602 sp=0x000000b3491fdbc8 mode 2
Event: 28.882 Thread 0x000001eb2f07b210 Uncommon trap: trap_request=0xffffffc6 fr.pc=0x000001eb3fae6e84 relative=0x0000000000000084
Event: 28.882 Thread 0x000001eb2f07b210 Uncommon trap: reason=bimorphic_or_optimized_type_check action=maybe_recompile pc=0x000001eb3fae6e84 method=com.google.inject.internal.LinkedBindingImpl.acceptTargetVisitor(Lcom/google/inject/spi/BindingTargetVisitor;)Ljava/lang/Object; @ 2 c2
Event: 28.882 Thread 0x000001eb2f07b210 DEOPT PACKING pc=0x000001eb3fae6e84 sp=0x000000b3491fdc40
Event: 28.882 Thread 0x000001eb2f07b210 DEOPT UNPACKING pc=0x000001eb3f517602 sp=0x000000b3491fdbc8 mode 2
Event: 29.426 Thread 0x000001eb2f07b210 Uncommon trap: trap_request=0xffffffcc fr.pc=0x000001eb3fb52ca0 relative=0x00000000000003a0
Event: 29.426 Thread 0x000001eb2f07b210 Uncommon trap: reason=intrinsic_or_type_checked_inlining action=make_not_entrant pc=0x000001eb3fb52ca0 method=java.util.Arrays.copyOf([Ljava/lang/Object;ILjava/lang/Class;)[Ljava/lang/Object; @ 35 c2
Event: 29.426 Thread 0x000001eb2f07b210 DEOPT PACKING pc=0x000001eb3fb52ca0 sp=0x000000b3491fe650
Event: 29.426 Thread 0x000001eb2f07b210 DEOPT UNPACKING pc=0x000001eb3f517602 sp=0x000000b3491fe5e0 mode 2

Classes loaded (20 events):
Event: 28.875 Loading class javax/xml/parsers/ParserConfigurationException done
Event: 28.875 Loading class org/xml/sax/SAXException
Event: 28.876 Loading class org/xml/sax/SAXException done
Event: 28.876 Loading class org/w3c/dom/Document
Event: 28.876 Loading class org/w3c/dom/Document done
Event: 28.876 Loading class org/w3c/dom/Element
Event: 28.876 Loading class org/w3c/dom/Element done
Event: 29.534 Loading class java/net/URISyntaxException
Event: 29.535 Loading class java/net/URISyntaxException done
Event: 29.595 Loading class java/time/format/DateTimeParseException
Event: 29.595 Loading class java/time/DateTimeException
Event: 29.595 Loading class java/time/DateTimeException done
Event: 29.595 Loading class java/time/format/DateTimeParseException done
Event: 29.597 Loading class java/time/zone/ZoneRulesProvider
Event: 29.597 Loading class java/time/zone/ZoneRulesProvider done
Event: 29.597 Loading class java/time/zone/TzdbZoneRulesProvider
Event: 29.597 Loading class java/time/zone/TzdbZoneRulesProvider done
Event: 29.628 Loading class java/time/zone/Ser
Event: 29.629 Loading class java/io/Externalizable
Event: 29.629 Loading class java/io/Externalizable done

Classes unloaded (0 events):
No events

Classes redefined (0 events):
No events

Internal exceptions (20 events):
Event: 24.289 Thread 0x000001eb2f07b210 Exception <a 'java/io/IOException'{0x0000000704b30718}> (0x0000000704b30718) 
thrown [s\src\hotspot\share\prims\jni.cpp, line 514]
Event: 25.356 Thread 0x000001eb2f07b210 Implicit null exception at 0x000001eb3fb1674d to 0x000001eb3fb16960
Event: 25.356 Thread 0x000001eb2f07b210 Implicit null exception at 0x000001eb3fb019bc to 0x000001eb3fb0271c
Event: 25.356 Thread 0x000001eb2f07b210 Implicit null exception at 0x000001eb3facd8cd to 0x000001eb3facdadc
Event: 25.357 Thread 0x000001eb2f07b210 Implicit null exception at 0x000001eb3fb0aa39 to 0x000001eb3fb0b0b4
Event: 25.359 Thread 0x000001eb2f07b210 Exception <a 'java/lang/NoSuchMethodError'{0x000000070460ea08}: 'void java.lang.invoke.DirectMethodHandle$Holder.invokeStatic(java.lang.Object, java.lang.Object, java.lang.Object, java.lang.Object)'> (0x000000070460ea08) 
thrown [s\src\hotspot\share\interpreter\linkResolver.cpp, line 804]
Event: 25.491 Thread 0x000001eb2f07b210 Exception <a 'java/io/IOException'{0x0000000704690b68}> (0x0000000704690b68) 
thrown [s\src\hotspot\share\prims\jni.cpp, line 514]
Event: 25.491 Thread 0x000001eb2f07b210 Exception <a 'java/io/IOException'{0x0000000704691168}> (0x0000000704691168) 
thrown [s\src\hotspot\share\prims\jni.cpp, line 514]
Event: 25.491 Thread 0x000001eb2f07b210 Exception <a 'java/io/IOException'{0x0000000704691730}> (0x0000000704691730) 
thrown [s\src\hotspot\share\prims\jni.cpp, line 514]
Event: 25.491 Thread 0x000001eb2f07b210 Exception <a 'java/io/IOException'{0x0000000704691cf8}> (0x0000000704691cf8) 
thrown [s\src\hotspot\share\prims\jni.cpp, line 514]
Event: 25.491 Thread 0x000001eb2f07b210 Exception <a 'java/io/IOException'{0x00000007046925b8}> (0x00000007046925b8) 
thrown [s\src\hotspot\share\prims\jni.cpp, line 514]
Event: 25.491 Thread 0x000001eb2f07b210 Exception <a 'java/io/IOException'{0x0000000704692bb8}> (0x0000000704692bb8) 
thrown [s\src\hotspot\share\prims\jni.cpp, line 514]
Event: 25.491 Thread 0x000001eb2f07b210 Exception <a 'java/io/IOException'{0x0000000704693180}> (0x0000000704693180) 
thrown [s\src\hotspot\share\prims\jni.cpp, line 514]
Event: 25.491 Thread 0x000001eb2f07b210 Exception <a 'java/io/IOException'{0x0000000704693748}> (0x0000000704693748) 
thrown [s\src\hotspot\share\prims\jni.cpp, line 514]
Event: 25.491 Thread 0x000001eb2f07b210 Exception <a 'java/io/IOException'{0x0000000704694a58}> (0x0000000704694a58) 
thrown [s\src\hotspot\share\prims\jni.cpp, line 514]
Event: 25.491 Thread 0x000001eb2f07b210 Exception <a 'java/io/IOException'{0x0000000704695058}> (0x0000000704695058) 
thrown [s\src\hotspot\share\prims\jni.cpp, line 514]
Event: 25.491 Thread 0x000001eb2f07b210 Exception <a 'java/io/IOException'{0x0000000704695620}> (0x0000000704695620) 
thrown [s\src\hotspot\share\prims\jni.cpp, line 514]
Event: 25.491 Thread 0x000001eb2f07b210 Exception <a 'java/io/IOException'{0x0000000704695be8}> (0x0000000704695be8) 
thrown [s\src\hotspot\share\prims\jni.cpp, line 514]
Event: 25.493 Thread 0x000001eb2f07b210 Exception <a 'java/lang/NoSuchMethodError'{0x00000007046a8d28}: 'java.lang.Object java.lang.invoke.DirectMethodHandle$Holder.newInvokeSpecial(java.lang.Object, java.lang.Object, java.lang.Object, java.lang.Object, java.lang.Object, java.lang.Object, java.lang.Object)'> (0x00000007046a8d28) 
thrown [s\src\hotspot\share\interpreter\linkResolver.cpp, line 804]
Event: 29.478 Thread 0x000001eb2f07b210 Exception <a 'java/lang/NoSuchMethodError'{0x00000007048d1130}: 'int java.lang.invoke.DirectMethodHandle$Holder.invokeVirtual(java.lang.Object, java.lang.Object)'> (0x00000007048d1130) 
thrown [s\src\hotspot\share\interpreter\linkResolver.cpp, line 804]

VM Operations (20 events):
Event: 20.524 Executing safepoint VM operation: G1CollectForAllocation (G1 Evacuation Pause)
Event: 20.527 Executing safepoint VM operation: G1CollectForAllocation (G1 Evacuation Pause) done
Event: 20.542 Executing non-safepoint VM operation: HandshakeAllThreads (Deoptimize)
Event: 20.542 Executing non-safepoint VM operation: HandshakeAllThreads (Deoptimize) done
Event: 21.411 Executing safepoint VM operation: G1CollectForAllocation (G1 Evacuation Pause)
Event: 21.414 Executing safepoint VM operation: G1CollectForAllocation (G1 Evacuation Pause) done
Event: 21.432 Executing non-safepoint VM operation: HandshakeAllThreads (Deoptimize)
Event: 21.432 Executing non-safepoint VM operation: HandshakeAllThreads (Deoptimize) done
Event: 21.434 Executing non-safepoint VM operation: HandshakeAllThreads (Deoptimize)
Event: 21.434 Executing non-safepoint VM operation: HandshakeAllThreads (Deoptimize) done
Event: 21.661 Executing safepoint VM operation: G1CollectForAllocation (G1 Evacuation Pause)
Event: 21.664 Executing safepoint VM operation: G1CollectForAllocation (G1 Evacuation Pause) done
Event: 23.855 Executing safepoint VM operation: G1CollectForAllocation (G1 Evacuation Pause)
Event: 23.858 Executing safepoint VM operation: G1CollectForAllocation (G1 Evacuation Pause) done
Event: 24.412 Executing safepoint VM operation: G1CollectForAllocation (G1 Evacuation Pause)
Event: 24.415 Executing safepoint VM operation: G1CollectForAllocation (G1 Evacuation Pause) done
Event: 25.762 Executing safepoint VM operation: G1CollectForAllocation (G1 Evacuation Pause)
Event: 25.766 Executing safepoint VM operation: G1CollectForAllocation (G1 Evacuation Pause) done
Event: 27.695 Executing safepoint VM operation: G1CollectForAllocation (G1 Evacuation Pause)
Event: 27.699 Executing safepoint VM operation: G1CollectForAllocation (G1 Evacuation Pause) done

Memory protections (0 events):
No events

Nmethod flushes (0 events):
No events

Events (19 events):
Event: 0.105 Thread 0x000001eb2f07b210 Thread added: 0x000001eb2f07b210
Event: 0.128 Thread 0x000001eb2f07b210 Thread added: 0x000001eb4f2c9480
Event: 0.128 Thread 0x000001eb2f07b210 Thread added: 0x000001eb4f2c9ed0
Event: 0.128 Thread 0x000001eb2f07b210 Thread added: 0x000001eb4f2ce200
Event: 0.128 Thread 0x000001eb2f07b210 Thread added: 0x000001eb4f2cedb0
Event: 0.128 Thread 0x000001eb2f07b210 Thread added: 0x000001eb4f2d0970
Event: 0.128 Thread 0x000001eb2f07b210 Thread added: 0x000001eb4f2d5130
Event: 0.128 Thread 0x000001eb2f07b210 Thread added: 0x000001eb4f2d6020
Event: 0.128 Thread 0x000001eb2f07b210 Thread added: 0x000001eb4f2dec50
Event: 0.138 Thread 0x000001eb2f07b210 Thread added: 0x000001eb4f320380
Event: 0.140 Thread 0x000001eb2f07b210 Thread added: 0x000001eb4f325d20
Event: 0.495 Thread 0x000001eb4f2d6020 Thread added: 0x000001eb4fb61530
Event: 0.652 Thread 0x000001eb4fb61530 Thread exited: 0x000001eb4fb61530
Event: 0.677 Thread 0x000001eb2f07b210 Thread added: 0x000001eb4fd99c70
Event: 5.857 Thread 0x000001eb4f2dec50 Thread added: 0x000001eb4fb99ab0
Event: 5.877 Thread 0x000001eb4f2dec50 Thread added: 0x000001eb4fb9ce20
Event: 6.634 Thread 0x000001eb4fb9ce20 Thread exited: 0x000001eb4fb9ce20
Event: 6.682 Thread 0x000001eb4fb99ab0 Thread exited: 0x000001eb4fb99ab0
Event: 18.345 Thread 0x000001eb4fd99c70 Thread exited: 0x000001eb4fd99c70


Dynamic libraries:
0x00007ff623720000 - 0x00007ff62372e000 	C:\Program Files\Apache NetBeans\jdk\bin\java.exe
0x00007ff832b60000 - 0x00007ff832dc6000 	C:\WINDOWS\SYSTEM32\ntdll.dll
0x00007ff831820000 - 0x00007ff8318e9000 	C:\WINDOWS\System32\KERNEL32.DLL
0x00007ff82fd80000 - 0x00007ff83017e000 	C:\WINDOWS\System32\KERNELBASE.dll
0x00007ff82cc20000 - 0x00007ff82ccc0000 	C:\WINDOWS\SYSTEM32\apphelp.dll
0x00007ff830670000 - 0x00007ff8307bc000 	C:\WINDOWS\System32\ucrtbase.dll
0x00007ff805820000 - 0x00007ff805837000 	C:\Program Files\Apache NetBeans\jdk\bin\jli.dll
0x00007ff806240000 - 0x00007ff80625e000 	C:\Program Files\Apache NetBeans\jdk\bin\VCRUNTIME140.dll
0x00007ff8315a0000 - 0x00007ff831767000 	C:\WINDOWS\System32\USER32.dll
0x00007ff830440000 - 0x00007ff830467000 	C:\WINDOWS\System32\win32u.dll
0x00007ff8312b0000 - 0x00007ff8312db000 	C:\WINDOWS\System32\GDI32.dll
0x00007ff830190000 - 0x00007ff8302ba000 	C:\WINDOWS\System32\gdi32full.dll
0x00007ff830470000 - 0x00007ff830513000 	C:\WINDOWS\System32\msvcp_win.dll
0x00007ff815670000 - 0x00007ff815902000 	C:\WINDOWS\WinSxS\amd64_microsoft.windows.common-controls_6595b64144ccf1df_6.0.26100.8875_none_3e0d5d42e32fe9dd\COMCTL32.dll
0x00007ff831770000 - 0x00007ff831819000 	C:\WINDOWS\System32\msvcrt.dll
0x00007ff8323e0000 - 0x00007ff832412000 	C:\WINDOWS\System32\IMM32.DLL
0x000000005b940000 - 0x000000005b94d000 	C:\Program Files (x86)\360\Total Security\safemon\SafeWrapper.dll
0x00007ff832960000 - 0x00007ff832a17000 	C:\WINDOWS\System32\ADVAPI32.dll
0x00007ff830890000 - 0x00007ff83093a000 	C:\WINDOWS\System32\sechost.dll
0x00007ff830b50000 - 0x00007ff830c68000 	C:\WINDOWS\System32\RPCRT4.dll
0x00007ff8296f0000 - 0x00007ff8297f5000 	C:\Program Files (x86)\360\Total Security\safemon\libzdtp64.dll
0x00007ff831aa0000 - 0x00007ff832232000 	C:\WINDOWS\System32\SHELL32.dll
0x00007ff8319f0000 - 0x00007ff831a57000 	C:\WINDOWS\System32\SHLWAPI.dll
0x00007ff82f7c0000 - 0x00007ff82f7cb000 	C:\WINDOWS\SYSTEM32\VERSION.dll
0x00007ff82ae80000 - 0x00007ff82ae8c000 	C:\Program Files\Apache NetBeans\jdk\bin\vcruntime140_1.dll
0x00007fffb1950000 - 0x00007fffb19dd000 	C:\Program Files\Apache NetBeans\jdk\bin\msvcp140.dll
0x00007fff8c260000 - 0x00007fff8d1f9000 	C:\Program Files\Apache NetBeans\jdk\bin\server\jvm.dll
0x00007ff832440000 - 0x00007ff8324c0000 	C:\WINDOWS\System32\WS2_32.dll
0x00007ff82fbe0000 - 0x00007ff82fc3e000 	C:\WINDOWS\SYSTEM32\POWRPROF.dll
0x00007ff821b50000 - 0x00007ff821b86000 	C:\WINDOWS\SYSTEM32\WINMM.dll
0x00007ff82fbc0000 - 0x00007ff82fbd4000 	C:\WINDOWS\SYSTEM32\UMPDC.dll
0x00007ff82e9e0000 - 0x00007ff82e9fb000 	C:\WINDOWS\SYSTEM32\kernel.appcore.dll
0x00007ff8186a0000 - 0x00007ff8186aa000 	C:\Program Files\Apache NetBeans\jdk\bin\jimage.dll
0x00007ff81fc20000 - 0x00007ff81fe62000 	C:\WINDOWS\SYSTEM32\DBGHELP.DLL
0x00007ff830f20000 - 0x00007ff8312a3000 	C:\WINDOWS\System32\combase.dll
0x00007ff8314c0000 - 0x00007ff831599000 	C:\WINDOWS\System32\OLEAUT32.dll
0x00007ff816360000 - 0x00007ff81639b000 	C:\WINDOWS\SYSTEM32\dbgcore.DLL
0x00007ff8307d0000 - 0x00007ff83087c000 	C:\WINDOWS\System32\bcryptPrimitives.dll
0x00007ff805a80000 - 0x00007ff805a9e000 	C:\Program Files\Apache NetBeans\jdk\bin\java.dll
0x00007ff832240000 - 0x00007ff8323d9000 	C:\WINDOWS\System32\ole32.dll
0x00007ff82d7e0000 - 0x00007ff82e072000 	C:\WINDOWS\SYSTEM32\windows.storage.dll
0x00007ff8318f0000 - 0x00007ff8319e7000 	C:\WINDOWS\System32\SHCORE.dll
0x00007ff82fca0000 - 0x00007ff82fcc9000 	C:\WINDOWS\SYSTEM32\profapi.dll
0x00007ff800060000 - 0x00007ff800071000 	C:\Program Files\Apache NetBeans\jdk\bin\net.dll
0x00007ff82ef90000 - 0x00007ff82effc000 	C:\WINDOWS\system32\mswsock.dll
0x00007ffffa340000 - 0x00007ffffa356000 	C:\Program Files\Apache NetBeans\jdk\bin\nio.dll
0x00007ff8016f0000 - 0x00007ff801707000 	C:\Program Files\Apache NetBeans\jdk\bin\zip.dll
0x00007ffff5920000 - 0x00007ffff5944000 	C:\Program Files\Apache NetBeans\java\maven\lib\jansi-native\Windows\x86_64\jansi.dll
0x00007ff814b00000 - 0x00007ff814b10000 	C:\Program Files\Apache NetBeans\jdk\bin\verify.dll

JVMTI agents: none

dbghelp: loaded successfully - version: 4.0.5 - missing functions: none
symbol engine: initialized successfully - sym options: 0x614 - pdb path: .;C:\Program Files\Apache NetBeans\jdk\bin;C:\WINDOWS\SYSTEM32;C:\WINDOWS\WinSxS\amd64_microsoft.windows.common-controls_6595b64144ccf1df_6.0.26100.8875_none_3e0d5d42e32fe9dd;C:\Program Files (x86)\360\Total Security\safemon;C:\Program Files\Apache NetBeans\jdk\bin\server;C:\Program Files\Apache NetBeans\java\maven\lib\jansi-native\Windows\x86_64

VM Arguments:
jvm_args: --enable-native-access=ALL-UNNAMED -Dclassworlds.conf=C:\Program Files\Apache NetBeans\java\maven\bin\m2.conf -Dmaven.home=C:\Program Files\Apache NetBeans\java\maven -Dlibrary.jansi.path=C:\Program Files\Apache NetBeans\java\maven\lib\jansi-native -Dmaven.multiModuleProjectDirectory=C:\Users\DVDSTORE\Desktop\LeetCode\ArrayList\ArrayList 
java_command: org.codehaus.plexus.classworlds.launcher.Launcher -Dexec.vmArgs= -Dexec.args=${exec.vmArgs} -classpath %classpath ${exec.mainClass} ${exec.appArgs} -Dexec.appArgs= -Dexec.mainClass=com.mycompany.arraylist.Driver -Dexec.executable=C:\Program Files\Apache NetBeans\jdk\bin\java.exe -Dmaven.ext.class.path=C:\Program Files\Apache NetBeans\java\maven-nblib\netbeans-eventspy.jar --no-transfer-progress process-classes org.codehaus.mojo:exec-maven-plugin:3.5.1:exec
java_class_path (initial): C:\Program Files\Apache NetBeans\java\maven\boot\plexus-classworlds-2.9.0.jar
Launcher Type: SUN_STANDARD

[Global flags]
     bool AOTAdapterCaching                        = false                                  {diagnostic} {ergonomic}
     bool AOTInvokeDynamicLinking                  = false                                  {diagnostic} {ergonomic}
     bool AOTRecordTraining                        = false                                  {diagnostic} {ergonomic}
     bool AOTReplayTraining                        = false                                  {diagnostic} {ergonomic}
     bool AOTStubCaching                           = false                                  {diagnostic} {ergonomic}
     intx CICompilerCount                          = 4                                         {product} {ergonomic}
     uint ConcGCThreads                            = 3                                         {product} {ergonomic}
     uint G1ConcRefinementThreads                  = 10                                        {product} {ergonomic}
     uint G1EagerReclaimRemSetThreshold            = 16                                   {experimental} {ergonomic}
   size_t G1HeapRegionSize                         = 2097152                                   {product} {ergonomic}
     uint G1RemSetArrayOfCardsEntries              = 16                                   {experimental} {ergonomic}
     uint G1RemSetHowlMaxNumBuckets                = 8                                    {experimental} {ergonomic}
     uint G1RemSetHowlNumBuckets                   = 8                                    {experimental} {ergonomic}
   size_t InitialHeapSize                          = 8388608                                   {product} {ergonomic}
     bool IntelJccErratumMitigation                = false                             {ARCH diagnostic} {ergonomic}
   size_t MarkStackSize                            = 4194304                                   {product} {ergonomic}
   size_t MarkStackSizeMax                         = 536870912                                 {product} {ergonomic}
   size_t MaxHeapSize                              = 4257218560                                {product} {ergonomic}
   size_t MaxNewSize                               = 2554331136                                {product} {ergonomic}
 uint64_t MaxRAM                                   = 17026142208                               {product} {ergonomic}
   size_t MinHeapDeltaBytes                        = 2097152                                   {product} {ergonomic}
   size_t MinHeapSize                              = 8388608                                   {product} {ergonomic}
   size_t NonNMethodCodeHeapSize                   = 5898240                                {pd product} {ergonomic}
   size_t NonProfiledCodeHeapSize                  = 122945536                              {pd product} {ergonomic}
   size_t ProfiledCodeHeapSize                     = 122945536                              {pd product} {ergonomic}
   size_t ReservedCodeCacheSize                    = 251789312                              {pd product} {ergonomic}
     bool SegmentedCodeCache                       = true                                      {product} {ergonomic}
   size_t SoftMaxHeapSize                          = 4257218560                             {manageable} {ergonomic}
     bool UseCompressedOops                        = true                           {product lp64_product} {ergonomic}
     bool UseCondCardMark                          = true                                      {product} {ergonomic}
     bool UseFastUnorderedTimeStamps               = true                                 {experimental} {ergonomic}
     bool UseG1GC                                  = true                                      {product} {ergonomic}
     bool UseLargePagesIndividualAllocation        = false                                  {pd product} {ergonomic}
      int X86ICacheSync                            = 3                                 {ARCH diagnostic} {ergonomic}

Logging:
Log output configuration:
 #0: stdout all=warning uptime,level,tags foldmultilines=false
 #1: stderr all=off uptime,level,tags foldmultilines=false

Release file:
IMPLEMENTOR="Eclipse Adoptium" 
IMPLEMENTOR_VERSION="Temurin-26.0.1+8" 
JAVA_RUNTIME_VERSION="26.0.1+8" 
JAVA_VERSION="26.0.1" 
JAVA_VERSION_DATE="2026-04-21" 
LIBC="default" 
MODULES="java.base java.compiler java.datatransfer java.xml java.prefs java.desktop java.instrument java.logging java.management java.security.sasl java.naming java.rmi java.management.rmi java.net.http java.scripting java.security.jgss java.transaction.xa java.sql java.sql.rowset java.xml.crypto java.se java.smartcardio jdk.accessibility jdk.internal.jvmstat jdk.attach jdk.charsets jdk.internal.opt jdk.zipfs jdk.compiler jdk.crypto.cryptoki jdk.crypto.ec jdk.crypto.mscapi jdk.dynalink jdk.internal.ed jdk.editpad jdk.internal.vm.ci jdk.graal.compiler jdk.graal.compiler.management jdk.hotspot.agent jdk.httpserver jdk.incubator.vector jdk.internal.le jdk.internal.md jdk.jartool jdk.javadoc jdk.jcmd jdk.management jdk.management.agent jdk.jconsole jdk.jdeps jdk.jdwp.agent jdk.jdi jdk.jfr jdk.jlink jdk.jpackage jdk.jshell jdk.jstatd jdk.localedata jdk.management.jfr jdk.naming.dns jdk.naming.rmi jdk.net jdk.nio.mapmode jdk.sctp jdk.security.auth jdk.security.jgss jdk.unsupported jdk.unsupported.desktop jdk.xml.dom" 
OS_ARCH="x86_64" 
OS_NAME="Windows" 
SOURCE=".:git:1cafccec39fb" 
BUILD_SOURCE="git:a612825ee82a20ac872d60958c349854c1f29a8e"
BUILD_SOURCE_REPO="https://github.com/adoptium/temurin-build.git"
SOURCE_REPO="https://github.com/adoptium/jdk26u.git"
FULL_VERSION="26.0.1+8"
SEMANTIC_VERSION="26.0.1+8"
BUILD_INFO="OS: Windows Server 2022 Version: 10.0"
JVM_VARIANT="Hotspot"
JVM_VERSION="26.0.1+8"
IMAGE_TYPE="JDK"

Environment Variables:
JAVA_HOME=C:\Program Files\Apache NetBeans\jdk
PATH=C:\Program Files (x86)\Common Files\Oracle\Java\javapath;C:\WINDOWS\system32;C:\WINDOWS;C:\WINDOWS\System32\Wbem;C:\WINDOWS\System32\WindowsPowerShell\v1.0\;C:\WINDOWS\System32\OpenSSH\;C:\Program Files (x86)\NVIDIA Corporation\PhysX\Common;C:\Program Files\NVIDIA Corporation\NVIDIA NvDLISR;C:\Program Files\dotnet\;C:\Program Files\Git\cmd;C:\Users\DVDSTORE\AppData\Local\Microsoft\WindowsApps;C:\Users\DVDSTORE\AppData\Local\Programs\Microsoft VS Code\bin;;C:\Program Files\Apache NetBeans\bin\
USERNAME=DVDSTORE
OS=Windows_NT
PROCESSOR_IDENTIFIER=Intel64 Family 6 Model 151 Stepping 5, GenuineIntel
TMP=C:\Users\DVDSTORE\AppData\Local\Temp
TEMP=C:\Users\DVDSTORE\AppData\Local\Temp




Compilation memory statistics disabled.

Periodic native trim disabled

---------------  S Y S T E M  ---------------

OS:
 Windows 11 , 64 bit Build 26100 (10.0.26100.8875)
OS uptime: 3 days 17:10 hours

CPU: total 12 (initial active 12) (6 cores per cpu, 2 threads per core) family 6 model 151 stepping 5 microcode 0x2d, cx8, cmov, fxsr, ht, mmx, 3dnowpref, sse, sse2, sse3, ssse3, sse4.1, sse4.2, popcnt, lzcnt, tsc, tscinvbit, avx, avx2, aes, erms, clmul, bmi1, bmi2, adx, sha, fma, vzeroupper, clflush, clflushopt, clwb, serialize, rdtscp, rdpid, fsrm, gfni, f16c, pku, cet_ibt, cet_ss
Processor Information for the first 12 processors :
  Max Mhz: 2500, Current Mhz: 2500, Mhz Limit: 2500

Memory: 4k page, system-wide physical 16237M (1996M free)
TotalPageFile size 28525M (AvailPageFile size 372M)
current process WorkingSet (physical memory assigned to process): 105M, peak: 106M
current process commit charge ("private bytes"): 166M, peak: 179M

vm_info: OpenJDK 64-Bit Server VM (26.0.1+8) for windows-amd64 JRE (26.0.1+8), built on 2026-04-21T00:00:00Z with MS VC++ 17.12 (VS2022)

END.
