#
# There is insufficient memory for the Java Runtime Environment to continue.
# Native memory allocation (malloc) failed to allocate 1220760 bytes. Error detail: Chunk::new
# Possible reasons:
#   The system is out of physical RAM or swap space
#   This process is running with CompressedOops enabled, and the Java Heap may be blocking the growth of the native heap
# Possible solutions:
#   Reduce memory load on the system
#   Increase physical memory or swap space
#   Check if swap backing store is full
#   Decrease Java heap size (-Xmx/-Xms)
#   Decrease number of Java threads
#   Decrease Java thread stack sizes (-Xss)
#   Set larger code cache with -XX:ReservedCodeCacheSize=
#   JVM is running with Zero Based Compressed Oops mode in which the Java heap is
#     placed in the first 32GB address space. The Java Heap base address is the
#     maximum limit for the native heap growth. Please use -XX:HeapBaseMinAddress
#     to set the Java Heap base and to place the Java Heap above 32GB virtual address.
# This output file may be truncated or incomplete.
#
#  Out of Memory Error (arena.cpp:193), pid=28776, tid=49876
#
# JRE version: OpenJDK Runtime Environment Temurin-26.0.1+8 (26.0.1+8) (build 26.0.1+8)
# Java VM: OpenJDK 64-Bit Server VM Temurin-26.0.1+8 (26.0.1+8, mixed mode, sharing, tiered, compressed oops, compressed class ptrs, g1 gc, windows-amd64)
# No core dump will be written. Minidumps are not enabled by default on client versions of Windows
#

---------------  S U M M A R Y ------------

Command Line: --enable-native-access=ALL-UNNAMED -Dclassworlds.conf=C:\Program Files\Apache NetBeans\java\maven\bin\m2.conf -Dmaven.home=C:\Program Files\Apache NetBeans\java\maven -Dlibrary.jansi.path=C:\Program Files\Apache NetBeans\java\maven\lib\jansi-native -Dmaven.multiModuleProjectDirectory=C:\Users\DVDSTORE\Desktop\LeetCode\ArrayList\ArrayList org.codehaus.plexus.classworlds.launcher.Launcher -Dexec.vmArgs= -Dexec.args=${exec.vmArgs} -classpath %classpath ${exec.mainClass} ${exec.appArgs} -Dexec.appArgs= -Dexec.mainClass=com.mycompany.arraylist.Driver -Dexec.executable=C:\Program Files\Apache NetBeans\jdk\bin\java.exe -Dmaven.ext.class.path=C:\Program Files\Apache NetBeans\java\maven-nblib\netbeans-eventspy.jar --no-transfer-progress process-classes org.codehaus.mojo:exec-maven-plugin:3.5.1:exec

Host: 12th Gen Intel(R) Core(TM) i5-12400F, 12 cores, 15G,  Windows 11 , 64 bit Build 26100 (10.0.26100.8875)
Time: Wed Aug 19 09:14:36 2026 Egypt Daylight Time elapsed time: 8.543045 seconds (0d 0h 0m 8s)

---------------  T H R E A D  ---------------

Current thread (0x0000022f3b046130):  JavaThread "C2 CompilerThread0" daemon [_thread_in_native, id=49876, stack(0x000000e35f200000,0x000000e35f300000) (1024K)]


Current CompileTask:
C2:8543  794       4       java.lang.String::substring (58 bytes)

Stack: [0x000000e35f200000,0x000000e35f300000]
Native frames: (J=compiled Java code, j=interpreted, Vv=VM code, C=native code)
V  [jvm.dll+0x7db749]  (no source info available)
V  [jvm.dll+0x7a82bd]  (no source info available)
V  [jvm.dll+0xa44a60]  (no source info available)
V  [jvm.dll+0xa46eb1]  (no source info available)
V  [jvm.dll+0xa475c3]  (no source info available)
V  [jvm.dll+0x311a96]  (no source info available)
V  [jvm.dll+0x120316]  (no source info available)
V  [jvm.dll+0x12063e]  (no source info available)
V  [jvm.dll+0x1b2836]  (no source info available)
V  [jvm.dll+0x3ce802]  (no source info available)
V  [jvm.dll+0x7e430f]  (no source info available)
V  [jvm.dll+0x2d4597]  (no source info available)
V  [jvm.dll+0x2d350f]  (no source info available)
V  [jvm.dll+0x249670]  (no source info available)
V  [jvm.dll+0x2e363c]  (no source info available)
V  [jvm.dll+0x2e181d]  (no source info available)
V  [jvm.dll+0x4a82ae]  (no source info available)
V  [jvm.dll+0x9e3039]  (no source info available)
V  [jvm.dll+0x7dd228]  (no source info available)
C  [ucrtbase.dll+0x2cd30]  (no source info available)
C  [KERNEL32.DLL+0x2e957]  (no source info available)
C  [ntdll.dll+0xaad6c]  (no source info available)

Lock stack of current Java thread (top to bottom):


---------------  P R O C E S S  ---------------

Threads class SMR info:
_java_thread_list=0x0000022f40098100, length=12, elements={
0x0000022f188e5410, 0x0000022f3b033dc0, 0x0000022f3b034810, 0x0000022f3b038b40,
0x0000022f3b039bb0, 0x0000022f3b03bef0, 0x0000022f3b0406b0, 0x0000022f3b046130,
0x0000022f3b04bc50, 0x0000022f3b6f8a20, 0x0000022f3b6fa9e0, 0x0000022f40096f80
}

Java Threads: ( => current thread )
  0x0000022f188e5410 JavaThread "main"                              [_thread_blocked, id=56836, stack(0x000000e35e300000,0x000000e35e400000) (1024K)]
  0x0000022f3b033dc0 JavaThread "Reference Handler"          daemon [_thread_blocked, id=52468, stack(0x000000e35ec00000,0x000000e35ed00000) (1024K)]
  0x0000022f3b034810 JavaThread "Finalizer"                  daemon [_thread_blocked, id=59304, stack(0x000000e35ed00000,0x000000e35ee00000) (1024K)]
  0x0000022f3b038b40 JavaThread "Signal Dispatcher"          daemon [_thread_blocked, id=60408, stack(0x000000e35ee00000,0x000000e35ef00000) (1024K)]
  0x0000022f3b039bb0 JavaThread "Attach Listener"            daemon [_thread_blocked, id=58628, stack(0x000000e35ef00000,0x000000e35f000000) (1024K)]
  0x0000022f3b03bef0 JavaThread "Service Thread"             daemon [_thread_blocked, id=61312, stack(0x000000e35f000000,0x000000e35f100000) (1024K)]
  0x0000022f3b0406b0 JavaThread "Monitor Deflation Thread"   daemon [_thread_blocked, id=51588, stack(0x000000e35f100000,0x000000e35f200000) (1024K)]
=>0x0000022f3b046130 JavaThread "C2 CompilerThread0"         daemon [_thread_in_native, id=49876, stack(0x000000e35f200000,0x000000e35f300000) (1024K)]
  0x0000022f3b04bc50 JavaThread "C1 CompilerThread0"         daemon [_thread_blocked, id=51476, stack(0x000000e35f300000,0x000000e35f400000) (1024K)]
  0x0000022f3b6f8a20 JavaThread "Notification Thread"        daemon [_thread_blocked, id=50660, stack(0x000000e35f400000,0x000000e35f500000) (1024K)]
  0x0000022f3b6fa9e0 JavaThread "Common-Cleaner"             daemon [_thread_blocked, id=52052, stack(0x000000e35f500000,0x000000e35f600000) (1024K)]
  0x0000022f40096f80 JavaThread "cleanup"                    daemon [_thread_in_vm, id=62244, stack(0x000000e35f600000,0x000000e35f700000) (1024K)]
Total: 12

Other Threads:
  0x0000022f3b01d550 VMThread "VM Thread"                           [id=48316, stack(0x000000e35eb00000,0x000000e35ec00000) (1024K)]
  0x0000022f3b008470 WatcherThread "VM Periodic Task Thread"        [id=59996, stack(0x000000e35ea00000,0x000000e35eb00000) (1024K)]
  0x0000022f1ae2f780 WorkerThread "GC Thread#0"                     [id=60344, stack(0x000000e35e400000,0x000000e35e500000) (1024K)]
  0x0000022f3b9c6da0 WorkerThread "GC Thread#1"                     [id=59836, stack(0x000000e35f800000,0x000000e35f900000) (1024K)]
  0x0000022f1ae484e0 ConcurrentGCThread "G1 Main Marker"            [id=56596, stack(0x000000e35e500000,0x000000e35e600000) (1024K)]
  0x0000022f1ae49870 WorkerThread "G1 Conc#0"                       [id=59668, stack(0x000000e35e600000,0x000000e35e700000) (1024K)]
  0x0000022f1ae6cfe0 WorkerThread "G1 Refinement Workers#0"         [id=60332, stack(0x000000e35e800000,0x000000e35e900000) (1024K)]
  0x0000022f1ae6c620 ConcurrentGCThread "G1 Refine Control"         [id=60380, stack(0x000000e35e700000,0x000000e35e800000) (1024K)]
  0x0000022f1ae6e790 ConcurrentGCThread "G1 Service"                [id=24744, stack(0x000000e35e900000,0x000000e35ea00000) (1024K)]
Total: 9

Threads with active compile tasks:
C2 CompilerThread0  10048  794       4       java.lang.String::substring (58 bytes)
Total: 1

VM state: not at safepoint (normal execution)

VM Mutex/Monitor currently owned by a thread: None

Heap address: 0x0000000702400000, size: 4060 MB, Compressed Oops mode: Zero based, Oop shift amount: 3

CDS archive(s) mapped at: [0x000000000f000000-0x000000000fde0000-0x000000000fde0000), size 14548992, SharedBaseAddress: 0x000000000f000000, ArchiveRelocationMode: 1.
Compressed class space mapped at: 0x0000000010000000-0x0000000050000000, reserved size: 1073741824
UseCompressedClassPointers 1, UseCompactObjectHeaders 0
Narrow klass pointer bits 32, Max shift 3
Narrow klass base: 0x000000000f000000, Narrow klass shift: 0
Encoding Range: [0x000000000f000000 - 0x000000010f000000), (4294967296 bytes)
Klass Range:    [0x000000000f000000 - 0x0000000050000000), (1090519040 bytes)
Klass ID Range:  [8 - 1090519033) (1090519025)
Protection zone: [0x000000000f000000 - 0x000000000f010000), (65536 bytes)

GC Precious Log:
 CardTable entry size: 512
 Card Set container configuration: InlinePtr #cards 4 size 8 Array Of Cards #cards 16 size 48 Howl #buckets 8 coarsen threshold 3686 Howl Bitmap #cards 512 size 80 coarsen threshold 460 Card regions per heap region 1 cards per card region 4096
 CPUs: 12 total, 12 available
 Memory: 16237M
 Large Page Support: Disabled
 NUMA Support: Disabled
 Compressed Oops: Enabled (Zero based)
 Heap Region Size: 2M
 Heap Min Capacity: 8M
 Heap Initial Capacity: 8M
 Heap Max Capacity: 4060M
 Pre-touch: Disabled
 Parallel Workers: 10
 Concurrent Workers: 3
 Concurrent Refinement Workers: 10
 Periodic GC: Disabled

Heap:
 garbage-first heap   total reserved 4157440K, committed 10240K, used 3520K [0x0000000702400000, 0x0000000800000000)
  region size 2M, 1 eden (2M), 1 survivor (2M), 2 old (4M), 0 humongous (0M), 1 free (2M)

Heap Regions: E=young(eden), S=young(survivor), O=old, HS=humongous(starts), HC=humongous(continues), CS=collection set, F=free, TAMS=top-at-mark-start, PB=parsable bottom
|    0|0x0000000702400000, 0x0000000702573640, 0x0000000702600000| 72%| O|  |TAMS 0x0000000702400000| PB 0x0000000702400000| Untracked |  0
|    1|0x0000000702600000, 0x00000007026d4e80, 0x0000000702800000| 41%| S|CS|TAMS 0x0000000702600000| PB 0x0000000702600000| Complete  |  0
|    2|0x0000000702800000, 0x0000000702800000, 0x0000000702a00000|  0%| F|  |TAMS 0x0000000702800000| PB 0x0000000702800000| Untracked |  0
|    3|0x0000000702a00000, 0x0000000702aab518, 0x0000000702c00000| 33%| E|CS|TAMS 0x0000000702a00000| PB 0x0000000702a00000| Complete  |  0
| 2029|0x00000007ffe00000, 0x00000007fff27b70, 0x0000000800000000| 57%| O|  |TAMS 0x00000007ffe00000| PB 0x00000007ffe00000| Untracked |  0

Card table byte_map: [0x0000022f34200000,0x0000022f349f0000] _byte_map_base: 0x0000022f309ee000
Refinement table byte_map: [0x0000022f33a10000,0x0000022f34200000] _byte_map_base: 0x0000022f301fe000

Marking Bits: (CMBitMap*) 0x0000022f1ae2ff00
 Bits: [0x0000022f349f0000, 0x0000022f38960000)

Polling page: 0x0000022f18bb0000

Metaspace:
Metaspace        used 2613K, committed 2816K, reserved 1114112K
 class space     used 245K, committed 320K, reserved 1048576K

Usage:
  Non-class:      2.31 MB used.
      Class:    245.03 KB used.
       Both:      2.55 MB used.

Virtual space:
  Non-class space:       64.00 MB reserved,       2.44 MB (  4%) committed,  1 nodes.
      Class space:        1.00 GB reserved,     320.00 KB ( <1%) committed,  1 nodes.
             Both:        1.06 GB reserved,       2.75 MB ( <1%) committed. 

Chunk freelists:
   Non-Class:  10.97 MB
       Class:  15.60 MB
        Both:  26.57 MB

MaxMetaspaceSize: unlimited
CompressedClassSpaceSize: 1.00 GB
Initial GC threshold: 21.00 MB
Current GC threshold: 21.00 MB
CDS: on
 - commit_granule_bytes: 65536.
 - commit_granule_words: 8192.
 - virtual_space_node_default_size: 8388608.
 - enlarge_chunks_in_place: 1.
UseCompressedClassPointers 1, UseCompactObjectHeaders 0
Narrow klass pointer bits 32, Max shift 3
Narrow klass base: 0x000000000f000000, Narrow klass shift: 0
Encoding Range: [0x000000000f000000 - 0x000000010f000000), (4294967296 bytes)
Klass Range:    [0x000000000f000000 - 0x0000000050000000), (1090519040 bytes)
Klass ID Range:  [8 - 1090519033) (1090519025)
Protection zone: [0x000000000f000000 - 0x000000000f010000), (65536 bytes)


Internal statistics:

num_allocs_failed_limit: 0.
num_arena_births: 38.
num_arena_deaths: 0.
num_vsnodes_births: 2.
num_vsnodes_deaths: 0.
num_space_committed: 44.
num_space_uncommitted: 0.
num_chunks_returned_to_freelist: 0.
num_chunks_taken_from_freelist: 102.
num_chunk_merges: 0.
num_chunk_splits: 62.
num_chunks_enlarged: 48.
num_inconsistent_stats: 0.

CodeHeap 'non-profiled nmethods': size=120064Kb used=212Kb max_used=212Kb free=119851Kb
 bounds [0x0000022f2b790000, 0x0000022f2ba00000, 0x0000022f32cd0000]
CodeHeap 'profiled nmethods': size=120064Kb used=1144Kb max_used=1144Kb free=118919Kb
 bounds [0x0000022f23cb0000, 0x0000022f23f20000, 0x0000022f2b1f0000]
CodeHeap 'non-nmethods': size=5760Kb used=1337Kb max_used=1338Kb free=4422Kb
 bounds [0x0000022f2b1f0000, 0x0000022f2b460000, 0x0000022f2b790000]
CodeCache: size=245888Kb, used=2693Kb, max_used=2694Kb, free=243192Kb
 total_blobs=1271, nmethods=822, adapters=353, full_count=0
Compilation: enabled, stopped_count=0, restarted_count=0

Compilation events (20 events):
Event: 7.454 Thread 0x0000022f3b04bc50  785       3       sun.util.locale.InternalLocaleBuilder::clear (31 bytes)
Event: 7.454 Thread 0x0000022f3b04bc50 nmethod 785 0x0000022f23da9288 code [0x0000022f23da9380, 0x0000022f23da96f0]
Event: 7.454 Thread 0x0000022f3b04bc50  786       3       sun.util.locale.InternalLocaleBuilder::setExtensions (202 bytes)
Event: 7.455 Thread 0x0000022f3b04bc50 nmethod 786 0x0000022f23da9708 code [0x0000022f23da9820, 0x0000022f23dac878]
Event: 7.455 Thread 0x0000022f3b04bc50  787       3       sun.util.locale.LocaleUtils::isEmpty (19 bytes)
Event: 7.455 Thread 0x0000022f3b04bc50 nmethod 787 0x0000022f23dac888 code [0x0000022f23dac980, 0x0000022f23dacba0]
Event: 7.455 Thread 0x0000022f3b04bc50  788       3       sun.util.locale.InternalLocaleBuilder::getBaseLocale (187 bytes)
Event: 7.456 Thread 0x0000022f3b04bc50 nmethod 788 0x0000022f23dacc08 code [0x0000022f23dacd00, 0x0000022f23dae268]
Event: 7.456 Thread 0x0000022f3b04bc50  789       3       sun.util.locale.InternalLocaleBuilder::getLocaleExtensions (65 bytes)
Event: 7.456 Thread 0x0000022f3b04bc50 nmethod 789 0x0000022f23dae288 code [0x0000022f23dae380, 0x0000022f23daeb58]
Event: 7.456 Thread 0x0000022f3b04bc50  790       3       sun.util.locale.LocaleUtils::isEmpty (19 bytes)
Event: 7.457 Thread 0x0000022f3b04bc50 nmethod 790 0x0000022f23daeb88 code [0x0000022f23daec80, 0x0000022f23daeea0]
Event: 7.457 Thread 0x0000022f3b04bc50  792       3       java.util.Locale$2::apply (6 bytes)
Event: 7.457 Thread 0x0000022f3b04bc50 nmethod 792 0x0000022f23daef08 code [0x0000022f23daf000, 0x0000022f23daf130]
Event: 7.457 Thread 0x0000022f3b04bc50  793       3       java.util.Locale$2::apply (43 bytes)
Event: 7.457 Thread 0x0000022f3b04bc50 nmethod 793 0x0000022f23daf208 code [0x0000022f23daf300, 0x0000022f23db04a0]
Event: 7.457 Thread 0x0000022f3b04bc50  764       3       sun.util.locale.LanguageTag::isRegion (36 bytes)
Event: 7.458 Thread 0x0000022f3b04bc50 nmethod 764 0x0000022f23db0508 code [0x0000022f23db0600, 0x0000022f23db1e40]
Event: 7.533 Thread 0x0000022f3b046130  794       4       java.lang.String::substring (58 bytes)
Event: 7.556 Thread 0x0000022f3b04bc50  795       3       sun.util.locale.LanguageTag::parseExtlangs (108 bytes)

GC Heap Usage History (6 events):
Event: 1.345 {heap Before GC invocations=0 (full 0):
 garbage-first heap   total reserved 4157440K, committed 10240K, used 3230K [0x0000000702400000, 0x0000000800000000)
  region size 2M, 2 eden (4M), 0 survivor (0M), 1 old (2M), 0 humongous (0M), 2 free (4M)
}
Event: 2.121 {heap After GC invocations=1 (full 0):
 garbage-first heap   total reserved 4157440K, committed 10240K, used 2686K [0x0000000702400000, 0x0000000800000000)
  region size 2M, 0 eden (0M), 1 survivor (2M), 1 old (2M), 0 humongous (0M), 3 free (6M)
}
Event: 6.989 {heap Before GC invocations=1 (full 0):
 garbage-first heap   total reserved 4157440K, committed 10240K, used 4734K [0x0000000702400000, 0x0000000800000000)
  region size 2M, 1 eden (2M), 1 survivor (2M), 1 old (2M), 0 humongous (0M), 2 free (4M)
}
Event: 6.991 {heap After GC invocations=2 (full 0):
 garbage-first heap   total reserved 4157440K, committed 10240K, used 2911K [0x0000000702400000, 0x0000000800000000)
  region size 2M, 0 eden (0M), 1 survivor (2M), 2 old (4M), 0 humongous (0M), 2 free (4M)
}
Event: 7.448 {heap Before GC invocations=2 (full 0):
 garbage-first heap   total reserved 4157440K, committed 10240K, used 4959K [0x0000000702400000, 0x0000000800000000)
  region size 2M, 1 eden (2M), 1 survivor (2M), 2 old (4M), 0 humongous (0M), 1 free (2M)
}
Event: 7.452 {heap After GC invocations=3 (full 0):
 garbage-first heap   total reserved 4157440K, committed 10240K, used 3520K [0x0000000702400000, 0x0000000800000000)
  region size 2M, 0 eden (0M), 1 survivor (2M), 2 old (4M), 0 humongous (0M), 2 free (4M)
}

Metaspace Usage History (6 events):
Event: 1.345 {metaspace Before GC invocations=0 (full 0):
 Metaspace       used 1083K, committed 1216K, reserved 1114112K
  class space    used 88K, committed 128K, reserved 1048576K
}
Event: 2.121 {metaspace After GC invocations=1 (full 0):
 Metaspace       used 1083K, committed 1216K, reserved 1114112K
  class space    used 88K, committed 128K, reserved 1048576K
}
Event: 6.989 {metaspace Before GC invocations=1 (full 0):
 Metaspace       used 2028K, committed 2176K, reserved 1114112K
  class space    used 185K, committed 256K, reserved 1048576K
}
Event: 6.991 {metaspace After GC invocations=2 (full 0):
 Metaspace       used 2028K, committed 2176K, reserved 1114112K
  class space    used 185K, committed 256K, reserved 1048576K
}
Event: 7.448 {metaspace Before GC invocations=2 (full 0):
 Metaspace       used 2501K, committed 2688K, reserved 1114112K
  class space    used 235K, committed 320K, reserved 1048576K
}
Event: 7.452 {metaspace After GC invocations=3 (full 0):
 Metaspace       used 2501K, committed 2688K, reserved 1114112K
  class space    used 235K, committed 320K, reserved 1048576K
}

Dll operation events (14 events):
Event: 0.050 Attempting to load shared library C:\Program Files\Apache NetBeans\jdk\bin\java.dll
Event: 0.051 Loaded shared library C:\Program Files\Apache NetBeans\jdk\bin\java.dll
Event: 0.234 Attempting to load shared library C:\Program Files\Apache NetBeans\jdk\bin\net.dll
Event: 0.235 Loaded shared library C:\Program Files\Apache NetBeans\jdk\bin\net.dll
Event: 0.237 Attempting to load shared library C:\Program Files\Apache NetBeans\jdk\bin\nio.dll
Event: 0.238 Loaded shared library C:\Program Files\Apache NetBeans\jdk\bin\nio.dll
Event: 0.241 Attempting to load shared library C:\Program Files\Apache NetBeans\jdk\bin\zip.dll
Event: 0.242 Loaded shared library C:\Program Files\Apache NetBeans\jdk\bin\zip.dll
Event: 0.675 Attempting to load shared library C:\Program Files\Apache NetBeans\java\maven\lib\jansi-native\Windows\x86_64\jansi.dll
Event: 0.676 Loaded shared library C:\Program Files\Apache NetBeans\java\maven\lib\jansi-native\Windows\x86_64\jansi.dll
Event: 0.688 Attempting to load shared library C:\Program Files\Apache NetBeans\jdk\bin\verify.dll
Event: 0.689 Loaded shared library C:\Program Files\Apache NetBeans\jdk\bin\verify.dll
Event: 2.196 Attempting to load shared library C:\Program Files\Apache NetBeans\jdk\bin\jimage.dll
Event: 2.196 Loaded shared library C:\Program Files\Apache NetBeans\jdk\bin\jimage.dll

Deoptimization events (20 events):
Event: 6.788 Thread 0x0000022f188e5410 Uncommon trap: trap_request=0xffffff66 fr.pc=0x0000022f2b7b887c relative=0x00000000000003fc
Event: 6.788 Thread 0x0000022f188e5410 Uncommon trap: reason=loop_limit_check action=maybe_recompile pc=0x0000022f2b7b887c method=java.lang.StringLatin1.indexOf([BI[BII)I @ 37 c2
Event: 6.788 Thread 0x0000022f188e5410 DEOPT PACKING pc=0x0000022f2b7b887c sp=0x000000e35e3fe8c0
Event: 6.789 Thread 0x0000022f188e5410 DEOPT UNPACKING pc=0x0000022f2b313d82 sp=0x000000e35e3fe820 mode 2
Event: 6.988 Thread 0x0000022f188e5410 DEOPT PACKING pc=0x0000022f23ce6a78 sp=0x000000e35e3fe380
Event: 6.989 Thread 0x0000022f188e5410 DEOPT UNPACKING pc=0x0000022f2b241a02 sp=0x000000e35e3fd808 mode 0
Event: 7.004 Thread 0x0000022f188e5410 DEOPT PACKING pc=0x0000022f23cd4058 sp=0x000000e35e3fa630
Event: 7.004 Thread 0x0000022f188e5410 DEOPT UNPACKING pc=0x0000022f2b241a02 sp=0x000000e35e3f9ac0 mode 0
Event: 7.005 Thread 0x0000022f188e5410 DEOPT PACKING pc=0x0000022f23ce6a78 sp=0x000000e35e3fa4d0
Event: 7.005 Thread 0x0000022f188e5410 DEOPT UNPACKING pc=0x0000022f2b241a02 sp=0x000000e35e3f9940 mode 0
Event: 7.274 Thread 0x0000022f188e5410 Uncommon trap: trap_request=0xffffff45 fr.pc=0x0000022f2b79e778 relative=0x0000000000000078
Event: 7.274 Thread 0x0000022f188e5410 Uncommon trap: reason=unstable_if action=reinterpret pc=0x0000022f2b79e778 method=jdk.internal.misc.Unsafe.convEndian(ZS)S @ 4 c2
Event: 7.274 Thread 0x0000022f188e5410 DEOPT PACKING pc=0x0000022f2b79e778 sp=0x000000e35e3fd460
Event: 7.274 Thread 0x0000022f188e5410 DEOPT UNPACKING pc=0x0000022f2b313d82 sp=0x000000e35e3fd390 mode 2
Event: 7.275 Thread 0x0000022f188e5410 DEOPT PACKING pc=0x0000022f23ce6a78 sp=0x000000e35e3fd5c0
Event: 7.275 Thread 0x0000022f188e5410 DEOPT UNPACKING pc=0x0000022f2b241a02 sp=0x000000e35e3fca48 mode 0
Event: 7.298 Thread 0x0000022f188e5410 Uncommon trap: trap_request=0xffffff45 fr.pc=0x0000022f2b79ed74 relative=0x0000000000000074
Event: 7.298 Thread 0x0000022f188e5410 Uncommon trap: reason=unstable_if action=reinterpret pc=0x0000022f2b79ed74 method=jdk.internal.misc.Unsafe.convEndian(ZI)I @ 4 c2
Event: 7.298 Thread 0x0000022f188e5410 DEOPT PACKING pc=0x0000022f2b79ed74 sp=0x000000e35e3fde70
Event: 7.299 Thread 0x0000022f188e5410 DEOPT UNPACKING pc=0x0000022f2b313d82 sp=0x000000e35e3fdda0 mode 2

Classes loaded (20 events):
Event: 7.269 Loading class java/util/concurrent/locks/AbstractQueuedLongSynchronizer
Event: 7.269 Loading class java/util/concurrent/locks/AbstractQueuedLongSynchronizer done
Event: 7.269 Loading class java/util/concurrent/locks/ReentrantReadWriteLock$Sync done
Event: 7.269 Loading class java/util/concurrent/locks/ReentrantReadWriteLock$NonfairSync done
Event: 7.269 Loading class java/util/concurrent/locks/ReentrantReadWriteLock$Sync$ThreadLocalHoldCounter
Event: 7.269 Loading class java/util/concurrent/locks/ReentrantReadWriteLock$Sync$ThreadLocalHoldCounter done
Event: 7.269 Loading class java/util/concurrent/locks/ReentrantReadWriteLock$ReadLock
Event: 7.269 Loading class java/util/concurrent/locks/ReentrantReadWriteLock$ReadLock done
Event: 7.269 Loading class java/util/concurrent/locks/ReentrantReadWriteLock$WriteLock
Event: 7.270 Loading class java/util/concurrent/locks/ReentrantReadWriteLock$WriteLock done
Event: 7.272 Loading class java/text/ParseException
Event: 7.273 Loading class java/text/ParseException done
Event: 7.299 Loading class sun/util/calendar/ZoneInfoFile$Checksum
Event: 7.299 Loading class sun/util/calendar/ZoneInfoFile$Checksum done
Event: 7.300 Loading class jdk/internal/module/ModulePatcher$PatchedModuleReader
Event: 7.300 Loading class jdk/internal/module/ModulePatcher$PatchedModuleReader done
Event: 7.301 Loading class jdk/internal/jimage/ImageReader$Resource
Event: 7.301 Loading class jdk/internal/jimage/ImageReader$Resource done
Event: 7.304 Loading class sun/net/www/protocol/jrt/Handler
Event: 7.304 Loading class sun/net/www/protocol/jrt/Handler done

Classes unloaded (0 events):
No events

Classes redefined (0 events):
No events

Internal exceptions (20 events):
Event: 0.677 Thread 0x0000022f188e5410 Exception <a 'java/lang/NullPointerException'{0x00000007029bc0b0}> (0x00000007029bc0b0) 
thrown [s\src\hotspot\share\interpreter\linkResolver.cpp, line 1428]
Event: 0.677 Thread 0x0000022f188e5410 Exception <a 'java/lang/NullPointerException'{0x00000007029bc390}> (0x00000007029bc390) 
thrown [s\src\hotspot\share\interpreter\linkResolver.cpp, line 1428]
Event: 0.680 Thread 0x0000022f188e5410 Exception <a 'java/lang/NullPointerException'{0x00000007029c1010}> (0x00000007029c1010) 
thrown [s\src\hotspot\share\interpreter\linkResolver.cpp, line 1428]
Event: 0.682 Thread 0x0000022f188e5410 Exception <a 'java/lang/NullPointerException'{0x00000007029d2910}> (0x00000007029d2910) 
thrown [s\src\hotspot\share\interpreter\linkResolver.cpp, line 1428]
Event: 0.682 Thread 0x0000022f188e5410 Exception <a 'java/lang/NullPointerException'{0x00000007029d2bf0}> (0x00000007029d2bf0) 
thrown [s\src\hotspot\share\interpreter\linkResolver.cpp, line 1428]
Event: 0.682 Thread 0x0000022f188e5410 Exception <a 'java/lang/NullPointerException'{0x00000007029d3128}> (0x00000007029d3128) 
thrown [s\src\hotspot\share\interpreter\linkResolver.cpp, line 1428]
Event: 0.682 Thread 0x0000022f188e5410 Exception <a 'java/lang/NullPointerException'{0x00000007029d3408}> (0x00000007029d3408) 
thrown [s\src\hotspot\share\interpreter\linkResolver.cpp, line 1428]
Event: 0.687 Thread 0x0000022f188e5410 Exception <a 'sun/nio/fs/WindowsException'{0x00000007029f4da0}> (0x00000007029f4da0) 
thrown [s\src\hotspot\share\prims\jni.cpp, line 514]
Event: 0.687 Thread 0x0000022f188e5410 Exception <a 'sun/nio/fs/WindowsException'{0x00000007029f53d8}> (0x00000007029f53d8) 
thrown [s\src\hotspot\share\prims\jni.cpp, line 514]
Event: 0.687 Thread 0x0000022f188e5410 Exception <a 'sun/nio/fs/WindowsException'{0x00000007029f59c0}> (0x00000007029f59c0) 
thrown [s\src\hotspot\share\prims\jni.cpp, line 514]
Event: 0.687 Thread 0x0000022f188e5410 Exception <a 'sun/nio/fs/WindowsException'{0x00000007029f5f30}> (0x00000007029f5f30) 
thrown [s\src\hotspot\share\prims\jni.cpp, line 514]
Event: 0.687 Thread 0x0000022f188e5410 Exception <a 'sun/nio/fs/WindowsException'{0x00000007029f6480}> (0x00000007029f6480) 
thrown [s\src\hotspot\share\prims\jni.cpp, line 514]
Event: 0.687 Thread 0x0000022f188e5410 Exception <a 'sun/nio/fs/WindowsException'{0x00000007029f6970}> (0x00000007029f6970) 
thrown [s\src\hotspot\share\prims\jni.cpp, line 514]
Event: 0.687 Thread 0x0000022f188e5410 Exception <a 'sun/nio/fs/WindowsException'{0x00000007029f6e18}> (0x00000007029f6e18) 
thrown [s\src\hotspot\share\prims\jni.cpp, line 514]
Event: 2.176 Thread 0x0000022f188e5410 Exception <a 'java/lang/NoSuchMethodError'{0x0000000702a312c0}: 'void java.lang.invoke.DirectMethodHandle$Holder.invokeVirtual(java.lang.Object, java.lang.Object)'> (0x0000000702a312c0) 
thrown [s\src\hotspot\share\interpreter\linkResolver.cpp, line 804]
Event: 2.179 Thread 0x0000022f188e5410 Exception <a 'java/lang/NoSuchMethodError'{0x0000000702a52c78}: 'void java.lang.invoke.DirectMethodHandle$Holder.invokeStatic(java.lang.Object, java.lang.Object)'> (0x0000000702a52c78) 
thrown [s\src\hotspot\share\interpreter\linkResolver.cpp, line 804]
Event: 2.180 Thread 0x0000022f188e5410 Exception <a 'java/lang/NoSuchMethodError'{0x0000000702a5ac60}: 'void java.lang.invoke.DirectMethodHandle$Holder.invokeStaticInit(java.lang.Object, java.lang.Object)'> (0x0000000702a5ac60) 
thrown [s\src\hotspot\share\interpreter\linkResolver.cpp, line 804]
Event: 2.185 Thread 0x0000022f188e5410 Exception <a 'java/lang/NoSuchMethodError'{0x0000000702a927f8}: 'void java.lang.invoke.DirectMethodHandle$Holder.invokeSpecial(java.lang.Object, java.lang.Object, java.lang.Object, java.lang.Object, java.lang.Object)'> (0x0000000702a927f8) 
thrown [s\src\hotspot\share\interpreter\linkResolver.cpp, line 804]
Event: 2.193 Thread 0x0000022f188e5410 Exception <a 'java/lang/NoSuchMethodError'{0x0000000702ad3b38}: 'void java.lang.invoke.DirectMethodHandle$Holder.invokeStatic(java.lang.Object, java.lang.Object, java.lang.Object)'> (0x0000000702ad3b38) 
thrown [s\src\hotspot\share\interpreter\linkResolver.cpp, line 804]
Event: 7.001 Thread 0x0000022f188e5410 Exception <a 'java/lang/NoSuchMethodError'{0x0000000702a6be00}: 'java.lang.Object java.lang.invoke.DirectMethodHandle$Holder.invokeSpecialIFC(java.lang.Object, java.lang.Object, java.lang.Object, java.lang.Object)'> (0x0000000702a6be00) 
thrown [s\src\hotspot\share\interpreter\linkResolver.cpp, line 804]

VM Operations (12 events):
Event: 0.243 Executing non-safepoint VM operation: HandshakeAllThreads (Deoptimize)
Event: 0.281 Executing non-safepoint VM operation: HandshakeAllThreads (Deoptimize) done
Event: 0.667 Executing non-safepoint VM operation: HandshakeAllThreads (Deoptimize)
Event: 0.667 Executing non-safepoint VM operation: HandshakeAllThreads (Deoptimize) done
Event: 0.690 Executing safepoint VM operation: G1CollectForAllocation (G1 Evacuation Pause)
Event: 2.121 Executing safepoint VM operation: G1CollectForAllocation (G1 Evacuation Pause) done
Event: 2.204 Executing non-safepoint VM operation: HandshakeAllThreads (Deoptimize)
Event: 6.203 Executing non-safepoint VM operation: HandshakeAllThreads (Deoptimize) done
Event: 6.989 Executing safepoint VM operation: G1CollectForAllocation (G1 Evacuation Pause)
Event: 6.991 Executing safepoint VM operation: G1CollectForAllocation (G1 Evacuation Pause) done
Event: 7.448 Executing safepoint VM operation: G1CollectForAllocation (G1 Evacuation Pause)
Event: 7.452 Executing safepoint VM operation: G1CollectForAllocation (G1 Evacuation Pause) done

Memory protections (0 events):
No events

Nmethod flushes (0 events):
No events

Events (14 events):
Event: 0.075 Thread 0x0000022f188e5410 Thread added: 0x0000022f188e5410
Event: 0.222 Thread 0x0000022f188e5410 Thread added: 0x0000022f3b033dc0
Event: 0.222 Thread 0x0000022f188e5410 Thread added: 0x0000022f3b034810
Event: 0.222 Thread 0x0000022f188e5410 Thread added: 0x0000022f3b038b40
Event: 0.222 Thread 0x0000022f188e5410 Thread added: 0x0000022f3b039bb0
Event: 0.222 Thread 0x0000022f188e5410 Thread added: 0x0000022f3b03bef0
Event: 0.222 Thread 0x0000022f188e5410 Thread added: 0x0000022f3b0406b0
Event: 0.222 Thread 0x0000022f188e5410 Thread added: 0x0000022f3b046130
Event: 0.222 Thread 0x0000022f188e5410 Thread added: 0x0000022f3b04bc50
Event: 0.230 Thread 0x0000022f188e5410 Thread added: 0x0000022f3b6f8a20
Event: 0.232 Thread 0x0000022f188e5410 Thread added: 0x0000022f3b6fa9e0
Event: 0.327 Thread 0x0000022f3b046130 Thread added: 0x0000022f3b7bada0
Event: 0.488 Thread 0x0000022f3b7bada0 Thread exited: 0x0000022f3b7bada0
Event: 0.672 Thread 0x0000022f188e5410 Thread added: 0x0000022f40096f80


Dynamic libraries:
0x00007ff623720000 - 0x00007ff62372e000 	C:\Program Files\Apache NetBeans\jdk\bin\java.exe
0x00007ff832b60000 - 0x00007ff832dc6000 	C:\WINDOWS\SYSTEM32\ntdll.dll
0x00007ff831820000 - 0x00007ff8318e9000 	C:\WINDOWS\System32\KERNEL32.DLL
0x00007ff82fd80000 - 0x00007ff83017e000 	C:\WINDOWS\System32\KERNELBASE.dll
0x00007ff82cc20000 - 0x00007ff82ccc0000 	C:\WINDOWS\SYSTEM32\apphelp.dll
0x00007ff830670000 - 0x00007ff8307bc000 	C:\WINDOWS\System32\ucrtbase.dll
0x00007ff806240000 - 0x00007ff80625e000 	C:\Program Files\Apache NetBeans\jdk\bin\VCRUNTIME140.dll
0x00007ff805820000 - 0x00007ff805837000 	C:\Program Files\Apache NetBeans\jdk\bin\jli.dll
0x00007ff8315a0000 - 0x00007ff831767000 	C:\WINDOWS\System32\USER32.dll
0x00007ff830440000 - 0x00007ff830467000 	C:\WINDOWS\System32\win32u.dll
0x00007ff8312b0000 - 0x00007ff8312db000 	C:\WINDOWS\System32\GDI32.dll
0x00007ff830190000 - 0x00007ff8302ba000 	C:\WINDOWS\System32\gdi32full.dll
0x00007ff830470000 - 0x00007ff830513000 	C:\WINDOWS\System32\msvcp_win.dll
0x00007ff815670000 - 0x00007ff815902000 	C:\WINDOWS\WinSxS\amd64_microsoft.windows.common-controls_6595b64144ccf1df_6.0.26100.8875_none_3e0d5d42e32fe9dd\COMCTL32.dll
0x00007ff831770000 - 0x00007ff831819000 	C:\WINDOWS\System32\msvcrt.dll
0x00007ff8323e0000 - 0x00007ff832412000 	C:\WINDOWS\System32\IMM32.DLL
0x000000005b940000 - 0x000000005b94d000 	C:\Program Files (x86)\360\Total Security\safemon\SafeWrapper.dll
0x00007ff832960000 - 0x00007ff832a17000 	C:\WINDOWS\System32\ADVAPI32.dll
0x00007ff830890000 - 0x00007ff83093a000 	C:\WINDOWS\System32\sechost.dll
0x00007ff830b50000 - 0x00007ff830c68000 	C:\WINDOWS\System32\RPCRT4.dll
0x00007ff8296f0000 - 0x00007ff8297f5000 	C:\Program Files (x86)\360\Total Security\safemon\libzdtp64.dll
0x00007ff831aa0000 - 0x00007ff832232000 	C:\WINDOWS\System32\SHELL32.dll
0x00007ff8319f0000 - 0x00007ff831a57000 	C:\WINDOWS\System32\SHLWAPI.dll
0x00007ff82f7c0000 - 0x00007ff82f7cb000 	C:\WINDOWS\SYSTEM32\VERSION.dll
0x00007ff82ae80000 - 0x00007ff82ae8c000 	C:\Program Files\Apache NetBeans\jdk\bin\vcruntime140_1.dll
0x00007fffb1950000 - 0x00007fffb19dd000 	C:\Program Files\Apache NetBeans\jdk\bin\msvcp140.dll
0x00007fff8c260000 - 0x00007fff8d1f9000 	C:\Program Files\Apache NetBeans\jdk\bin\server\jvm.dll
0x00007ff832440000 - 0x00007ff8324c0000 	C:\WINDOWS\System32\WS2_32.dll
0x00007ff821b50000 - 0x00007ff821b86000 	C:\WINDOWS\SYSTEM32\WINMM.dll
0x00007ff82fbe0000 - 0x00007ff82fc3e000 	C:\WINDOWS\SYSTEM32\POWRPROF.dll
0x00007ff82fbc0000 - 0x00007ff82fbd4000 	C:\WINDOWS\SYSTEM32\UMPDC.dll
0x00007ff82e9e0000 - 0x00007ff82e9fb000 	C:\WINDOWS\SYSTEM32\kernel.appcore.dll
0x00007ff8186a0000 - 0x00007ff8186aa000 	C:\Program Files\Apache NetBeans\jdk\bin\jimage.dll
0x00007ff81fc20000 - 0x00007ff81fe62000 	C:\WINDOWS\SYSTEM32\DBGHELP.DLL
0x00007ff830f20000 - 0x00007ff8312a3000 	C:\WINDOWS\System32\combase.dll
0x00007ff8314c0000 - 0x00007ff831599000 	C:\WINDOWS\System32\OLEAUT32.dll
0x00007ff816360000 - 0x00007ff81639b000 	C:\WINDOWS\SYSTEM32\dbgcore.DLL
0x00007ff8307d0000 - 0x00007ff83087c000 	C:\WINDOWS\System32\bcryptPrimitives.dll
0x00007ff805a80000 - 0x00007ff805a9e000 	C:\Program Files\Apache NetBeans\jdk\bin\java.dll
0x00007ff832240000 - 0x00007ff8323d9000 	C:\WINDOWS\System32\ole32.dll
0x00007ff82d7e0000 - 0x00007ff82e072000 	C:\WINDOWS\SYSTEM32\windows.storage.dll
0x00007ff8318f0000 - 0x00007ff8319e7000 	C:\WINDOWS\System32\SHCORE.dll
0x00007ff82fca0000 - 0x00007ff82fcc9000 	C:\WINDOWS\SYSTEM32\profapi.dll
0x00007ff800060000 - 0x00007ff800071000 	C:\Program Files\Apache NetBeans\jdk\bin\net.dll
0x00007ff82ef90000 - 0x00007ff82effc000 	C:\WINDOWS\system32\mswsock.dll
0x00007ffffa340000 - 0x00007ffffa356000 	C:\Program Files\Apache NetBeans\jdk\bin\nio.dll
0x00007ff8016f0000 - 0x00007ff801707000 	C:\Program Files\Apache NetBeans\jdk\bin\zip.dll
0x00007ffff5920000 - 0x00007ffff5944000 	C:\Program Files\Apache NetBeans\java\maven\lib\jansi-native\Windows\x86_64\jansi.dll
0x00007ff814b00000 - 0x00007ff814b10000 	C:\Program Files\Apache NetBeans\jdk\bin\verify.dll

JVMTI agents: none

dbghelp: loaded successfully - version: 4.0.5 - missing functions: none
symbol engine: initialized successfully - sym options: 0x614 - pdb path: .;C:\Program Files\Apache NetBeans\jdk\bin;C:\WINDOWS\SYSTEM32;C:\WINDOWS\WinSxS\amd64_microsoft.windows.common-controls_6595b64144ccf1df_6.0.26100.8875_none_3e0d5d42e32fe9dd;C:\Program Files (x86)\360\Total Security\safemon;C:\Program Files\Apache NetBeans\jdk\bin\server;C:\Program Files\Apache NetBeans\java\maven\lib\jansi-native\Windows\x86_64

VM Arguments:
jvm_args: --enable-native-access=ALL-UNNAMED -Dclassworlds.conf=C:\Program Files\Apache NetBeans\java\maven\bin\m2.conf -Dmaven.home=C:\Program Files\Apache NetBeans\java\maven -Dlibrary.jansi.path=C:\Program Files\Apache NetBeans\java\maven\lib\jansi-native -Dmaven.multiModuleProjectDirectory=C:\Users\DVDSTORE\Desktop\LeetCode\ArrayList\ArrayList 
java_command: org.codehaus.plexus.classworlds.launcher.Launcher -Dexec.vmArgs= -Dexec.args=${exec.vmArgs} -classpath %classpath ${exec.mainClass} ${exec.appArgs} -Dexec.appArgs= -Dexec.mainClass=com.mycompany.arraylist.Driver -Dexec.executable=C:\Program Files\Apache NetBeans\jdk\bin\java.exe -Dmaven.ext.class.path=C:\Program Files\Apache NetBeans\java\maven-nblib\netbeans-eventspy.jar --no-transfer-progress process-classes org.codehaus.mojo:exec-maven-plugin:3.5.1:exec
java_class_path (initial): C:\Program Files\Apache NetBeans\java\maven\boot\plexus-classworlds-2.9.0.jar
Launcher Type: SUN_STANDARD

[Global flags]
     bool AOTAdapterCaching                        = false                                  {diagnostic} {ergonomic}
     bool AOTInvokeDynamicLinking                  = false                                  {diagnostic} {ergonomic}
     bool AOTRecordTraining                        = false                                  {diagnostic} {ergonomic}
     bool AOTReplayTraining                        = false                                  {diagnostic} {ergonomic}
     bool AOTStubCaching                           = false                                  {diagnostic} {ergonomic}
     intx CICompilerCount                          = 4                                         {product} {ergonomic}
     uint ConcGCThreads                            = 3                                         {product} {ergonomic}
     uint G1ConcRefinementThreads                  = 10                                        {product} {ergonomic}
     uint G1EagerReclaimRemSetThreshold            = 16                                   {experimental} {ergonomic}
   size_t G1HeapRegionSize                         = 2097152                                   {product} {ergonomic}
     uint G1RemSetArrayOfCardsEntries              = 16                                   {experimental} {ergonomic}
     uint G1RemSetHowlMaxNumBuckets                = 8                                    {experimental} {ergonomic}
     uint G1RemSetHowlNumBuckets                   = 8                                    {experimental} {ergonomic}
   size_t InitialHeapSize                          = 8388608                                   {product} {ergonomic}
     bool IntelJccErratumMitigation                = false                             {ARCH diagnostic} {ergonomic}
   size_t MarkStackSize                            = 4194304                                   {product} {ergonomic}
   size_t MarkStackSizeMax                         = 536870912                                 {product} {ergonomic}
   size_t MaxHeapSize                              = 4257218560                                {product} {ergonomic}
   size_t MaxNewSize                               = 2554331136                                {product} {ergonomic}
 uint64_t MaxRAM                                   = 17026142208                               {product} {ergonomic}
   size_t MinHeapDeltaBytes                        = 2097152                                   {product} {ergonomic}
   size_t MinHeapSize                              = 8388608                                   {product} {ergonomic}
   size_t NonNMethodCodeHeapSize                   = 5898240                                {pd product} {ergonomic}
   size_t NonProfiledCodeHeapSize                  = 122945536                              {pd product} {ergonomic}
   size_t ProfiledCodeHeapSize                     = 122945536                              {pd product} {ergonomic}
   size_t ReservedCodeCacheSize                    = 251789312                              {pd product} {ergonomic}
     bool SegmentedCodeCache                       = true                                      {product} {ergonomic}
   size_t SoftMaxHeapSize                          = 4257218560                             {manageable} {ergonomic}
     bool UseCompressedOops                        = true                           {product lp64_product} {ergonomic}
     bool UseCondCardMark                          = true                                      {product} {ergonomic}
     bool UseFastUnorderedTimeStamps               = true                                 {experimental} {ergonomic}
     bool UseG1GC                                  = true                                      {product} {ergonomic}
     bool UseLargePagesIndividualAllocation        = false                                  {pd product} {ergonomic}
      int X86ICacheSync                            = 3                                 {ARCH diagnostic} {ergonomic}

Logging:
Log output configuration:
 #0: stdout all=warning uptime,level,tags foldmultilines=false
 #1: stderr all=off uptime,level,tags foldmultilines=false

Release file:
IMPLEMENTOR="Eclipse Adoptium" 
IMPLEMENTOR_VERSION="Temurin-26.0.1+8" 
JAVA_RUNTIME_VERSION="26.0.1+8" 
JAVA_VERSION="26.0.1" 
JAVA_VERSION_DATE="2026-04-21" 
LIBC="default" 
MODULES="java.base java.compiler java.datatransfer java.xml java.prefs java.desktop java.instrument java.logging java.management java.security.sasl java.naming java.rmi java.management.rmi java.net.http java.scripting java.security.jgss java.transaction.xa java.sql java.sql.rowset java.xml.crypto java.se java.smartcardio jdk.accessibility jdk.internal.jvmstat jdk.attach jdk.charsets jdk.internal.opt jdk.zipfs jdk.compiler jdk.crypto.cryptoki jdk.crypto.ec jdk.crypto.mscapi jdk.dynalink jdk.internal.ed jdk.editpad jdk.internal.vm.ci jdk.graal.compiler jdk.graal.compiler.management jdk.hotspot.agent jdk.httpserver jdk.incubator.vector jdk.internal.le jdk.internal.md jdk.jartool jdk.javadoc jdk.jcmd jdk.management jdk.management.agent jdk.jconsole jdk.jdeps jdk.jdwp.agent jdk.jdi jdk.jfr jdk.jlink jdk.jpackage jdk.jshell jdk.jstatd jdk.localedata jdk.management.jfr jdk.naming.dns jdk.naming.rmi jdk.net jdk.nio.mapmode jdk.sctp jdk.security.auth jdk.security.jgss jdk.unsupported jdk.unsupported.desktop jdk.xml.dom" 
OS_ARCH="x86_64" 
OS_NAME="Windows" 
SOURCE=".:git:1cafccec39fb" 
BUILD_SOURCE="git:a612825ee82a20ac872d60958c349854c1f29a8e"
BUILD_SOURCE_REPO="https://github.com/adoptium/temurin-build.git"
SOURCE_REPO="https://github.com/adoptium/jdk26u.git"
FULL_VERSION="26.0.1+8"
SEMANTIC_VERSION="26.0.1+8"
BUILD_INFO="OS: Windows Server 2022 Version: 10.0"
JVM_VARIANT="Hotspot"
JVM_VERSION="26.0.1+8"
IMAGE_TYPE="JDK"

Environment Variables:
JAVA_HOME=C:\Program Files\Apache NetBeans\jdk
PATH=C:\Program Files (x86)\Common Files\Oracle\Java\javapath;C:\WINDOWS\system32;C:\WINDOWS;C:\WINDOWS\System32\Wbem;C:\WINDOWS\System32\WindowsPowerShell\v1.0\;C:\WINDOWS\System32\OpenSSH\;C:\Program Files (x86)\NVIDIA Corporation\PhysX\Common;C:\Program Files\NVIDIA Corporation\NVIDIA NvDLISR;C:\Program Files\dotnet\;C:\Program Files\Git\cmd;C:\Users\DVDSTORE\AppData\Local\Microsoft\WindowsApps;C:\Users\DVDSTORE\AppData\Local\Programs\Microsoft VS Code\bin;;C:\Program Files\Apache NetBeans\bin\
USERNAME=DVDSTORE
OS=Windows_NT
PROCESSOR_IDENTIFIER=Intel64 Family 6 Model 151 Stepping 5, GenuineIntel
TMP=C:\Users\DVDSTORE\AppData\Local\Temp
TEMP=C:\Users\DVDSTORE\AppData\Local\Temp




Compilation memory statistics disabled.

Periodic native trim disabled

---------------  S Y S T E M  ---------------

OS:
 Windows 11 , 64 bit Build 26100 (10.0.26100.8875)
OS uptime: 3 days 17:10 hours

CPU: total 12 (initial active 12) (6 cores per cpu, 2 threads per core) family 6 model 151 stepping 5 microcode 0x2d, cx8, cmov, fxsr, ht, mmx, 3dnowpref, sse, sse2, sse3, ssse3, sse4.1, sse4.2, popcnt, lzcnt, tsc, tscinvbit, avx, avx2, aes, erms, clmul, bmi1, bmi2, adx, sha, fma, vzeroupper, clflush, clflushopt, clwb, serialize, rdtscp, rdpid, fsrm, gfni, f16c, pku, cet_ibt, cet_ss
Processor Information for the first 12 processors :
  Max Mhz: 2500, Current Mhz: 2500, Mhz Limit: 2500

Memory: 4k page, system-wide physical 16237M (1996M free)
TotalPageFile size 28525M (AvailPageFile size 371M)
current process WorkingSet (physical memory assigned to process): 62M, peak: 62M
current process commit charge ("private bytes"): 104M, peak: 104M

vm_info: OpenJDK 64-Bit Server VM (26.0.1+8) for windows-amd64 JRE (26.0.1+8), built on 2026-04-21T00:00:00Z with MS VC++ 17.12 (VS2022)

END.
