#
# There is insufficient memory for the Java Runtime Environment to continue.
# Native memory allocation (malloc) failed to allocate 1535192 bytes. Error detail: Chunk::new
# Possible reasons:
#   The system is out of physical RAM or swap space
#   This process is running with CompressedOops enabled, and the Java Heap may be blocking the growth of the native heap
# Possible solutions:
#   Reduce memory load on the system
#   Increase physical memory or swap space
#   Check if swap backing store is full
#   Decrease Java heap size (-Xmx/-Xms)
#   Decrease number of Java threads
#   Decrease Java thread stack sizes (-Xss)
#   Set larger code cache with -XX:ReservedCodeCacheSize=
#   JVM is running with Zero Based Compressed Oops mode in which the Java heap is
#     placed in the first 32GB address space. The Java Heap base address is the
#     maximum limit for the native heap growth. Please use -XX:HeapBaseMinAddress
#     to set the Java Heap base and to place the Java Heap above 32GB virtual address.
# This output file may be truncated or incomplete.
#
#  Out of Memory Error (arena.cpp:193), pid=61096, tid=43620
#
# JRE version: OpenJDK Runtime Environment Temurin-26.0.1+8 (26.0.1+8) (build 26.0.1+8)
# Java VM: OpenJDK 64-Bit Server VM Temurin-26.0.1+8 (26.0.1+8, mixed mode, sharing, tiered, compressed oops, compressed class ptrs, g1 gc, windows-amd64)
# No core dump will be written. Minidumps are not enabled by default on client versions of Windows
#

---------------  S U M M A R Y ------------

Command Line: --enable-native-access=ALL-UNNAMED -Dclassworlds.conf=C:\Program Files\Apache NetBeans\java\maven\bin\m2.conf -Dmaven.home=C:\Program Files\Apache NetBeans\java\maven -Dlibrary.jansi.path=C:\Program Files\Apache NetBeans\java\maven\lib\jansi-native -Dmaven.multiModuleProjectDirectory=C:\Users\DVDSTORE\Desktop\LeetCode\ArrayList\ArrayList org.codehaus.plexus.classworlds.launcher.Launcher -Dexec.vmArgs= -Dexec.args=${exec.vmArgs} -classpath %classpath ${exec.mainClass} ${exec.appArgs} -Dexec.appArgs= -Dexec.mainClass=com.mycompany.arraylist.Driver -Dexec.executable=C:\Program Files\Apache NetBeans\jdk\bin\java.exe -Dmaven.ext.class.path=C:\Program Files\Apache NetBeans\java\maven-nblib\netbeans-eventspy.jar --no-transfer-progress process-classes org.codehaus.mojo:exec-maven-plugin:3.5.1:exec

Host: 12th Gen Intel(R) Core(TM) i5-12400F, 12 cores, 15G,  Windows 11 , 64 bit Build 26100 (10.0.26100.8875)
Time: Wed Aug 19 09:14:36 2026 Egypt Daylight Time elapsed time: 7.014260 seconds (0d 0h 0m 7s)

---------------  T H R E A D  ---------------

Current thread (0x00000250697c2f40):  JavaThread "C2 CompilerThread0" daemon [_thread_in_native, id=43620, stack(0x000000fbb9000000,0x000000fbb9100000) (1024K)]


Current CompileTask:
C2:7014 1200       4       java.lang.StringLatin1::indexOf (121 bytes)

Stack: [0x000000fbb9000000,0x000000fbb9100000]
Native frames: (J=compiled Java code, j=interpreted, Vv=VM code, C=native code)
V  [jvm.dll+0x7db749]  (no source info available)
V  [jvm.dll+0x7a82bd]  (no source info available)
V  [jvm.dll+0xa44a60]  (no source info available)
V  [jvm.dll+0xa46eb1]  (no source info available)
V  [jvm.dll+0xa475c3]  (no source info available)
V  [jvm.dll+0x311a96]  (no source info available)
V  [jvm.dll+0x120316]  (no source info available)
V  [jvm.dll+0x12063e]  (no source info available)
V  [jvm.dll+0x1b2836]  (no source info available)
V  [jvm.dll+0x3ce802]  (no source info available)
V  [jvm.dll+0x7e430f]  (no source info available)
V  [jvm.dll+0x2d4597]  (no source info available)
V  [jvm.dll+0x2d350f]  (no source info available)
V  [jvm.dll+0x249670]  (no source info available)
V  [jvm.dll+0x2e363c]  (no source info available)
V  [jvm.dll+0x2e181d]  (no source info available)
V  [jvm.dll+0x4a82ae]  (no source info available)
V  [jvm.dll+0x9e3039]  (no source info available)
V  [jvm.dll+0x7dd228]  (no source info available)
C  [ucrtbase.dll+0x2cd30]  (no source info available)
C  [KERNEL32.DLL+0x2e957]  (no source info available)
C  [ntdll.dll+0xaad6c]  (no source info available)

Lock stack of current Java thread (top to bottom):


---------------  P R O C E S S  ---------------

Threads class SMR info:
_java_thread_list=0x000002506ebc2560, length=12, elements={
0x000002504955b210, 0x00000250697b49a0, 0x00000250697b53f0, 0x00000250697b7100,
0x00000250697b7cb0, 0x00000250697bd890, 0x00000250697c2050, 0x00000250697c2f40,
0x00000250697c7750, 0x000002506980d2a0, 0x0000025069812c40, 0x000002506ecc61e0
}

Java Threads: ( => current thread )
  0x000002504955b210 JavaThread "main"                              [_thread_in_native, id=51076, stack(0x000000fbb8100000,0x000000fbb8200000) (1024K)]
  0x00000250697b49a0 JavaThread "Reference Handler"          daemon [_thread_blocked, id=50160, stack(0x000000fbb8a00000,0x000000fbb8b00000) (1024K)]
  0x00000250697b53f0 JavaThread "Finalizer"                  daemon [_thread_blocked, id=49492, stack(0x000000fbb8b00000,0x000000fbb8c00000) (1024K)]
  0x00000250697b7100 JavaThread "Signal Dispatcher"          daemon [_thread_blocked, id=49592, stack(0x000000fbb8c00000,0x000000fbb8d00000) (1024K)]
  0x00000250697b7cb0 JavaThread "Attach Listener"            daemon [_thread_blocked, id=2088, stack(0x000000fbb8d00000,0x000000fbb8e00000) (1024K)]
  0x00000250697bd890 JavaThread "Service Thread"             daemon [_thread_blocked, id=47248, stack(0x000000fbb8e00000,0x000000fbb8f00000) (1024K)]
  0x00000250697c2050 JavaThread "Monitor Deflation Thread"   daemon [_thread_blocked, id=48448, stack(0x000000fbb8f00000,0x000000fbb9000000) (1024K)]
=>0x00000250697c2f40 JavaThread "C2 CompilerThread0"         daemon [_thread_in_native, id=43620, stack(0x000000fbb9000000,0x000000fbb9100000) (1024K)]
  0x00000250697c7750 JavaThread "C1 CompilerThread0"         daemon [_thread_blocked, id=47620, stack(0x000000fbb9100000,0x000000fbb9200000) (1024K)]
  0x000002506980d2a0 JavaThread "Notification Thread"        daemon [_thread_blocked, id=41704, stack(0x000000fbb9200000,0x000000fbb9300000) (1024K)]
  0x0000025069812c40 JavaThread "Common-Cleaner"             daemon [_thread_blocked, id=48296, stack(0x000000fbb9300000,0x000000fbb9400000) (1024K)]
  0x000002506ecc61e0 JavaThread "C2 CompilerThread1"         daemon [_thread_new, id=22256, stack(0x0000000000000000,0x0000000000000000) (0B)]
Total: 12

Other Threads:
  0x00000250697a3080 VMThread "VM Thread"                           [id=38168, stack(0x000000fbb8900000,0x000000fbb8a00000) (1024K)]
  0x0000025069790b40 WatcherThread "VM Periodic Task Thread"        [id=42852, stack(0x000000fbb8800000,0x000000fbb8900000) (1024K)]
  0x00000250495a04e0 WorkerThread "GC Thread#0"                     [id=62156, stack(0x000000fbb8200000,0x000000fbb8300000) (1024K)]
  0x000002506e4722a0 WorkerThread "GC Thread#1"                     [id=51312, stack(0x000000fbb9500000,0x000000fbb9600000) (1024K)]
  0x000002506eb70be0 WorkerThread "GC Thread#2"                     [id=54840, stack(0x000000fbb9400000,0x000000fbb9500000) (1024K)]
  0x00000250495b9240 ConcurrentGCThread "G1 Main Marker"            [id=62160, stack(0x000000fbb8300000,0x000000fbb8400000) (1024K)]
  0x00000250495ba5d0 WorkerThread "G1 Conc#0"                       [id=62164, stack(0x000000fbb8400000,0x000000fbb8500000) (1024K)]
  0x0000025069655880 WorkerThread "G1 Refinement Workers#0"         [id=53008, stack(0x000000fbb8600000,0x000000fbb8700000) (1024K)]
  0x00000250495de170 ConcurrentGCThread "G1 Refine Control"         [id=53004, stack(0x000000fbb8500000,0x000000fbb8600000) (1024K)]
  0x00000250696561f0 ConcurrentGCThread "G1 Service"                [id=53012, stack(0x000000fbb8700000,0x000000fbb8800000) (1024K)]
Total: 10

Threads with active compile tasks:
C2 CompilerThread0  8426 1200       4       java.lang.StringLatin1::indexOf (121 bytes)
Total: 1

VM state: not at safepoint (normal execution)

VM Mutex/Monitor currently owned by a thread: None

Heap address: 0x0000000702400000, size: 4060 MB, Compressed Oops mode: Zero based, Oop shift amount: 3

CDS archive(s) mapped at: [0x0000000018000000-0x0000000018de0000-0x0000000018de0000), size 14548992, SharedBaseAddress: 0x0000000018000000, ArchiveRelocationMode: 1.
Compressed class space mapped at: 0x0000000019000000-0x0000000059000000, reserved size: 1073741824
UseCompressedClassPointers 1, UseCompactObjectHeaders 0
Narrow klass pointer bits 32, Max shift 3
Narrow klass base: 0x0000000018000000, Narrow klass shift: 0
Encoding Range: [0x0000000018000000 - 0x0000000118000000), (4294967296 bytes)
Klass Range:    [0x0000000018000000 - 0x0000000059000000), (1090519040 bytes)
Klass ID Range:  [8 - 1090519033) (1090519025)
Protection zone: [0x0000000018000000 - 0x0000000018010000), (65536 bytes)

GC Precious Log:
 CardTable entry size: 512
 Card Set container configuration: InlinePtr #cards 4 size 8 Array Of Cards #cards 16 size 48 Howl #buckets 8 coarsen threshold 3686 Howl Bitmap #cards 512 size 80 coarsen threshold 460 Card regions per heap region 1 cards per card region 4096
 CPUs: 12 total, 12 available
 Memory: 16237M
 Large Page Support: Disabled
 NUMA Support: Disabled
 Compressed Oops: Enabled (Zero based)
 Heap Region Size: 2M
 Heap Min Capacity: 8M
 Heap Initial Capacity: 8M
 Heap Max Capacity: 4060M
 Pre-touch: Disabled
 Parallel Workers: 10
 Concurrent Workers: 3
 Concurrent Refinement Workers: 10
 Periodic GC: Disabled

Heap:
 garbage-first heap   total reserved 4157440K, committed 12288K, used 4153K [0x0000000702400000, 0x0000000800000000)
  region size 2M, 1 eden (2M), 1 survivor (2M), 3 old (6M), 0 humongous (0M), 1 free (2M)

Heap Regions: E=young(eden), S=young(survivor), O=old, HS=humongous(starts), HC=humongous(continues), CS=collection set, F=free, TAMS=top-at-mark-start, PB=parsable bottom
|    0|0x0000000702400000, 0x0000000702600000, 0x0000000702600000|100%| O|  |TAMS 0x0000000702400000| PB 0x0000000702400000| Untracked |  0
|    1|0x0000000702600000, 0x00000007026cb800, 0x0000000702800000| 39%| S|CS|TAMS 0x0000000702600000| PB 0x0000000702600000| Complete  |  0
|    2|0x0000000702800000, 0x0000000702800000, 0x0000000702a00000|  0%| F|  |TAMS 0x0000000702800000| PB 0x0000000702800000| Untracked |  0
|    3|0x0000000702a00000, 0x0000000702be9570, 0x0000000702c00000| 95%| E|CS|TAMS 0x0000000702a00000| PB 0x0000000702a00000| Complete  |  0
| 2028|0x00000007ffc00000, 0x00000007ffc1b170, 0x00000007ffe00000|  5%| O|  |TAMS 0x00000007ffc00000| PB 0x00000007ffc00000| Untracked |  0
| 2029|0x00000007ffe00000, 0x00000007fff27b70, 0x0000000800000000| 57%| O|  |TAMS 0x00000007ffe00000| PB 0x00000007ffe00000| Untracked |  0

Card table byte_map: [0x0000025062970000,0x0000025063160000] _byte_map_base: 0x000002505f15e000
Refinement table byte_map: [0x0000025062180000,0x0000025062970000] _byte_map_base: 0x000002505e96e000

Marking Bits: (CMBitMap*) 0x00000250495a0c60
 Bits: [0x0000025063160000, 0x00000250670d0000)

Polling page: 0x0000025047350000

Metaspace:
Metaspace        used 5462K, committed 5632K, reserved 1114112K
 class space     used 654K, committed 768K, reserved 1048576K

Usage:
  Non-class:      4.70 MB used.
      Class:    654.42 KB used.
       Both:      5.33 MB used.

Virtual space:
  Non-class space:       64.00 MB reserved,       4.75 MB (  7%) committed,  1 nodes.
      Class space:        1.00 GB reserved,     768.00 KB ( <1%) committed,  1 nodes.
             Both:        1.06 GB reserved,       5.50 MB ( <1%) committed. 

Chunk freelists:
   Non-Class:  9.27 MB
       Class:  15.29 MB
        Both:  24.55 MB

MaxMetaspaceSize: unlimited
CompressedClassSpaceSize: 1.00 GB
Initial GC threshold: 21.00 MB
Current GC threshold: 21.00 MB
CDS: on
 - commit_granule_bytes: 65536.
 - commit_granule_words: 8192.
 - virtual_space_node_default_size: 8388608.
 - enlarge_chunks_in_place: 1.
UseCompressedClassPointers 1, UseCompactObjectHeaders 0
Narrow klass pointer bits 32, Max shift 3
Narrow klass base: 0x0000000018000000, Narrow klass shift: 0
Encoding Range: [0x0000000018000000 - 0x0000000118000000), (4294967296 bytes)
Klass Range:    [0x0000000018000000 - 0x0000000059000000), (1090519040 bytes)
Klass ID Range:  [8 - 1090519033) (1090519025)
Protection zone: [0x0000000018000000 - 0x0000000018010000), (65536 bytes)


Internal statistics:

num_allocs_failed_limit: 0.
num_arena_births: 54.
num_arena_deaths: 0.
num_vsnodes_births: 2.
num_vsnodes_deaths: 0.
num_space_committed: 88.
num_space_uncommitted: 0.
num_chunks_returned_to_freelist: 0.
num_chunks_taken_from_freelist: 225.
num_chunk_merges: 0.
num_chunk_splits: 136.
num_chunks_enlarged: 107.
num_inconsistent_stats: 0.

CodeHeap 'non-profiled nmethods': size=120064Kb used=315Kb max_used=315Kb free=119748Kb
 bounds [0x0000025059f00000, 0x000002505a170000, 0x0000025061440000]
CodeHeap 'profiled nmethods': size=120064Kb used=1819Kb max_used=1819Kb free=118245Kb
 bounds [0x0000025052420000, 0x0000025052690000, 0x0000025059960000]
CodeHeap 'non-nmethods': size=5760Kb used=1351Kb max_used=1373Kb free=4408Kb
 bounds [0x0000025059960000, 0x0000025059bd0000, 0x0000025059f00000]
CodeCache: size=245888Kb, used=3485Kb, max_used=3507Kb, free=242401Kb
 total_blobs=1708, nmethods=1243, adapters=369, full_count=0
Compilation: enabled, stopped_count=0, restarted_count=0

Compilation events (20 events):
Event: 5.907 Thread 0x00000250697c7750 nmethod 1192 0x00000250525c3388 code [0x00000250525c3480, 0x00000250525c37c8]
Event: 5.907 Thread 0x00000250697c7750 1194       3       java.util.Comparator$$Lambda/0x000000001902abb8::compare (10 bytes)
Event: 5.907 Thread 0x00000250697c7750 nmethod 1194 0x00000250525c3808 code [0x00000250525c3900, 0x00000250525c3db0]
Event: 5.907 Thread 0x00000250697c7750 1191       1       java.lang.reflect.Field::getName (5 bytes)
Event: 5.908 Thread 0x00000250697c7750 nmethod 1191 0x0000025059f4df08 code [0x0000025059f4e000, 0x0000025059f4e0b8]
Event: 5.959 Thread 0x00000250697c2f40 1195   !   4       jdk.internal.misc.ScopedMemoryAccess::getByte (16 bytes)
Event: 5.959 Thread 0x00000250697c7750 1197       3       java.lang.StringBuilder::<init> (6 bytes)
Event: 5.959 Thread 0x00000250697c7750 nmethod 1197 0x00000250525c3e08 code [0x00000250525c3f00, 0x00000250525c4028]
Event: 5.959 Thread 0x00000250697c2f40 nmethod 1195 0x0000025059f4e208 code [0x0000025059f4e300, 0x0000025059f4e3b0]
Event: 5.959 Thread 0x00000250697c2f40 1196       4       jdk.internal.jimage.ImageStringsReader::unmaskedHashCode (166 bytes)
Event: 5.961 Thread 0x00000250697c2f40 nmethod 1196 0x0000025059f4e508 code [0x0000025059f4e600, 0x0000025059f4e7e0]
Event: 6.006 Thread 0x00000250697c2f40 1198       4       java.nio.Buffer::session (20 bytes)
Event: 6.007 Thread 0x00000250697c2f40 nmethod 1198 0x0000025059f4e808 code [0x0000025059f4e900, 0x0000025059f4e988]
Event: 6.007 Thread 0x00000250697c7750 1199       3       java.lang.String::substring (10 bytes)
Event: 6.007 Thread 0x00000250697c2f40 1200       4       java.lang.StringLatin1::indexOf (121 bytes)
Event: 6.007 Thread 0x00000250697c7750 nmethod 1199 0x00000250525c4108 code [0x00000250525c4200, 0x00000250525c45a0]
Event: 6.007 Thread 0x00000250697c7750 1201       3       java.lang.Character::isLetterOrDigit (5 bytes)
Event: 6.007 Thread 0x00000250697c7750 nmethod 1201 0x00000250525c4608 code [0x00000250525c4700, 0x00000250525c4a00]
Event: 6.007 Thread 0x00000250697c7750 1202       3       java.lang.Character::isLetterOrDigit (19 bytes)
Event: 6.007 Thread 0x00000250697c7750 nmethod 1202 0x00000250525c4a08 code [0x00000250525c4b00, 0x00000250525c4da0]

GC Heap Usage History (14 events):
Event: 2.054 {heap Before GC invocations=0 (full 0):
 garbage-first heap   total reserved 4157440K, committed 10240K, used 3230K [0x0000000702400000, 0x0000000800000000)
  region size 2M, 2 eden (4M), 0 survivor (0M), 1 old (2M), 0 humongous (0M), 2 free (4M)
}
Event: 2.128 {heap After GC invocations=1 (full 0):
 garbage-first heap   total reserved 4157440K, committed 10240K, used 2778K [0x0000000702400000, 0x0000000800000000)
  region size 2M, 0 eden (0M), 1 survivor (2M), 1 old (2M), 0 humongous (0M), 3 free (6M)
}
Event: 2.327 {heap Before GC invocations=1 (full 0):
 garbage-first heap   total reserved 4157440K, committed 10240K, used 4826K [0x0000000702400000, 0x0000000800000000)
  region size 2M, 1 eden (2M), 1 survivor (2M), 1 old (2M), 0 humongous (0M), 2 free (4M)
}
Event: 2.330 {heap After GC invocations=2 (full 0):
 garbage-first heap   total reserved 4157440K, committed 10240K, used 2990K [0x0000000702400000, 0x0000000800000000)
  region size 2M, 0 eden (0M), 1 survivor (2M), 2 old (4M), 0 humongous (0M), 2 free (4M)
}
Event: 2.579 {heap Before GC invocations=2 (full 0):
 garbage-first heap   total reserved 4157440K, committed 10240K, used 5038K [0x0000000702400000, 0x0000000800000000)
  region size 2M, 1 eden (2M), 1 survivor (2M), 2 old (4M), 0 humongous (0M), 1 free (2M)
}
Event: 2.581 {heap After GC invocations=3 (full 0):
 garbage-first heap   total reserved 4157440K, committed 10240K, used 3405K [0x0000000702400000, 0x0000000800000000)
  region size 2M, 0 eden (0M), 1 survivor (2M), 2 old (4M), 0 humongous (0M), 2 free (4M)
}
Event: 2.806 {heap Before GC invocations=3 (full 0):
 garbage-first heap   total reserved 4157440K, committed 10240K, used 5453K [0x0000000702400000, 0x0000000800000000)
  region size 2M, 1 eden (2M), 1 survivor (2M), 2 old (4M), 0 humongous (0M), 1 free (2M)
}
Event: 2.809 {heap After GC invocations=4 (full 0):
 garbage-first heap   total reserved 4157440K, committed 10240K, used 3859K [0x0000000702400000, 0x0000000800000000)
  region size 2M, 0 eden (0M), 1 survivor (2M), 2 old (4M), 0 humongous (0M), 2 free (4M)
}
Event: 3.268 {heap Before GC invocations=4 (full 0):
 garbage-first heap   total reserved 4157440K, committed 10240K, used 5907K [0x0000000702400000, 0x0000000800000000)
  region size 2M, 1 eden (2M), 1 survivor (2M), 2 old (4M), 0 humongous (0M), 1 free (2M)
}
Event: 3.270 {heap After GC invocations=5 (full 0):
 garbage-first heap   total reserved 4157440K, committed 10240K, used 3985K [0x0000000702400000, 0x0000000800000000)
  region size 2M, 0 eden (0M), 1 survivor (2M), 2 old (4M), 0 humongous (0M), 2 free (4M)
}
Event: 3.962 {heap Before GC invocations=5 (full 0):
 garbage-first heap   total reserved 4157440K, committed 10240K, used 6033K [0x0000000702400000, 0x0000000800000000)
  region size 2M, 1 eden (2M), 1 survivor (2M), 2 old (4M), 0 humongous (0M), 1 free (2M)
}
Event: 3.964 {heap After GC invocations=6 (full 0):
 garbage-first heap   total reserved 4157440K, committed 12288K, used 4046K [0x0000000702400000, 0x0000000800000000)
  region size 2M, 0 eden (0M), 1 survivor (2M), 3 old (6M), 0 humongous (0M), 2 free (4M)
}
Event: 5.030 {heap Before GC invocations=6 (full 0):
 garbage-first heap   total reserved 4157440K, committed 12288K, used 6094K [0x0000000702400000, 0x0000000800000000)
  region size 2M, 1 eden (2M), 1 survivor (2M), 3 old (6M), 0 humongous (0M), 1 free (2M)
}
Event: 5.032 {heap After GC invocations=7 (full 0):
 garbage-first heap   total reserved 4157440K, committed 12288K, used 4153K [0x0000000702400000, 0x0000000800000000)
  region size 2M, 0 eden (0M), 1 survivor (2M), 3 old (6M), 0 humongous (0M), 2 free (4M)
}

Metaspace Usage History (14 events):
Event: 2.055 {metaspace Before GC invocations=0 (full 0):
 Metaspace       used 1121K, committed 1280K, reserved 1114112K
  class space    used 91K, committed 128K, reserved 1048576K
}
Event: 2.128 {metaspace After GC invocations=1 (full 0):
 Metaspace       used 1121K, committed 1280K, reserved 1114112K
  class space    used 91K, committed 128K, reserved 1048576K
}
Event: 2.327 {metaspace Before GC invocations=1 (full 0):
 Metaspace       used 1947K, committed 2112K, reserved 1114112K
  class space    used 184K, committed 256K, reserved 1048576K
}
Event: 2.330 {metaspace After GC invocations=2 (full 0):
 Metaspace       used 1947K, committed 2112K, reserved 1114112K
  class space    used 184K, committed 256K, reserved 1048576K
}
Event: 2.579 {metaspace Before GC invocations=2 (full 0):
 Metaspace       used 2502K, committed 2688K, reserved 1114112K
  class space    used 237K, committed 320K, reserved 1048576K
}
Event: 2.581 {metaspace After GC invocations=3 (full 0):
 Metaspace       used 2502K, committed 2688K, reserved 1114112K
  class space    used 237K, committed 320K, reserved 1048576K
}
Event: 2.806 {metaspace Before GC invocations=3 (full 0):
 Metaspace       used 2947K, committed 3072K, reserved 1114112K
  class space    used 301K, committed 384K, reserved 1048576K
}
Event: 2.809 {metaspace After GC invocations=4 (full 0):
 Metaspace       used 2947K, committed 3072K, reserved 1114112K
  class space    used 301K, committed 384K, reserved 1048576K
}
Event: 3.268 {metaspace Before GC invocations=4 (full 0):
 Metaspace       used 3676K, committed 3840K, reserved 1114112K
  class space    used 384K, committed 448K, reserved 1048576K
}
Event: 3.270 {metaspace After GC invocations=5 (full 0):
 Metaspace       used 3676K, committed 3840K, reserved 1114112K
  class space    used 384K, committed 448K, reserved 1048576K
}
Event: 3.963 {metaspace Before GC invocations=5 (full 0):
 Metaspace       used 4522K, committed 4672K, reserved 1114112K
  class space    used 499K, committed 576K, reserved 1048576K
}
Event: 3.964 {metaspace After GC invocations=6 (full 0):
 Metaspace       used 4522K, committed 4672K, reserved 1114112K
  class space    used 499K, committed 576K, reserved 1048576K
}
Event: 5.030 {metaspace Before GC invocations=6 (full 0):
 Metaspace       used 5067K, committed 5184K, reserved 1114112K
  class space    used 600K, committed 640K, reserved 1048576K
}
Event: 5.032 {metaspace After GC invocations=7 (full 0):
 Metaspace       used 5067K, committed 5184K, reserved 1114112K
  class space    used 600K, committed 640K, reserved 1048576K
}

Dll operation events (14 events):
Event: 0.017 Attempting to load shared library C:\Program Files\Apache NetBeans\jdk\bin\java.dll
Event: 0.018 Loaded shared library C:\Program Files\Apache NetBeans\jdk\bin\java.dll
Event: 1.475 Attempting to load shared library C:\Program Files\Apache NetBeans\jdk\bin\net.dll
Event: 1.730 Loaded shared library C:\Program Files\Apache NetBeans\jdk\bin\net.dll
Event: 1.734 Attempting to load shared library C:\Program Files\Apache NetBeans\jdk\bin\nio.dll
Event: 1.735 Loaded shared library C:\Program Files\Apache NetBeans\jdk\bin\nio.dll
Event: 1.739 Attempting to load shared library C:\Program Files\Apache NetBeans\jdk\bin\zip.dll
Event: 1.739 Loaded shared library C:\Program Files\Apache NetBeans\jdk\bin\zip.dll
Event: 2.008 Attempting to load shared library C:\Program Files\Apache NetBeans\java\maven\lib\jansi-native\Windows\x86_64\jansi.dll
Event: 2.047 Loaded shared library C:\Program Files\Apache NetBeans\java\maven\lib\jansi-native\Windows\x86_64\jansi.dll
Event: 2.049 Attempting to load shared library C:\Program Files\Apache NetBeans\jdk\bin\jimage.dll
Event: 2.049 Loaded shared library C:\Program Files\Apache NetBeans\jdk\bin\jimage.dll
Event: 2.136 Attempting to load shared library C:\Program Files\Apache NetBeans\jdk\bin\verify.dll
Event: 2.137 Loaded shared library C:\Program Files\Apache NetBeans\jdk\bin\verify.dll

Deoptimization events (20 events):
Event: 3.754 Thread 0x000002504955b210 Uncommon trap: trap_request=0xffffffc6 fr.pc=0x0000025059f3f8dc relative=0x00000000000003dc
Event: 3.754 Thread 0x000002504955b210 Uncommon trap: reason=bimorphic_or_optimized_type_check action=maybe_recompile pc=0x0000025059f3f8dc method=java.util.concurrent.ConcurrentHashMap.get(Ljava/lang/Object;)Ljava/lang/Object; @ 149 c2
Event: 3.754 Thread 0x000002504955b210 DEOPT PACKING pc=0x0000025059f3f8dc sp=0x000000fbb81fd2e0
Event: 3.754 Thread 0x000002504955b210 DEOPT UNPACKING pc=0x00000250599f7602 sp=0x000000fbb81fd250 mode 2
Event: 3.754 Thread 0x000002504955b210 Uncommon trap: trap_request=0xffffffc6 fr.pc=0x0000025059f3f8dc relative=0x00000000000003dc
Event: 3.754 Thread 0x000002504955b210 Uncommon trap: reason=bimorphic_or_optimized_type_check action=maybe_recompile pc=0x0000025059f3f8dc method=java.util.concurrent.ConcurrentHashMap.get(Ljava/lang/Object;)Ljava/lang/Object; @ 149 c2
Event: 3.754 Thread 0x000002504955b210 DEOPT PACKING pc=0x0000025059f3f8dc sp=0x000000fbb81fd670
Event: 3.754 Thread 0x000002504955b210 DEOPT UNPACKING pc=0x00000250599f7602 sp=0x000000fbb81fd5e0 mode 2
Event: 3.817 Thread 0x000002504955b210 Uncommon trap: trap_request=0xffffffc6 fr.pc=0x0000025059f3f8dc relative=0x00000000000003dc
Event: 3.817 Thread 0x000002504955b210 Uncommon trap: reason=bimorphic_or_optimized_type_check action=maybe_recompile pc=0x0000025059f3f8dc method=java.util.concurrent.ConcurrentHashMap.get(Ljava/lang/Object;)Ljava/lang/Object; @ 149 c2
Event: 3.817 Thread 0x000002504955b210 DEOPT PACKING pc=0x0000025059f3f8dc sp=0x000000fbb81fd9a0
Event: 3.817 Thread 0x000002504955b210 DEOPT UNPACKING pc=0x00000250599f7602 sp=0x000000fbb81fd910 mode 2
Event: 3.817 Thread 0x000002504955b210 Uncommon trap: trap_request=0xffffffc6 fr.pc=0x0000025059f3f8dc relative=0x00000000000003dc
Event: 3.817 Thread 0x000002504955b210 Uncommon trap: reason=bimorphic_or_optimized_type_check action=maybe_recompile pc=0x0000025059f3f8dc method=java.util.concurrent.ConcurrentHashMap.get(Ljava/lang/Object;)Ljava/lang/Object; @ 149 c2
Event: 3.817 Thread 0x000002504955b210 DEOPT PACKING pc=0x0000025059f3f8dc sp=0x000000fbb81fd830
Event: 3.817 Thread 0x000002504955b210 DEOPT UNPACKING pc=0x00000250599f7602 sp=0x000000fbb81fd7a0 mode 2
Event: 6.007 Thread 0x000002504955b210 Uncommon trap: trap_request=0xffffff66 fr.pc=0x0000025059f2e0fc relative=0x00000000000003fc
Event: 6.007 Thread 0x000002504955b210 Uncommon trap: reason=loop_limit_check action=maybe_recompile pc=0x0000025059f2e0fc method=java.lang.StringLatin1.indexOf([BI[BII)I @ 37 c2
Event: 6.007 Thread 0x000002504955b210 DEOPT PACKING pc=0x0000025059f2e0fc sp=0x000000fbb81fdc00
Event: 6.007 Thread 0x000002504955b210 DEOPT UNPACKING pc=0x00000250599f7602 sp=0x000000fbb81fdb60 mode 2

Classes loaded (20 events):
Event: 5.697 Loading class sun/reflect/generics/scope/Scope done
Event: 5.697 Loading class sun/reflect/generics/scope/AbstractScope
Event: 5.697 Loading class sun/reflect/generics/scope/AbstractScope done
Event: 5.697 Loading class sun/reflect/generics/scope/ClassScope done
Event: 5.697 Loading class sun/reflect/generics/factory/CoreReflectionFactory
Event: 5.697 Loading class sun/reflect/generics/factory/GenericsFactory
Event: 5.705 Loading class sun/reflect/generics/factory/GenericsFactory done
Event: 5.705 Loading class sun/reflect/generics/factory/CoreReflectionFactory done
Event: 5.705 Loading class sun/reflect/generics/tree/TypeVariableSignature
Event: 5.705 Loading class sun/reflect/generics/tree/TypeVariableSignature done
Event: 5.706 Loading class sun/reflect/generics/visitor/Reifier
Event: 5.706 Loading class sun/reflect/generics/visitor/TypeTreeVisitor
Event: 5.706 Loading class sun/reflect/generics/visitor/TypeTreeVisitor done
Event: 5.706 Loading class sun/reflect/generics/visitor/Reifier done
Event: 5.935 Loading class java/lang/annotation/IncompleteAnnotationException
Event: 5.935 Loading class java/lang/annotation/IncompleteAnnotationException done
Event: 5.958 Loading class jdk/internal/foreign/MemorySessionImpl
Event: 5.959 Loading class java/lang/foreign/MemorySegment$Scope
Event: 5.959 Loading class java/lang/foreign/MemorySegment$Scope done
Event: 5.959 Loading class jdk/internal/foreign/MemorySessionImpl done

Classes unloaded (0 events):
No events

Classes redefined (0 events):
No events

Internal exceptions (20 events):
Event: 2.135 Thread 0x000002504955b210 Exception <a 'sun/nio/fs/WindowsException'{0x0000000702a265e0}> (0x0000000702a265e0) 
thrown [s\src\hotspot\share\prims\jni.cpp, line 514]
Event: 2.135 Thread 0x000002504955b210 Exception <a 'sun/nio/fs/WindowsException'{0x0000000702a26c18}> (0x0000000702a26c18) 
thrown [s\src\hotspot\share\prims\jni.cpp, line 514]
Event: 2.135 Thread 0x000002504955b210 Exception <a 'sun/nio/fs/WindowsException'{0x0000000702a27200}> (0x0000000702a27200) 
thrown [s\src\hotspot\share\prims\jni.cpp, line 514]
Event: 2.135 Thread 0x000002504955b210 Exception <a 'sun/nio/fs/WindowsException'{0x0000000702a27770}> (0x0000000702a27770) 
thrown [s\src\hotspot\share\prims\jni.cpp, line 514]
Event: 2.135 Thread 0x000002504955b210 Exception <a 'sun/nio/fs/WindowsException'{0x0000000702a27cc0}> (0x0000000702a27cc0) 
thrown [s\src\hotspot\share\prims\jni.cpp, line 514]
Event: 2.136 Thread 0x000002504955b210 Exception <a 'sun/nio/fs/WindowsException'{0x0000000702a281b0}> (0x0000000702a281b0) 
thrown [s\src\hotspot\share\prims\jni.cpp, line 514]
Event: 2.136 Thread 0x000002504955b210 Exception <a 'sun/nio/fs/WindowsException'{0x0000000702a28658}> (0x0000000702a28658) 
thrown [s\src\hotspot\share\prims\jni.cpp, line 514]
Event: 2.146 Thread 0x000002504955b210 Exception <a 'java/lang/NoSuchMethodError'{0x0000000702a61c18}: 'void java.lang.invoke.DirectMethodHandle$Holder.invokeVirtual(java.lang.Object, java.lang.Object)'> (0x0000000702a61c18) 
thrown [s\src\hotspot\share\interpreter\linkResolver.cpp, line 804]
Event: 2.149 Thread 0x000002504955b210 Exception <a 'java/lang/NoSuchMethodError'{0x0000000702a83378}: 'void java.lang.invoke.DirectMethodHandle$Holder.invokeStatic(java.lang.Object, java.lang.Object)'> (0x0000000702a83378) 
thrown [s\src\hotspot\share\interpreter\linkResolver.cpp, line 804]
Event: 2.150 Thread 0x000002504955b210 Exception <a 'java/lang/NoSuchMethodError'{0x0000000702a8b370}: 'void java.lang.invoke.DirectMethodHandle$Holder.invokeStaticInit(java.lang.Object, java.lang.Object)'> (0x0000000702a8b370) 
thrown [s\src\hotspot\share\interpreter\linkResolver.cpp, line 804]
Event: 2.159 Thread 0x000002504955b210 Exception <a 'java/lang/NoSuchMethodError'{0x0000000702ac0258}: 'void java.lang.invoke.DirectMethodHandle$Holder.invokeSpecial(java.lang.Object, java.lang.Object, java.lang.Object, java.lang.Object, java.lang.Object)'> (0x0000000702ac0258) 
thrown [s\src\hotspot\share\interpreter\linkResolver.cpp, line 804]
Event: 2.168 Thread 0x000002504955b210 Exception <a 'java/lang/NoSuchMethodError'{0x0000000702b01680}: 'void java.lang.invoke.DirectMethodHandle$Holder.invokeStatic(java.lang.Object, java.lang.Object, java.lang.Object)'> (0x0000000702b01680) 
thrown [s\src\hotspot\share\interpreter\linkResolver.cpp, line 804]
Event: 2.350 Thread 0x000002504955b210 Exception <a 'java/lang/NoSuchMethodError'{0x0000000702aa00e8}: 'java.lang.Object java.lang.invoke.DirectMethodHandle$Holder.invokeSpecialIFC(java.lang.Object, java.lang.Object, java.lang.Object, java.lang.Object)'> (0x0000000702aa00e8) 
thrown [s\src\hotspot\share\interpreter\linkResolver.cpp, line 804]
Event: 3.159 Thread 0x000002504955b210 Exception <a 'java/lang/NoSuchMethodError'{0x0000000702bc4e40}: 'void java.lang.invoke.DirectMethodHandle$Holder.invokeSpecial(java.lang.Object, java.lang.Object, java.lang.Object)'> (0x0000000702bc4e40) 
thrown [s\src\hotspot\share\interpreter\linkResolver.cpp, line 804]
Event: 3.823 Thread 0x000002504955b210 Exception <a 'java/lang/NoSuchMethodError'{0x0000000702b76668}: 'java.lang.Object java.lang.invoke.DirectMethodHandle$Holder.invokeInterface(java.lang.Object, java.lang.Object)'> (0x0000000702b76668) 
thrown [s\src\hotspot\share\interpreter\linkResolver.cpp, line 804]
Event: 4.011 Thread 0x000002504955b210 Exception <a 'java/lang/NoSuchMethodError'{0x0000000702a23388}: 'int java.lang.invoke.DirectMethodHandle$Holder.invokeStatic(java.lang.Object, java.lang.Object, java.lang.Object, java.lang.Object)'> (0x0000000702a23388) 
thrown [s\src\hotspot\share\interpreter\linkResolver.cpp, line 804]
Event: 4.015 Thread 0x000002504955b210 Exception <a 'java/lang/NoSuchMethodError'{0x0000000702a4cbd0}: 'int java.lang.invoke.DirectMethodHandle$Holder.invokeSpecialIFC(java.lang.Object, java.lang.Object, java.lang.Object, java.lang.Object, java.lang.Object)'> (0x0000000702a4cbd0) 
thrown [s\src\hotspot\share\interpreter\linkResolver.cpp, line 804]
Event: 4.721 Thread 0x000002504955b210 Exception <a 'java/lang/NoSuchMethodError'{0x0000000702b9aeb0}: 'java.lang.Object java.lang.invoke.DirectMethodHandle$Holder.newInvokeSpecial(java.lang.Object, java.lang.Object, java.lang.Object, java.lang.Object, java.lang.Object)'> (0x0000000702b9aeb0) 
thrown [s\src\hotspot\share\interpreter\linkResolver.cpp, line 804]
Event: 5.715 Thread 0x000002504955b210 Exception <a 'java/lang/NoSuchMethodError'{0x0000000702ab5760}: 'int java.lang.invoke.DirectMethodHandle$Holder.invokeStaticInit(java.lang.Object, java.lang.Object)'> (0x0000000702ab5760) 
thrown [s\src\hotspot\share\interpreter\linkResolver.cpp, line 804]
Event: 5.935 Thread 0x000002504955b210 Exception <a 'java/lang/NoClassDefFoundError'{0x0000000702aed6b8}: javax/enterprise/inject/Typed> (0x0000000702aed6b8) 
thrown [s\src\hotspot\share\classfile\systemDictionary.cpp, line 318]

VM Operations (20 events):
Event: 2.001 Executing non-safepoint VM operation: HandshakeAllThreads (Deoptimize)
Event: 2.001 Executing non-safepoint VM operation: HandshakeAllThreads (Deoptimize) done
Event: 2.053 Executing non-safepoint VM operation: HandshakeAllThreads (Deoptimize)
Event: 2.053 Executing non-safepoint VM operation: HandshakeAllThreads (Deoptimize) done
Event: 2.054 Executing safepoint VM operation: G1CollectForAllocation (G1 Evacuation Pause)
Event: 2.128 Executing safepoint VM operation: G1CollectForAllocation (G1 Evacuation Pause) done
Event: 2.327 Executing safepoint VM operation: G1CollectForAllocation (G1 Evacuation Pause)
Event: 2.330 Executing safepoint VM operation: G1CollectForAllocation (G1 Evacuation Pause) done
Event: 2.579 Executing safepoint VM operation: G1CollectForAllocation (G1 Evacuation Pause)
Event: 2.581 Executing safepoint VM operation: G1CollectForAllocation (G1 Evacuation Pause) done
Event: 2.806 Executing safepoint VM operation: G1CollectForAllocation (G1 Evacuation Pause)
Event: 2.809 Executing safepoint VM operation: G1CollectForAllocation (G1 Evacuation Pause) done
Event: 3.268 Executing safepoint VM operation: G1CollectForAllocation (G1 Evacuation Pause)
Event: 3.270 Executing safepoint VM operation: G1CollectForAllocation (G1 Evacuation Pause) done
Event: 3.760 Executing non-safepoint VM operation: HandshakeAllThreads (Deoptimize)
Event: 3.760 Executing non-safepoint VM operation: HandshakeAllThreads (Deoptimize) done
Event: 3.962 Executing safepoint VM operation: G1CollectForAllocation (G1 Evacuation Pause)
Event: 3.964 Executing safepoint VM operation: G1CollectForAllocation (G1 Evacuation Pause) done
Event: 5.030 Executing safepoint VM operation: G1CollectForAllocation (G1 Evacuation Pause)
Event: 5.032 Executing safepoint VM operation: G1CollectForAllocation (G1 Evacuation Pause) done

Memory protections (0 events):
No events

Nmethod flushes (0 events):
No events

Events (13 events):
Event: 1.189 Thread 0x000002504955b210 Thread added: 0x000002504955b210
Event: 1.402 Thread 0x000002504955b210 Thread added: 0x00000250697b49a0
Event: 1.402 Thread 0x000002504955b210 Thread added: 0x00000250697b53f0
Event: 1.402 Thread 0x000002504955b210 Thread added: 0x00000250697b7100
Event: 1.403 Thread 0x000002504955b210 Thread added: 0x00000250697b7cb0
Event: 1.403 Thread 0x000002504955b210 Thread added: 0x00000250697bd890
Event: 1.403 Thread 0x000002504955b210 Thread added: 0x00000250697c2050
Event: 1.403 Thread 0x000002504955b210 Thread added: 0x00000250697c2f40
Event: 1.403 Thread 0x000002504955b210 Thread added: 0x00000250697c7750
Event: 1.414 Thread 0x000002504955b210 Thread added: 0x000002506980d2a0
Event: 1.421 Thread 0x000002504955b210 Thread added: 0x0000025069812c40
Event: 2.005 Thread 0x000002504955b210 Thread added: 0x000002506e4574c0
Event: 2.220 Thread 0x000002506e4574c0 Thread exited: 0x000002506e4574c0


Dynamic libraries:
0x00007ff623720000 - 0x00007ff62372e000 	C:\Program Files\Apache NetBeans\jdk\bin\java.exe
0x00007ff832b60000 - 0x00007ff832dc6000 	C:\WINDOWS\SYSTEM32\ntdll.dll
0x00007ff831820000 - 0x00007ff8318e9000 	C:\WINDOWS\System32\KERNEL32.DLL
0x00007ff82fd80000 - 0x00007ff83017e000 	C:\WINDOWS\System32\KERNELBASE.dll
0x00007ff82cc20000 - 0x00007ff82ccc0000 	C:\WINDOWS\SYSTEM32\apphelp.dll
0x00007ff830670000 - 0x00007ff8307bc000 	C:\WINDOWS\System32\ucrtbase.dll
0x00007ff805820000 - 0x00007ff805837000 	C:\Program Files\Apache NetBeans\jdk\bin\jli.dll
0x00007ff8315a0000 - 0x00007ff831767000 	C:\WINDOWS\System32\USER32.dll
0x00007ff806240000 - 0x00007ff80625e000 	C:\Program Files\Apache NetBeans\jdk\bin\VCRUNTIME140.dll
0x00007ff830440000 - 0x00007ff830467000 	C:\WINDOWS\System32\win32u.dll
0x00007ff8312b0000 - 0x00007ff8312db000 	C:\WINDOWS\System32\GDI32.dll
0x00007ff830190000 - 0x00007ff8302ba000 	C:\WINDOWS\System32\gdi32full.dll
0x00007ff830470000 - 0x00007ff830513000 	C:\WINDOWS\System32\msvcp_win.dll
0x00007ff815670000 - 0x00007ff815902000 	C:\WINDOWS\WinSxS\amd64_microsoft.windows.common-controls_6595b64144ccf1df_6.0.26100.8875_none_3e0d5d42e32fe9dd\COMCTL32.dll
0x00007ff831770000 - 0x00007ff831819000 	C:\WINDOWS\System32\msvcrt.dll
0x00007ff8323e0000 - 0x00007ff832412000 	C:\WINDOWS\System32\IMM32.DLL
0x000000005b940000 - 0x000000005b94d000 	C:\Program Files (x86)\360\Total Security\safemon\SafeWrapper.dll
0x00007ff832960000 - 0x00007ff832a17000 	C:\WINDOWS\System32\ADVAPI32.dll
0x00007ff830890000 - 0x00007ff83093a000 	C:\WINDOWS\System32\sechost.dll
0x00007ff830b50000 - 0x00007ff830c68000 	C:\WINDOWS\System32\RPCRT4.dll
0x00007ff8296f0000 - 0x00007ff8297f5000 	C:\Program Files (x86)\360\Total Security\safemon\libzdtp64.dll
0x00007ff831aa0000 - 0x00007ff832232000 	C:\WINDOWS\System32\SHELL32.dll
0x00007ff8319f0000 - 0x00007ff831a57000 	C:\WINDOWS\System32\SHLWAPI.dll
0x00007ff82f7c0000 - 0x00007ff82f7cb000 	C:\WINDOWS\SYSTEM32\VERSION.dll
0x00007ff82ae80000 - 0x00007ff82ae8c000 	C:\Program Files\Apache NetBeans\jdk\bin\vcruntime140_1.dll
0x00007fffb1950000 - 0x00007fffb19dd000 	C:\Program Files\Apache NetBeans\jdk\bin\msvcp140.dll
0x00007fff8c260000 - 0x00007fff8d1f9000 	C:\Program Files\Apache NetBeans\jdk\bin\server\jvm.dll
0x00007ff832440000 - 0x00007ff8324c0000 	C:\WINDOWS\System32\WS2_32.dll
0x00007ff82fbe0000 - 0x00007ff82fc3e000 	C:\WINDOWS\SYSTEM32\POWRPROF.dll
0x00007ff821b50000 - 0x00007ff821b86000 	C:\WINDOWS\SYSTEM32\WINMM.dll
0x00007ff82fbc0000 - 0x00007ff82fbd4000 	C:\WINDOWS\SYSTEM32\UMPDC.dll
0x00007ff82e9e0000 - 0x00007ff82e9fb000 	C:\WINDOWS\SYSTEM32\kernel.appcore.dll
0x00007ff8186a0000 - 0x00007ff8186aa000 	C:\Program Files\Apache NetBeans\jdk\bin\jimage.dll
0x00007ff81fc20000 - 0x00007ff81fe62000 	C:\WINDOWS\SYSTEM32\DBGHELP.DLL
0x00007ff830f20000 - 0x00007ff8312a3000 	C:\WINDOWS\System32\combase.dll
0x00007ff8314c0000 - 0x00007ff831599000 	C:\WINDOWS\System32\OLEAUT32.dll
0x00007ff816360000 - 0x00007ff81639b000 	C:\WINDOWS\SYSTEM32\dbgcore.DLL
0x00007ff8307d0000 - 0x00007ff83087c000 	C:\WINDOWS\System32\bcryptPrimitives.dll
0x00007ff805a80000 - 0x00007ff805a9e000 	C:\Program Files\Apache NetBeans\jdk\bin\java.dll
0x00007ff832240000 - 0x00007ff8323d9000 	C:\WINDOWS\System32\ole32.dll
0x00007ff82d7e0000 - 0x00007ff82e072000 	C:\WINDOWS\SYSTEM32\windows.storage.dll
0x00007ff8318f0000 - 0x00007ff8319e7000 	C:\WINDOWS\System32\SHCORE.dll
0x00007ff82fca0000 - 0x00007ff82fcc9000 	C:\WINDOWS\SYSTEM32\profapi.dll
0x00007ff800060000 - 0x00007ff800071000 	C:\Program Files\Apache NetBeans\jdk\bin\net.dll
0x00007ff82ef90000 - 0x00007ff82effc000 	C:\WINDOWS\system32\mswsock.dll
0x00007ffffa340000 - 0x00007ffffa356000 	C:\Program Files\Apache NetBeans\jdk\bin\nio.dll
0x00007ff8016f0000 - 0x00007ff801707000 	C:\Program Files\Apache NetBeans\jdk\bin\zip.dll
0x00007ffff5920000 - 0x00007ffff5944000 	C:\Program Files\Apache NetBeans\java\maven\lib\jansi-native\Windows\x86_64\jansi.dll
0x00007ff814b00000 - 0x00007ff814b10000 	C:\Program Files\Apache NetBeans\jdk\bin\verify.dll

JVMTI agents: none

dbghelp: loaded successfully - version: 4.0.5 - missing functions: none
symbol engine: initialized successfully - sym options: 0x614 - pdb path: .;C:\Program Files\Apache NetBeans\jdk\bin;C:\WINDOWS\SYSTEM32;C:\WINDOWS\WinSxS\amd64_microsoft.windows.common-controls_6595b64144ccf1df_6.0.26100.8875_none_3e0d5d42e32fe9dd;C:\Program Files (x86)\360\Total Security\safemon;C:\Program Files\Apache NetBeans\jdk\bin\server;C:\Program Files\Apache NetBeans\java\maven\lib\jansi-native\Windows\x86_64

VM Arguments:
jvm_args: --enable-native-access=ALL-UNNAMED -Dclassworlds.conf=C:\Program Files\Apache NetBeans\java\maven\bin\m2.conf -Dmaven.home=C:\Program Files\Apache NetBeans\java\maven -Dlibrary.jansi.path=C:\Program Files\Apache NetBeans\java\maven\lib\jansi-native -Dmaven.multiModuleProjectDirectory=C:\Users\DVDSTORE\Desktop\LeetCode\ArrayList\ArrayList 
java_command: org.codehaus.plexus.classworlds.launcher.Launcher -Dexec.vmArgs= -Dexec.args=${exec.vmArgs} -classpath %classpath ${exec.mainClass} ${exec.appArgs} -Dexec.appArgs= -Dexec.mainClass=com.mycompany.arraylist.Driver -Dexec.executable=C:\Program Files\Apache NetBeans\jdk\bin\java.exe -Dmaven.ext.class.path=C:\Program Files\Apache NetBeans\java\maven-nblib\netbeans-eventspy.jar --no-transfer-progress process-classes org.codehaus.mojo:exec-maven-plugin:3.5.1:exec
java_class_path (initial): C:\Program Files\Apache NetBeans\java\maven\boot\plexus-classworlds-2.9.0.jar
Launcher Type: SUN_STANDARD

[Global flags]
     bool AOTAdapterCaching                        = false                                  {diagnostic} {ergonomic}
     bool AOTInvokeDynamicLinking                  = false                                  {diagnostic} {ergonomic}
     bool AOTRecordTraining                        = false                                  {diagnostic} {ergonomic}
     bool AOTReplayTraining                        = false                                  {diagnostic} {ergonomic}
     bool AOTStubCaching                           = false                                  {diagnostic} {ergonomic}
     intx CICompilerCount                          = 4                                         {product} {ergonomic}
     uint ConcGCThreads                            = 3                                         {product} {ergonomic}
     uint G1ConcRefinementThreads                  = 10                                        {product} {ergonomic}
     uint G1EagerReclaimRemSetThreshold            = 16                                   {experimental} {ergonomic}
   size_t G1HeapRegionSize                         = 2097152                                   {product} {ergonomic}
     uint G1RemSetArrayOfCardsEntries              = 16                                   {experimental} {ergonomic}
     uint G1RemSetHowlMaxNumBuckets                = 8                                    {experimental} {ergonomic}
     uint G1RemSetHowlNumBuckets                   = 8                                    {experimental} {ergonomic}
   size_t InitialHeapSize                          = 8388608                                   {product} {ergonomic}
     bool IntelJccErratumMitigation                = false                             {ARCH diagnostic} {ergonomic}
   size_t MarkStackSize                            = 4194304                                   {product} {ergonomic}
   size_t MarkStackSizeMax                         = 536870912                                 {product} {ergonomic}
   size_t MaxHeapSize                              = 4257218560                                {product} {ergonomic}
   size_t MaxNewSize                               = 2554331136                                {product} {ergonomic}
 uint64_t MaxRAM                                   = 17026142208                               {product} {ergonomic}
   size_t MinHeapDeltaBytes                        = 2097152                                   {product} {ergonomic}
   size_t MinHeapSize                              = 8388608                                   {product} {ergonomic}
   size_t NonNMethodCodeHeapSize                   = 5898240                                {pd product} {ergonomic}
   size_t NonProfiledCodeHeapSize                  = 122945536                              {pd product} {ergonomic}
   size_t ProfiledCodeHeapSize                     = 122945536                              {pd product} {ergonomic}
   size_t ReservedCodeCacheSize                    = 251789312                              {pd product} {ergonomic}
     bool SegmentedCodeCache                       = true                                      {product} {ergonomic}
   size_t SoftMaxHeapSize                          = 4257218560                             {manageable} {ergonomic}
     bool UseCompressedOops                        = true                           {product lp64_product} {ergonomic}
     bool UseCondCardMark                          = true                                      {product} {ergonomic}
     bool UseFastUnorderedTimeStamps               = true                                 {experimental} {ergonomic}
     bool UseG1GC                                  = true                                      {product} {ergonomic}
     bool UseLargePagesIndividualAllocation        = false                                  {pd product} {ergonomic}
      int X86ICacheSync                            = 3                                 {ARCH diagnostic} {ergonomic}

Logging:
Log output configuration:
 #0: stdout all=warning uptime,level,tags foldmultilines=false
 #1: stderr all=off uptime,level,tags foldmultilines=false

Release file:
IMPLEMENTOR="Eclipse Adoptium" 
IMPLEMENTOR_VERSION="Temurin-26.0.1+8" 
JAVA_RUNTIME_VERSION="26.0.1+8" 
JAVA_VERSION="26.0.1" 
JAVA_VERSION_DATE="2026-04-21" 
LIBC="default" 
MODULES="java.base java.compiler java.datatransfer java.xml java.prefs java.desktop java.instrument java.logging java.management java.security.sasl java.naming java.rmi java.management.rmi java.net.http java.scripting java.security.jgss java.transaction.xa java.sql java.sql.rowset java.xml.crypto java.se java.smartcardio jdk.accessibility jdk.internal.jvmstat jdk.attach jdk.charsets jdk.internal.opt jdk.zipfs jdk.compiler jdk.crypto.cryptoki jdk.crypto.ec jdk.crypto.mscapi jdk.dynalink jdk.internal.ed jdk.editpad jdk.internal.vm.ci jdk.graal.compiler jdk.graal.compiler.management jdk.hotspot.agent jdk.httpserver jdk.incubator.vector jdk.internal.le jdk.internal.md jdk.jartool jdk.javadoc jdk.jcmd jdk.management jdk.management.agent jdk.jconsole jdk.jdeps jdk.jdwp.agent jdk.jdi jdk.jfr jdk.jlink jdk.jpackage jdk.jshell jdk.jstatd jdk.localedata jdk.management.jfr jdk.naming.dns jdk.naming.rmi jdk.net jdk.nio.mapmode jdk.sctp jdk.security.auth jdk.security.jgss jdk.unsupported jdk.unsupported.desktop jdk.xml.dom" 
OS_ARCH="x86_64" 
OS_NAME="Windows" 
SOURCE=".:git:1cafccec39fb" 
BUILD_SOURCE="git:a612825ee82a20ac872d60958c349854c1f29a8e"
BUILD_SOURCE_REPO="https://github.com/adoptium/temurin-build.git"
SOURCE_REPO="https://github.com/adoptium/jdk26u.git"
FULL_VERSION="26.0.1+8"
SEMANTIC_VERSION="26.0.1+8"
BUILD_INFO="OS: Windows Server 2022 Version: 10.0"
JVM_VARIANT="Hotspot"
JVM_VERSION="26.0.1+8"
IMAGE_TYPE="JDK"

Environment Variables:
JAVA_HOME=C:\Program Files\Apache NetBeans\jdk
PATH=C:\Program Files (x86)\Common Files\Oracle\Java\javapath;C:\WINDOWS\system32;C:\WINDOWS;C:\WINDOWS\System32\Wbem;C:\WINDOWS\System32\WindowsPowerShell\v1.0\;C:\WINDOWS\System32\OpenSSH\;C:\Program Files (x86)\NVIDIA Corporation\PhysX\Common;C:\Program Files\NVIDIA Corporation\NVIDIA NvDLISR;C:\Program Files\dotnet\;C:\Program Files\Git\cmd;C:\Users\DVDSTORE\AppData\Local\Microsoft\WindowsApps;C:\Users\DVDSTORE\AppData\Local\Programs\Microsoft VS Code\bin;;C:\Program Files\Apache NetBeans\bin\
USERNAME=DVDSTORE
OS=Windows_NT
PROCESSOR_IDENTIFIER=Intel64 Family 6 Model 151 Stepping 5, GenuineIntel
TMP=C:\Users\DVDSTORE\AppData\Local\Temp
TEMP=C:\Users\DVDSTORE\AppData\Local\Temp




Compilation memory statistics disabled.

Periodic native trim disabled

---------------  S Y S T E M  ---------------

OS:
 Windows 11 , 64 bit Build 26100 (10.0.26100.8875)
OS uptime: 3 days 17:10 hours

CPU: total 12 (initial active 12) (6 cores per cpu, 2 threads per core) family 6 model 151 stepping 5 microcode 0x2d, cx8, cmov, fxsr, ht, mmx, 3dnowpref, sse, sse2, sse3, ssse3, sse4.1, sse4.2, popcnt, lzcnt, tsc, tscinvbit, avx, avx2, aes, erms, clmul, bmi1, bmi2, adx, sha, fma, vzeroupper, clflush, clflushopt, clwb, serialize, rdtscp, rdpid, fsrm, gfni, f16c, pku, cet_ibt, cet_ss
Processor Information for the first 12 processors :
  Max Mhz: 2500, Current Mhz: 2500, Mhz Limit: 2500

Memory: 4k page, system-wide physical 16237M (2001M free)
TotalPageFile size 28525M (AvailPageFile size 376M)
current process WorkingSet (physical memory assigned to process): 65M, peak: 69M
current process commit charge ("private bytes"): 108M, peak: 114M

vm_info: OpenJDK 64-Bit Server VM (26.0.1+8) for windows-amd64 JRE (26.0.1+8), built on 2026-04-21T00:00:00Z with MS VC++ 17.12 (VS2022)

END.
