#
# There is insufficient memory for the Java Runtime Environment to continue.
# Native memory allocation (malloc) failed to allocate 2478488 bytes. Error detail: Chunk::new
# Possible reasons:
#   The system is out of physical RAM or swap space
#   This process is running with CompressedOops enabled, and the Java Heap may be blocking the growth of the native heap
# Possible solutions:
#   Reduce memory load on the system
#   Increase physical memory or swap space
#   Check if swap backing store is full
#   Decrease Java heap size (-Xmx/-Xms)
#   Decrease number of Java threads
#   Decrease Java thread stack sizes (-Xss)
#   Set larger code cache with -XX:ReservedCodeCacheSize=
#   JVM is running with Zero Based Compressed Oops mode in which the Java heap is
#     placed in the first 32GB address space. The Java Heap base address is the
#     maximum limit for the native heap growth. Please use -XX:HeapBaseMinAddress
#     to set the Java Heap base and to place the Java Heap above 32GB virtual address.
# This output file may be truncated or incomplete.
#
#  Out of Memory Error (arena.cpp:193), pid=51204, tid=40412
#
# JRE version: OpenJDK Runtime Environment Temurin-26.0.1+8 (26.0.1+8) (build 26.0.1+8)
# Java VM: OpenJDK 64-Bit Server VM Temurin-26.0.1+8 (26.0.1+8, mixed mode, sharing, tiered, compressed oops, compressed class ptrs, g1 gc, windows-amd64)
# No core dump will be written. Minidumps are not enabled by default on client versions of Windows
#

---------------  S U M M A R Y ------------

Command Line: --enable-native-access=ALL-UNNAMED -Dclassworlds.conf=C:\Program Files\Apache NetBeans\java\maven\bin\m2.conf -Dmaven.home=C:\Program Files\Apache NetBeans\java\maven -Dlibrary.jansi.path=C:\Program Files\Apache NetBeans\java\maven\lib\jansi-native -Dmaven.multiModuleProjectDirectory=C:\Users\DVDSTORE\Desktop\LeetCode\ArrayList\ArrayList org.codehaus.plexus.classworlds.launcher.Launcher -Dexec.vmArgs= -Dexec.args=${exec.vmArgs} -classpath %classpath ${exec.mainClass} ${exec.appArgs} -Dexec.appArgs= -Dexec.mainClass=com.mycompany.arraylist.Driver -Dexec.executable=C:\Program Files\Apache NetBeans\jdk\bin\java.exe -Dmaven.ext.class.path=C:\Program Files\Apache NetBeans\java\maven-nblib\netbeans-eventspy.jar --no-transfer-progress process-classes org.codehaus.mojo:exec-maven-plugin:3.5.1:exec

Host: 12th Gen Intel(R) Core(TM) i5-12400F, 12 cores, 15G,  Windows 11 , 64 bit Build 26100 (10.0.26100.8875)
Time: Wed Aug 19 09:14:24 2026 Egypt Daylight Time elapsed time: 18.345543 seconds (0d 0h 0m 18s)

---------------  T H R E A D  ---------------

Current thread (0x000002bd41424200):  JavaThread "C2 CompilerThread0" daemon [_thread_in_native, id=40412, stack(0x000000ce4bc00000,0x000000ce4bd00000) (1024K)]


Current CompileTask:
C2:18345 2671       4       com.google.inject.internal.MoreTypes::canonicalize (143 bytes)

Stack: [0x000000ce4bc00000,0x000000ce4bd00000]
Native frames: (J=compiled Java code, j=interpreted, Vv=VM code, C=native code)
V  [jvm.dll+0x7db749]  (no source info available)
V  [jvm.dll+0x7a82bd]  (no source info available)
V  [jvm.dll+0xa44a60]  (no source info available)
V  [jvm.dll+0xa46eb1]  (no source info available)
V  [jvm.dll+0xa475c3]  (no source info available)
V  [jvm.dll+0x311a96]  (no source info available)
V  [jvm.dll+0x120316]  (no source info available)
V  [jvm.dll+0x12063e]  (no source info available)
V  [jvm.dll+0x1b2836]  (no source info available)
V  [jvm.dll+0x3ce802]  (no source info available)
V  [jvm.dll+0x7e430f]  (no source info available)
V  [jvm.dll+0x2d4597]  (no source info available)
V  [jvm.dll+0x2d350f]  (no source info available)
V  [jvm.dll+0x249670]  (no source info available)
V  [jvm.dll+0x2e363c]  (no source info available)
V  [jvm.dll+0x2e181d]  (no source info available)
V  [jvm.dll+0x4a82ae]  (no source info available)
V  [jvm.dll+0x9e3039]  (no source info available)
V  [jvm.dll+0x7dd228]  (no source info available)
C  [ucrtbase.dll+0x2cd30]  (no source info available)
C  [KERNEL32.DLL+0x2e957]  (no source info available)
C  [ntdll.dll+0xaad6c]  (no source info available)

Lock stack of current Java thread (top to bottom):


---------------  P R O C E S S  ---------------

Threads class SMR info:
_java_thread_list=0x000002bd46d019f0, length=13, elements={
0x000002bd1eb95720, 0x000002bd41412820, 0x000002bd41415ca0, 0x000002bd414183d0,
0x000002bd41418f80, 0x000002bd4141ab40, 0x000002bd4141f300, 0x000002bd41424200,
0x000002bd4142f5c0, 0x000002bd41940690, 0x000002bd41940e40, 0x000002bd46d0d6e0,
0x000002bd46cb4310
}

Java Threads: ( => current thread )
  0x000002bd1eb95720 JavaThread "main"                              [_thread_in_vm, id=51008, stack(0x000000ce4ad00000,0x000000ce4ae00000) (1024K)]
  0x000002bd41412820 JavaThread "Reference Handler"          daemon [_thread_blocked, id=51752, stack(0x000000ce4b600000,0x000000ce4b700000) (1024K)]
  0x000002bd41415ca0 JavaThread "Finalizer"                  daemon [_thread_blocked, id=51828, stack(0x000000ce4b700000,0x000000ce4b800000) (1024K)]
  0x000002bd414183d0 JavaThread "Signal Dispatcher"          daemon [_thread_blocked, id=51840, stack(0x000000ce4b800000,0x000000ce4b900000) (1024K)]
  0x000002bd41418f80 JavaThread "Attach Listener"            daemon [_thread_blocked, id=45824, stack(0x000000ce4b900000,0x000000ce4ba00000) (1024K)]
  0x000002bd4141ab40 JavaThread "Service Thread"             daemon [_thread_blocked, id=52180, stack(0x000000ce4ba00000,0x000000ce4bb00000) (1024K)]
  0x000002bd4141f300 JavaThread "Monitor Deflation Thread"   daemon [_thread_blocked, id=50680, stack(0x000000ce4bb00000,0x000000ce4bc00000) (1024K)]
=>0x000002bd41424200 JavaThread "C2 CompilerThread0"         daemon [_thread_in_native, id=40412, stack(0x000000ce4bc00000,0x000000ce4bd00000) (1024K)]
  0x000002bd4142f5c0 JavaThread "C1 CompilerThread0"         daemon [_thread_blocked, id=49548, stack(0x000000ce4bd00000,0x000000ce4be00000) (1024K)]
  0x000002bd41940690 JavaThread "Notification Thread"        daemon [_thread_blocked, id=35092, stack(0x000000ce4be00000,0x000000ce4bf00000) (1024K)]
  0x000002bd41940e40 JavaThread "Common-Cleaner"             daemon [_thread_blocked, id=13088, stack(0x000000ce4bf00000,0x000000ce4c000000) (1024K)]
  0x000002bd46d0d6e0 JavaThread "C2 CompilerThread1"         daemon [_thread_blocked, id=60580, stack(0x000000ce4c800000,0x000000ce4c900000) (1024K)]
  0x000002bd46cb4310 JavaThread "C2 CompilerThread2"         daemon [_thread_blocked, id=49800, stack(0x000000ce4c900000,0x000000ce4ca00000) (1024K)]
Total: 13

Other Threads:
  0x000002bd413fc9d0 VMThread "VM Thread"                           [id=51560, stack(0x000000ce4b500000,0x000000ce4b600000) (1024K)]
  0x000002bd412c6f80 WatcherThread "VM Periodic Task Thread"        [id=51548, stack(0x000000ce4b400000,0x000000ce4b500000) (1024K)]
  0x000002bd21101320 WorkerThread "GC Thread#0"                     [id=51240, stack(0x000000ce4ae00000,0x000000ce4af00000) (1024K)]
  0x000002bd460378b0 WorkerThread "GC Thread#1"                     [id=44888, stack(0x000000ce4c100000,0x000000ce4c200000) (1024K)]
  0x000002bd46738fc0 WorkerThread "GC Thread#2"                     [id=44964, stack(0x000000ce4c200000,0x000000ce4c300000) (1024K)]
  0x000002bd469cabc0 WorkerThread "GC Thread#3"                     [id=43692, stack(0x000000ce4c700000,0x000000ce4c800000) (1024K)]
  0x000002bd469c31c0 WorkerThread "GC Thread#4"                     [id=58848, stack(0x000000ce4c000000,0x000000ce4c100000) (1024K)]
  0x000002bd46015630 WorkerThread "GC Thread#5"                     [id=61028, stack(0x000000ce4c500000,0x000000ce4c600000) (1024K)]
  0x000002bd46167610 WorkerThread "GC Thread#6"                     [id=61216, stack(0x000000ce4c600000,0x000000ce4c700000) (1024K)]
  0x000002bd2111a080 ConcurrentGCThread "G1 Main Marker"            [id=51348, stack(0x000000ce4af00000,0x000000ce4b000000) (1024K)]
  0x000002bd2111d320 WorkerThread "G1 Conc#0"                       [id=51352, stack(0x000000ce4b000000,0x000000ce4b100000) (1024K)]
  0x000002bd4677df30 WorkerThread "G1 Conc#1"                       [id=54008, stack(0x000000ce4c300000,0x000000ce4c400000) (1024K)]
  0x000002bd4677e350 WorkerThread "G1 Conc#2"                       [id=54012, stack(0x000000ce4c400000,0x000000ce4c500000) (1024K)]
  0x000002bd412b1400 WorkerThread "G1 Refinement Workers#0"         [id=51364, stack(0x000000ce4b200000,0x000000ce4b300000) (1024K)]
  0x000002bd412b0a40 ConcurrentGCThread "G1 Refine Control"         [id=51356, stack(0x000000ce4b100000,0x000000ce4b200000) (1024K)]
  0x000002bd412b2d30 ConcurrentGCThread "G1 Service"                [id=50608, stack(0x000000ce4b300000,0x000000ce4b400000) (1024K)]
Total: 16

Threads with active compile tasks:
C2 CompilerThread0  19826 2671       4       com.google.inject.internal.MoreTypes::canonicalize (143 bytes)
Total: 1

VM state: not at safepoint (normal execution)

VM Mutex/Monitor currently owned by a thread:  ([mutex/lock_event])
[0x00007fff8d0fd888] Metaspace_lock - owner thread: 0x000002bd1eb95720

Heap address: 0x0000000702400000, size: 4060 MB, Compressed Oops mode: Zero based, Oop shift amount: 3

CDS archive(s) mapped at: [0x000000008c000000-0x000000008cde0000-0x000000008cde0000), size 14548992, SharedBaseAddress: 0x000000008c000000, ArchiveRelocationMode: 1.
Compressed class space mapped at: 0x000000008d000000-0x00000000cd000000, reserved size: 1073741824
UseCompressedClassPointers 1, UseCompactObjectHeaders 0
Narrow klass pointer bits 32, Max shift 3
Narrow klass base: 0x000000008c000000, Narrow klass shift: 0
Encoding Range: [0x000000008c000000 - 0x000000018c000000), (4294967296 bytes)
Klass Range:    [0x000000008c000000 - 0x00000000cd000000), (1090519040 bytes)
Klass ID Range:  [8 - 1090519033) (1090519025)
Protection zone: [0x000000008c000000 - 0x000000008c010000), (65536 bytes)

GC Precious Log:
 CardTable entry size: 512
 Card Set container configuration: InlinePtr #cards 4 size 8 Array Of Cards #cards 16 size 48 Howl #buckets 8 coarsen threshold 3686 Howl Bitmap #cards 512 size 80 coarsen threshold 460 Card regions per heap region 1 cards per card region 4096
 CPUs: 12 total, 12 available
 Memory: 16237M
 Large Page Support: Disabled
 NUMA Support: Disabled
 Compressed Oops: Enabled (Zero based)
 Heap Region Size: 2M
 Heap Min Capacity: 8M
 Heap Initial Capacity: 8M
 Heap Max Capacity: 4060M
 Pre-touch: Disabled
 Parallel Workers: 10
 Concurrent Workers: 3
 Concurrent Refinement Workers: 10
 Periodic GC: Disabled

Heap:
 garbage-first heap   total reserved 4157440K, committed 16384K, used 7695K [0x0000000702400000, 0x0000000800000000)
  region size 2M, 1 eden (2M), 1 survivor (2M), 4 old (8M), 0 humongous (0M), 2 free (4M)

Heap Regions: E=young(eden), S=young(survivor), O=old, HS=humongous(starts), HC=humongous(continues), CS=collection set, F=free, TAMS=top-at-mark-start, PB=parsable bottom
|    0|0x0000000702400000, 0x0000000702600000, 0x0000000702600000|100%| O|  |TAMS 0x0000000702400000| PB 0x0000000702400000| Untracked |  0
|    1|0x0000000702600000, 0x000000070275b9e0, 0x0000000702800000| 67%| S|CS|TAMS 0x0000000702600000| PB 0x0000000702600000| Complete  |  0
|    2|0x0000000702800000, 0x0000000702800000, 0x0000000702a00000|  0%| F|  |TAMS 0x0000000702800000| PB 0x0000000702800000| Untracked |  0
|    3|0x0000000702a00000, 0x0000000702a00000, 0x0000000702c00000|  0%| F|  |TAMS 0x0000000702a00000| PB 0x0000000702a00000| Untracked |  0
| 2026|0x00000007ff800000, 0x00000007ff8284c0, 0x00000007ffa00000|  7%| O|  |TAMS 0x00000007ff800000| PB 0x00000007ff800000| Untracked |  0
| 2027|0x00000007ffa00000, 0x00000007ffc00000, 0x00000007ffc00000|100%| O|  |TAMS 0x00000007ffa00000| PB 0x00000007ffa00000| Untracked |  0
| 2028|0x00000007ffc00000, 0x00000007ffe00000, 0x00000007ffe00000|100%| O|  |TAMS 0x00000007ffc00000| PB 0x00000007ffc00000| Untracked |  0
| 2029|0x00000007ffe00000, 0x00000007fffc59d0, 0x0000000800000000| 88%| E|CS|TAMS 0x00000007ffe00000| PB 0x00000007ffe00000| Complete  |  0

Card table byte_map: [0x000002bd3a4d0000,0x000002bd3acc0000] _byte_map_base: 0x000002bd36cbe000
Refinement table byte_map: [0x000002bd39ce0000,0x000002bd3a4d0000] _byte_map_base: 0x000002bd364ce000

Marking Bits: (CMBitMap*) 0x000002bd21101aa0
 Bits: [0x000002bd3acc0000, 0x000002bd3ec30000)

Polling page: 0x000002bd1eeb0000

Metaspace:
Metaspace        used 12576K, committed 12736K, reserved 1114112K
 class space     used 1609K, committed 1664K, reserved 1048576K

Usage:
  Non-class:     10.71 MB used.
      Class:      1.57 MB used.
       Both:     12.28 MB used.

Virtual space:
  Non-class space:       64.00 MB reserved,      10.81 MB ( 17%) committed,  1 nodes.
      Class space:        1.00 GB reserved,       1.62 MB ( <1%) committed,  1 nodes.
             Both:        1.06 GB reserved,      12.44 MB (  1%) committed. 

Chunk freelists:
   Non-Class:  4.05 MB
       Class:  14.38 MB
        Both:  18.42 MB

MaxMetaspaceSize: unlimited
CompressedClassSpaceSize: 1.00 GB
Initial GC threshold: 21.00 MB
Current GC threshold: 21.00 MB
CDS: on
 - commit_granule_bytes: 65536.
 - commit_granule_words: 8192.
 - virtual_space_node_default_size: 8388608.
 - enlarge_chunks_in_place: 1.
UseCompressedClassPointers 1, UseCompactObjectHeaders 0
Narrow klass pointer bits 32, Max shift 3
Narrow klass base: 0x000000008c000000, Narrow klass shift: 0
Encoding Range: [0x000000008c000000 - 0x000000018c000000), (4294967296 bytes)
Klass Range:    [0x000000008c000000 - 0x00000000cd000000), (1090519040 bytes)
Klass ID Range:  [8 - 1090519033) (1090519025)
Protection zone: [0x000000008c000000 - 0x000000008c010000), (65536 bytes)


Internal statistics:

num_allocs_failed_limit: 0.
num_arena_births: 84.
num_arena_deaths: 0.
num_vsnodes_births: 2.
num_vsnodes_deaths: 0.
num_space_committed: 199.
num_space_uncommitted: 0.
num_chunks_returned_to_freelist: 0.
num_chunks_taken_from_freelist: 527.
num_chunk_merges: 0.
num_chunk_splits: 357.
num_chunks_enlarged: 283.
num_inconsistent_stats: 0.

CodeHeap 'non-profiled nmethods': size=120064Kb used=776Kb max_used=776Kb free=119287Kb
 bounds [0x000002bd31a60000, 0x000002bd31cd0000, 0x000002bd38fa0000]
CodeHeap 'profiled nmethods': size=120064Kb used=4304Kb max_used=4304Kb free=115760Kb
 bounds [0x000002bd29f80000, 0x000002bd2a3c0000, 0x000002bd314c0000]
CodeHeap 'non-nmethods': size=5760Kb used=1380Kb max_used=1413Kb free=4379Kb
 bounds [0x000002bd314c0000, 0x000002bd31730000, 0x000002bd31a60000]
CodeCache: size=245888Kb, used=6460Kb, max_used=6493Kb, free=239426Kb
 total_blobs=3301, nmethods=2807, adapters=396, full_count=0
Compilation: enabled, stopped_count=0, restarted_count=0

Compilation events (20 events):
Event: 16.820 Thread 0x000002bd4142f5c0 2695       3       com.google.common.collect.Maps$ViewCachingAbstractMap::entrySet (23 bytes)
Event: 16.821 Thread 0x000002bd4142f5c0 nmethod 2695 0x000002bd2a379d08 code [0x000002bd2a379e00, 0x000002bd2a37a098]
Event: 16.821 Thread 0x000002bd4142f5c0 2688   !   3       com.google.inject.internal.CycleDetectingLock$CycleDetectingLockFactory$ReentrantCycleDetectingLock::lockOrDetectPotentialLocksCycle (134 bytes)
Event: 16.821 Thread 0x000002bd4142f5c0 nmethod 2688 0x000002bd2a37a108 code [0x000002bd2a37a200, 0x000002bd2a37af78]
Event: 16.821 Thread 0x000002bd4142f5c0 2689       3       com.google.inject.internal.CycleDetectingLock$CycleDetectingLockFactory$ReentrantCycleDetectingLock::detectPotentialLocksCycle (76 bytes)
Event: 16.821 Thread 0x000002bd4142f5c0 nmethod 2689 0x000002bd2a37b008 code [0x000002bd2a37b100, 0x000002bd2a37b580]
Event: 16.821 Thread 0x000002bd4142f5c0 2696       3       java.lang.invoke.DirectMethodHandle::make (21 bytes)
Event: 16.821 Thread 0x000002bd4142f5c0 nmethod 2696 0x000002bd2a37b608 code [0x000002bd2a37b700, 0x000002bd2a37b948]
Event: 16.822 Thread 0x000002bd4142f5c0 2697       3       com.google.common.collect.LinkedHashMultimap$ValueSet::succeedsInValueSet (37 bytes)
Event: 16.822 Thread 0x000002bd4142f5c0 nmethod 2697 0x000002bd2a37b988 code [0x000002bd2a37ba80, 0x000002bd2a37be50]
Event: 16.822 Thread 0x000002bd4142f5c0 2698       3       com.google.common.collect.LinkedHashMultimap$MultimapIterationChain::succeeds (37 bytes)
Event: 16.822 Thread 0x000002bd4142f5c0 nmethod 2698 0x000002bd2a37be88 code [0x000002bd2a37bf80, 0x000002bd2a37c350]
Event: 16.823 Thread 0x000002bd4142f5c0 2699       1       org.codehaus.plexus.classworlds.realm.Entry::getPackageName (5 bytes)
Event: 16.823 Thread 0x000002bd4142f5c0 nmethod 2699 0x000002bd31b1c808 code [0x000002bd31b1c900, 0x000002bd31b1c9b8]
Event: 16.823 Thread 0x000002bd4142f5c0 2701       3       org.codehaus.plexus.classworlds.realm.Entry::compareTo (13 bytes)
Event: 16.823 Thread 0x000002bd4142f5c0 nmethod 2701 0x000002bd2a37c388 code [0x000002bd2a37c480, 0x000002bd2a37c698]
Event: 16.823 Thread 0x000002bd4142f5c0 2700       3       org.codehaus.plexus.classworlds.realm.Entry::compareTo (9 bytes)
Event: 16.823 Thread 0x000002bd4142f5c0 nmethod 2700 0x000002bd2a37c708 code [0x000002bd2a37c800, 0x000002bd2a37cb50]
Event: 16.824 Thread 0x000002bd4142f5c0 2702       3       sun.reflect.annotation.TypeAnnotationParser::parseTypeAnnotations (91 bytes)
Event: 17.824 Thread 0x000002bd4142f5c0 nmethod 2702 0x000002bd2a37cb88 code [0x000002bd2a37cc80, 0x000002bd2a37d6b8]

GC Heap Usage History (20 events):
Event: 6.738 {heap Before GC invocations=9 (full 0):
 garbage-first heap   total reserved 4157440K, committed 12288K, used 8575K [0x0000000702400000, 0x0000000800000000)
  region size 2M, 2 eden (4M), 1 survivor (2M), 2 old (4M), 0 humongous (0M), 1 free (2M)
}
Event: 6.741 {heap After GC invocations=10 (full 0):
 garbage-first heap   total reserved 4157440K, committed 12288K, used 4558K [0x0000000702400000, 0x0000000800000000)
  region size 2M, 0 eden (0M), 1 survivor (2M), 2 old (4M), 0 humongous (0M), 3 free (6M)
}
Event: 6.885 {heap Before GC invocations=10 (full 0):
 garbage-first heap   total reserved 4157440K, committed 12288K, used 8654K [0x0000000702400000, 0x0000000800000000)
  region size 2M, 2 eden (4M), 1 survivor (2M), 2 old (4M), 0 humongous (0M), 1 free (2M)
}
Event: 6.888 {heap After GC invocations=11 (full 0):
 garbage-first heap   total reserved 4157440K, committed 12288K, used 4658K [0x0000000702400000, 0x0000000800000000)
  region size 2M, 0 eden (0M), 1 survivor (2M), 2 old (4M), 0 humongous (0M), 3 free (6M)
}
Event: 14.223 {heap Before GC invocations=11 (full 0):
 garbage-first heap   total reserved 4157440K, committed 12288K, used 8754K [0x0000000702400000, 0x0000000800000000)
  region size 2M, 2 eden (4M), 1 survivor (2M), 2 old (4M), 0 humongous (0M), 1 free (2M)
}
Event: 14.225 {heap After GC invocations=12 (full 0):
 garbage-first heap   total reserved 4157440K, committed 12288K, used 4771K [0x0000000702400000, 0x0000000800000000)
  region size 2M, 0 eden (0M), 1 survivor (2M), 2 old (4M), 0 humongous (0M), 3 free (6M)
}
Event: 14.584 {heap Before GC invocations=12 (full 0):
 garbage-first heap   total reserved 4157440K, committed 12288K, used 8867K [0x0000000702400000, 0x0000000800000000)
  region size 2M, 2 eden (4M), 1 survivor (2M), 2 old (4M), 0 humongous (0M), 1 free (2M)
}
Event: 14.586 {heap After GC invocations=13 (full 0):
 garbage-first heap   total reserved 4157440K, committed 12288K, used 4917K [0x0000000702400000, 0x0000000800000000)
  region size 2M, 0 eden (0M), 1 survivor (2M), 2 old (4M), 0 humongous (0M), 3 free (6M)
}
Event: 14.782 {heap Before GC invocations=13 (full 0):
 garbage-first heap   total reserved 4157440K, committed 12288K, used 9013K [0x0000000702400000, 0x0000000800000000)
  region size 2M, 2 eden (4M), 1 survivor (2M), 2 old (4M), 0 humongous (0M), 1 free (2M)
}
Event: 14.784 {heap After GC invocations=14 (full 0):
 garbage-first heap   total reserved 4157440K, committed 12288K, used 5076K [0x0000000702400000, 0x0000000800000000)
  region size 2M, 0 eden (0M), 1 survivor (2M), 2 old (4M), 0 humongous (0M), 3 free (6M)
}
Event: 14.947 {heap Before GC invocations=14 (full 0):
 garbage-first heap   total reserved 4157440K, committed 12288K, used 9172K [0x0000000702400000, 0x0000000800000000)
  region size 2M, 2 eden (4M), 1 survivor (2M), 2 old (4M), 0 humongous (0M), 1 free (2M)
}
Event: 14.949 {heap After GC invocations=15 (full 0):
 garbage-first heap   total reserved 4157440K, committed 12288K, used 5353K [0x0000000702400000, 0x0000000800000000)
  region size 2M, 0 eden (0M), 1 survivor (2M), 2 old (4M), 0 humongous (0M), 3 free (6M)
}
Event: 15.583 {heap Before GC invocations=15 (full 0):
 garbage-first heap   total reserved 4157440K, committed 12288K, used 9449K [0x0000000702400000, 0x0000000800000000)
  region size 2M, 2 eden (4M), 1 survivor (2M), 2 old (4M), 0 humongous (0M), 1 free (2M)
}
Event: 15.586 {heap After GC invocations=16 (full 0):
 garbage-first heap   total reserved 4157440K, committed 14336K, used 5741K [0x0000000702400000, 0x0000000800000000)
  region size 2M, 0 eden (0M), 1 survivor (2M), 3 old (6M), 0 humongous (0M), 3 free (6M)
}
Event: 15.804 {heap Before GC invocations=16 (full 0):
 garbage-first heap   total reserved 4157440K, committed 14336K, used 9837K [0x0000000702400000, 0x0000000800000000)
  region size 2M, 2 eden (4M), 1 survivor (2M), 3 old (6M), 0 humongous (0M), 1 free (2M)
}
Event: 15.806 {heap After GC invocations=17 (full 0):
 garbage-first heap   total reserved 4157440K, committed 14336K, used 6211K [0x0000000702400000, 0x0000000800000000)
  region size 2M, 0 eden (0M), 1 survivor (2M), 3 old (6M), 0 humongous (0M), 3 free (6M)
}
Event: 16.240 {heap Before GC invocations=17 (full 0):
 garbage-first heap   total reserved 4157440K, committed 14336K, used 10307K [0x0000000702400000, 0x0000000800000000)
  region size 2M, 2 eden (4M), 1 survivor (2M), 3 old (6M), 0 humongous (0M), 1 free (2M)
}
Event: 16.252 {heap After GC invocations=18 (full 0):
 garbage-first heap   total reserved 4157440K, committed 14336K, used 6792K [0x0000000702400000, 0x0000000800000000)
  region size 2M, 0 eden (0M), 1 survivor (2M), 3 old (6M), 0 humongous (0M), 3 free (6M)
}
Event: 16.617 {heap Before GC invocations=18 (full 0):
 garbage-first heap   total reserved 4157440K, committed 14336K, used 10888K [0x0000000702400000, 0x0000000800000000)
  region size 2M, 2 eden (4M), 1 survivor (2M), 3 old (6M), 0 humongous (0M), 1 free (2M)
}
Event: 16.620 {heap After GC invocations=19 (full 0):
 garbage-first heap   total reserved 4157440K, committed 14336K, used 7307K [0x0000000702400000, 0x0000000800000000)
  region size 2M, 0 eden (0M), 1 survivor (2M), 3 old (6M), 0 humongous (0M), 3 free (6M)
}

Metaspace Usage History (20 events):
Event: 6.738 {metaspace Before GC invocations=9 (full 0):
 Metaspace       used 5563K, committed 5760K, reserved 1114112K
  class space    used 676K, committed 768K, reserved 1048576K
}
Event: 6.741 {metaspace After GC invocations=10 (full 0):
 Metaspace       used 5563K, committed 5760K, reserved 1114112K
  class space    used 676K, committed 768K, reserved 1048576K
}
Event: 6.885 {metaspace Before GC invocations=10 (full 0):
 Metaspace       used 5913K, committed 6080K, reserved 1114112K
  class space    used 718K, committed 832K, reserved 1048576K
}
Event: 6.888 {metaspace After GC invocations=11 (full 0):
 Metaspace       used 5913K, committed 6080K, reserved 1114112K
  class space    used 718K, committed 832K, reserved 1048576K
}
Event: 14.223 {metaspace Before GC invocations=11 (full 0):
 Metaspace       used 6452K, committed 6656K, reserved 1114112K
  class space    used 790K, committed 896K, reserved 1048576K
}
Event: 14.225 {metaspace After GC invocations=12 (full 0):
 Metaspace       used 6452K, committed 6656K, reserved 1114112K
  class space    used 790K, committed 896K, reserved 1048576K
}
Event: 14.584 {metaspace Before GC invocations=12 (full 0):
 Metaspace       used 6825K, committed 6976K, reserved 1114112K
  class space    used 832K, committed 896K, reserved 1048576K
}
Event: 14.586 {metaspace After GC invocations=13 (full 0):
 Metaspace       used 6825K, committed 6976K, reserved 1114112K
  class space    used 832K, committed 896K, reserved 1048576K
}
Event: 14.782 {metaspace Before GC invocations=13 (full 0):
 Metaspace       used 7198K, committed 7360K, reserved 1114112K
  class space    used 877K, committed 960K, reserved 1048576K
}
Event: 14.784 {metaspace After GC invocations=14 (full 0):
 Metaspace       used 7198K, committed 7360K, reserved 1114112K
  class space    used 877K, committed 960K, reserved 1048576K
}
Event: 14.947 {metaspace Before GC invocations=14 (full 0):
 Metaspace       used 8212K, committed 8384K, reserved 1114112K
  class space    used 1015K, committed 1088K, reserved 1048576K
}
Event: 14.950 {metaspace After GC invocations=15 (full 0):
 Metaspace       used 8212K, committed 8384K, reserved 1114112K
  class space    used 1015K, committed 1088K, reserved 1048576K
}
Event: 15.583 {metaspace Before GC invocations=15 (full 0):
 Metaspace       used 9104K, committed 9280K, reserved 1114112K
  class space    used 1135K, committed 1216K, reserved 1048576K
}
Event: 15.586 {metaspace After GC invocations=16 (full 0):
 Metaspace       used 9104K, committed 9280K, reserved 1114112K
  class space    used 1135K, committed 1216K, reserved 1048576K
}
Event: 15.804 {metaspace Before GC invocations=16 (full 0):
 Metaspace       used 10069K, committed 10240K, reserved 1114112K
  class space    used 1263K, committed 1344K, reserved 1048576K
}
Event: 15.806 {metaspace After GC invocations=17 (full 0):
 Metaspace       used 10069K, committed 10240K, reserved 1114112K
  class space    used 1263K, committed 1344K, reserved 1048576K
}
Event: 16.240 {metaspace Before GC invocations=17 (full 0):
 Metaspace       used 10937K, committed 11136K, reserved 1114112K
  class space    used 1384K, committed 1472K, reserved 1048576K
}
Event: 16.252 {metaspace After GC invocations=18 (full 0):
 Metaspace       used 10937K, committed 11136K, reserved 1114112K
  class space    used 1384K, committed 1472K, reserved 1048576K
}
Event: 16.617 {metaspace Before GC invocations=18 (full 0):
 Metaspace       used 11533K, committed 11776K, reserved 1114112K
  class space    used 1470K, committed 1600K, reserved 1048576K
}
Event: 16.620 {metaspace After GC invocations=19 (full 0):
 Metaspace       used 11533K, committed 11776K, reserved 1114112K
  class space    used 1470K, committed 1600K, reserved 1048576K
}

Dll operation events (14 events):
Event: 0.032 Attempting to load shared library C:\Program Files\Apache NetBeans\jdk\bin\java.dll
Event: 0.034 Loaded shared library C:\Program Files\Apache NetBeans\jdk\bin\java.dll
Event: 0.447 Attempting to load shared library C:\Program Files\Apache NetBeans\jdk\bin\net.dll
Event: 0.465 Loaded shared library C:\Program Files\Apache NetBeans\jdk\bin\net.dll
Event: 0.478 Attempting to load shared library C:\Program Files\Apache NetBeans\jdk\bin\nio.dll
Event: 0.479 Loaded shared library C:\Program Files\Apache NetBeans\jdk\bin\nio.dll
Event: 0.483 Attempting to load shared library C:\Program Files\Apache NetBeans\jdk\bin\zip.dll
Event: 0.483 Loaded shared library C:\Program Files\Apache NetBeans\jdk\bin\zip.dll
Event: 0.791 Attempting to load shared library C:\Program Files\Apache NetBeans\java\maven\lib\jansi-native\Windows\x86_64\jansi.dll
Event: 0.792 Loaded shared library C:\Program Files\Apache NetBeans\java\maven\lib\jansi-native\Windows\x86_64\jansi.dll
Event: 0.801 Attempting to load shared library C:\Program Files\Apache NetBeans\jdk\bin\verify.dll
Event: 0.802 Loaded shared library C:\Program Files\Apache NetBeans\jdk\bin\verify.dll
Event: 1.238 Attempting to load shared library C:\Program Files\Apache NetBeans\jdk\bin\jimage.dll
Event: 1.238 Loaded shared library C:\Program Files\Apache NetBeans\jdk\bin\jimage.dll

Deoptimization events (20 events):
Event: 15.861 Thread 0x000002bd1eb95720 DEOPT PACKING pc=0x000002bd31afc180 sp=0x000000ce4adfd580
Event: 15.861 Thread 0x000002bd1eb95720 DEOPT UNPACKING pc=0x000002bd3154c802 sp=0x000000ce4adfd510 mode 2
Event: 15.861 Thread 0x000002bd1eb95720 Uncommon trap: trap_request=0xffffffd6 fr.pc=0x000002bd31afc180 relative=0x00000000000005e0
Event: 15.861 Thread 0x000002bd1eb95720 Uncommon trap: reason=array_check action=maybe_recompile pc=0x000002bd31afc180 method=jdk.internal.classfile.impl.SplitConstantPool.internalAdd(Ljava/lang/classfile/constantpool/PoolEntry;I)Ljava/lang/classfile/constantpool/PoolEntry; @ 46 c2
Event: 15.861 Thread 0x000002bd1eb95720 DEOPT PACKING pc=0x000002bd31afc180 sp=0x000000ce4adfd3d0
Event: 15.861 Thread 0x000002bd1eb95720 DEOPT UNPACKING pc=0x000002bd3154c802 sp=0x000000ce4adfd360 mode 2
Event: 15.861 Thread 0x000002bd1eb95720 Uncommon trap: trap_request=0xffffffd6 fr.pc=0x000002bd31afc180 relative=0x00000000000005e0
Event: 15.861 Thread 0x000002bd1eb95720 Uncommon trap: reason=array_check action=maybe_recompile pc=0x000002bd31afc180 method=jdk.internal.classfile.impl.SplitConstantPool.internalAdd(Ljava/lang/classfile/constantpool/PoolEntry;I)Ljava/lang/classfile/constantpool/PoolEntry; @ 46 c2
Event: 15.861 Thread 0x000002bd1eb95720 DEOPT PACKING pc=0x000002bd31afc180 sp=0x000000ce4adfd3a0
Event: 15.861 Thread 0x000002bd1eb95720 DEOPT UNPACKING pc=0x000002bd3154c802 sp=0x000000ce4adfd330 mode 2
Event: 15.956 Thread 0x000002bd1eb95720 Uncommon trap: trap_request=0xffffff45 fr.pc=0x000002bd31acb940 relative=0x00000000000001c0
Event: 15.956 Thread 0x000002bd1eb95720 Uncommon trap: reason=unstable_if action=reinterpret pc=0x000002bd31acb940 method=java.lang.ClassLoader.checkName(Ljava/lang/String;)Z @ 1 c2
Event: 15.956 Thread 0x000002bd1eb95720 DEOPT PACKING pc=0x000002bd31acb940 sp=0x000000ce4adfe070
Event: 15.956 Thread 0x000002bd1eb95720 DEOPT UNPACKING pc=0x000002bd3154c802 sp=0x000000ce4adfe008 mode 2
Event: 16.226 Thread 0x000002bd1eb95720 DEOPT PACKING pc=0x000002bd2a2477e4 sp=0x000000ce4adfe480
Event: 16.226 Thread 0x000002bd1eb95720 DEOPT UNPACKING pc=0x000002bd31511a02 sp=0x000000ce4adfd9e0 mode 0
Event: 16.748 Thread 0x000002bd1eb95720 Uncommon trap: trap_request=0xffffff45 fr.pc=0x000002bd31afebfc relative=0x00000000000001fc
Event: 16.748 Thread 0x000002bd1eb95720 Uncommon trap: reason=unstable_if action=reinterpret pc=0x000002bd31afebfc method=java.util.WeakHashMap.expungeStaleEntries()V @ 9 c2
Event: 16.748 Thread 0x000002bd1eb95720 DEOPT PACKING pc=0x000002bd31afebfc sp=0x000000ce4adfedd0
Event: 16.748 Thread 0x000002bd1eb95720 DEOPT UNPACKING pc=0x000002bd3154c802 sp=0x000000ce4adfed20 mode 2

Classes loaded (20 events):
Event: 15.945 Loading class java/util/TreeMap$Values
Event: 15.945 Loading class java/util/TreeMap$Values done
Event: 15.948 Loading class java/util/TreeMap$ValueIterator
Event: 15.948 Loading class java/util/TreeMap$ValueIterator done
Event: 15.956 Loading class java/lang/invoke/DirectMethodHandle$StaticAccessor
Event: 15.956 Loading class java/lang/invoke/DirectMethodHandle$StaticAccessor done
Event: 15.961 Loading class java/lang/ClassValue$RemovalToken
Event: 15.961 Loading class java/lang/ClassValue$RemovalToken done
Event: 16.324 Loading class sun/reflect/generics/scope/MethodScope
Event: 16.324 Loading class sun/reflect/generics/scope/MethodScope done
Event: 16.324 Loading class sun/reflect/generics/repository/MethodRepository
Event: 16.324 Loading class sun/reflect/generics/repository/MethodRepository done
Event: 16.712 Loading class java/util/ConcurrentModificationException
Event: 16.712 Loading class java/util/ConcurrentModificationException done
Event: 16.737 Loading class java/lang/ClassFormatError
Event: 16.737 Loading class java/lang/ClassFormatError done
Event: 16.746 Loading class java/lang/invoke/VarHandleInts$FieldInstanceReadWrite
Event: 16.746 Loading class java/lang/invoke/VarHandleInts$FieldInstanceReadOnly
Event: 16.747 Loading class java/lang/invoke/VarHandleInts$FieldInstanceReadOnly done
Event: 16.747 Loading class java/lang/invoke/VarHandleInts$FieldInstanceReadWrite done

Classes unloaded (0 events):
No events

Classes redefined (0 events):
No events

Internal exceptions (20 events):
Event: 0.800 Thread 0x000002bd1eb95720 Exception <a 'sun/nio/fs/WindowsException'{0x00000007029f6858}> (0x00000007029f6858) 
thrown [s\src\hotspot\share\prims\jni.cpp, line 514]
Event: 0.801 Thread 0x000002bd1eb95720 Exception <a 'sun/nio/fs/WindowsException'{0x00000007029f6d00}> (0x00000007029f6d00) 
thrown [s\src\hotspot\share\prims\jni.cpp, line 514]
Event: 1.175 Thread 0x000002bd1eb95720 Exception <a 'java/lang/NoSuchMethodError'{0x0000000702a312c0}: 'void java.lang.invoke.DirectMethodHandle$Holder.invokeVirtual(java.lang.Object, java.lang.Object)'> (0x0000000702a312c0) 
thrown [s\src\hotspot\share\interpreter\linkResolver.cpp, line 804]
Event: 1.179 Thread 0x000002bd1eb95720 Exception <a 'java/lang/NoSuchMethodError'{0x0000000702a52c78}: 'void java.lang.invoke.DirectMethodHandle$Holder.invokeStatic(java.lang.Object, java.lang.Object)'> (0x0000000702a52c78) 
thrown [s\src\hotspot\share\interpreter\linkResolver.cpp, line 804]
Event: 1.185 Thread 0x000002bd1eb95720 Exception <a 'java/lang/NoSuchMethodError'{0x0000000702a5ac60}: 'void java.lang.invoke.DirectMethodHandle$Holder.invokeStaticInit(java.lang.Object, java.lang.Object)'> (0x0000000702a5ac60) 
thrown [s\src\hotspot\share\interpreter\linkResolver.cpp, line 804]
Event: 1.197 Thread 0x000002bd1eb95720 Exception <a 'java/lang/NoSuchMethodError'{0x0000000702a927f8}: 'void java.lang.invoke.DirectMethodHandle$Holder.invokeSpecial(java.lang.Object, java.lang.Object, java.lang.Object, java.lang.Object, java.lang.Object)'> (0x0000000702a927f8) 
thrown [s\src\hotspot\share\interpreter\linkResolver.cpp, line 804]
Event: 1.235 Thread 0x000002bd1eb95720 Exception <a 'java/lang/NoSuchMethodError'{0x0000000702ad3b38}: 'void java.lang.invoke.DirectMethodHandle$Holder.invokeStatic(java.lang.Object, java.lang.Object, java.lang.Object)'> (0x0000000702ad3b38) 
thrown [s\src\hotspot\share\interpreter\linkResolver.cpp, line 804]
Event: 3.288 Thread 0x000002bd1eb95720 Exception <a 'java/lang/NoSuchMethodError'{0x0000000702a618d8}: 'java.lang.Object java.lang.invoke.DirectMethodHandle$Holder.invokeSpecialIFC(java.lang.Object, java.lang.Object, java.lang.Object, java.lang.Object)'> (0x0000000702a618d8) 
thrown [s\src\hotspot\share\interpreter\linkResolver.cpp, line 804]
Event: 4.226 Thread 0x000002bd1eb95720 Exception <a 'java/lang/NoSuchMethodError'{0x0000000702b830b8}: 'void java.lang.invoke.DirectMethodHandle$Holder.invokeSpecial(java.lang.Object, java.lang.Object, java.lang.Object)'> (0x0000000702b830b8) 
thrown [s\src\hotspot\share\interpreter\linkResolver.cpp, line 804]
Event: 4.993 Thread 0x000002bd1eb95720 Exception <a 'java/lang/NoSuchMethodError'{0x0000000702b406c8}: 'java.lang.Object java.lang.invoke.DirectMethodHandle$Holder.invokeInterface(java.lang.Object, java.lang.Object)'> (0x0000000702b406c8) 
thrown [s\src\hotspot\share\interpreter\linkResolver.cpp, line 804]
Event: 5.052 Thread 0x000002bd1eb95720 Exception <a 'java/lang/NoSuchMethodError'{0x0000000702a07180}: 'int java.lang.invoke.DirectMethodHandle$Holder.invokeStatic(java.lang.Object, java.lang.Object, java.lang.Object, java.lang.Object)'> (0x0000000702a07180) 
thrown [s\src\hotspot\share\interpreter\linkResolver.cpp, line 804]
Event: 5.074 Thread 0x000002bd1eb95720 Exception <a 'java/lang/NoSuchMethodError'{0x0000000702a30f18}: 'int java.lang.invoke.DirectMethodHandle$Holder.invokeSpecialIFC(java.lang.Object, java.lang.Object, java.lang.Object, java.lang.Object, java.lang.Object)'> (0x0000000702a30f18) 
thrown [s\src\hotspot\share\interpreter\linkResolver.cpp, line 804]
Event: 5.563 Thread 0x000002bd1eb95720 Exception <a 'java/lang/NoSuchMethodError'{0x0000000702b7f248}: 'java.lang.Object java.lang.invoke.DirectMethodHandle$Holder.newInvokeSpecial(java.lang.Object, java.lang.Object, java.lang.Object, java.lang.Object, java.lang.Object)'> (0x0000000702b7f248) 
thrown [s\src\hotspot\share\interpreter\linkResolver.cpp, line 804]
Event: 5.754 Thread 0x000002bd1eb95720 Exception <a 'java/lang/NoSuchMethodError'{0x0000000702a9a008}: 'int java.lang.invoke.DirectMethodHandle$Holder.invokeStaticInit(java.lang.Object, java.lang.Object)'> (0x0000000702a9a008) 
thrown [s\src\hotspot\share\interpreter\linkResolver.cpp, line 804]
Event: 5.764 Thread 0x000002bd1eb95720 Exception <a 'java/lang/NoClassDefFoundError'{0x0000000702ad4dd8}: javax/enterprise/inject/Typed> (0x0000000702ad4dd8) 
thrown [s\src\hotspot\share\classfile\systemDictionary.cpp, line 318]
Event: 15.853 Thread 0x000002bd1eb95720 Exception <a 'java/lang/NoSuchMethodError'{0x00000007fffa6080}: 'void java.lang.invoke.DirectMethodHandle$Holder.invokeStaticInit(java.lang.Object, java.lang.Object, java.lang.Object)'> (0x00000007fffa6080) 
thrown [s\src\hotspot\share\interpreter\linkResolver.cpp, line 804]
Event: 15.956 Thread 0x000002bd1eb95720 Implicit null exception at 0x000002bd31acb79d to 0x000002bd31acb92c
Event: 15.961 Thread 0x000002bd1eb95720 Exception <a 'java/lang/NoSuchMethodError'{0x0000000702a2d320}: 'java.lang.Object java.lang.invoke.Invokers$Holder.invokeExact_MT(java.lang.Object, int, java.lang.Object)'> (0x0000000702a2d320) 
thrown [s\src\hotspot\share\interpreter\linkResolver.cpp, line 804]
Event: 16.717 Thread 0x000002bd1eb95720 Exception <a 'java/lang/NoSuchMethodError'{0x0000000702a360d0}: 'void java.lang.invoke.Invokers$Holder.invokeExact_MT(java.lang.Object, java.lang.Object, java.lang.Object, java.lang.Object)'> (0x0000000702a360d0) 
thrown [s\src\hotspot\share\interpreter\linkResolver.cpp, line 804]
Event: 16.737 Thread 0x000002bd1eb95720 Exception <a 'java/lang/NoClassDefFoundError'{0x0000000702ac76c0}: com/google/inject/servlet/ServletModuleTargetVisitor> (0x0000000702ac76c0) 
thrown [s\src\hotspot\share\classfile\systemDictionary.cpp, line 318]

VM Operations (20 events):
Event: 14.947 Executing safepoint VM operation: G1CollectForAllocation (G1 Evacuation Pause)
Event: 14.950 Executing safepoint VM operation: G1CollectForAllocation (G1 Evacuation Pause) done
Event: 15.583 Executing safepoint VM operation: G1CollectForAllocation (G1 Evacuation Pause)
Event: 15.586 Executing safepoint VM operation: G1CollectForAllocation (G1 Evacuation Pause) done
Event: 15.804 Executing safepoint VM operation: G1CollectForAllocation (G1 Evacuation Pause)
Event: 15.806 Executing safepoint VM operation: G1CollectForAllocation (G1 Evacuation Pause) done
Event: 15.861 Executing non-safepoint VM operation: HandshakeAllThreads (Deoptimize)
Event: 15.861 Executing non-safepoint VM operation: HandshakeAllThreads (Deoptimize) done
Event: 16.223 Executing non-safepoint VM operation: HandshakeAllThreads (Deoptimize)
Event: 16.223 Executing non-safepoint VM operation: HandshakeAllThreads (Deoptimize) done
Event: 16.224 Executing non-safepoint VM operation: HandshakeAllThreads (Deoptimize)
Event: 16.224 Executing non-safepoint VM operation: HandshakeAllThreads (Deoptimize) done
Event: 16.240 Executing safepoint VM operation: G1CollectForAllocation (G1 Evacuation Pause)
Event: 16.252 Executing safepoint VM operation: G1CollectForAllocation (G1 Evacuation Pause) done
Event: 16.324 Executing non-safepoint VM operation: HandshakeAllThreads (Deoptimize)
Event: 16.324 Executing non-safepoint VM operation: HandshakeAllThreads (Deoptimize) done
Event: 16.617 Executing safepoint VM operation: G1CollectForAllocation (G1 Evacuation Pause)
Event: 16.620 Executing safepoint VM operation: G1CollectForAllocation (G1 Evacuation Pause) done
Event: 16.710 Executing non-safepoint VM operation: HandshakeAllThreads (Deoptimize)
Event: 16.710 Executing non-safepoint VM operation: HandshakeAllThreads (Deoptimize) done

Memory protections (0 events):
No events

Nmethod flushes (0 events):
No events

Events (20 events):
Event: 0.413 Thread 0x000002bd1eb95720 Thread added: 0x000002bd41412820
Event: 0.413 Thread 0x000002bd1eb95720 Thread added: 0x000002bd41415ca0
Event: 0.413 Thread 0x000002bd1eb95720 Thread added: 0x000002bd414183d0
Event: 0.413 Thread 0x000002bd1eb95720 Thread added: 0x000002bd41418f80
Event: 0.413 Thread 0x000002bd1eb95720 Thread added: 0x000002bd4141ab40
Event: 0.413 Thread 0x000002bd1eb95720 Thread added: 0x000002bd4141f300
Event: 0.413 Thread 0x000002bd1eb95720 Thread added: 0x000002bd41424200
Event: 0.419 Thread 0x000002bd1eb95720 Thread added: 0x000002bd4142f5c0
Event: 0.434 Thread 0x000002bd1eb95720 Thread added: 0x000002bd41940690
Event: 0.436 Thread 0x000002bd1eb95720 Thread added: 0x000002bd41940e40
Event: 0.600 Thread 0x000002bd41424200 Thread added: 0x000002bd41a6f120
Event: 0.735 Thread 0x000002bd41a6f120 Thread exited: 0x000002bd41a6f120
Event: 0.789 Thread 0x000002bd1eb95720 Thread added: 0x000002bd460220a0
Event: 2.853 Thread 0x000002bd4142f5c0 Thread added: 0x000002bd41cdd6f0
Event: 3.266 Thread 0x000002bd41cdd6f0 Thread exited: 0x000002bd41cdd6f0
Event: 5.846 Thread 0x000002bd4142f5c0 Thread added: 0x000002bd41a99c10
Event: 6.178 Thread 0x000002bd4142f5c0 Thread added: 0x000002bd46272ce0
Event: 7.200 Thread 0x000002bd46272ce0 Thread exited: 0x000002bd46272ce0
Event: 7.200 Thread 0x000002bd41a99c10 Thread exited: 0x000002bd41a99c10
Event: 14.226 Thread 0x000002bd460220a0 Thread exited: 0x000002bd460220a0


Dynamic libraries:
0x00007ff623720000 - 0x00007ff62372e000 	C:\Program Files\Apache NetBeans\jdk\bin\java.exe
0x00007ff832b60000 - 0x00007ff832dc6000 	C:\WINDOWS\SYSTEM32\ntdll.dll
0x00007ff831820000 - 0x00007ff8318e9000 	C:\WINDOWS\System32\KERNEL32.DLL
0x00007ff82fd80000 - 0x00007ff83017e000 	C:\WINDOWS\System32\KERNELBASE.dll
0x00007ff82cc20000 - 0x00007ff82ccc0000 	C:\WINDOWS\SYSTEM32\apphelp.dll
0x00007ff830670000 - 0x00007ff8307bc000 	C:\WINDOWS\System32\ucrtbase.dll
0x00007ff805820000 - 0x00007ff805837000 	C:\Program Files\Apache NetBeans\jdk\bin\jli.dll
0x00007ff8315a0000 - 0x00007ff831767000 	C:\WINDOWS\System32\USER32.dll
0x00007ff830440000 - 0x00007ff830467000 	C:\WINDOWS\System32\win32u.dll
0x00007ff8312b0000 - 0x00007ff8312db000 	C:\WINDOWS\System32\GDI32.dll
0x00007ff830190000 - 0x00007ff8302ba000 	C:\WINDOWS\System32\gdi32full.dll
0x00007ff830470000 - 0x00007ff830513000 	C:\WINDOWS\System32\msvcp_win.dll
0x00007ff806240000 - 0x00007ff80625e000 	C:\Program Files\Apache NetBeans\jdk\bin\VCRUNTIME140.dll
0x00007ff815670000 - 0x00007ff815902000 	C:\WINDOWS\WinSxS\amd64_microsoft.windows.common-controls_6595b64144ccf1df_6.0.26100.8875_none_3e0d5d42e32fe9dd\COMCTL32.dll
0x00007ff831770000 - 0x00007ff831819000 	C:\WINDOWS\System32\msvcrt.dll
0x00007ff8323e0000 - 0x00007ff832412000 	C:\WINDOWS\System32\IMM32.DLL
0x000000005b940000 - 0x000000005b94d000 	C:\Program Files (x86)\360\Total Security\safemon\SafeWrapper.dll
0x00007ff832960000 - 0x00007ff832a17000 	C:\WINDOWS\System32\ADVAPI32.dll
0x00007ff830890000 - 0x00007ff83093a000 	C:\WINDOWS\System32\sechost.dll
0x00007ff830b50000 - 0x00007ff830c68000 	C:\WINDOWS\System32\RPCRT4.dll
0x00007ff8296f0000 - 0x00007ff8297f5000 	C:\Program Files (x86)\360\Total Security\safemon\libzdtp64.dll
0x00007ff831aa0000 - 0x00007ff832232000 	C:\WINDOWS\System32\SHELL32.dll
0x00007ff8319f0000 - 0x00007ff831a57000 	C:\WINDOWS\System32\SHLWAPI.dll
0x00007ff82f7c0000 - 0x00007ff82f7cb000 	C:\WINDOWS\SYSTEM32\VERSION.dll
0x00007ff82ae80000 - 0x00007ff82ae8c000 	C:\Program Files\Apache NetBeans\jdk\bin\vcruntime140_1.dll
0x00007fffb1950000 - 0x00007fffb19dd000 	C:\Program Files\Apache NetBeans\jdk\bin\msvcp140.dll
0x00007fff8c260000 - 0x00007fff8d1f9000 	C:\Program Files\Apache NetBeans\jdk\bin\server\jvm.dll
0x00007ff832440000 - 0x00007ff8324c0000 	C:\WINDOWS\System32\WS2_32.dll
0x00007ff82fbe0000 - 0x00007ff82fc3e000 	C:\WINDOWS\SYSTEM32\POWRPROF.dll
0x00007ff821b50000 - 0x00007ff821b86000 	C:\WINDOWS\SYSTEM32\WINMM.dll
0x00007ff82fbc0000 - 0x00007ff82fbd4000 	C:\WINDOWS\SYSTEM32\UMPDC.dll
0x00007ff82e9e0000 - 0x00007ff82e9fb000 	C:\WINDOWS\SYSTEM32\kernel.appcore.dll
0x00007ff8186a0000 - 0x00007ff8186aa000 	C:\Program Files\Apache NetBeans\jdk\bin\jimage.dll
0x00007ff81fc20000 - 0x00007ff81fe62000 	C:\WINDOWS\SYSTEM32\DBGHELP.DLL
0x00007ff830f20000 - 0x00007ff8312a3000 	C:\WINDOWS\System32\combase.dll
0x00007ff8314c0000 - 0x00007ff831599000 	C:\WINDOWS\System32\OLEAUT32.dll
0x00007ff816360000 - 0x00007ff81639b000 	C:\WINDOWS\SYSTEM32\dbgcore.DLL
0x00007ff8307d0000 - 0x00007ff83087c000 	C:\WINDOWS\System32\bcryptPrimitives.dll
0x00007ff805a80000 - 0x00007ff805a9e000 	C:\Program Files\Apache NetBeans\jdk\bin\java.dll
0x00007ff832240000 - 0x00007ff8323d9000 	C:\WINDOWS\System32\ole32.dll
0x00007ff82d7e0000 - 0x00007ff82e072000 	C:\WINDOWS\SYSTEM32\windows.storage.dll
0x00007ff8318f0000 - 0x00007ff8319e7000 	C:\WINDOWS\System32\SHCORE.dll
0x00007ff82fca0000 - 0x00007ff82fcc9000 	C:\WINDOWS\SYSTEM32\profapi.dll
0x00007ff800060000 - 0x00007ff800071000 	C:\Program Files\Apache NetBeans\jdk\bin\net.dll
0x00007ff82ef90000 - 0x00007ff82effc000 	C:\WINDOWS\system32\mswsock.dll
0x00007ffffa340000 - 0x00007ffffa356000 	C:\Program Files\Apache NetBeans\jdk\bin\nio.dll
0x00007ff8016f0000 - 0x00007ff801707000 	C:\Program Files\Apache NetBeans\jdk\bin\zip.dll
0x00007ffff5920000 - 0x00007ffff5944000 	C:\Program Files\Apache NetBeans\java\maven\lib\jansi-native\Windows\x86_64\jansi.dll
0x00007ff814b00000 - 0x00007ff814b10000 	C:\Program Files\Apache NetBeans\jdk\bin\verify.dll

JVMTI agents: none

dbghelp: loaded successfully - version: 4.0.5 - missing functions: none
symbol engine: initialized successfully - sym options: 0x614 - pdb path: .;C:\Program Files\Apache NetBeans\jdk\bin;C:\WINDOWS\SYSTEM32;C:\WINDOWS\WinSxS\amd64_microsoft.windows.common-controls_6595b64144ccf1df_6.0.26100.8875_none_3e0d5d42e32fe9dd;C:\Program Files (x86)\360\Total Security\safemon;C:\Program Files\Apache NetBeans\jdk\bin\server;C:\Program Files\Apache NetBeans\java\maven\lib\jansi-native\Windows\x86_64

VM Arguments:
jvm_args: --enable-native-access=ALL-UNNAMED -Dclassworlds.conf=C:\Program Files\Apache NetBeans\java\maven\bin\m2.conf -Dmaven.home=C:\Program Files\Apache NetBeans\java\maven -Dlibrary.jansi.path=C:\Program Files\Apache NetBeans\java\maven\lib\jansi-native -Dmaven.multiModuleProjectDirectory=C:\Users\DVDSTORE\Desktop\LeetCode\ArrayList\ArrayList 
java_command: org.codehaus.plexus.classworlds.launcher.Launcher -Dexec.vmArgs= -Dexec.args=${exec.vmArgs} -classpath %classpath ${exec.mainClass} ${exec.appArgs} -Dexec.appArgs= -Dexec.mainClass=com.mycompany.arraylist.Driver -Dexec.executable=C:\Program Files\Apache NetBeans\jdk\bin\java.exe -Dmaven.ext.class.path=C:\Program Files\Apache NetBeans\java\maven-nblib\netbeans-eventspy.jar --no-transfer-progress process-classes org.codehaus.mojo:exec-maven-plugin:3.5.1:exec
java_class_path (initial): C:\Program Files\Apache NetBeans\java\maven\boot\plexus-classworlds-2.9.0.jar
Launcher Type: SUN_STANDARD

[Global flags]
     bool AOTAdapterCaching                        = false                                  {diagnostic} {ergonomic}
     bool AOTInvokeDynamicLinking                  = false                                  {diagnostic} {ergonomic}
     bool AOTRecordTraining                        = false                                  {diagnostic} {ergonomic}
     bool AOTReplayTraining                        = false                                  {diagnostic} {ergonomic}
     bool AOTStubCaching                           = false                                  {diagnostic} {ergonomic}
     intx CICompilerCount                          = 4                                         {product} {ergonomic}
     uint ConcGCThreads                            = 3                                         {product} {ergonomic}
     uint G1ConcRefinementThreads                  = 10                                        {product} {ergonomic}
     uint G1EagerReclaimRemSetThreshold            = 16                                   {experimental} {ergonomic}
   size_t G1HeapRegionSize                         = 2097152                                   {product} {ergonomic}
     uint G1RemSetArrayOfCardsEntries              = 16                                   {experimental} {ergonomic}
     uint G1RemSetHowlMaxNumBuckets                = 8                                    {experimental} {ergonomic}
     uint G1RemSetHowlNumBuckets                   = 8                                    {experimental} {ergonomic}
   size_t InitialHeapSize                          = 8388608                                   {product} {ergonomic}
     bool IntelJccErratumMitigation                = false                             {ARCH diagnostic} {ergonomic}
   size_t MarkStackSize                            = 4194304                                   {product} {ergonomic}
   size_t MarkStackSizeMax                         = 536870912                                 {product} {ergonomic}
   size_t MaxHeapSize                              = 4257218560                                {product} {ergonomic}
   size_t MaxNewSize                               = 2554331136                                {product} {ergonomic}
 uint64_t MaxRAM                                   = 17026142208                               {product} {ergonomic}
   size_t MinHeapDeltaBytes                        = 2097152                                   {product} {ergonomic}
   size_t MinHeapSize                              = 8388608                                   {product} {ergonomic}
   size_t NonNMethodCodeHeapSize                   = 5898240                                {pd product} {ergonomic}
   size_t NonProfiledCodeHeapSize                  = 122945536                              {pd product} {ergonomic}
   size_t ProfiledCodeHeapSize                     = 122945536                              {pd product} {ergonomic}
   size_t ReservedCodeCacheSize                    = 251789312                              {pd product} {ergonomic}
     bool SegmentedCodeCache                       = true                                      {product} {ergonomic}
   size_t SoftMaxHeapSize                          = 4257218560                             {manageable} {ergonomic}
     bool UseCompressedOops                        = true                           {product lp64_product} {ergonomic}
     bool UseCondCardMark                          = true                                      {product} {ergonomic}
     bool UseFastUnorderedTimeStamps               = true                                 {experimental} {ergonomic}
     bool UseG1GC                                  = true                                      {product} {ergonomic}
     bool UseLargePagesIndividualAllocation        = false                                  {pd product} {ergonomic}
      int X86ICacheSync                            = 3                                 {ARCH diagnostic} {ergonomic}

Logging:
Log output configuration:
 #0: stdout all=warning uptime,level,tags foldmultilines=false
 #1: stderr all=off uptime,level,tags foldmultilines=false

Release file:
IMPLEMENTOR="Eclipse Adoptium" 
IMPLEMENTOR_VERSION="Temurin-26.0.1+8" 
JAVA_RUNTIME_VERSION="26.0.1+8" 
JAVA_VERSION="26.0.1" 
JAVA_VERSION_DATE="2026-04-21" 
LIBC="default" 
MODULES="java.base java.compiler java.datatransfer java.xml java.prefs java.desktop java.instrument java.logging java.management java.security.sasl java.naming java.rmi java.management.rmi java.net.http java.scripting java.security.jgss java.transaction.xa java.sql java.sql.rowset java.xml.crypto java.se java.smartcardio jdk.accessibility jdk.internal.jvmstat jdk.attach jdk.charsets jdk.internal.opt jdk.zipfs jdk.compiler jdk.crypto.cryptoki jdk.crypto.ec jdk.crypto.mscapi jdk.dynalink jdk.internal.ed jdk.editpad jdk.internal.vm.ci jdk.graal.compiler jdk.graal.compiler.management jdk.hotspot.agent jdk.httpserver jdk.incubator.vector jdk.internal.le jdk.internal.md jdk.jartool jdk.javadoc jdk.jcmd jdk.management jdk.management.agent jdk.jconsole jdk.jdeps jdk.jdwp.agent jdk.jdi jdk.jfr jdk.jlink jdk.jpackage jdk.jshell jdk.jstatd jdk.localedata jdk.management.jfr jdk.naming.dns jdk.naming.rmi jdk.net jdk.nio.mapmode jdk.sctp jdk.security.auth jdk.security.jgss jdk.unsupported jdk.unsupported.desktop jdk.xml.dom" 
OS_ARCH="x86_64" 
OS_NAME="Windows" 
SOURCE=".:git:1cafccec39fb" 
BUILD_SOURCE="git:a612825ee82a20ac872d60958c349854c1f29a8e"
BUILD_SOURCE_REPO="https://github.com/adoptium/temurin-build.git"
SOURCE_REPO="https://github.com/adoptium/jdk26u.git"
FULL_VERSION="26.0.1+8"
SEMANTIC_VERSION="26.0.1+8"
BUILD_INFO="OS: Windows Server 2022 Version: 10.0"
JVM_VARIANT="Hotspot"
JVM_VERSION="26.0.1+8"
IMAGE_TYPE="JDK"

Environment Variables:
JAVA_HOME=C:\Program Files\Apache NetBeans\jdk
PATH=C:\Program Files (x86)\Common Files\Oracle\Java\javapath;C:\WINDOWS\system32;C:\WINDOWS;C:\WINDOWS\System32\Wbem;C:\WINDOWS\System32\WindowsPowerShell\v1.0\;C:\WINDOWS\System32\OpenSSH\;C:\Program Files (x86)\NVIDIA Corporation\PhysX\Common;C:\Program Files\NVIDIA Corporation\NVIDIA NvDLISR;C:\Program Files\dotnet\;C:\Program Files\Git\cmd;C:\Users\DVDSTORE\AppData\Local\Microsoft\WindowsApps;C:\Users\DVDSTORE\AppData\Local\Programs\Microsoft VS Code\bin;;C:\Program Files\Apache NetBeans\bin\
USERNAME=DVDSTORE
OS=Windows_NT
PROCESSOR_IDENTIFIER=Intel64 Family 6 Model 151 Stepping 5, GenuineIntel
TMP=C:\Users\DVDSTORE\AppData\Local\Temp
TEMP=C:\Users\DVDSTORE\AppData\Local\Temp




Compilation memory statistics disabled.

Periodic native trim disabled

---------------  S Y S T E M  ---------------

OS:
 Windows 11 , 64 bit Build 26100 (10.0.26100.8875)
OS uptime: 3 days 17:10 hours

CPU: total 12 (initial active 12) (6 cores per cpu, 2 threads per core) family 6 model 151 stepping 5 microcode 0x2d, cx8, cmov, fxsr, ht, mmx, 3dnowpref, sse, sse2, sse3, ssse3, sse4.1, sse4.2, popcnt, lzcnt, tsc, tscinvbit, avx, avx2, aes, erms, clmul, bmi1, bmi2, adx, sha, fma, vzeroupper, clflush, clflushopt, clwb, serialize, rdtscp, rdpid, fsrm, gfni, f16c, pku, cet_ibt, cet_ss
Processor Information for the first 12 processors :
  Max Mhz: 2500, Current Mhz: 2500, Mhz Limit: 2500

Memory: 4k page, system-wide physical 16237M (1417M free)
TotalPageFile size 28525M (AvailPageFile size 130M)
current process WorkingSet (physical memory assigned to process): 87M, peak: 88M
current process commit charge ("private bytes"): 129M, peak: 133M

vm_info: OpenJDK 64-Bit Server VM (26.0.1+8) for windows-amd64 JRE (26.0.1+8), built on 2026-04-21T00:00:00Z with MS VC++ 17.12 (VS2022)

END.
