#
# There is insufficient memory for the Java Runtime Environment to continue.
# Native memory allocation (malloc) failed to allocate 1109784 bytes. Error detail: Chunk::new
# Possible reasons:
#   The system is out of physical RAM or swap space
#   This process is running with CompressedOops enabled, and the Java Heap may be blocking the growth of the native heap
# Possible solutions:
#   Reduce memory load on the system
#   Increase physical memory or swap space
#   Check if swap backing store is full
#   Decrease Java heap size (-Xmx/-Xms)
#   Decrease number of Java threads
#   Decrease Java thread stack sizes (-Xss)
#   Set larger code cache with -XX:ReservedCodeCacheSize=
#   JVM is running with Zero Based Compressed Oops mode in which the Java heap is
#     placed in the first 32GB address space. The Java Heap base address is the
#     maximum limit for the native heap growth. Please use -XX:HeapBaseMinAddress
#     to set the Java Heap base and to place the Java Heap above 32GB virtual address.
# This output file may be truncated or incomplete.
#
#  Out of Memory Error (arena.cpp:193), pid=56268, tid=52560
#
# JRE version: OpenJDK Runtime Environment Temurin-26.0.1+8 (26.0.1+8) (build 26.0.1+8)
# Java VM: OpenJDK 64-Bit Server VM Temurin-26.0.1+8 (26.0.1+8, mixed mode, sharing, tiered, compressed oops, compressed class ptrs, g1 gc, windows-amd64)
# No core dump will be written. Minidumps are not enabled by default on client versions of Windows
#

---------------  S U M M A R Y ------------

Command Line: --enable-native-access=ALL-UNNAMED -Dclassworlds.conf=C:\Program Files\Apache NetBeans\java\maven\bin\m2.conf -Dmaven.home=C:\Program Files\Apache NetBeans\java\maven -Dlibrary.jansi.path=C:\Program Files\Apache NetBeans\java\maven\lib\jansi-native -Dmaven.multiModuleProjectDirectory=C:\Users\DVDSTORE\Desktop\LeetCode\ArrayList\ArrayList org.codehaus.plexus.classworlds.launcher.Launcher -Dexec.vmArgs= -Dexec.args=${exec.vmArgs} -classpath %classpath ${exec.mainClass} ${exec.appArgs} -Dexec.appArgs= -Dexec.mainClass=com.mycompany.arraylist.Driver -Dexec.executable=C:\Program Files\Apache NetBeans\jdk\bin\java.exe -Dmaven.ext.class.path=C:\Program Files\Apache NetBeans\java\maven-nblib\netbeans-eventspy.jar --no-transfer-progress process-classes org.codehaus.mojo:exec-maven-plugin:3.5.1:exec

Host: 12th Gen Intel(R) Core(TM) i5-12400F, 12 cores, 15G,  Windows 11 , 64 bit Build 26100 (10.0.26100.8875)
Time: Wed Aug 19 09:14:36 2026 Egypt Daylight Time elapsed time: 2.781676 seconds (0d 0h 0m 2s)

---------------  T H R E A D  ---------------

Current thread (0x00000230420c59b0):  JavaThread "C2 CompilerThread0" daemon [_thread_in_native, id=52560, stack(0x000000d7e0a00000,0x000000d7e0b00000) (1024K)]


Current CompileTask:
C2:2781  175 %     4       java.lang.StringCoding::countPositives @ 7 (33 bytes)

Stack: [0x000000d7e0a00000,0x000000d7e0b00000]
Native frames: (J=compiled Java code, j=interpreted, Vv=VM code, C=native code)
V  [jvm.dll+0x7db749]  (no source info available)
V  [jvm.dll+0x7a82bd]  (no source info available)
V  [jvm.dll+0xa44a60]  (no source info available)
V  [jvm.dll+0xa46eb1]  (no source info available)
V  [jvm.dll+0xa475c3]  (no source info available)
V  [jvm.dll+0x311a96]  (no source info available)
V  [jvm.dll+0x120316]  (no source info available)
V  [jvm.dll+0x12063e]  (no source info available)
V  [jvm.dll+0x1b2836]  (no source info available)
V  [jvm.dll+0x3ce802]  (no source info available)
V  [jvm.dll+0x7e430f]  (no source info available)
V  [jvm.dll+0x2d4597]  (no source info available)
V  [jvm.dll+0x2d350f]  (no source info available)
V  [jvm.dll+0x249670]  (no source info available)
V  [jvm.dll+0x2e363c]  (no source info available)
V  [jvm.dll+0x2e181d]  (no source info available)
V  [jvm.dll+0x4a82ae]  (no source info available)
V  [jvm.dll+0x9e3039]  (no source info available)
V  [jvm.dll+0x7dd228]  (no source info available)
C  [ucrtbase.dll+0x2cd30]  (no source info available)
C  [KERNEL32.DLL+0x2e957]  (no source info available)
C  [ntdll.dll+0xaad6c]  (no source info available)

Lock stack of current Java thread (top to bottom):


---------------  P R O C E S S  ---------------

Threads class SMR info:
_java_thread_list=0x0000023042b76460, length=13, elements={
0x000002301fad8ba0, 0x00000230420b3970, 0x00000230420b43c0, 0x00000230420b77b0,
0x00000230420b8360, 0x00000230420bcaa0, 0x00000230420c2250, 0x00000230420c59b0,
0x00000230420ccd40, 0x00000230420c4960, 0x00000230420c12b0, 0x00000230420c2a20,
0x0000023042ba1a30
}

Java Threads: ( => current thread )
  0x000002301fad8ba0 JavaThread "main"                              [_thread_in_Java, id=55676, stack(0x000000d7dfb00000,0x000000d7dfc00000) (1024K)]
  0x00000230420b3970 JavaThread "Reference Handler"          daemon [_thread_blocked, id=52940, stack(0x000000d7e0400000,0x000000d7e0500000) (1024K)]
  0x00000230420b43c0 JavaThread "Finalizer"                  daemon [_thread_blocked, id=53420, stack(0x000000d7e0500000,0x000000d7e0600000) (1024K)]
  0x00000230420b77b0 JavaThread "Signal Dispatcher"          daemon [_thread_blocked, id=43496, stack(0x000000d7e0600000,0x000000d7e0700000) (1024K)]
  0x00000230420b8360 JavaThread "Attach Listener"            daemon [_thread_blocked, id=53416, stack(0x000000d7e0700000,0x000000d7e0800000) (1024K)]
  0x00000230420bcaa0 JavaThread "Service Thread"             daemon [_thread_blocked, id=53252, stack(0x000000d7e0800000,0x000000d7e0900000) (1024K)]
  0x00000230420c2250 JavaThread "Monitor Deflation Thread"   daemon [_thread_blocked, id=52548, stack(0x000000d7e0900000,0x000000d7e0a00000) (1024K)]
=>0x00000230420c59b0 JavaThread "C2 CompilerThread0"         daemon [_thread_in_native, id=52560, stack(0x000000d7e0a00000,0x000000d7e0b00000) (1024K)]
  0x00000230420ccd40 JavaThread "C1 CompilerThread0"         daemon [_thread_in_native, id=54756, stack(0x000000d7e0b00000,0x000000d7e0c00000) (1024K)]
  0x00000230420c4960 JavaThread "Notification Thread"        daemon [_thread_blocked, id=46636, stack(0x000000d7e0c00000,0x000000d7e0d00000) (1024K)]
  0x00000230420c12b0 JavaThread "Common-Cleaner"             daemon [_thread_blocked, id=50372, stack(0x000000d7e0d00000,0x000000d7e0e00000) (1024K)]
  0x00000230420c2a20 JavaThread "cleanup"                    daemon [_thread_in_Java, id=29800, stack(0x000000d7e0e00000,0x000000d7e0f00000) (1024K)]
  0x0000023042ba1a30 JavaThread "C2 CompilerThread1"         daemon [_thread_blocked, id=27108, stack(0x000000d7e0f00000,0x000000d7e1000000) (1024K)]
Total: 13

Other Threads:
  0x000002304209dc70 VMThread "VM Thread"                           [id=56568, stack(0x000000d7e0300000,0x000000d7e0400000) (1024K)]
  0x000002304208b5d0 WatcherThread "VM Periodic Task Thread"        [id=44260, stack(0x000000d7e0200000,0x000000d7e0300000) (1024K)]
  0x0000023021ea1060 WorkerThread "GC Thread#0"                     [id=57288, stack(0x000000d7dfc00000,0x000000d7dfd00000) (1024K)]
  0x0000023042b9d710 WorkerThread "GC Thread#1"                     [id=46136, stack(0x000000d7e1000000,0x000000d7e1100000) (1024K)]
  0x0000023021eb9dc0 ConcurrentGCThread "G1 Main Marker"            [id=57800, stack(0x000000d7dfd00000,0x000000d7dfe00000) (1024K)]
  0x0000023021ebb150 WorkerThread "G1 Conc#0"                       [id=58244, stack(0x000000d7dfe00000,0x000000d7dff00000) (1024K)]
  0x0000023041f57590 WorkerThread "G1 Refinement Workers#0"         [id=58420, stack(0x000000d7e0000000,0x000000d7e0100000) (1024K)]
  0x0000023041f54d10 ConcurrentGCThread "G1 Refine Control"         [id=58396, stack(0x000000d7dff00000,0x000000d7e0000000) (1024K)]
  0x0000023041f58ec0 ConcurrentGCThread "G1 Service"                [id=58424, stack(0x000000d7e0100000,0x000000d7e0200000) (1024K)]
Total: 9

Threads with active compile tasks:
C2 CompilerThread0  3809  175 %     4       java.lang.StringCoding::countPositives @ 7 (33 bytes)
C1 CompilerThread0  3810  420   !   3       java.util.WeakHashMap::expungeStaleEntries (139 bytes)
Total: 2

VM state: not at safepoint (normal execution)

VM Mutex/Monitor currently owned by a thread: None

Heap address: 0x0000000702400000, size: 4060 MB, Compressed Oops mode: Zero based, Oop shift amount: 3

CDS archive(s) mapped at: [0x0000000014000000-0x0000000014de0000-0x0000000014de0000), size 14548992, SharedBaseAddress: 0x0000000014000000, ArchiveRelocationMode: 1.
Compressed class space mapped at: 0x0000000015000000-0x0000000055000000, reserved size: 1073741824
UseCompressedClassPointers 1, UseCompactObjectHeaders 0
Narrow klass pointer bits 32, Max shift 3
Narrow klass base: 0x0000000014000000, Narrow klass shift: 0
Encoding Range: [0x0000000014000000 - 0x0000000114000000), (4294967296 bytes)
Klass Range:    [0x0000000014000000 - 0x0000000055000000), (1090519040 bytes)
Klass ID Range:  [8 - 1090519033) (1090519025)
Protection zone: [0x0000000014000000 - 0x0000000014010000), (65536 bytes)

GC Precious Log:
 CardTable entry size: 512
 Card Set container configuration: InlinePtr #cards 4 size 8 Array Of Cards #cards 16 size 48 Howl #buckets 8 coarsen threshold 3686 Howl Bitmap #cards 512 size 80 coarsen threshold 460 Card regions per heap region 1 cards per card region 4096
 CPUs: 12 total, 12 available
 Memory: 16237M
 Large Page Support: Disabled
 NUMA Support: Disabled
 Compressed Oops: Enabled (Zero based)
 Heap Region Size: 2M
 Heap Min Capacity: 8M
 Heap Initial Capacity: 8M
 Heap Max Capacity: 4060M
 Pre-touch: Disabled
 Parallel Workers: 10
 Concurrent Workers: 3
 Concurrent Refinement Workers: 10
 Periodic GC: Disabled

Heap:
 garbage-first heap   total reserved 4157440K, committed 10240K, used 2844K [0x0000000702400000, 0x0000000800000000)
  region size 2M, 1 eden (2M), 1 survivor (2M), 1 old (2M), 0 humongous (0M), 2 free (4M)

Heap Regions: E=young(eden), S=young(survivor), O=old, HS=humongous(starts), HC=humongous(continues), CS=collection set, F=free, TAMS=top-at-mark-start, PB=parsable bottom
|    0|0x0000000702400000, 0x0000000702400000, 0x0000000702600000|  0%| F|  |TAMS 0x0000000702400000| PB 0x0000000702400000| Untracked |  0
|    1|0x0000000702600000, 0x000000070279f800, 0x0000000702800000| 81%| S|CS|TAMS 0x0000000702600000| PB 0x0000000702600000| Complete  |  0
|    2|0x0000000702800000, 0x0000000702800000, 0x0000000702a00000|  0%| F|  |TAMS 0x0000000702800000| PB 0x0000000702800000| Untracked |  0
|    3|0x0000000702a00000, 0x0000000702a329c0, 0x0000000702c00000|  9%| E|CS|TAMS 0x0000000702a00000| PB 0x0000000702a00000| Complete  |  0
| 2029|0x00000007ffe00000, 0x00000007fff27b70, 0x0000000800000000| 57%| O|  |TAMS 0x00000007ffe00000| PB 0x00000007ffe00000| Untracked |  0

Card table byte_map: [0x000002303b280000,0x000002303ba70000] _byte_map_base: 0x0000023037a6e000
Refinement table byte_map: [0x000002303aa90000,0x000002303b280000] _byte_map_base: 0x000002303727e000

Marking Bits: (CMBitMap*) 0x0000023021ea17e0
 Bits: [0x000002303ba70000, 0x000002303f9e0000)

Polling page: 0x000002301fd10000

Metaspace:
Metaspace        used 1226K, committed 1344K, reserved 1114112K
 class space     used 100K, committed 128K, reserved 1048576K

Usage:
  Non-class:      1.10 MB used.
      Class:    100.94 KB used.
       Both:      1.20 MB used.

Virtual space:
  Non-class space:       64.00 MB reserved,       1.19 MB (  2%) committed,  1 nodes.
      Class space:        1.00 GB reserved,     128.00 KB ( <1%) committed,  1 nodes.
             Both:        1.06 GB reserved,       1.31 MB ( <1%) committed. 

Chunk freelists:
   Non-Class:  11.58 MB
       Class:  15.69 MB
        Both:  27.27 MB

MaxMetaspaceSize: unlimited
CompressedClassSpaceSize: 1.00 GB
Initial GC threshold: 21.00 MB
Current GC threshold: 21.00 MB
CDS: on
 - commit_granule_bytes: 65536.
 - commit_granule_words: 8192.
 - virtual_space_node_default_size: 8388608.
 - enlarge_chunks_in_place: 1.
UseCompressedClassPointers 1, UseCompactObjectHeaders 0
Narrow klass pointer bits 32, Max shift 3
Narrow klass base: 0x0000000014000000, Narrow klass shift: 0
Encoding Range: [0x0000000014000000 - 0x0000000114000000), (4294967296 bytes)
Klass Range:    [0x0000000014000000 - 0x0000000055000000), (1090519040 bytes)
Klass ID Range:  [8 - 1090519033) (1090519025)
Protection zone: [0x0000000014000000 - 0x0000000014010000), (65536 bytes)


Internal statistics:

num_allocs_failed_limit: 0.
num_arena_births: 24.
num_arena_deaths: 0.
num_vsnodes_births: 2.
num_vsnodes_deaths: 0.
num_space_committed: 21.
num_space_uncommitted: 0.
num_chunks_returned_to_freelist: 0.
num_chunks_taken_from_freelist: 54.
num_chunk_merges: 0.
num_chunk_splits: 33.
num_chunks_enlarged: 25.
num_inconsistent_stats: 0.

CodeHeap 'non-profiled nmethods': size=120064Kb used=114Kb max_used=114Kb free=119949Kb
 bounds [0x0000023032800000, 0x0000023032a70000, 0x0000023039d40000]
CodeHeap 'profiled nmethods': size=120064Kb used=411Kb max_used=411Kb free=119652Kb
 bounds [0x000002302ad20000, 0x000002302af90000, 0x0000023032260000]
CodeHeap 'non-nmethods': size=5760Kb used=1295Kb max_used=1309Kb free=4464Kb
 bounds [0x0000023032260000, 0x00000230324d0000, 0x0000023032800000]
CodeCache: size=245888Kb, used=1820Kb, max_used=1834Kb, free=244065Kb
 total_blobs=829, nmethods=424, adapters=309, full_count=0
Compilation: enabled, stopped_count=0, restarted_count=0

Compilation events (20 events):
Event: 1.777 Thread 0x00000230420ccd40  177       3       java.lang.StringBuilder::<init> (7 bytes)
Event: 1.777 Thread 0x00000230420ccd40 nmethod 177 0x000002302ad44908 code [0x000002302ad44a00, 0x000002302ad44b30]
Event: 1.777 Thread 0x00000230420ccd40  176       3       java.lang.Math::floorMod (20 bytes)
Event: 1.777 Thread 0x00000230420ccd40 nmethod 176 0x000002302ad44c08 code [0x000002302ad44d00, 0x000002302ad44e88]
Event: 1.777 Thread 0x00000230420c59b0 nmethod 167 0x000002303280c008 code [0x000002303280c100, 0x000002303280c2a0]
Event: 1.777 Thread 0x00000230420c59b0  175 %     4       java.lang.StringCoding::countPositives @ 7 (33 bytes)
Event: 1.779 Thread 0x00000230420ccd40  178       3       java.util.zip.ZipFile$Source::isMetaName (141 bytes)
Event: 1.780 Thread 0x00000230420ccd40 nmethod 178 0x000002302ad44f08 code [0x000002302ad45000, 0x000002302ad45460]
Event: 1.780 Thread 0x00000230420ccd40  179       3       java.util.zip.ZipFile$Source::nextEntryPos (22 bytes)
Event: 1.780 Thread 0x00000230420ccd40 nmethod 179 0x000002302ad45488 code [0x000002302ad45580, 0x000002302ad457d8]
Event: 1.781 Thread 0x00000230420ccd40  180       3       java.util.HashMap::put (13 bytes)
Event: 1.781 Thread 0x00000230420ccd40 nmethod 180 0x000002302ad45808 code [0x000002302ad45900, 0x000002302ad45c68]
Event: 1.781 Thread 0x00000230420ccd40  181       1       java.util.jar.Attributes$Name::hashCode (5 bytes)
Event: 1.781 Thread 0x00000230420ccd40 nmethod 181 0x000002303280c308 code [0x000002303280c400, 0x000002303280c4b8]
Event: 1.781 Thread 0x00000230420ccd40  182       1       java.net.URL::getAuthority (5 bytes)
Event: 1.781 Thread 0x00000230420ccd40 nmethod 182 0x000002303280c608 code [0x000002303280c700, 0x000002303280c7b8]
Event: 1.781 Thread 0x00000230420ccd40  183       1       java.net.URL::getPath (5 bytes)
Event: 1.781 Thread 0x00000230420ccd40 nmethod 183 0x000002303280c908 code [0x000002303280ca00, 0x000002303280cab8]
Event: 1.781 Thread 0x00000230420ccd40  184       1       java.net.URL::getQuery (5 bytes)
Event: 1.781 Thread 0x00000230420ccd40 nmethod 184 0x000002303280cc08 code [0x000002303280cd00, 0x000002303280cdb8]

GC Heap Usage History (0 events):
No events

Metaspace Usage History (0 events):
No events

Dll operation events (8 events):
Event: 0.074 Attempting to load shared library C:\Program Files\Apache NetBeans\jdk\bin\java.dll
Event: 0.075 Loaded shared library C:\Program Files\Apache NetBeans\jdk\bin\java.dll
Event: 0.911 Attempting to load shared library C:\Program Files\Apache NetBeans\jdk\bin\net.dll
Event: 1.439 Loaded shared library C:\Program Files\Apache NetBeans\jdk\bin\net.dll
Event: 1.658 Attempting to load shared library C:\Program Files\Apache NetBeans\jdk\bin\nio.dll
Event: 1.659 Loaded shared library C:\Program Files\Apache NetBeans\jdk\bin\nio.dll
Event: 1.661 Attempting to load shared library C:\Program Files\Apache NetBeans\jdk\bin\zip.dll
Event: 1.662 Loaded shared library C:\Program Files\Apache NetBeans\jdk\bin\zip.dll

Deoptimization events (0 events):
No events

Classes loaded (20 events):
Event: 1.673 Loading class java/io/Reader
Event: 1.673 Loading class java/io/Reader done
Event: 1.673 Loading class java/io/InputStreamReader
Event: 1.673 Loading class java/io/InputStreamReader done
Event: 1.673 Loading class java/io/FileNotFoundException
Event: 1.673 Loading class java/io/FileNotFoundException done
Event: 1.673 Loading class java/io/BufferedReader
Event: 1.673 Loading class java/io/BufferedReader done
Event: 1.673 Loading class sun/nio/cs/StreamDecoder
Event: 1.673 Loading class sun/nio/cs/StreamDecoder done
Event: 1.675 Loading class java/util/TreeSet
Event: 1.675 Loading class java/util/TreeSet done
Event: 1.681 Loading class java/io/FilenameFilter
Event: 1.681 Loading class java/io/FilenameFilter done
Event: 1.757 Loading class java/util/TreeMap$KeySet
Event: 1.757 Loading class java/util/TreeMap$KeySet done
Event: 1.757 Loading class java/util/TreeMap$KeyIterator
Event: 1.758 Loading class java/util/TreeMap$KeyIterator done
Event: 1.758 Loading class jdk/internal/loader/URLClassPath$FileLoader
Event: 1.758 Loading class jdk/internal/loader/URLClassPath$FileLoader done

Classes unloaded (0 events):
No events

Classes redefined (0 events):
No events

Internal exceptions (0 events):
No events

VM Operations (0 events):
No events

Memory protections (0 events):
No events

Nmethod flushes (0 events):
No events

Events (11 events):
Event: 0.772 Thread 0x000002301fad8ba0 Thread added: 0x000002301fad8ba0
Event: 0.900 Thread 0x000002301fad8ba0 Thread added: 0x00000230420b3970
Event: 0.900 Thread 0x000002301fad8ba0 Thread added: 0x00000230420b43c0
Event: 0.900 Thread 0x000002301fad8ba0 Thread added: 0x00000230420b77b0
Event: 0.900 Thread 0x000002301fad8ba0 Thread added: 0x00000230420b8360
Event: 0.900 Thread 0x000002301fad8ba0 Thread added: 0x00000230420bcaa0
Event: 0.901 Thread 0x000002301fad8ba0 Thread added: 0x00000230420c2250
Event: 0.901 Thread 0x000002301fad8ba0 Thread added: 0x00000230420c59b0
Event: 0.901 Thread 0x000002301fad8ba0 Thread added: 0x00000230420ccd40
Event: 0.908 Thread 0x000002301fad8ba0 Thread added: 0x00000230420c4960
Event: 0.909 Thread 0x000002301fad8ba0 Thread added: 0x00000230420c12b0


Dynamic libraries:
0x00007ff623720000 - 0x00007ff62372e000 	C:\Program Files\Apache NetBeans\jdk\bin\java.exe
0x00007ff832b60000 - 0x00007ff832dc6000 	C:\WINDOWS\SYSTEM32\ntdll.dll
0x00007ff831820000 - 0x00007ff8318e9000 	C:\WINDOWS\System32\KERNEL32.DLL
0x00007ff82fd80000 - 0x00007ff83017e000 	C:\WINDOWS\System32\KERNELBASE.dll
0x00007ff82cc20000 - 0x00007ff82ccc0000 	C:\WINDOWS\SYSTEM32\apphelp.dll
0x00007ff830670000 - 0x00007ff8307bc000 	C:\WINDOWS\System32\ucrtbase.dll
0x00007ff805820000 - 0x00007ff805837000 	C:\Program Files\Apache NetBeans\jdk\bin\jli.dll
0x00007ff806240000 - 0x00007ff80625e000 	C:\Program Files\Apache NetBeans\jdk\bin\VCRUNTIME140.dll
0x00007ff8315a0000 - 0x00007ff831767000 	C:\WINDOWS\System32\USER32.dll
0x00007ff830440000 - 0x00007ff830467000 	C:\WINDOWS\System32\win32u.dll
0x00007ff8312b0000 - 0x00007ff8312db000 	C:\WINDOWS\System32\GDI32.dll
0x00007ff830190000 - 0x00007ff8302ba000 	C:\WINDOWS\System32\gdi32full.dll
0x00007ff815670000 - 0x00007ff815902000 	C:\WINDOWS\WinSxS\amd64_microsoft.windows.common-controls_6595b64144ccf1df_6.0.26100.8875_none_3e0d5d42e32fe9dd\COMCTL32.dll
0x00007ff830470000 - 0x00007ff830513000 	C:\WINDOWS\System32\msvcp_win.dll
0x00007ff831770000 - 0x00007ff831819000 	C:\WINDOWS\System32\msvcrt.dll
0x00007ff8323e0000 - 0x00007ff832412000 	C:\WINDOWS\System32\IMM32.DLL
0x000000005b940000 - 0x000000005b94d000 	C:\Program Files (x86)\360\Total Security\safemon\SafeWrapper.dll
0x00007ff832960000 - 0x00007ff832a17000 	C:\WINDOWS\System32\ADVAPI32.dll
0x00007ff830890000 - 0x00007ff83093a000 	C:\WINDOWS\System32\sechost.dll
0x00007ff830b50000 - 0x00007ff830c68000 	C:\WINDOWS\System32\RPCRT4.dll
0x00007ff8296f0000 - 0x00007ff8297f5000 	C:\Program Files (x86)\360\Total Security\safemon\libzdtp64.dll
0x00007ff831aa0000 - 0x00007ff832232000 	C:\WINDOWS\System32\SHELL32.dll
0x00007ff8319f0000 - 0x00007ff831a57000 	C:\WINDOWS\System32\SHLWAPI.dll
0x00007ff82f7c0000 - 0x00007ff82f7cb000 	C:\WINDOWS\SYSTEM32\VERSION.dll
0x00007ff82ae80000 - 0x00007ff82ae8c000 	C:\Program Files\Apache NetBeans\jdk\bin\vcruntime140_1.dll
0x00007fffb1950000 - 0x00007fffb19dd000 	C:\Program Files\Apache NetBeans\jdk\bin\msvcp140.dll
0x00007fff8c260000 - 0x00007fff8d1f9000 	C:\Program Files\Apache NetBeans\jdk\bin\server\jvm.dll
0x00007ff832440000 - 0x00007ff8324c0000 	C:\WINDOWS\System32\WS2_32.dll
0x00007ff82fbe0000 - 0x00007ff82fc3e000 	C:\WINDOWS\SYSTEM32\POWRPROF.dll
0x00007ff821b50000 - 0x00007ff821b86000 	C:\WINDOWS\SYSTEM32\WINMM.dll
0x00007ff82fbc0000 - 0x00007ff82fbd4000 	C:\WINDOWS\SYSTEM32\UMPDC.dll
0x00007ff82e9e0000 - 0x00007ff82e9fb000 	C:\WINDOWS\SYSTEM32\kernel.appcore.dll
0x00007ff8186a0000 - 0x00007ff8186aa000 	C:\Program Files\Apache NetBeans\jdk\bin\jimage.dll
0x00007ff81fc20000 - 0x00007ff81fe62000 	C:\WINDOWS\SYSTEM32\DBGHELP.DLL
0x00007ff830f20000 - 0x00007ff8312a3000 	C:\WINDOWS\System32\combase.dll
0x00007ff8314c0000 - 0x00007ff831599000 	C:\WINDOWS\System32\OLEAUT32.dll
0x00007ff816360000 - 0x00007ff81639b000 	C:\WINDOWS\SYSTEM32\dbgcore.DLL
0x00007ff8307d0000 - 0x00007ff83087c000 	C:\WINDOWS\System32\bcryptPrimitives.dll
0x00007ff805a80000 - 0x00007ff805a9e000 	C:\Program Files\Apache NetBeans\jdk\bin\java.dll
0x00007ff832240000 - 0x00007ff8323d9000 	C:\WINDOWS\System32\ole32.dll
0x00007ff82d7e0000 - 0x00007ff82e072000 	C:\WINDOWS\SYSTEM32\windows.storage.dll
0x00007ff8318f0000 - 0x00007ff8319e7000 	C:\WINDOWS\System32\SHCORE.dll
0x00007ff82fca0000 - 0x00007ff82fcc9000 	C:\WINDOWS\SYSTEM32\profapi.dll
0x00007ff800060000 - 0x00007ff800071000 	C:\Program Files\Apache NetBeans\jdk\bin\net.dll
0x00007ff82ef90000 - 0x00007ff82effc000 	C:\WINDOWS\system32\mswsock.dll
0x00007ffffa340000 - 0x00007ffffa356000 	C:\Program Files\Apache NetBeans\jdk\bin\nio.dll
0x00007ff8016f0000 - 0x00007ff801707000 	C:\Program Files\Apache NetBeans\jdk\bin\zip.dll
0x00007ffff5920000 - 0x00007ffff5944000 	C:\Program Files\Apache NetBeans\java\maven\lib\jansi-native\Windows\x86_64\jansi.dll
0x00007ff814b00000 - 0x00007ff814b10000 	C:\Program Files\Apache NetBeans\jdk\bin\verify.dll

JVMTI agents: none

dbghelp: loaded successfully - version: 4.0.5 - missing functions: none
symbol engine: initialized successfully - sym options: 0x614 - pdb path: .;C:\Program Files\Apache NetBeans\jdk\bin;C:\WINDOWS\SYSTEM32;C:\WINDOWS\WinSxS\amd64_microsoft.windows.common-controls_6595b64144ccf1df_6.0.26100.8875_none_3e0d5d42e32fe9dd;C:\Program Files (x86)\360\Total Security\safemon;C:\Program Files\Apache NetBeans\jdk\bin\server;C:\Program Files\Apache NetBeans\java\maven\lib\jansi-native\Windows\x86_64

VM Arguments:
jvm_args: --enable-native-access=ALL-UNNAMED -Dclassworlds.conf=C:\Program Files\Apache NetBeans\java\maven\bin\m2.conf -Dmaven.home=C:\Program Files\Apache NetBeans\java\maven -Dlibrary.jansi.path=C:\Program Files\Apache NetBeans\java\maven\lib\jansi-native -Dmaven.multiModuleProjectDirectory=C:\Users\DVDSTORE\Desktop\LeetCode\ArrayList\ArrayList 
java_command: org.codehaus.plexus.classworlds.launcher.Launcher -Dexec.vmArgs= -Dexec.args=${exec.vmArgs} -classpath %classpath ${exec.mainClass} ${exec.appArgs} -Dexec.appArgs= -Dexec.mainClass=com.mycompany.arraylist.Driver -Dexec.executable=C:\Program Files\Apache NetBeans\jdk\bin\java.exe -Dmaven.ext.class.path=C:\Program Files\Apache NetBeans\java\maven-nblib\netbeans-eventspy.jar --no-transfer-progress process-classes org.codehaus.mojo:exec-maven-plugin:3.5.1:exec
java_class_path (initial): C:\Program Files\Apache NetBeans\java\maven\boot\plexus-classworlds-2.9.0.jar
Launcher Type: SUN_STANDARD

[Global flags]
     bool AOTAdapterCaching                        = false                                  {diagnostic} {ergonomic}
     bool AOTInvokeDynamicLinking                  = false                                  {diagnostic} {ergonomic}
     bool AOTRecordTraining                        = false                                  {diagnostic} {ergonomic}
     bool AOTReplayTraining                        = false                                  {diagnostic} {ergonomic}
     bool AOTStubCaching                           = false                                  {diagnostic} {ergonomic}
     intx CICompilerCount                          = 4                                         {product} {ergonomic}
     uint ConcGCThreads                            = 3                                         {product} {ergonomic}
     uint G1ConcRefinementThreads                  = 10                                        {product} {ergonomic}
     uint G1EagerReclaimRemSetThreshold            = 16                                   {experimental} {ergonomic}
   size_t G1HeapRegionSize                         = 2097152                                   {product} {ergonomic}
     uint G1RemSetArrayOfCardsEntries              = 16                                   {experimental} {ergonomic}
     uint G1RemSetHowlMaxNumBuckets                = 8                                    {experimental} {ergonomic}
     uint G1RemSetHowlNumBuckets                   = 8                                    {experimental} {ergonomic}
   size_t InitialHeapSize                          = 8388608                                   {product} {ergonomic}
     bool IntelJccErratumMitigation                = false                             {ARCH diagnostic} {ergonomic}
   size_t MarkStackSize                            = 4194304                                   {product} {ergonomic}
   size_t MarkStackSizeMax                         = 536870912                                 {product} {ergonomic}
   size_t MaxHeapSize                              = 4257218560                                {product} {ergonomic}
   size_t MaxNewSize                               = 2554331136                                {product} {ergonomic}
 uint64_t MaxRAM                                   = 17026142208                               {product} {ergonomic}
   size_t MinHeapDeltaBytes                        = 2097152                                   {product} {ergonomic}
   size_t MinHeapSize                              = 8388608                                   {product} {ergonomic}
   size_t NonNMethodCodeHeapSize                   = 5898240                                {pd product} {ergonomic}
   size_t NonProfiledCodeHeapSize                  = 122945536                              {pd product} {ergonomic}
   size_t ProfiledCodeHeapSize                     = 122945536                              {pd product} {ergonomic}
   size_t ReservedCodeCacheSize                    = 251789312                              {pd product} {ergonomic}
     bool SegmentedCodeCache                       = true                                      {product} {ergonomic}
   size_t SoftMaxHeapSize                          = 4257218560                             {manageable} {ergonomic}
     bool UseCompressedOops                        = true                           {product lp64_product} {ergonomic}
     bool UseCondCardMark                          = true                                      {product} {ergonomic}
     bool UseFastUnorderedTimeStamps               = true                                 {experimental} {ergonomic}
     bool UseG1GC                                  = true                                      {product} {ergonomic}
     bool UseLargePagesIndividualAllocation        = false                                  {pd product} {ergonomic}
      int X86ICacheSync                            = 3                                 {ARCH diagnostic} {ergonomic}

Logging:
Log output configuration:
 #0: stdout all=warning uptime,level,tags foldmultilines=false
 #1: stderr all=off uptime,level,tags foldmultilines=false

Release file:
IMPLEMENTOR="Eclipse Adoptium" 
IMPLEMENTOR_VERSION="Temurin-26.0.1+8" 
JAVA_RUNTIME_VERSION="26.0.1+8" 
JAVA_VERSION="26.0.1" 
JAVA_VERSION_DATE="2026-04-21" 
LIBC="default" 
MODULES="java.base java.compiler java.datatransfer java.xml java.prefs java.desktop java.instrument java.logging java.management java.security.sasl java.naming java.rmi java.management.rmi java.net.http java.scripting java.security.jgss java.transaction.xa java.sql java.sql.rowset java.xml.crypto java.se java.smartcardio jdk.accessibility jdk.internal.jvmstat jdk.attach jdk.charsets jdk.internal.opt jdk.zipfs jdk.compiler jdk.crypto.cryptoki jdk.crypto.ec jdk.crypto.mscapi jdk.dynalink jdk.internal.ed jdk.editpad jdk.internal.vm.ci jdk.graal.compiler jdk.graal.compiler.management jdk.hotspot.agent jdk.httpserver jdk.incubator.vector jdk.internal.le jdk.internal.md jdk.jartool jdk.javadoc jdk.jcmd jdk.management jdk.management.agent jdk.jconsole jdk.jdeps jdk.jdwp.agent jdk.jdi jdk.jfr jdk.jlink jdk.jpackage jdk.jshell jdk.jstatd jdk.localedata jdk.management.jfr jdk.naming.dns jdk.naming.rmi jdk.net jdk.nio.mapmode jdk.sctp jdk.security.auth jdk.security.jgss jdk.unsupported jdk.unsupported.desktop jdk.xml.dom" 
OS_ARCH="x86_64" 
OS_NAME="Windows" 
SOURCE=".:git:1cafccec39fb" 
BUILD_SOURCE="git:a612825ee82a20ac872d60958c349854c1f29a8e"
BUILD_SOURCE_REPO="https://github.com/adoptium/temurin-build.git"
SOURCE_REPO="https://github.com/adoptium/jdk26u.git"
FULL_VERSION="26.0.1+8"
SEMANTIC_VERSION="26.0.1+8"
BUILD_INFO="OS: Windows Server 2022 Version: 10.0"
JVM_VARIANT="Hotspot"
JVM_VERSION="26.0.1+8"
IMAGE_TYPE="JDK"

Environment Variables:
JAVA_HOME=C:\Program Files\Apache NetBeans\jdk
PATH=C:\Program Files (x86)\Common Files\Oracle\Java\javapath;C:\WINDOWS\system32;C:\WINDOWS;C:\WINDOWS\System32\Wbem;C:\WINDOWS\System32\WindowsPowerShell\v1.0\;C:\WINDOWS\System32\OpenSSH\;C:\Program Files (x86)\NVIDIA Corporation\PhysX\Common;C:\Program Files\NVIDIA Corporation\NVIDIA NvDLISR;C:\Program Files\dotnet\;C:\Program Files\Git\cmd;C:\Users\DVDSTORE\AppData\Local\Microsoft\WindowsApps;C:\Users\DVDSTORE\AppData\Local\Programs\Microsoft VS Code\bin;;C:\Program Files\Apache NetBeans\bin\
USERNAME=DVDSTORE
OS=Windows_NT
PROCESSOR_IDENTIFIER=Intel64 Family 6 Model 151 Stepping 5, GenuineIntel
TMP=C:\Users\DVDSTORE\AppData\Local\Temp
TEMP=C:\Users\DVDSTORE\AppData\Local\Temp




Compilation memory statistics disabled.

Periodic native trim disabled

---------------  S Y S T E M  ---------------

OS:
 Windows 11 , 64 bit Build 26100 (10.0.26100.8875)
OS uptime: 3 days 17:10 hours

CPU: total 12 (initial active 12) (6 cores per cpu, 2 threads per core) family 6 model 151 stepping 5 microcode 0x2d, cx8, cmov, fxsr, ht, mmx, 3dnowpref, sse, sse2, sse3, ssse3, sse4.1, sse4.2, popcnt, lzcnt, tsc, tscinvbit, avx, avx2, aes, erms, clmul, bmi1, bmi2, adx, sha, fma, vzeroupper, clflush, clflushopt, clwb, serialize, rdtscp, rdpid, fsrm, gfni, f16c, pku, cet_ibt, cet_ss
Processor Information for the first 12 processors :
  Max Mhz: 2500, Current Mhz: 2500, Mhz Limit: 2500

Memory: 4k page, system-wide physical 16237M (1802M free)
TotalPageFile size 28525M (AvailPageFile size 5M)
current process WorkingSet (physical memory assigned to process): 54M, peak: 54M
current process commit charge ("private bytes"): 99M, peak: 99M

vm_info: OpenJDK 64-Bit Server VM (26.0.1+8) for windows-amd64 JRE (26.0.1+8), built on 2026-04-21T00:00:00Z with MS VC++ 17.12 (VS2022)

END.
