#
# There is insufficient memory for the Java Runtime Environment to continue.
# Native memory allocation (malloc) failed to allocate 1276248 bytes. Error detail: Chunk::new
# Possible reasons:
#   The system is out of physical RAM or swap space
#   This process is running with CompressedOops enabled, and the Java Heap may be blocking the growth of the native heap
# Possible solutions:
#   Reduce memory load on the system
#   Increase physical memory or swap space
#   Check if swap backing store is full
#   Decrease Java heap size (-Xmx/-Xms)
#   Decrease number of Java threads
#   Decrease Java thread stack sizes (-Xss)
#   Set larger code cache with -XX:ReservedCodeCacheSize=
#   JVM is running with Zero Based Compressed Oops mode in which the Java heap is
#     placed in the first 32GB address space. The Java Heap base address is the
#     maximum limit for the native heap growth. Please use -XX:HeapBaseMinAddress
#     to set the Java Heap base and to place the Java Heap above 32GB virtual address.
# This output file may be truncated or incomplete.
#
#  Out of Memory Error (arena.cpp:193), pid=53284, tid=55808
#
# JRE version: OpenJDK Runtime Environment Temurin-26.0.1+8 (26.0.1+8) (build 26.0.1+8)
# Java VM: OpenJDK 64-Bit Server VM Temurin-26.0.1+8 (26.0.1+8, mixed mode, sharing, tiered, compressed oops, compressed class ptrs, g1 gc, windows-amd64)
# No core dump will be written. Minidumps are not enabled by default on client versions of Windows
#

---------------  S U M M A R Y ------------

Command Line: --enable-native-access=ALL-UNNAMED -Dclassworlds.conf=C:\Program Files\Apache NetBeans\java\maven\bin\m2.conf -Dmaven.home=C:\Program Files\Apache NetBeans\java\maven -Dlibrary.jansi.path=C:\Program Files\Apache NetBeans\java\maven\lib\jansi-native -Dmaven.multiModuleProjectDirectory=C:\Users\DVDSTORE\Desktop\LeetCode\ArrayList\ArrayList org.codehaus.plexus.classworlds.launcher.Launcher -Dexec.vmArgs= -Dexec.args=${exec.vmArgs} -classpath %classpath ${exec.mainClass} ${exec.appArgs} -Dexec.appArgs= -Dexec.mainClass=com.mycompany.arraylist.Driver -Dexec.executable=C:\Program Files\Apache NetBeans\jdk\bin\java.exe -Dmaven.ext.class.path=C:\Program Files\Apache NetBeans\java\maven-nblib\netbeans-eventspy.jar --no-transfer-progress process-classes org.codehaus.mojo:exec-maven-plugin:3.5.1:exec

Host: 12th Gen Intel(R) Core(TM) i5-12400F, 12 cores, 15G,  Windows 11 , 64 bit Build 26100 (10.0.26100.8875)
Time: Wed Aug 19 09:14:37 2026 Egypt Daylight Time elapsed time: 4.574672 seconds (0d 0h 0m 4s)

---------------  T H R E A D  ---------------

Current thread (0x000001873224b430):  JavaThread "C2 CompilerThread0" daemon [_thread_in_native, id=55808, stack(0x0000006948800000,0x0000006948900000) (1024K)]


Current CompileTask:
C2:4574  837       4       java.util.concurrent.ConcurrentHashMap::get (162 bytes)

Stack: [0x0000006948800000,0x0000006948900000]
Native frames: (J=compiled Java code, j=interpreted, Vv=VM code, C=native code)
V  [jvm.dll+0x7db749]  (no source info available)
V  [jvm.dll+0x7a82bd]  (no source info available)
V  [jvm.dll+0xa44a60]  (no source info available)
V  [jvm.dll+0xa46eb1]  (no source info available)
V  [jvm.dll+0xa475c3]  (no source info available)
V  [jvm.dll+0x311a96]  (no source info available)
V  [jvm.dll+0x120316]  (no source info available)
V  [jvm.dll+0x12063e]  (no source info available)
V  [jvm.dll+0x1b2836]  (no source info available)
V  [jvm.dll+0x3ce802]  (no source info available)
V  [jvm.dll+0x7e430f]  (no source info available)
V  [jvm.dll+0x2d4597]  (no source info available)
V  [jvm.dll+0x2d350f]  (no source info available)
V  [jvm.dll+0x249670]  (no source info available)
V  [jvm.dll+0x2e363c]  (no source info available)
V  [jvm.dll+0x2e181d]  (no source info available)
V  [jvm.dll+0x4a82ae]  (no source info available)
V  [jvm.dll+0x9e3039]  (no source info available)
V  [jvm.dll+0x7dd228]  (no source info available)
C  [ucrtbase.dll+0x2cd30]  (no source info available)
C  [KERNEL32.DLL+0x2e957]  (no source info available)
C  [ntdll.dll+0xaad6c]  (no source info available)

Lock stack of current Java thread (top to bottom):


---------------  P R O C E S S  ---------------

Threads class SMR info:
_java_thread_list=0x00000187376e3e00, length=11, elements={
0x000001870fbf5750, 0x000001873223f7d0, 0x0000018732240220, 0x0000018732242aa0,
0x0000018732243650, 0x0000018732245d80, 0x000001873224a540, 0x000001873224b430,
0x0000018732255eb0, 0x00000187322a98d0, 0x00000187322aa250
}

Java Threads: ( => current thread )
  0x000001870fbf5750 JavaThread "main"                              [_thread_in_native, id=54904, stack(0x0000006947900000,0x0000006947a00000) (1024K)]
  0x000001873223f7d0 JavaThread "Reference Handler"          daemon [_thread_blocked, id=59808, stack(0x0000006948200000,0x0000006948300000) (1024K)]
  0x0000018732240220 JavaThread "Finalizer"                  daemon [_thread_blocked, id=57332, stack(0x0000006948300000,0x0000006948400000) (1024K)]
  0x0000018732242aa0 JavaThread "Signal Dispatcher"          daemon [_thread_blocked, id=44736, stack(0x0000006948400000,0x0000006948500000) (1024K)]
  0x0000018732243650 JavaThread "Attach Listener"            daemon [_thread_blocked, id=56684, stack(0x0000006948500000,0x0000006948600000) (1024K)]
  0x0000018732245d80 JavaThread "Service Thread"             daemon [_thread_blocked, id=56688, stack(0x0000006948600000,0x0000006948700000) (1024K)]
  0x000001873224a540 JavaThread "Monitor Deflation Thread"   daemon [_thread_blocked, id=56692, stack(0x0000006948700000,0x0000006948800000) (1024K)]
=>0x000001873224b430 JavaThread "C2 CompilerThread0"         daemon [_thread_in_native, id=55808, stack(0x0000006948800000,0x0000006948900000) (1024K)]
  0x0000018732255eb0 JavaThread "C1 CompilerThread0"         daemon [_thread_blocked, id=56680, stack(0x0000006948900000,0x0000006948a00000) (1024K)]
  0x00000187322a98d0 JavaThread "Notification Thread"        daemon [_thread_blocked, id=56040, stack(0x0000006948a00000,0x0000006948b00000) (1024K)]
  0x00000187322aa250 JavaThread "Common-Cleaner"             daemon [_thread_blocked, id=56508, stack(0x0000006948b00000,0x0000006948c00000) (1024K)]
Total: 11

Other Threads:
  0x000001873222ed10 VMThread "VM Thread"                           [id=56308, stack(0x0000006948100000,0x0000006948200000) (1024K)]
  0x0000018732219d90 WatcherThread "VM Periodic Task Thread"        [id=56292, stack(0x0000006948000000,0x0000006948100000) (1024K)]
  0x000001871203f880 WorkerThread "GC Thread#0"                     [id=51320, stack(0x0000006947a00000,0x0000006947b00000) (1024K)]
  0x0000018737036010 WorkerThread "GC Thread#1"                     [id=51696, stack(0x0000006948d00000,0x0000006948e00000) (1024K)]
  0x00000187120585e0 ConcurrentGCThread "G1 Main Marker"            [id=16404, stack(0x0000006947b00000,0x0000006947c00000) (1024K)]
  0x0000018712059970 WorkerThread "G1 Conc#0"                       [id=51748, stack(0x0000006947c00000,0x0000006947d00000) (1024K)]
  0x0000018712078fd0 WorkerThread "G1 Refinement Workers#0"         [id=52528, stack(0x0000006947e00000,0x0000006947f00000) (1024K)]
  0x0000018712078610 ConcurrentGCThread "G1 Refine Control"         [id=52280, stack(0x0000006947d00000,0x0000006947e00000) (1024K)]
  0x00000187320e7840 ConcurrentGCThread "G1 Service"                [id=55232, stack(0x0000006947f00000,0x0000006948000000) (1024K)]
Total: 9

Threads with active compile tasks:
C2 CompilerThread0  5055  837       4       java.util.concurrent.ConcurrentHashMap::get (162 bytes)
Total: 1

VM state: not at safepoint (normal execution)

VM Mutex/Monitor currently owned by a thread: None

Heap address: 0x0000000702400000, size: 4060 MB, Compressed Oops mode: Zero based, Oop shift amount: 3

CDS archive(s) mapped at: [0x000000009f000000-0x000000009fde0000-0x000000009fde0000), size 14548992, SharedBaseAddress: 0x000000009f000000, ArchiveRelocationMode: 1.
Compressed class space mapped at: 0x00000000a0000000-0x00000000e0000000, reserved size: 1073741824
UseCompressedClassPointers 1, UseCompactObjectHeaders 0
Narrow klass pointer bits 32, Max shift 3
Narrow klass base: 0x000000009f000000, Narrow klass shift: 0
Encoding Range: [0x000000009f000000 - 0x000000019f000000), (4294967296 bytes)
Klass Range:    [0x000000009f000000 - 0x00000000e0000000), (1090519040 bytes)
Klass ID Range:  [8 - 1090519033) (1090519025)
Protection zone: [0x000000009f000000 - 0x000000009f010000), (65536 bytes)

GC Precious Log:
 CardTable entry size: 512
 Card Set container configuration: InlinePtr #cards 4 size 8 Array Of Cards #cards 16 size 48 Howl #buckets 8 coarsen threshold 3686 Howl Bitmap #cards 512 size 80 coarsen threshold 460 Card regions per heap region 1 cards per card region 4096
 CPUs: 12 total, 12 available
 Memory: 16237M
 Large Page Support: Disabled
 NUMA Support: Disabled
 Compressed Oops: Enabled (Zero based)
 Heap Region Size: 2M
 Heap Min Capacity: 8M
 Heap Initial Capacity: 8M
 Heap Max Capacity: 4060M
 Pre-touch: Disabled
 Parallel Workers: 10
 Concurrent Workers: 3
 Concurrent Refinement Workers: 10
 Periodic GC: Disabled

Heap:
 garbage-first heap   total reserved 4157440K, committed 30720K, used 3930K [0x0000000702400000, 0x0000000800000000)
  region size 2M, 1 eden (2M), 1 survivor (2M), 2 old (4M), 0 humongous (0M), 11 free (22M)

Heap Regions: E=young(eden), S=young(survivor), O=old, HS=humongous(starts), HC=humongous(continues), CS=collection set, F=free, TAMS=top-at-mark-start, PB=parsable bottom
|    0|0x0000000702400000, 0x0000000702569ba0, 0x0000000702600000| 70%| O|  |TAMS 0x0000000702400000| PB 0x0000000702400000| Untracked |  0
|    1|0x0000000702600000, 0x0000000702600000, 0x0000000702800000|  0%| F|  |TAMS 0x0000000702600000| PB 0x0000000702600000| Untracked |  0
|    2|0x0000000702800000, 0x0000000702800000, 0x0000000702a00000|  0%| F|  |TAMS 0x0000000702800000| PB 0x0000000702800000| Untracked |  0
|    3|0x0000000702a00000, 0x0000000702a00000, 0x0000000702c00000|  0%| F|  |TAMS 0x0000000702a00000| PB 0x0000000702a00000| Untracked |  0
|    4|0x0000000702c00000, 0x0000000702c00000, 0x0000000702e00000|  0%| F|  |TAMS 0x0000000702c00000| PB 0x0000000702c00000| Untracked |  0
|    5|0x0000000702e00000, 0x0000000702e00000, 0x0000000703000000|  0%| F|  |TAMS 0x0000000702e00000| PB 0x0000000702e00000| Untracked |  0
|    6|0x0000000703000000, 0x0000000703000000, 0x0000000703200000|  0%| F|  |TAMS 0x0000000703000000| PB 0x0000000703000000| Untracked |  0
|    7|0x0000000703200000, 0x0000000703200000, 0x0000000703400000|  0%| F|  |TAMS 0x0000000703200000| PB 0x0000000703200000| Untracked |  0
|    8|0x0000000703400000, 0x0000000703400000, 0x0000000703600000|  0%| F|  |TAMS 0x0000000703400000| PB 0x0000000703400000| Untracked |  0
|    9|0x0000000703600000, 0x0000000703600000, 0x0000000703800000|  0%| F|  |TAMS 0x0000000703600000| PB 0x0000000703600000| Untracked |  0
|   10|0x0000000703800000, 0x0000000703800000, 0x0000000703a00000|  0%| F|  |TAMS 0x0000000703800000| PB 0x0000000703800000| Untracked |  0
|   11|0x0000000703a00000, 0x0000000703a00000, 0x0000000703c00000|  0%| F|  |TAMS 0x0000000703a00000| PB 0x0000000703a00000| Untracked |  0
|   12|0x0000000703c00000, 0x0000000703d45270, 0x0000000703e00000| 63%| S|CS|TAMS 0x0000000703c00000| PB 0x0000000703c00000| Complete  |  0
|   13|0x0000000703e00000, 0x0000000703e3d670, 0x0000000704000000| 11%| E|CS|TAMS 0x0000000703e00000| PB 0x0000000703e00000| Complete  |  0
| 2029|0x00000007ffe00000, 0x00000007fff27b70, 0x0000000800000000| 57%| O|  |TAMS 0x00000007ffe00000| PB 0x00000007ffe00000| Untracked |  0

Card table byte_map: [0x000001872ac20000,0x000001872b410000] _byte_map_base: 0x000001872740e000
Refinement table byte_map: [0x000001872b410000,0x000001872bc00000] _byte_map_base: 0x0000018727bfe000

Marking Bits: (CMBitMap*) 0x0000018712040000
 Bits: [0x000001872bc00000, 0x000001872fb70000)

Polling page: 0x000001870fe30000

Metaspace:
Metaspace        used 3053K, committed 3200K, reserved 1114112K
 class space     used 305K, committed 384K, reserved 1048576K

Usage:
  Non-class:      2.68 MB used.
      Class:    305.00 KB used.
       Both:      2.98 MB used.

Virtual space:
  Non-class space:       64.00 MB reserved,       2.75 MB (  4%) committed,  1 nodes.
      Class space:        1.00 GB reserved,     384.00 KB ( <1%) committed,  1 nodes.
             Both:        1.06 GB reserved,       3.12 MB ( <1%) committed. 

Chunk freelists:
   Non-Class:  10.69 MB
       Class:  15.55 MB
        Both:  26.23 MB

MaxMetaspaceSize: unlimited
CompressedClassSpaceSize: 1.00 GB
Initial GC threshold: 21.00 MB
Current GC threshold: 21.00 MB
CDS: on
 - commit_granule_bytes: 65536.
 - commit_granule_words: 8192.
 - virtual_space_node_default_size: 8388608.
 - enlarge_chunks_in_place: 1.
UseCompressedClassPointers 1, UseCompactObjectHeaders 0
Narrow klass pointer bits 32, Max shift 3
Narrow klass base: 0x000000009f000000, Narrow klass shift: 0
Encoding Range: [0x000000009f000000 - 0x000000019f000000), (4294967296 bytes)
Klass Range:    [0x000000009f000000 - 0x00000000e0000000), (1090519040 bytes)
Klass ID Range:  [8 - 1090519033) (1090519025)
Protection zone: [0x000000009f000000 - 0x000000009f010000), (65536 bytes)


Internal statistics:

num_allocs_failed_limit: 0.
num_arena_births: 40.
num_arena_deaths: 0.
num_vsnodes_births: 2.
num_vsnodes_deaths: 0.
num_space_committed: 50.
num_space_uncommitted: 0.
num_chunks_returned_to_freelist: 0.
num_chunks_taken_from_freelist: 128.
num_chunk_merges: 0.
num_chunk_splits: 72.
num_chunks_enlarged: 56.
num_inconsistent_stats: 0.

CodeHeap 'non-profiled nmethods': size=120064Kb used=238Kb max_used=238Kb free=119825Kb
 bounds [0x00000187229a0000, 0x0000018722c10000, 0x0000018729ee0000]
CodeHeap 'profiled nmethods': size=120064Kb used=1256Kb max_used=1256Kb free=118807Kb
 bounds [0x000001871aec0000, 0x000001871b130000, 0x0000018722400000]
CodeHeap 'non-nmethods': size=5760Kb used=1343Kb max_used=1353Kb free=4416Kb
 bounds [0x0000018722400000, 0x0000018722670000, 0x00000187229a0000]
CodeCache: size=245888Kb, used=2837Kb, max_used=2847Kb, free=243048Kb
 total_blobs=1346, nmethods=889, adapters=361, full_count=0
Compilation: enabled, stopped_count=0, restarted_count=0

Compilation events (20 events):
Event: 3.556 Thread 0x0000018732255eb0 nmethod 826 0x000001871afdf888 code [0x000001871afdf980, 0x000001871afdfef0]
Event: 3.559 Thread 0x000001873224b430 nmethod 821 0x00000187229d6d08 code [0x00000187229d6e00, 0x00000187229d8480]
Event: 3.559 Thread 0x000001873224b430  830       4       java.lang.String::getBytes (44 bytes)
Event: 3.560 Thread 0x000001873224b430 nmethod 830 0x00000187229d8508 code [0x00000187229d8600, 0x00000187229d8740]
Event: 3.561 Thread 0x0000018732255eb0  834       3       jdk.internal.perf.PerfCounter::addElapsedTimeFrom (10 bytes)
Event: 3.561 Thread 0x0000018732255eb0 nmethod 834 0x000001871afdff08 code [0x000001871afe0000, 0x000001871afe0190]
Event: 3.565 Thread 0x000001873224b430  835   !   4       jdk.internal.loader.URLClassPath$JarLoader::getResource (39 bytes)
Event: 3.566 Thread 0x000001873224b430 nmethod 835 0x00000187229d8808 code [0x00000187229d8900, 0x00000187229d8b60]
Event: 3.569 Thread 0x000001873224b430  837       4       java.util.concurrent.ConcurrentHashMap::get (162 bytes)
Event: 3.569 Thread 0x0000018732255eb0  836       3       java.util.concurrent.ConcurrentHashMap$Node::<init> (14 bytes)
Event: 3.569 Thread 0x0000018732255eb0 nmethod 836 0x000001871afe0208 code [0x000001871afe0300, 0x000001871afe05d0]
Event: 3.570 Thread 0x0000018732255eb0  838       3       jdk.internal.loader.Resource::<init> (5 bytes)
Event: 3.570 Thread 0x0000018732255eb0 nmethod 838 0x000001871afe0608 code [0x000001871afe0700, 0x000001871afe0850]
Event: 3.571 Thread 0x0000018732255eb0  839       3       sun.net.www.protocol.jar.Handler::parseURL (173 bytes)
Event: 3.571 Thread 0x0000018732255eb0 nmethod 839 0x000001871afe0908 code [0x000001871afe0a00, 0x000001871afe1808]
Event: 3.571 Thread 0x0000018732255eb0  840       3       sun.net.www.protocol.jar.Handler::parseContextSpec (155 bytes)
Event: 3.572 Thread 0x0000018732255eb0 nmethod 840 0x000001871afe1888 code [0x000001871afe1980, 0x000001871afe3958]
Event: 3.572 Thread 0x0000018732255eb0  841       3       sun.net.www.protocol.jar.Handler::indexOfBangSlash (52 bytes)
Event: 3.573 Thread 0x0000018732255eb0 nmethod 841 0x000001871afe3988 code [0x000001871afe3a80, 0x000001871afe48e8]
Event: 3.573 Thread 0x0000018732255eb0  844  s    3       java.util.jar.JarFile::getInputStream (88 bytes)

GC Heap Usage History (6 events):
Event: 1.964 {heap Before GC invocations=0 (full 0):
 garbage-first heap   total reserved 4157440K, committed 10240K, used 3230K [0x0000000702400000, 0x0000000800000000)
  region size 2M, 2 eden (4M), 0 survivor (0M), 1 old (2M), 0 humongous (0M), 2 free (4M)
}
Event: 2.163 {heap After GC invocations=1 (full 0):
 garbage-first heap   total reserved 4157440K, committed 10240K, used 2684K [0x0000000702400000, 0x0000000800000000)
  region size 2M, 0 eden (0M), 1 survivor (2M), 1 old (2M), 0 humongous (0M), 3 free (6M)
}
Event: 2.299 {heap Before GC invocations=1 (full 0):
 garbage-first heap   total reserved 4157440K, committed 10240K, used 4732K [0x0000000702400000, 0x0000000800000000)
  region size 2M, 1 eden (2M), 1 survivor (2M), 1 old (2M), 0 humongous (0M), 2 free (4M)
}
Event: 2.301 {heap After GC invocations=2 (full 0):
 garbage-first heap   total reserved 4157440K, committed 10240K, used 2876K [0x0000000702400000, 0x0000000800000000)
  region size 2M, 0 eden (0M), 1 survivor (2M), 2 old (4M), 0 humongous (0M), 2 free (4M)
}
Event: 2.520 {heap Before GC invocations=2 (full 0):
 garbage-first heap   total reserved 4157440K, committed 10240K, used 4924K [0x0000000702400000, 0x0000000800000000)
  region size 2M, 1 eden (2M), 1 survivor (2M), 2 old (4M), 0 humongous (0M), 1 free (2M)
}
Event: 3.522 {heap After GC invocations=3 (full 0):
 garbage-first heap   total reserved 4157440K, committed 30720K, used 3395K [0x0000000702400000, 0x0000000800000000)
  region size 2M, 0 eden (0M), 1 survivor (2M), 2 old (4M), 0 humongous (0M), 12 free (24M)
}

Metaspace Usage History (6 events):
Event: 1.964 {metaspace Before GC invocations=0 (full 0):
 Metaspace       used 1028K, committed 1152K, reserved 1114112K
  class space    used 83K, committed 128K, reserved 1048576K
}
Event: 2.163 {metaspace After GC invocations=1 (full 0):
 Metaspace       used 1028K, committed 1152K, reserved 1114112K
  class space    used 83K, committed 128K, reserved 1048576K
}
Event: 2.299 {metaspace Before GC invocations=1 (full 0):
 Metaspace       used 1958K, committed 2112K, reserved 1114112K
  class space    used 183K, committed 256K, reserved 1048576K
}
Event: 2.301 {metaspace After GC invocations=2 (full 0):
 Metaspace       used 1958K, committed 2112K, reserved 1114112K
  class space    used 183K, committed 256K, reserved 1048576K
}
Event: 2.520 {metaspace Before GC invocations=2 (full 0):
 Metaspace       used 2504K, committed 2688K, reserved 1114112K
  class space    used 235K, committed 320K, reserved 1048576K
}
Event: 3.522 {metaspace After GC invocations=3 (full 0):
 Metaspace       used 2504K, committed 2688K, reserved 1114112K
  class space    used 235K, committed 320K, reserved 1048576K
}

Dll operation events (14 events):
Event: 0.033 Attempting to load shared library C:\Program Files\Apache NetBeans\jdk\bin\java.dll
Event: 0.035 Loaded shared library C:\Program Files\Apache NetBeans\jdk\bin\java.dll
Event: 0.739 Attempting to load shared library C:\Program Files\Apache NetBeans\jdk\bin\net.dll
Event: 1.043 Loaded shared library C:\Program Files\Apache NetBeans\jdk\bin\net.dll
Event: 1.046 Attempting to load shared library C:\Program Files\Apache NetBeans\jdk\bin\nio.dll
Event: 1.046 Loaded shared library C:\Program Files\Apache NetBeans\jdk\bin\nio.dll
Event: 1.051 Attempting to load shared library C:\Program Files\Apache NetBeans\jdk\bin\zip.dll
Event: 1.051 Loaded shared library C:\Program Files\Apache NetBeans\jdk\bin\zip.dll
Event: 1.922 Attempting to load shared library C:\Program Files\Apache NetBeans\java\maven\lib\jansi-native\Windows\x86_64\jansi.dll
Event: 1.956 Loaded shared library C:\Program Files\Apache NetBeans\java\maven\lib\jansi-native\Windows\x86_64\jansi.dll
Event: 2.167 Attempting to load shared library C:\Program Files\Apache NetBeans\jdk\bin\jimage.dll
Event: 2.167 Loaded shared library C:\Program Files\Apache NetBeans\jdk\bin\jimage.dll
Event: 2.172 Attempting to load shared library C:\Program Files\Apache NetBeans\jdk\bin\verify.dll
Event: 2.176 Loaded shared library C:\Program Files\Apache NetBeans\jdk\bin\verify.dll

Deoptimization events (20 events):
Event: 2.494 Thread 0x000001870fbf5750 DEOPT PACKING pc=0x00000187229ae178 sp=0x00000069479fd5b0
Event: 2.494 Thread 0x000001870fbf5750 DEOPT UNPACKING pc=0x0000018722497602 sp=0x00000069479fd4e0 mode 2
Event: 2.495 Thread 0x000001870fbf5750 DEOPT PACKING pc=0x000001871aee1a70 sp=0x00000069479fd760
Event: 2.495 Thread 0x000001870fbf5750 DEOPT UNPACKING pc=0x0000018722451a02 sp=0x00000069479fcb98 mode 0
Event: 2.498 Thread 0x000001870fbf5750 Uncommon trap: trap_request=0xffffff45 fr.pc=0x00000187229ae774 relative=0x0000000000000074
Event: 2.498 Thread 0x000001870fbf5750 Uncommon trap: reason=unstable_if action=reinterpret pc=0x00000187229ae774 method=jdk.internal.misc.Unsafe.convEndian(ZI)I @ 4 c2
Event: 2.498 Thread 0x000001870fbf5750 DEOPT PACKING pc=0x00000187229ae774 sp=0x00000069479fdfc0
Event: 2.498 Thread 0x000001870fbf5750 DEOPT UNPACKING pc=0x0000018722497602 sp=0x00000069479fdef0 mode 2
Event: 3.535 Thread 0x000001870fbf5750 Uncommon trap: trap_request=0xffffff45 fr.pc=0x00000187229ad59c relative=0x000000000000019c
Event: 3.535 Thread 0x000001870fbf5750 Uncommon trap: reason=unstable_if action=reinterpret pc=0x00000187229ad59c method=java.lang.AbstractStringBuilder.needsNewBuffer([BBIB)Z @ 8 c2
Event: 3.535 Thread 0x000001870fbf5750 DEOPT PACKING pc=0x00000187229ad59c sp=0x00000069479fe580
Event: 3.535 Thread 0x000001870fbf5750 DEOPT UNPACKING pc=0x0000018722497602 sp=0x00000069479fe428 mode 2
Event: 3.535 Thread 0x000001870fbf5750 Uncommon trap: trap_request=0xffffff45 fr.pc=0x00000187229c1240 relative=0x0000000000000040
Event: 3.535 Thread 0x000001870fbf5750 Uncommon trap: reason=unstable_if action=reinterpret pc=0x00000187229c1240 method=java.lang.AbstractStringBuilder.isLatin1(B)Z @ 7 c2
Event: 3.535 Thread 0x000001870fbf5750 DEOPT PACKING pc=0x00000187229c1240 sp=0x00000069479fe4c0
Event: 3.535 Thread 0x000001870fbf5750 DEOPT UNPACKING pc=0x0000018722497602 sp=0x00000069479fe450 mode 2
Event: 3.539 Thread 0x000001870fbf5750 Uncommon trap: trap_request=0xffffff45 fr.pc=0x00000187229abb64 relative=0x0000000000000064
Event: 3.539 Thread 0x000001870fbf5750 Uncommon trap: reason=unstable_if action=reinterpret pc=0x00000187229abb64 method=java.lang.AbstractStringBuilder.needsNewBuffer([BBIB)Z @ 8 c2
Event: 3.539 Thread 0x000001870fbf5750 DEOPT PACKING pc=0x00000187229abb64 sp=0x00000069479fe4d0
Event: 3.539 Thread 0x000001870fbf5750 DEOPT UNPACKING pc=0x0000018722497602 sp=0x00000069479fe438 mode 2

Classes loaded (20 events):
Event: 2.337 Loading class java/util/concurrent/locks/ReentrantReadWriteLock$Sync$ThreadLocalHoldCounter
Event: 2.337 Loading class java/util/concurrent/locks/ReentrantReadWriteLock$Sync$ThreadLocalHoldCounter done
Event: 2.337 Loading class java/util/concurrent/locks/ReentrantReadWriteLock$ReadLock
Event: 2.337 Loading class java/util/concurrent/locks/ReentrantReadWriteLock$ReadLock done
Event: 2.337 Loading class java/util/concurrent/locks/ReentrantReadWriteLock$WriteLock
Event: 2.337 Loading class java/util/concurrent/locks/ReentrantReadWriteLock$WriteLock done
Event: 2.339 Loading class java/text/ParseException
Event: 2.339 Loading class java/text/ParseException done
Event: 2.498 Loading class sun/util/calendar/ZoneInfoFile$Checksum
Event: 2.499 Loading class sun/util/calendar/ZoneInfoFile$Checksum done
Event: 2.501 Loading class jdk/internal/module/ModulePatcher$PatchedModuleReader
Event: 2.501 Loading class jdk/internal/module/ModulePatcher$PatchedModuleReader done
Event: 2.501 Loading class jdk/internal/jimage/ImageReader$Resource
Event: 2.501 Loading class jdk/internal/jimage/ImageReader$Resource done
Event: 2.505 Loading class sun/net/www/protocol/jrt/Handler
Event: 2.505 Loading class sun/net/www/protocol/jrt/Handler done
Event: 3.534 Loading class sun/text/resources/cldr/FormatData_en
Event: 3.534 Loading class sun/text/resources/cldr/FormatData_en done
Event: 3.535 Loading class sun/text/resources/cldr/FormatData_en_US
Event: 3.535 Loading class sun/text/resources/cldr/FormatData_en_US done

Classes unloaded (0 events):
No events

Classes redefined (0 events):
No events

Internal exceptions (20 events):
Event: 1.959 Thread 0x000001870fbf5750 Exception <a 'java/lang/NullPointerException'{0x00000007029bc148}> (0x00000007029bc148) 
thrown [s\src\hotspot\share\interpreter\linkResolver.cpp, line 1428]
Event: 1.959 Thread 0x000001870fbf5750 Exception <a 'java/lang/NullPointerException'{0x00000007029bc428}> (0x00000007029bc428) 
thrown [s\src\hotspot\share\interpreter\linkResolver.cpp, line 1428]
Event: 1.960 Thread 0x000001870fbf5750 Exception <a 'java/lang/NullPointerException'{0x00000007029c0e68}> (0x00000007029c0e68) 
thrown [s\src\hotspot\share\interpreter\linkResolver.cpp, line 1428]
Event: 1.962 Thread 0x000001870fbf5750 Exception <a 'java/lang/NullPointerException'{0x00000007029e71f8}> (0x00000007029e71f8) 
thrown [s\src\hotspot\share\interpreter\linkResolver.cpp, line 1428]
Event: 1.962 Thread 0x000001870fbf5750 Exception <a 'java/lang/NullPointerException'{0x00000007029e74d8}> (0x00000007029e74d8) 
thrown [s\src\hotspot\share\interpreter\linkResolver.cpp, line 1428]
Event: 1.962 Thread 0x000001870fbf5750 Exception <a 'java/lang/NullPointerException'{0x00000007029e77b8}> (0x00000007029e77b8) 
thrown [s\src\hotspot\share\interpreter\linkResolver.cpp, line 1428]
Event: 1.962 Thread 0x000001870fbf5750 Exception <a 'java/lang/NullPointerException'{0x00000007029e7a98}> (0x00000007029e7a98) 
thrown [s\src\hotspot\share\interpreter\linkResolver.cpp, line 1428]
Event: 2.167 Thread 0x000001870fbf5750 Exception <a 'sun/nio/fs/WindowsException'{0x0000000702a0c4d8}> (0x0000000702a0c4d8) 
thrown [s\src\hotspot\share\prims\jni.cpp, line 514]
Event: 2.171 Thread 0x000001870fbf5750 Exception <a 'sun/nio/fs/WindowsException'{0x0000000702a0cb10}> (0x0000000702a0cb10) 
thrown [s\src\hotspot\share\prims\jni.cpp, line 514]
Event: 2.171 Thread 0x000001870fbf5750 Exception <a 'sun/nio/fs/WindowsException'{0x0000000702a0d0f8}> (0x0000000702a0d0f8) 
thrown [s\src\hotspot\share\prims\jni.cpp, line 514]
Event: 2.171 Thread 0x000001870fbf5750 Exception <a 'sun/nio/fs/WindowsException'{0x0000000702a0d668}> (0x0000000702a0d668) 
thrown [s\src\hotspot\share\prims\jni.cpp, line 514]
Event: 2.171 Thread 0x000001870fbf5750 Exception <a 'sun/nio/fs/WindowsException'{0x0000000702a0dbb8}> (0x0000000702a0dbb8) 
thrown [s\src\hotspot\share\prims\jni.cpp, line 514]
Event: 2.171 Thread 0x000001870fbf5750 Exception <a 'sun/nio/fs/WindowsException'{0x0000000702a0e0a8}> (0x0000000702a0e0a8) 
thrown [s\src\hotspot\share\prims\jni.cpp, line 514]
Event: 2.171 Thread 0x000001870fbf5750 Exception <a 'sun/nio/fs/WindowsException'{0x0000000702a0e550}> (0x0000000702a0e550) 
thrown [s\src\hotspot\share\prims\jni.cpp, line 514]
Event: 2.184 Thread 0x000001870fbf5750 Exception <a 'java/lang/NoSuchMethodError'{0x0000000702a78030}: 'void java.lang.invoke.DirectMethodHandle$Holder.invokeVirtual(java.lang.Object, java.lang.Object)'> (0x0000000702a78030) 
thrown [s\src\hotspot\share\interpreter\linkResolver.cpp, line 804]
Event: 2.187 Thread 0x000001870fbf5750 Exception <a 'java/lang/NoSuchMethodError'{0x0000000702a99b18}: 'void java.lang.invoke.DirectMethodHandle$Holder.invokeStatic(java.lang.Object, java.lang.Object)'> (0x0000000702a99b18) 
thrown [s\src\hotspot\share\interpreter\linkResolver.cpp, line 804]
Event: 2.188 Thread 0x000001870fbf5750 Exception <a 'java/lang/NoSuchMethodError'{0x0000000702aa1bd8}: 'void java.lang.invoke.DirectMethodHandle$Holder.invokeStaticInit(java.lang.Object, java.lang.Object)'> (0x0000000702aa1bd8) 
thrown [s\src\hotspot\share\interpreter\linkResolver.cpp, line 804]
Event: 2.194 Thread 0x000001870fbf5750 Exception <a 'java/lang/NoSuchMethodError'{0x0000000702ad55d0}: 'void java.lang.invoke.DirectMethodHandle$Holder.invokeSpecial(java.lang.Object, java.lang.Object, java.lang.Object, java.lang.Object, java.lang.Object)'> (0x0000000702ad55d0) 
thrown [s\src\hotspot\share\interpreter\linkResolver.cpp, line 804]
Event: 2.203 Thread 0x000001870fbf5750 Exception <a 'java/lang/NoSuchMethodError'{0x0000000702b12920}: 'void java.lang.invoke.DirectMethodHandle$Holder.invokeStatic(java.lang.Object, java.lang.Object, java.lang.Object)'> (0x0000000702b12920) 
thrown [s\src\hotspot\share\interpreter\linkResolver.cpp, line 804]
Event: 2.317 Thread 0x000001870fbf5750 Exception <a 'java/lang/NoSuchMethodError'{0x0000000702a976f0}: 'java.lang.Object java.lang.invoke.DirectMethodHandle$Holder.invokeSpecialIFC(java.lang.Object, java.lang.Object, java.lang.Object, java.lang.Object)'> (0x0000000702a976f0) 
thrown [s\src\hotspot\share\interpreter\linkResolver.cpp, line 804]

VM Operations (10 events):
Event: 1.905 Executing non-safepoint VM operation: HandshakeAllThreads (Deoptimize)
Event: 1.905 Executing non-safepoint VM operation: HandshakeAllThreads (Deoptimize) done
Event: 1.964 Executing safepoint VM operation: G1CollectForAllocation (G1 Evacuation Pause)
Event: 2.163 Executing safepoint VM operation: G1CollectForAllocation (G1 Evacuation Pause) done
Event: 2.171 Executing non-safepoint VM operation: HandshakeAllThreads (Deoptimize)
Event: 2.171 Executing non-safepoint VM operation: HandshakeAllThreads (Deoptimize) done
Event: 2.299 Executing safepoint VM operation: G1CollectForAllocation (G1 Evacuation Pause)
Event: 2.301 Executing safepoint VM operation: G1CollectForAllocation (G1 Evacuation Pause) done
Event: 2.520 Executing safepoint VM operation: G1CollectForAllocation (G1 Evacuation Pause)
Event: 3.522 Executing safepoint VM operation: G1CollectForAllocation (G1 Evacuation Pause) done

Memory protections (0 events):
No events

Nmethod flushes (0 events):
No events

Events (13 events):
Event: 0.385 Thread 0x000001870fbf5750 Thread added: 0x000001870fbf5750
Event: 0.561 Thread 0x000001870fbf5750 Thread added: 0x000001873223f7d0
Event: 0.561 Thread 0x000001870fbf5750 Thread added: 0x0000018732240220
Event: 0.562 Thread 0x000001870fbf5750 Thread added: 0x0000018732242aa0
Event: 0.562 Thread 0x000001870fbf5750 Thread added: 0x0000018732243650
Event: 0.562 Thread 0x000001870fbf5750 Thread added: 0x0000018732245d80
Event: 0.562 Thread 0x000001870fbf5750 Thread added: 0x000001873224a540
Event: 0.562 Thread 0x000001870fbf5750 Thread added: 0x000001873224b430
Event: 0.563 Thread 0x000001870fbf5750 Thread added: 0x0000018732255eb0
Event: 0.619 Thread 0x000001870fbf5750 Thread added: 0x00000187322a98d0
Event: 0.621 Thread 0x000001870fbf5750 Thread added: 0x00000187322aa250
Event: 1.914 Thread 0x000001870fbf5750 Thread added: 0x000001873701af60
Event: 2.177 Thread 0x000001873701af60 Thread exited: 0x000001873701af60


Dynamic libraries:
0x00007ff623720000 - 0x00007ff62372e000 	C:\Program Files\Apache NetBeans\jdk\bin\java.exe
0x00007ff832b60000 - 0x00007ff832dc6000 	C:\WINDOWS\SYSTEM32\ntdll.dll
0x00007ff831820000 - 0x00007ff8318e9000 	C:\WINDOWS\System32\KERNEL32.DLL
0x00007ff82fd80000 - 0x00007ff83017e000 	C:\WINDOWS\System32\KERNELBASE.dll
0x00007ff82cc20000 - 0x00007ff82ccc0000 	C:\WINDOWS\SYSTEM32\apphelp.dll
0x00007ff830670000 - 0x00007ff8307bc000 	C:\WINDOWS\System32\ucrtbase.dll
0x00007ff805820000 - 0x00007ff805837000 	C:\Program Files\Apache NetBeans\jdk\bin\jli.dll
0x00007ff806240000 - 0x00007ff80625e000 	C:\Program Files\Apache NetBeans\jdk\bin\VCRUNTIME140.dll
0x00007ff8315a0000 - 0x00007ff831767000 	C:\WINDOWS\System32\USER32.dll
0x00007ff830440000 - 0x00007ff830467000 	C:\WINDOWS\System32\win32u.dll
0x00007ff8312b0000 - 0x00007ff8312db000 	C:\WINDOWS\System32\GDI32.dll
0x00007ff830190000 - 0x00007ff8302ba000 	C:\WINDOWS\System32\gdi32full.dll
0x00007ff830470000 - 0x00007ff830513000 	C:\WINDOWS\System32\msvcp_win.dll
0x00007ff815670000 - 0x00007ff815902000 	C:\WINDOWS\WinSxS\amd64_microsoft.windows.common-controls_6595b64144ccf1df_6.0.26100.8875_none_3e0d5d42e32fe9dd\COMCTL32.dll
0x00007ff831770000 - 0x00007ff831819000 	C:\WINDOWS\System32\msvcrt.dll
0x00007ff8323e0000 - 0x00007ff832412000 	C:\WINDOWS\System32\IMM32.DLL
0x000000005b940000 - 0x000000005b94d000 	C:\Program Files (x86)\360\Total Security\safemon\SafeWrapper.dll
0x00007ff832960000 - 0x00007ff832a17000 	C:\WINDOWS\System32\ADVAPI32.dll
0x00007ff830890000 - 0x00007ff83093a000 	C:\WINDOWS\System32\sechost.dll
0x00007ff830b50000 - 0x00007ff830c68000 	C:\WINDOWS\System32\RPCRT4.dll
0x00007ff8296f0000 - 0x00007ff8297f5000 	C:\Program Files (x86)\360\Total Security\safemon\libzdtp64.dll
0x00007ff831aa0000 - 0x00007ff832232000 	C:\WINDOWS\System32\SHELL32.dll
0x00007ff8319f0000 - 0x00007ff831a57000 	C:\WINDOWS\System32\SHLWAPI.dll
0x00007ff82f7c0000 - 0x00007ff82f7cb000 	C:\WINDOWS\SYSTEM32\VERSION.dll
0x00007ff82ae80000 - 0x00007ff82ae8c000 	C:\Program Files\Apache NetBeans\jdk\bin\vcruntime140_1.dll
0x00007fffb1950000 - 0x00007fffb19dd000 	C:\Program Files\Apache NetBeans\jdk\bin\msvcp140.dll
0x00007fff8c260000 - 0x00007fff8d1f9000 	C:\Program Files\Apache NetBeans\jdk\bin\server\jvm.dll
0x00007ff832440000 - 0x00007ff8324c0000 	C:\WINDOWS\System32\WS2_32.dll
0x00007ff82fbe0000 - 0x00007ff82fc3e000 	C:\WINDOWS\SYSTEM32\POWRPROF.dll
0x00007ff821b50000 - 0x00007ff821b86000 	C:\WINDOWS\SYSTEM32\WINMM.dll
0x00007ff82fbc0000 - 0x00007ff82fbd4000 	C:\WINDOWS\SYSTEM32\UMPDC.dll
0x00007ff82e9e0000 - 0x00007ff82e9fb000 	C:\WINDOWS\SYSTEM32\kernel.appcore.dll
0x00007ff8186a0000 - 0x00007ff8186aa000 	C:\Program Files\Apache NetBeans\jdk\bin\jimage.dll
0x00007ff81fc20000 - 0x00007ff81fe62000 	C:\WINDOWS\SYSTEM32\DBGHELP.DLL
0x00007ff830f20000 - 0x00007ff8312a3000 	C:\WINDOWS\System32\combase.dll
0x00007ff8314c0000 - 0x00007ff831599000 	C:\WINDOWS\System32\OLEAUT32.dll
0x00007ff816360000 - 0x00007ff81639b000 	C:\WINDOWS\SYSTEM32\dbgcore.DLL
0x00007ff8307d0000 - 0x00007ff83087c000 	C:\WINDOWS\System32\bcryptPrimitives.dll
0x00007ff805a80000 - 0x00007ff805a9e000 	C:\Program Files\Apache NetBeans\jdk\bin\java.dll
0x00007ff832240000 - 0x00007ff8323d9000 	C:\WINDOWS\System32\ole32.dll
0x00007ff82d7e0000 - 0x00007ff82e072000 	C:\WINDOWS\SYSTEM32\windows.storage.dll
0x00007ff8318f0000 - 0x00007ff8319e7000 	C:\WINDOWS\System32\SHCORE.dll
0x00007ff82fca0000 - 0x00007ff82fcc9000 	C:\WINDOWS\SYSTEM32\profapi.dll
0x00007ff800060000 - 0x00007ff800071000 	C:\Program Files\Apache NetBeans\jdk\bin\net.dll
0x00007ff82ef90000 - 0x00007ff82effc000 	C:\WINDOWS\system32\mswsock.dll
0x00007ffffa340000 - 0x00007ffffa356000 	C:\Program Files\Apache NetBeans\jdk\bin\nio.dll
0x00007ff8016f0000 - 0x00007ff801707000 	C:\Program Files\Apache NetBeans\jdk\bin\zip.dll
0x00007ffff5920000 - 0x00007ffff5944000 	C:\Program Files\Apache NetBeans\java\maven\lib\jansi-native\Windows\x86_64\jansi.dll
0x00007ff814b00000 - 0x00007ff814b10000 	C:\Program Files\Apache NetBeans\jdk\bin\verify.dll

JVMTI agents: none

dbghelp: loaded successfully - version: 4.0.5 - missing functions: none
symbol engine: initialized successfully - sym options: 0x614 - pdb path: .;C:\Program Files\Apache NetBeans\jdk\bin;C:\WINDOWS\SYSTEM32;C:\WINDOWS\WinSxS\amd64_microsoft.windows.common-controls_6595b64144ccf1df_6.0.26100.8875_none_3e0d5d42e32fe9dd;C:\Program Files (x86)\360\Total Security\safemon;C:\Program Files\Apache NetBeans\jdk\bin\server;C:\Program Files\Apache NetBeans\java\maven\lib\jansi-native\Windows\x86_64

VM Arguments:
jvm_args: --enable-native-access=ALL-UNNAMED -Dclassworlds.conf=C:\Program Files\Apache NetBeans\java\maven\bin\m2.conf -Dmaven.home=C:\Program Files\Apache NetBeans\java\maven -Dlibrary.jansi.path=C:\Program Files\Apache NetBeans\java\maven\lib\jansi-native -Dmaven.multiModuleProjectDirectory=C:\Users\DVDSTORE\Desktop\LeetCode\ArrayList\ArrayList 
java_command: org.codehaus.plexus.classworlds.launcher.Launcher -Dexec.vmArgs= -Dexec.args=${exec.vmArgs} -classpath %classpath ${exec.mainClass} ${exec.appArgs} -Dexec.appArgs= -Dexec.mainClass=com.mycompany.arraylist.Driver -Dexec.executable=C:\Program Files\Apache NetBeans\jdk\bin\java.exe -Dmaven.ext.class.path=C:\Program Files\Apache NetBeans\java\maven-nblib\netbeans-eventspy.jar --no-transfer-progress process-classes org.codehaus.mojo:exec-maven-plugin:3.5.1:exec
java_class_path (initial): C:\Program Files\Apache NetBeans\java\maven\boot\plexus-classworlds-2.9.0.jar
Launcher Type: SUN_STANDARD

[Global flags]
     bool AOTAdapterCaching                        = false                                  {diagnostic} {ergonomic}
     bool AOTInvokeDynamicLinking                  = false                                  {diagnostic} {ergonomic}
     bool AOTRecordTraining                        = false                                  {diagnostic} {ergonomic}
     bool AOTReplayTraining                        = false                                  {diagnostic} {ergonomic}
     bool AOTStubCaching                           = false                                  {diagnostic} {ergonomic}
     intx CICompilerCount                          = 4                                         {product} {ergonomic}
     uint ConcGCThreads                            = 3                                         {product} {ergonomic}
     uint G1ConcRefinementThreads                  = 10                                        {product} {ergonomic}
     uint G1EagerReclaimRemSetThreshold            = 16                                   {experimental} {ergonomic}
   size_t G1HeapRegionSize                         = 2097152                                   {product} {ergonomic}
     uint G1RemSetArrayOfCardsEntries              = 16                                   {experimental} {ergonomic}
     uint G1RemSetHowlMaxNumBuckets                = 8                                    {experimental} {ergonomic}
     uint G1RemSetHowlNumBuckets                   = 8                                    {experimental} {ergonomic}
   size_t InitialHeapSize                          = 8388608                                   {product} {ergonomic}
     bool IntelJccErratumMitigation                = false                             {ARCH diagnostic} {ergonomic}
   size_t MarkStackSize                            = 4194304                                   {product} {ergonomic}
   size_t MarkStackSizeMax                         = 536870912                                 {product} {ergonomic}
   size_t MaxHeapSize                              = 4257218560                                {product} {ergonomic}
   size_t MaxNewSize                               = 2554331136                                {product} {ergonomic}
 uint64_t MaxRAM                                   = 17026142208                               {product} {ergonomic}
   size_t MinHeapDeltaBytes                        = 2097152                                   {product} {ergonomic}
   size_t MinHeapSize                              = 8388608                                   {product} {ergonomic}
   size_t NonNMethodCodeHeapSize                   = 5898240                                {pd product} {ergonomic}
   size_t NonProfiledCodeHeapSize                  = 122945536                              {pd product} {ergonomic}
   size_t ProfiledCodeHeapSize                     = 122945536                              {pd product} {ergonomic}
   size_t ReservedCodeCacheSize                    = 251789312                              {pd product} {ergonomic}
     bool SegmentedCodeCache                       = true                                      {product} {ergonomic}
   size_t SoftMaxHeapSize                          = 4257218560                             {manageable} {ergonomic}
     bool UseCompressedOops                        = true                           {product lp64_product} {ergonomic}
     bool UseCondCardMark                          = true                                      {product} {ergonomic}
     bool UseFastUnorderedTimeStamps               = true                                 {experimental} {ergonomic}
     bool UseG1GC                                  = true                                      {product} {ergonomic}
     bool UseLargePagesIndividualAllocation        = false                                  {pd product} {ergonomic}
      int X86ICacheSync                            = 3                                 {ARCH diagnostic} {ergonomic}

Logging:
Log output configuration:
 #0: stdout all=warning uptime,level,tags foldmultilines=false
 #1: stderr all=off uptime,level,tags foldmultilines=false

Release file:
IMPLEMENTOR="Eclipse Adoptium" 
IMPLEMENTOR_VERSION="Temurin-26.0.1+8" 
JAVA_RUNTIME_VERSION="26.0.1+8" 
JAVA_VERSION="26.0.1" 
JAVA_VERSION_DATE="2026-04-21" 
LIBC="default" 
MODULES="java.base java.compiler java.datatransfer java.xml java.prefs java.desktop java.instrument java.logging java.management java.security.sasl java.naming java.rmi java.management.rmi java.net.http java.scripting java.security.jgss java.transaction.xa java.sql java.sql.rowset java.xml.crypto java.se java.smartcardio jdk.accessibility jdk.internal.jvmstat jdk.attach jdk.charsets jdk.internal.opt jdk.zipfs jdk.compiler jdk.crypto.cryptoki jdk.crypto.ec jdk.crypto.mscapi jdk.dynalink jdk.internal.ed jdk.editpad jdk.internal.vm.ci jdk.graal.compiler jdk.graal.compiler.management jdk.hotspot.agent jdk.httpserver jdk.incubator.vector jdk.internal.le jdk.internal.md jdk.jartool jdk.javadoc jdk.jcmd jdk.management jdk.management.agent jdk.jconsole jdk.jdeps jdk.jdwp.agent jdk.jdi jdk.jfr jdk.jlink jdk.jpackage jdk.jshell jdk.jstatd jdk.localedata jdk.management.jfr jdk.naming.dns jdk.naming.rmi jdk.net jdk.nio.mapmode jdk.sctp jdk.security.auth jdk.security.jgss jdk.unsupported jdk.unsupported.desktop jdk.xml.dom" 
OS_ARCH="x86_64" 
OS_NAME="Windows" 
SOURCE=".:git:1cafccec39fb" 
BUILD_SOURCE="git:a612825ee82a20ac872d60958c349854c1f29a8e"
BUILD_SOURCE_REPO="https://github.com/adoptium/temurin-build.git"
SOURCE_REPO="https://github.com/adoptium/jdk26u.git"
FULL_VERSION="26.0.1+8"
SEMANTIC_VERSION="26.0.1+8"
BUILD_INFO="OS: Windows Server 2022 Version: 10.0"
JVM_VARIANT="Hotspot"
JVM_VERSION="26.0.1+8"
IMAGE_TYPE="JDK"

Environment Variables:
JAVA_HOME=C:\Program Files\Apache NetBeans\jdk
PATH=C:\Program Files (x86)\Common Files\Oracle\Java\javapath;C:\WINDOWS\system32;C:\WINDOWS;C:\WINDOWS\System32\Wbem;C:\WINDOWS\System32\WindowsPowerShell\v1.0\;C:\WINDOWS\System32\OpenSSH\;C:\Program Files (x86)\NVIDIA Corporation\PhysX\Common;C:\Program Files\NVIDIA Corporation\NVIDIA NvDLISR;C:\Program Files\dotnet\;C:\Program Files\Git\cmd;C:\Users\DVDSTORE\AppData\Local\Microsoft\WindowsApps;C:\Users\DVDSTORE\AppData\Local\Programs\Microsoft VS Code\bin;;C:\Program Files\Apache NetBeans\bin\
USERNAME=DVDSTORE
OS=Windows_NT
PROCESSOR_IDENTIFIER=Intel64 Family 6 Model 151 Stepping 5, GenuineIntel
TMP=C:\Users\DVDSTORE\AppData\Local\Temp
TEMP=C:\Users\DVDSTORE\AppData\Local\Temp




Compilation memory statistics disabled.

Periodic native trim disabled

---------------  S Y S T E M  ---------------

OS:
 Windows 11 , 64 bit Build 26100 (10.0.26100.8875)
OS uptime: 3 days 17:10 hours

CPU: total 12 (initial active 12) (6 cores per cpu, 2 threads per core) family 6 model 151 stepping 5 microcode 0x2d, cx8, cmov, fxsr, ht, mmx, 3dnowpref, sse, sse2, sse3, ssse3, sse4.1, sse4.2, popcnt, lzcnt, tsc, tscinvbit, avx, avx2, aes, erms, clmul, bmi1, bmi2, adx, sha, fma, vzeroupper, clflush, clflushopt, clwb, serialize, rdtscp, rdpid, fsrm, gfni, f16c, pku, cet_ibt, cet_ss
Processor Information for the first 12 processors :
  Max Mhz: 2500, Current Mhz: 2500, Mhz Limit: 2500

Memory: 4k page, system-wide physical 16237M (1997M free)
TotalPageFile size 28525M (AvailPageFile size 375M)
current process WorkingSet (physical memory assigned to process): 69M, peak: 69M
current process commit charge ("private bytes"): 129M, peak: 131M

vm_info: OpenJDK 64-Bit Server VM (26.0.1+8) for windows-amd64 JRE (26.0.1+8), built on 2026-04-21T00:00:00Z with MS VC++ 17.12 (VS2022)

END.
