#
# There is insufficient memory for the Java Runtime Environment to continue.
# Native memory allocation (malloc) failed to allocate 8878104 bytes. Error detail: Chunk::new
# Possible reasons:
#   The system is out of physical RAM or swap space
#   This process is running with CompressedOops enabled, and the Java Heap may be blocking the growth of the native heap
# Possible solutions:
#   Reduce memory load on the system
#   Increase physical memory or swap space
#   Check if swap backing store is full
#   Decrease Java heap size (-Xmx/-Xms)
#   Decrease number of Java threads
#   Decrease Java thread stack sizes (-Xss)
#   Set larger code cache with -XX:ReservedCodeCacheSize=
#   JVM is running with Zero Based Compressed Oops mode in which the Java heap is
#     placed in the first 32GB address space. The Java Heap base address is the
#     maximum limit for the native heap growth. Please use -XX:HeapBaseMinAddress
#     to set the Java Heap base and to place the Java Heap above 32GB virtual address.
# This output file may be truncated or incomplete.
#
#  Out of Memory Error (arena.cpp:193), pid=58620, tid=60520
#
# JRE version: OpenJDK Runtime Environment Temurin-26.0.1+8 (26.0.1+8) (build 26.0.1+8)
# Java VM: OpenJDK 64-Bit Server VM Temurin-26.0.1+8 (26.0.1+8, mixed mode, sharing, tiered, compressed oops, compressed class ptrs, g1 gc, windows-amd64)
# No core dump will be written. Minidumps are not enabled by default on client versions of Windows
#

---------------  S U M M A R Y ------------

Command Line: --enable-native-access=ALL-UNNAMED -Dclassworlds.conf=C:\Program Files\Apache NetBeans\java\maven\bin\m2.conf -Dmaven.home=C:\Program Files\Apache NetBeans\java\maven -Dlibrary.jansi.path=C:\Program Files\Apache NetBeans\java\maven\lib\jansi-native -Dmaven.multiModuleProjectDirectory=C:\Users\DVDSTORE\Desktop\LeetCode\ArrayList\ArrayList org.codehaus.plexus.classworlds.launcher.Launcher -Dexec.vmArgs= -Dexec.args=${exec.vmArgs} -classpath %classpath ${exec.mainClass} ${exec.appArgs} -Dexec.appArgs= -Dexec.mainClass=com.mycompany.arraylist.Driver -Dexec.executable=C:\Program Files\Apache NetBeans\jdk\bin\java.exe -Dmaven.ext.class.path=C:\Program Files\Apache NetBeans\java\maven-nblib\netbeans-eventspy.jar --no-transfer-progress process-classes org.codehaus.mojo:exec-maven-plugin:3.5.1:exec

Host: 12th Gen Intel(R) Core(TM) i5-12400F, 12 cores, 15G,  Windows 11 , 64 bit Build 26100 (10.0.26100.8875)
Time: Wed Aug 19 09:14:36 2026 Egypt Daylight Time elapsed time: 17.642034 seconds (0d 0h 0m 17s)

---------------  T H R E A D  ---------------

Current thread (0x00000155af5ec250):  JavaThread "C2 CompilerThread0" daemon [_thread_in_native, id=60520, stack(0x0000003bffd00000,0x0000003bffe00000) (1024K)]


Current CompileTask:
C2:17642 1281   !   4       sun.nio.cs.StreamDecoder::read (220 bytes)

Stack: [0x0000003bffd00000,0x0000003bffe00000]
Native frames: (J=compiled Java code, j=interpreted, Vv=VM code, C=native code)
V  [jvm.dll+0x7db749]  (no source info available)
V  [jvm.dll+0x7a82bd]  (no source info available)
V  [jvm.dll+0xa44a60]  (no source info available)
V  [jvm.dll+0xa46eb1]  (no source info available)
V  [jvm.dll+0xa475c3]  (no source info available)
V  [jvm.dll+0x311a96]  (no source info available)
V  [jvm.dll+0x120316]  (no source info available)
V  [jvm.dll+0x12063e]  (no source info available)
V  [jvm.dll+0x1b2836]  (no source info available)
V  [jvm.dll+0x3ce802]  (no source info available)
V  [jvm.dll+0x7e430f]  (no source info available)
V  [jvm.dll+0x2d4597]  (no source info available)
V  [jvm.dll+0x2d350f]  (no source info available)
V  [jvm.dll+0x249670]  (no source info available)
V  [jvm.dll+0x2e363c]  (no source info available)
V  [jvm.dll+0x2e181d]  (no source info available)
V  [jvm.dll+0x4a82ae]  (no source info available)
V  [jvm.dll+0x9e3039]  (no source info available)
V  [jvm.dll+0x7dd228]  (no source info available)
C  [ucrtbase.dll+0x2cd30]  (no source info available)
C  [KERNEL32.DLL+0x2e957]  (no source info available)
C  [ntdll.dll+0xaad6c]  (no source info available)

Lock stack of current Java thread (top to bottom):


---------------  P R O C E S S  ---------------

Threads class SMR info:
_java_thread_list=0x000001558f3e82b0, length=13, elements={
0x000001558d055060, 0x00000155af5dda70, 0x00000155af5de4c0, 0x00000155af5e0d40,
0x00000155af5e18f0, 0x00000155af5e34b0, 0x00000155af5e87e0, 0x00000155af5ec250,
0x00000155af5f0a60, 0x00000155af63b2f0, 0x00000155af63fab0, 0x00000155b405f740,
0x00000155b463e100
}

Java Threads: ( => current thread )
  0x000001558d055060 JavaThread "main"                              [_thread_in_native, id=59164, stack(0x0000003bfee00000,0x0000003bfef00000) (1024K)]
  0x00000155af5dda70 JavaThread "Reference Handler"          daemon [_thread_blocked, id=60492, stack(0x0000003bff700000,0x0000003bff800000) (1024K)]
  0x00000155af5de4c0 JavaThread "Finalizer"                  daemon [_thread_blocked, id=60500, stack(0x0000003bff800000,0x0000003bff900000) (1024K)]
  0x00000155af5e0d40 JavaThread "Signal Dispatcher"          daemon [_thread_blocked, id=60504, stack(0x0000003bff900000,0x0000003bffa00000) (1024K)]
  0x00000155af5e18f0 JavaThread "Attach Listener"            daemon [_thread_blocked, id=60508, stack(0x0000003bffa00000,0x0000003bffb00000) (1024K)]
  0x00000155af5e34b0 JavaThread "Service Thread"             daemon [_thread_blocked, id=60512, stack(0x0000003bffb00000,0x0000003bffc00000) (1024K)]
  0x00000155af5e87e0 JavaThread "Monitor Deflation Thread"   daemon [_thread_blocked, id=60516, stack(0x0000003bffc00000,0x0000003bffd00000) (1024K)]
=>0x00000155af5ec250 JavaThread "C2 CompilerThread0"         daemon [_thread_in_native, id=60520, stack(0x0000003bffd00000,0x0000003bffe00000) (1024K)]
  0x00000155af5f0a60 JavaThread "C1 CompilerThread0"         daemon [_thread_blocked, id=60524, stack(0x0000003bffe00000,0x0000003bfff00000) (1024K)]
  0x00000155af63b2f0 JavaThread "Notification Thread"        daemon [_thread_blocked, id=60588, stack(0x0000003bfff00000,0x0000003c00000000) (1024K)]
  0x00000155af63fab0 JavaThread "Common-Cleaner"             daemon [_thread_blocked, id=60596, stack(0x0000003b80000000,0x0000003b80100000) (1024K)]
  0x00000155b405f740 JavaThread "C2 CompilerThread1"         daemon [_thread_blocked, id=57264, stack(0x0000003b80700000,0x0000003b80800000) (1024K)]
  0x00000155b463e100 JavaThread "C2 CompilerThread2"         daemon [_thread_blocked, id=50352, stack(0x0000003b80800000,0x0000003b80900000) (1024K)]
Total: 13

Other Threads:
  0x00000155af5ccbf0 VMThread "VM Thread"                           [id=60392, stack(0x0000003bff600000,0x0000003bff700000) (1024K)]
  0x00000155af493370 WatcherThread "VM Periodic Task Thread"        [id=60388, stack(0x0000003bff500000,0x0000003bff600000) (1024K)]
  0x000001558f3df500 WorkerThread "GC Thread#0"                     [id=59556, stack(0x0000003bfef00000,0x0000003bff000000) (1024K)]
  0x00000155b43b09b0 WorkerThread "GC Thread#1"                     [id=60576, stack(0x0000003b80200000,0x0000003b80300000) (1024K)]
  0x00000155b4819730 WorkerThread "GC Thread#2"                     [id=59008, stack(0x0000003b80300000,0x0000003b80400000) (1024K)]
  0x000001558f3f8260 ConcurrentGCThread "G1 Main Marker"            [id=59560, stack(0x0000003bff000000,0x0000003bff100000) (1024K)]
  0x000001558f3f95f0 WorkerThread "G1 Conc#0"                       [id=59564, stack(0x0000003bff100000,0x0000003bff200000) (1024K)]
  0x00000155b48578c0 WorkerThread "G1 Conc#1"                       [id=52556, stack(0x0000003b80400000,0x0000003b80500000) (1024K)]
  0x00000155b485c780 WorkerThread "G1 Conc#2"                       [id=53388, stack(0x0000003b80500000,0x0000003b80600000) (1024K)]
  0x000001558f418a70 WorkerThread "G1 Refinement Workers#0"         [id=59572, stack(0x0000003bff300000,0x0000003bff400000) (1024K)]
  0x000001558f4180b0 ConcurrentGCThread "G1 Refine Control"         [id=59568, stack(0x0000003bff200000,0x0000003bff300000) (1024K)]
  0x000001558f419830 ConcurrentGCThread "G1 Service"                [id=59576, stack(0x0000003bff400000,0x0000003bff500000) (1024K)]
Total: 12

Threads with active compile tasks:
C2 CompilerThread0  21840 1281   !   4       sun.nio.cs.StreamDecoder::read (220 bytes)
Total: 1

VM state: not at safepoint (normal execution)

VM Mutex/Monitor currently owned by a thread: None

Heap address: 0x0000000702400000, size: 4060 MB, Compressed Oops mode: Zero based, Oop shift amount: 3

CDS archive(s) mapped at: [0x000000009e000000-0x000000009ede0000-0x000000009ede0000), size 14548992, SharedBaseAddress: 0x000000009e000000, ArchiveRelocationMode: 1.
Compressed class space mapped at: 0x000000009f000000-0x00000000df000000, reserved size: 1073741824
UseCompressedClassPointers 1, UseCompactObjectHeaders 0
Narrow klass pointer bits 32, Max shift 3
Narrow klass base: 0x000000009e000000, Narrow klass shift: 0
Encoding Range: [0x000000009e000000 - 0x000000019e000000), (4294967296 bytes)
Klass Range:    [0x000000009e000000 - 0x00000000df000000), (1090519040 bytes)
Klass ID Range:  [8 - 1090519033) (1090519025)
Protection zone: [0x000000009e000000 - 0x000000009e010000), (65536 bytes)

GC Precious Log:
 CardTable entry size: 512
 Card Set container configuration: InlinePtr #cards 4 size 8 Array Of Cards #cards 16 size 48 Howl #buckets 8 coarsen threshold 3686 Howl Bitmap #cards 512 size 80 coarsen threshold 460 Card regions per heap region 1 cards per card region 4096
 CPUs: 12 total, 12 available
 Memory: 16237M
 Large Page Support: Disabled
 NUMA Support: Disabled
 Compressed Oops: Enabled (Zero based)
 Heap Region Size: 2M
 Heap Min Capacity: 8M
 Heap Initial Capacity: 8M
 Heap Max Capacity: 4060M
 Pre-touch: Disabled
 Parallel Workers: 10
 Concurrent Workers: 3
 Concurrent Refinement Workers: 10
 Periodic GC: Disabled

Heap:
 garbage-first heap   total reserved 4157440K, committed 12288K, used 6496K [0x0000000702400000, 0x0000000800000000)
  region size 2M, 2 eden (4M), 1 survivor (2M), 2 old (4M), 0 humongous (0M), 1 free (2M)

Heap Regions: E=young(eden), S=young(survivor), O=old, HS=humongous(starts), HC=humongous(continues), CS=collection set, F=free, TAMS=top-at-mark-start, PB=parsable bottom
|    0|0x0000000702400000, 0x0000000702600000, 0x0000000702600000|100%| O|  |TAMS 0x0000000702400000| PB 0x0000000702400000| Untracked |  0
|    1|0x0000000702600000, 0x000000070271dab8, 0x0000000702800000| 55%| S|CS|TAMS 0x0000000702600000| PB 0x0000000702600000| Complete  |  0
|    2|0x0000000702800000, 0x0000000702800000, 0x0000000702a00000|  0%| F|  |TAMS 0x0000000702800000| PB 0x0000000702800000| Untracked |  0
|    3|0x0000000702a00000, 0x0000000702ac8868, 0x0000000702c00000| 39%| E|CS|TAMS 0x0000000702a00000| PB 0x0000000702a00000| Complete  |  0
| 2028|0x00000007ffc00000, 0x00000007ffd3a7c8, 0x00000007ffe00000| 61%| O|  |TAMS 0x00000007ffc00000| PB 0x00000007ffc00000| Untracked |  0
| 2029|0x00000007ffe00000, 0x0000000800000000, 0x0000000800000000|100%| E|CS|TAMS 0x00000007ffe00000| PB 0x00000007ffe00000| Complete  |  0

Card table byte_map: [0x00000155a87b0000,0x00000155a8fa0000] _byte_map_base: 0x00000155a4f9e000
Refinement table byte_map: [0x00000155a7fc0000,0x00000155a87b0000] _byte_map_base: 0x00000155a47ae000

Marking Bits: (CMBitMap*) 0x000001558f3dfc80
 Bits: [0x00000155a8fa0000, 0x00000155acf10000)

Polling page: 0x000001558e990000

Metaspace:
Metaspace        used 5783K, committed 6016K, reserved 1114112K
 class space     used 712K, committed 832K, reserved 1048576K

Usage:
  Non-class:      4.95 MB used.
      Class:    712.80 KB used.
       Both:      5.65 MB used.

Virtual space:
  Non-class space:       64.00 MB reserved,       5.06 MB (  8%) committed,  1 nodes.
      Class space:        1.00 GB reserved,     832.00 KB ( <1%) committed,  1 nodes.
             Both:        1.06 GB reserved,       5.88 MB ( <1%) committed. 

Chunk freelists:
   Non-Class:  9.09 MB
       Class:  15.23 MB
        Both:  24.33 MB

MaxMetaspaceSize: unlimited
CompressedClassSpaceSize: 1.00 GB
Initial GC threshold: 21.00 MB
Current GC threshold: 21.00 MB
CDS: on
 - commit_granule_bytes: 65536.
 - commit_granule_words: 8192.
 - virtual_space_node_default_size: 8388608.
 - enlarge_chunks_in_place: 1.
UseCompressedClassPointers 1, UseCompactObjectHeaders 0
Narrow klass pointer bits 32, Max shift 3
Narrow klass base: 0x000000009e000000, Narrow klass shift: 0
Encoding Range: [0x000000009e000000 - 0x000000019e000000), (4294967296 bytes)
Klass Range:    [0x000000009e000000 - 0x00000000df000000), (1090519040 bytes)
Klass ID Range:  [8 - 1090519033) (1090519025)
Protection zone: [0x000000009e000000 - 0x000000009e010000), (65536 bytes)


Internal statistics:

num_allocs_failed_limit: 0.
num_arena_births: 54.
num_arena_deaths: 0.
num_vsnodes_births: 2.
num_vsnodes_deaths: 0.
num_space_committed: 94.
num_space_uncommitted: 0.
num_chunks_returned_to_freelist: 0.
num_chunks_taken_from_freelist: 231.
num_chunk_merges: 0.
num_chunk_splits: 145.
num_chunks_enlarged: 115.
num_inconsistent_stats: 0.

CodeHeap 'non-profiled nmethods': size=120064Kb used=444Kb max_used=444Kb free=119619Kb
 bounds [0x000001559fd40000, 0x000001559ffb0000, 0x00000155a7280000]
CodeHeap 'profiled nmethods': size=120064Kb used=2032Kb max_used=2032Kb free=118032Kb
 bounds [0x0000015598260000, 0x00000155984d0000, 0x000001559f7a0000]
CodeHeap 'non-nmethods': size=5760Kb used=1354Kb max_used=1382Kb free=4405Kb
 bounds [0x000001559f7a0000, 0x000001559fa10000, 0x000001559fd40000]
CodeCache: size=245888Kb, used=3830Kb, max_used=3858Kb, free=242056Kb
 total_blobs=1862, nmethods=1395, adapters=371, full_count=0
Compilation: enabled, stopped_count=0, restarted_count=0

Compilation events (20 events):
Event: 15.592 Thread 0x00000155b405f740 nmethod 1277 0x000001559fd99888 code [0x000001559fd99980, 0x000001559fd99a08]
Event: 15.592 Thread 0x00000155b405f740 1279   !   4       java.nio.CharBuffer::wrap (21 bytes)
Event: 15.593 Thread 0x00000155af5ec250 nmethod 1278 0x000001559fd99b88 code [0x000001559fd99c80, 0x000001559fd99de8]
Event: 15.593 Thread 0x00000155af5ec250 1281   !   4       sun.nio.cs.StreamDecoder::read (220 bytes)
Event: 15.594 Thread 0x00000155b405f740 nmethod 1279 0x000001559fd99e88 code [0x000001559fd99f80, 0x000001559fd9a1e0]
Event: 15.594 Thread 0x00000155b405f740 1282       4       org.codehaus.plexus.util.xml.XmlReader::read (11 bytes)
Event: 15.594 Thread 0x00000155af5f0a60 nmethod 1276 0x0000015598431708 code [0x0000015598431800, 0x0000015598436c60]
Event: 15.609 Thread 0x00000155af5f0a60 1288       1       org.codehaus.plexus.util.xml.pull.MXParser::getDepth (5 bytes)
Event: 15.609 Thread 0x00000155af5f0a60 nmethod 1288 0x000001559fd9a208 code [0x000001559fd9a300, 0x000001559fd9a3b8]
Event: 15.620 Thread 0x00000155af5f0a60 1289       3       org.codehaus.plexus.util.xml.pull.MXParser::nextText (107 bytes)
Event: 15.621 Thread 0x00000155af5f0a60 nmethod 1289 0x0000015598436c88 code [0x0000015598436d80, 0x0000015598437ab8]
Event: 15.625 Thread 0x00000155af5f0a60 1290       3       java.util.Collections::emptyMap (4 bytes)
Event: 15.626 Thread 0x00000155af5f0a60 nmethod 1290 0x0000015598437b08 code [0x0000015598437c00, 0x0000015598437ce0]
Event: 16.637 Thread 0x00000155af5f0a60 1291 %     3       org.codehaus.plexus.util.InterpolationFilterReader::read @ 3 (48 bytes)
Event: 16.638 Thread 0x00000155af5f0a60 nmethod 1291% 0x0000015598437e08 code [0x0000015598437f00, 0x00000155984382d0]
Event: 16.638 Thread 0x00000155af5f0a60 1292       3       org.codehaus.plexus.util.InterpolationFilterReader::read (48 bytes)
Event: 16.638 Thread 0x00000155af5f0a60 nmethod 1292 0x0000015598438308 code [0x0000015598438400, 0x00000155984386e8]
Event: 16.638 Thread 0x00000155af5f0a60 1293       3       org.fusesource.jansi.internal.JansiLoader$1::accept (26 bytes)
Event: 16.639 Thread 0x00000155af5f0a60 nmethod 1293 0x0000015598438708 code [0x0000015598438800, 0x0000015598439090]
Event: 17.638 Thread 0x00000155b463e100 1284       4       org.codehaus.plexus.util.InterpolationFilterReader::read (477 bytes)

GC Heap Usage History (18 events):
Event: 4.473 {heap Before GC invocations=0 (full 0):
 garbage-first heap   total reserved 4157440K, committed 10240K, used 3230K [0x0000000702400000, 0x0000000800000000)
  region size 2M, 2 eden (4M), 0 survivor (0M), 1 old (2M), 0 humongous (0M), 2 free (4M)
}
Event: 4.520 {heap After GC invocations=1 (full 0):
 garbage-first heap   total reserved 4157440K, committed 10240K, used 2686K [0x0000000702400000, 0x0000000800000000)
  region size 2M, 0 eden (0M), 1 survivor (2M), 1 old (2M), 0 humongous (0M), 3 free (6M)
}
Event: 6.760 {heap Before GC invocations=1 (full 0):
 garbage-first heap   total reserved 4157440K, committed 10240K, used 4734K [0x0000000702400000, 0x0000000800000000)
  region size 2M, 1 eden (2M), 1 survivor (2M), 1 old (2M), 0 humongous (0M), 2 free (4M)
}
Event: 6.761 {heap After GC invocations=2 (full 0):
 garbage-first heap   total reserved 4157440K, committed 10240K, used 3033K [0x0000000702400000, 0x0000000800000000)
  region size 2M, 0 eden (0M), 1 survivor (2M), 2 old (4M), 0 humongous (0M), 2 free (4M)
}
Event: 6.991 {heap Before GC invocations=2 (full 0):
 garbage-first heap   total reserved 4157440K, committed 10240K, used 5081K [0x0000000702400000, 0x0000000800000000)
  region size 2M, 1 eden (2M), 1 survivor (2M), 2 old (4M), 0 humongous (0M), 1 free (2M)
}
Event: 6.993 {heap After GC invocations=3 (full 0):
 garbage-first heap   total reserved 4157440K, committed 10240K, used 3537K [0x0000000702400000, 0x0000000800000000)
  region size 2M, 0 eden (0M), 1 survivor (2M), 2 old (4M), 0 humongous (0M), 2 free (4M)
}
Event: 7.926 {heap Before GC invocations=3 (full 0):
 garbage-first heap   total reserved 4157440K, committed 10240K, used 5585K [0x0000000702400000, 0x0000000800000000)
  region size 2M, 1 eden (2M), 1 survivor (2M), 2 old (4M), 0 humongous (0M), 1 free (2M)
}
Event: 7.927 {heap After GC invocations=4 (full 0):
 garbage-first heap   total reserved 4157440K, committed 10240K, used 3850K [0x0000000702400000, 0x0000000800000000)
  region size 2M, 0 eden (0M), 1 survivor (2M), 2 old (4M), 0 humongous (0M), 2 free (4M)
}
Event: 8.603 {heap Before GC invocations=4 (full 0):
 garbage-first heap   total reserved 4157440K, committed 10240K, used 5898K [0x0000000702400000, 0x0000000800000000)
  region size 2M, 1 eden (2M), 1 survivor (2M), 2 old (4M), 0 humongous (0M), 1 free (2M)
}
Event: 8.605 {heap After GC invocations=5 (full 0):
 garbage-first heap   total reserved 4157440K, committed 10240K, used 4100K [0x0000000702400000, 0x0000000800000000)
  region size 2M, 0 eden (0M), 1 survivor (2M), 2 old (4M), 0 humongous (0M), 2 free (4M)
}
Event: 9.280 {heap Before GC invocations=5 (full 0):
 garbage-first heap   total reserved 4157440K, committed 10240K, used 4100K [0x0000000702400000, 0x0000000800000000)
  region size 2M, 1 eden (2M), 1 survivor (2M), 2 old (4M), 0 humongous (0M), 1 free (2M)
}
Event: 9.284 {heap After GC invocations=6 (full 0):
 garbage-first heap   total reserved 4157440K, committed 12288K, used 4145K [0x0000000702400000, 0x0000000800000000)
  region size 2M, 0 eden (0M), 1 survivor (2M), 3 old (6M), 0 humongous (0M), 2 free (4M)
}
Event: 10.032 {heap Before GC invocations=7 (full 0):
 garbage-first heap   total reserved 4157440K, committed 12288K, used 6193K [0x0000000702400000, 0x0000000800000000)
  region size 2M, 1 eden (2M), 1 survivor (2M), 3 old (6M), 0 humongous (0M), 1 free (2M)
}
Event: 10.035 {heap After GC invocations=8 (full 0):
 garbage-first heap   total reserved 4157440K, committed 12288K, used 4210K [0x0000000702400000, 0x0000000800000000)
  region size 2M, 0 eden (0M), 1 survivor (2M), 3 old (6M), 0 humongous (0M), 2 free (4M)
}
Event: 15.172 {heap Before GC invocations=8 (full 0):
 garbage-first heap   total reserved 4157440K, committed 12288K, used 6258K [0x0000000702400000, 0x0000000800000000)
  region size 2M, 1 eden (2M), 1 survivor (2M), 3 old (6M), 0 humongous (0M), 1 free (2M)
}
Event: 15.227 {heap After GC invocations=9 (full 0):
 garbage-first heap   total reserved 4157440K, committed 12288K, used 4386K [0x0000000702400000, 0x0000000800000000)
  region size 2M, 0 eden (0M), 1 survivor (2M), 2 old (4M), 0 humongous (0M), 3 free (6M)
}
Event: 16.635 {heap Before GC invocations=9 (full 0):
 garbage-first heap   total reserved 4157440K, committed 12288K, used 8482K [0x0000000702400000, 0x0000000800000000)
  region size 2M, 2 eden (4M), 1 survivor (2M), 2 old (4M), 0 humongous (0M), 1 free (2M)
}
Event: 16.637 {heap After GC invocations=10 (full 0):
 garbage-first heap   total reserved 4157440K, committed 12288K, used 4448K [0x0000000702400000, 0x0000000800000000)
  region size 2M, 0 eden (0M), 1 survivor (2M), 2 old (4M), 0 humongous (0M), 3 free (6M)
}

Metaspace Usage History (18 events):
Event: 4.473 {metaspace Before GC invocations=0 (full 0):
 Metaspace       used 1086K, committed 1216K, reserved 1114112K
  class space    used 88K, committed 128K, reserved 1048576K
}
Event: 4.520 {metaspace After GC invocations=1 (full 0):
 Metaspace       used 1086K, committed 1216K, reserved 1114112K
  class space    used 88K, committed 128K, reserved 1048576K
}
Event: 6.760 {metaspace Before GC invocations=1 (full 0):
 Metaspace       used 2045K, committed 2176K, reserved 1114112K
  class space    used 187K, committed 256K, reserved 1048576K
}
Event: 6.761 {metaspace After GC invocations=2 (full 0):
 Metaspace       used 2045K, committed 2176K, reserved 1114112K
  class space    used 187K, committed 256K, reserved 1048576K
}
Event: 6.991 {metaspace Before GC invocations=2 (full 0):
 Metaspace       used 2518K, committed 2752K, reserved 1114112K
  class space    used 237K, committed 320K, reserved 1048576K
}
Event: 6.993 {metaspace After GC invocations=3 (full 0):
 Metaspace       used 2518K, committed 2752K, reserved 1114112K
  class space    used 237K, committed 320K, reserved 1048576K
}
Event: 7.926 {metaspace Before GC invocations=3 (full 0):
 Metaspace       used 3047K, committed 3200K, reserved 1114112K
  class space    used 305K, committed 384K, reserved 1048576K
}
Event: 7.927 {metaspace After GC invocations=4 (full 0):
 Metaspace       used 3047K, committed 3200K, reserved 1114112K
  class space    used 305K, committed 384K, reserved 1048576K
}
Event: 8.603 {metaspace Before GC invocations=4 (full 0):
 Metaspace       used 3778K, committed 3904K, reserved 1114112K
  class space    used 399K, committed 448K, reserved 1048576K
}
Event: 8.605 {metaspace After GC invocations=5 (full 0):
 Metaspace       used 3778K, committed 3904K, reserved 1114112K
  class space    used 399K, committed 448K, reserved 1048576K
}
Event: 9.280 {metaspace Before GC invocations=5 (full 0):
 Metaspace       used 4577K, committed 4672K, reserved 1114112K
  class space    used 511K, committed 576K, reserved 1048576K
}
Event: 9.284 {metaspace After GC invocations=6 (full 0):
 Metaspace       used 4577K, committed 4672K, reserved 1114112K
  class space    used 511K, committed 576K, reserved 1048576K
}
Event: 10.032 {metaspace Before GC invocations=7 (full 0):
 Metaspace       used 5088K, committed 5184K, reserved 1114112K
  class space    used 606K, committed 640K, reserved 1048576K
}
Event: 10.035 {metaspace After GC invocations=8 (full 0):
 Metaspace       used 5088K, committed 5184K, reserved 1114112K
  class space    used 606K, committed 640K, reserved 1048576K
}
Event: 15.172 {metaspace Before GC invocations=8 (full 0):
 Metaspace       used 5442K, committed 5632K, reserved 1114112K
  class space    used 654K, committed 768K, reserved 1048576K
}
Event: 15.227 {metaspace After GC invocations=9 (full 0):
 Metaspace       used 5442K, committed 5632K, reserved 1114112K
  class space    used 654K, committed 768K, reserved 1048576K
}
Event: 16.635 {metaspace Before GC invocations=9 (full 0):
 Metaspace       used 5573K, committed 5760K, reserved 1114112K
  class space    used 680K, committed 768K, reserved 1048576K
}
Event: 16.637 {metaspace After GC invocations=10 (full 0):
 Metaspace       used 5573K, committed 5760K, reserved 1114112K
  class space    used 680K, committed 768K, reserved 1048576K
}

Dll operation events (14 events):
Event: 0.487 Attempting to load shared library C:\Program Files\Apache NetBeans\jdk\bin\java.dll
Event: 0.489 Loaded shared library C:\Program Files\Apache NetBeans\jdk\bin\java.dll
Event: 1.930 Attempting to load shared library C:\Program Files\Apache NetBeans\jdk\bin\net.dll
Event: 2.598 Loaded shared library C:\Program Files\Apache NetBeans\jdk\bin\net.dll
Event: 2.759 Attempting to load shared library C:\Program Files\Apache NetBeans\jdk\bin\nio.dll
Event: 2.760 Loaded shared library C:\Program Files\Apache NetBeans\jdk\bin\nio.dll
Event: 2.765 Attempting to load shared library C:\Program Files\Apache NetBeans\jdk\bin\zip.dll
Event: 2.765 Loaded shared library C:\Program Files\Apache NetBeans\jdk\bin\zip.dll
Event: 3.364 Attempting to load shared library C:\Program Files\Apache NetBeans\java\maven\lib\jansi-native\Windows\x86_64\jansi.dll
Event: 3.365 Loaded shared library C:\Program Files\Apache NetBeans\java\maven\lib\jansi-native\Windows\x86_64\jansi.dll
Event: 3.377 Attempting to load shared library C:\Program Files\Apache NetBeans\jdk\bin\verify.dll
Event: 3.377 Loaded shared library C:\Program Files\Apache NetBeans\jdk\bin\verify.dll
Event: 6.267 Attempting to load shared library C:\Program Files\Apache NetBeans\jdk\bin\jimage.dll
Event: 6.267 Loaded shared library C:\Program Files\Apache NetBeans\jdk\bin\jimage.dll

Deoptimization events (20 events):
Event: 15.322 Thread 0x000001558d055060 DEOPT UNPACKING pc=0x000001559f837602 sp=0x0000003bfeefde60 mode 2
Event: 15.322 Thread 0x000001558d055060 Uncommon trap: trap_request=0xffffff45 fr.pc=0x000001559fd9608c relative=0x000000000000020c
Event: 15.322 Thread 0x000001558d055060 Uncommon trap: reason=unstable_if action=reinterpret pc=0x000001559fd9608c method=java.io.Reader.read()I @ 12 c2
Event: 15.322 Thread 0x000001558d055060 DEOPT PACKING pc=0x000001559fd9608c sp=0x0000003bfeefe200
Event: 15.322 Thread 0x000001558d055060 DEOPT UNPACKING pc=0x000001559f837602 sp=0x0000003bfeefe110 mode 2
Event: 15.587 Thread 0x000001558d055060 Uncommon trap: trap_request=0xffffffde fr.pc=0x000001559fd96f7c relative=0x00000000000000fc
Event: 15.587 Thread 0x000001558d055060 Uncommon trap: reason=class_check action=maybe_recompile pc=0x000001559fd96f7c method=java.nio.Buffer.<init>(IIIILjava/lang/foreign/MemorySegment;)V @ 39 c2
Event: 15.587 Thread 0x000001558d055060 DEOPT PACKING pc=0x000001559fd96f7c sp=0x0000003bfeefe340
Event: 15.587 Thread 0x000001558d055060 DEOPT UNPACKING pc=0x000001559f837602 sp=0x0000003bfeefe2f8 mode 2
Event: 15.587 Thread 0x000001558d055060 Uncommon trap: trap_request=0xffffffde fr.pc=0x000001559fd96f7c relative=0x00000000000000fc
Event: 15.587 Thread 0x000001558d055060 Uncommon trap: reason=class_check action=maybe_recompile pc=0x000001559fd96f7c method=java.nio.Buffer.<init>(IIIILjava/lang/foreign/MemorySegment;)V @ 39 c2
Event: 15.587 Thread 0x000001558d055060 DEOPT PACKING pc=0x000001559fd96f7c sp=0x0000003bfeefe2d0
Event: 15.587 Thread 0x000001558d055060 DEOPT UNPACKING pc=0x000001559f837602 sp=0x0000003bfeefe288 mode 2
Event: 15.591 Thread 0x000001558d055060 Uncommon trap: trap_request=0xffffffde fr.pc=0x000001559fd96f7c relative=0x00000000000000fc
Event: 15.591 Thread 0x000001558d055060 Uncommon trap: reason=class_check action=maybe_recompile pc=0x000001559fd96f7c method=java.nio.Buffer.<init>(IIIILjava/lang/foreign/MemorySegment;)V @ 39 c2
Event: 15.591 Thread 0x000001558d055060 DEOPT PACKING pc=0x000001559fd96f7c sp=0x0000003bfeefe1e0
Event: 15.591 Thread 0x000001558d055060 DEOPT UNPACKING pc=0x000001559f837602 sp=0x0000003bfeefe198 mode 2
Event: 16.638 Thread 0x00000155b4473000 Uncommon trap: trap_request=0xffffff45 fr.pc=0x000001559fd79cc4 relative=0x00000000000002c4
Event: 16.638 Thread 0x00000155b4473000 Uncommon trap: reason=unstable_if action=reinterpret pc=0x000001559fd79cc4 method=jdk.internal.util.ArraysSupport.mismatch([BI[BII)I @ 55 c2
Event: 16.638 Thread 0x00000155b4473000 DEOPT PACKING pc=0x000001559fd79cc4 sp=0x0000003b801fef30

Classes loaded (20 events):
Event: 10.245 Loading class sun/reflect/generics/scope/ClassScope
Event: 10.245 Loading class sun/reflect/generics/scope/Scope
Event: 10.245 Loading class sun/reflect/generics/scope/Scope done
Event: 10.245 Loading class sun/reflect/generics/scope/AbstractScope
Event: 10.246 Loading class sun/reflect/generics/scope/AbstractScope done
Event: 10.246 Loading class sun/reflect/generics/scope/ClassScope done
Event: 10.246 Loading class sun/reflect/generics/factory/CoreReflectionFactory
Event: 10.246 Loading class sun/reflect/generics/factory/GenericsFactory
Event: 10.246 Loading class sun/reflect/generics/factory/GenericsFactory done
Event: 10.246 Loading class sun/reflect/generics/factory/CoreReflectionFactory done
Event: 10.246 Loading class sun/reflect/generics/tree/TypeVariableSignature
Event: 10.246 Loading class sun/reflect/generics/tree/TypeVariableSignature done
Event: 10.246 Loading class sun/reflect/generics/visitor/Reifier
Event: 10.246 Loading class sun/reflect/generics/visitor/TypeTreeVisitor
Event: 10.246 Loading class sun/reflect/generics/visitor/TypeTreeVisitor done
Event: 10.246 Loading class sun/reflect/generics/visitor/Reifier done
Event: 11.247 Loading class java/lang/annotation/IncompleteAnnotationException
Event: 11.247 Loading class java/lang/annotation/IncompleteAnnotationException done
Event: 15.321 Loading class java/lang/foreign/MemorySegment
Event: 15.321 Loading class java/lang/foreign/MemorySegment done

Classes unloaded (0 events):
No events

Classes redefined (0 events):
No events

Internal exceptions (20 events):
Event: 3.375 Thread 0x000001558d055060 Exception <a 'sun/nio/fs/WindowsException'{0x00000007029f5148}> (0x00000007029f5148) 
thrown [s\src\hotspot\share\prims\jni.cpp, line 514]
Event: 3.375 Thread 0x000001558d055060 Exception <a 'sun/nio/fs/WindowsException'{0x00000007029f5780}> (0x00000007029f5780) 
thrown [s\src\hotspot\share\prims\jni.cpp, line 514]
Event: 3.375 Thread 0x000001558d055060 Exception <a 'sun/nio/fs/WindowsException'{0x00000007029f5d68}> (0x00000007029f5d68) 
thrown [s\src\hotspot\share\prims\jni.cpp, line 514]
Event: 3.375 Thread 0x000001558d055060 Exception <a 'sun/nio/fs/WindowsException'{0x00000007029f62d8}> (0x00000007029f62d8) 
thrown [s\src\hotspot\share\prims\jni.cpp, line 514]
Event: 3.375 Thread 0x000001558d055060 Exception <a 'sun/nio/fs/WindowsException'{0x00000007029f6828}> (0x00000007029f6828) 
thrown [s\src\hotspot\share\prims\jni.cpp, line 514]
Event: 3.375 Thread 0x000001558d055060 Exception <a 'sun/nio/fs/WindowsException'{0x00000007029f6d18}> (0x00000007029f6d18) 
thrown [s\src\hotspot\share\prims\jni.cpp, line 514]
Event: 3.375 Thread 0x000001558d055060 Exception <a 'sun/nio/fs/WindowsException'{0x00000007029f71c0}> (0x00000007029f71c0) 
thrown [s\src\hotspot\share\prims\jni.cpp, line 514]
Event: 5.231 Thread 0x000001558d055060 Exception <a 'java/lang/NoSuchMethodError'{0x0000000702a45db8}: 'void java.lang.invoke.DirectMethodHandle$Holder.invokeVirtual(java.lang.Object, java.lang.Object)'> (0x0000000702a45db8) 
thrown [s\src\hotspot\share\interpreter\linkResolver.cpp, line 804]
Event: 6.241 Thread 0x000001558d055060 Exception <a 'java/lang/NoSuchMethodError'{0x0000000702a67768}: 'void java.lang.invoke.DirectMethodHandle$Holder.invokeStatic(java.lang.Object, java.lang.Object)'> (0x0000000702a67768) 
thrown [s\src\hotspot\share\interpreter\linkResolver.cpp, line 804]
Event: 6.243 Thread 0x000001558d055060 Exception <a 'java/lang/NoSuchMethodError'{0x0000000702a6f750}: 'void java.lang.invoke.DirectMethodHandle$Holder.invokeStaticInit(java.lang.Object, java.lang.Object)'> (0x0000000702a6f750) 
thrown [s\src\hotspot\share\interpreter\linkResolver.cpp, line 804]
Event: 6.252 Thread 0x000001558d055060 Exception <a 'java/lang/NoSuchMethodError'{0x0000000702aa3380}: 'void java.lang.invoke.DirectMethodHandle$Holder.invokeSpecial(java.lang.Object, java.lang.Object, java.lang.Object, java.lang.Object, java.lang.Object)'> (0x0000000702aa3380) 
thrown [s\src\hotspot\share\interpreter\linkResolver.cpp, line 804]
Event: 6.266 Thread 0x000001558d055060 Exception <a 'java/lang/NoSuchMethodError'{0x0000000702ae04b0}: 'void java.lang.invoke.DirectMethodHandle$Holder.invokeStatic(java.lang.Object, java.lang.Object, java.lang.Object)'> (0x0000000702ae04b0) 
thrown [s\src\hotspot\share\interpreter\linkResolver.cpp, line 804]
Event: 6.795 Thread 0x000001558d055060 Exception <a 'java/lang/NoSuchMethodError'{0x0000000702a74b20}: 'java.lang.Object java.lang.invoke.DirectMethodHandle$Holder.invokeSpecialIFC(java.lang.Object, java.lang.Object, java.lang.Object, java.lang.Object)'> (0x0000000702a74b20) 
thrown [s\src\hotspot\share\interpreter\linkResolver.cpp, line 804]
Event: 8.574 Thread 0x000001558d055060 Exception <a 'java/lang/NoSuchMethodError'{0x0000000702ba08c8}: 'void java.lang.invoke.DirectMethodHandle$Holder.invokeSpecial(java.lang.Object, java.lang.Object, java.lang.Object)'> (0x0000000702ba08c8) 
thrown [s\src\hotspot\share\interpreter\linkResolver.cpp, line 804]
Event: 9.119 Thread 0x000001558d055060 Exception <a 'java/lang/NoSuchMethodError'{0x0000000702b53568}: 'java.lang.Object java.lang.invoke.DirectMethodHandle$Holder.invokeInterface(java.lang.Object, java.lang.Object)'> (0x0000000702b53568) 
thrown [s\src\hotspot\share\interpreter\linkResolver.cpp, line 804]
Event: 9.285 Thread 0x000001558d055060 Exception <a 'java/lang/NoSuchMethodError'{0x0000000702a07180}: 'int java.lang.invoke.DirectMethodHandle$Holder.invokeStatic(java.lang.Object, java.lang.Object, java.lang.Object, java.lang.Object)'> (0x0000000702a07180) 
thrown [s\src\hotspot\share\interpreter\linkResolver.cpp, line 804]
Event: 9.360 Thread 0x000001558d055060 Exception <a 'java/lang/NoSuchMethodError'{0x0000000702a30dc8}: 'int java.lang.invoke.DirectMethodHandle$Holder.invokeSpecialIFC(java.lang.Object, java.lang.Object, java.lang.Object, java.lang.Object, java.lang.Object)'> (0x0000000702a30dc8) 
thrown [s\src\hotspot\share\interpreter\linkResolver.cpp, line 804]
Event: 9.904 Thread 0x000001558d055060 Exception <a 'java/lang/NoSuchMethodError'{0x0000000702b81278}: 'java.lang.Object java.lang.invoke.DirectMethodHandle$Holder.newInvokeSpecial(java.lang.Object, java.lang.Object, java.lang.Object, java.lang.Object, java.lang.Object)'> (0x0000000702b81278) 
thrown [s\src\hotspot\share\interpreter\linkResolver.cpp, line 804]
Event: 10.269 Thread 0x000001558d055060 Exception <a 'java/lang/NoSuchMethodError'{0x0000000702a9ba20}: 'int java.lang.invoke.DirectMethodHandle$Holder.invokeStaticInit(java.lang.Object, java.lang.Object)'> (0x0000000702a9ba20) 
thrown [s\src\hotspot\share\interpreter\linkResolver.cpp, line 804]
Event: 11.249 Thread 0x000001558d055060 Exception <a 'java/lang/NoClassDefFoundError'{0x0000000702ae7d78}: javax/enterprise/inject/Typed> (0x0000000702ae7d78) 
thrown [s\src\hotspot\share\classfile\systemDictionary.cpp, line 318]

VM Operations (20 events):
Event: 6.991 Executing safepoint VM operation: G1CollectForAllocation (G1 Evacuation Pause)
Event: 6.993 Executing safepoint VM operation: G1CollectForAllocation (G1 Evacuation Pause) done
Event: 7.926 Executing safepoint VM operation: G1CollectForAllocation (G1 Evacuation Pause)
Event: 7.927 Executing safepoint VM operation: G1CollectForAllocation (G1 Evacuation Pause) done
Event: 8.603 Executing safepoint VM operation: G1CollectForAllocation (G1 Evacuation Pause)
Event: 8.605 Executing safepoint VM operation: G1CollectForAllocation (G1 Evacuation Pause) done
Event: 9.001 Executing non-safepoint VM operation: HandshakeAllThreads (Deoptimize)
Event: 9.001 Executing non-safepoint VM operation: HandshakeAllThreads (Deoptimize) done
Event: 9.280 Executing safepoint VM operation: G1CollectForAllocation (G1 Evacuation Pause)
Event: 9.284 Executing safepoint VM operation: G1CollectForAllocation (G1 Evacuation Pause) done
Event: 9.427 Executing safepoint VM operation: G1PauseRemark
Event: 9.428 Executing safepoint VM operation: G1PauseRemark done
Event: 9.429 Executing safepoint VM operation: G1PauseCleanup
Event: 9.429 Executing safepoint VM operation: G1PauseCleanup done
Event: 10.032 Executing safepoint VM operation: G1CollectForAllocation (G1 Evacuation Pause)
Event: 10.035 Executing safepoint VM operation: G1CollectForAllocation (G1 Evacuation Pause) done
Event: 11.872 Executing safepoint VM operation: G1CollectForAllocation (G1 Evacuation Pause)
Event: 15.227 Executing safepoint VM operation: G1CollectForAllocation (G1 Evacuation Pause) done
Event: 15.628 Executing safepoint VM operation: G1CollectForAllocation (G1 Evacuation Pause)
Event: 16.637 Executing safepoint VM operation: G1CollectForAllocation (G1 Evacuation Pause) done

Memory protections (0 events):
No events

Nmethod flushes (0 events):
No events

Events (20 events):
Event: 1.459 Thread 0x000001558d055060 Thread added: 0x000001558d055060
Event: 1.877 Thread 0x000001558d055060 Thread added: 0x00000155af5dda70
Event: 1.877 Thread 0x000001558d055060 Thread added: 0x00000155af5de4c0
Event: 1.877 Thread 0x000001558d055060 Thread added: 0x00000155af5e0d40
Event: 1.877 Thread 0x000001558d055060 Thread added: 0x00000155af5e18f0
Event: 1.877 Thread 0x000001558d055060 Thread added: 0x00000155af5e34b0
Event: 1.877 Thread 0x000001558d055060 Thread added: 0x00000155af5e87e0
Event: 1.878 Thread 0x000001558d055060 Thread added: 0x00000155af5ec250
Event: 1.878 Thread 0x000001558d055060 Thread added: 0x00000155af5f0a60
Event: 1.921 Thread 0x000001558d055060 Thread added: 0x00000155af63b2f0
Event: 1.923 Thread 0x000001558d055060 Thread added: 0x00000155af63fab0
Event: 2.936 Thread 0x00000155af5ec250 Thread added: 0x00000155b41c7f80
Event: 3.194 Thread 0x00000155b41c7f80 Thread exited: 0x00000155b41c7f80
Event: 3.361 Thread 0x000001558d055060 Thread added: 0x00000155b4473000
Event: 11.403 Thread 0x00000155af5f0a60 Thread added: 0x00000155b48d2c30
Event: 11.650 Thread 0x00000155b48d2c30 Thread exited: 0x00000155b48d2c30
Event: 15.271 Thread 0x00000155af5ec250 Thread added: 0x00000155b405f740
Event: 15.322 Thread 0x00000155af5f0a60 Thread added: 0x00000155b4bf2850
Event: 15.513 Thread 0x00000155b4bf2850 Thread exited: 0x00000155b4bf2850
Event: 15.610 Thread 0x00000155af5f0a60 Thread added: 0x00000155b463e100


Dynamic libraries:
0x00007ff623720000 - 0x00007ff62372e000 	C:\Program Files\Apache NetBeans\jdk\bin\java.exe
0x00007ff832b60000 - 0x00007ff832dc6000 	C:\WINDOWS\SYSTEM32\ntdll.dll
0x00007ff831820000 - 0x00007ff8318e9000 	C:\WINDOWS\System32\KERNEL32.DLL
0x00007ff82fd80000 - 0x00007ff83017e000 	C:\WINDOWS\System32\KERNELBASE.dll
0x00007ff82cc20000 - 0x00007ff82ccc0000 	C:\WINDOWS\SYSTEM32\apphelp.dll
0x00007ff830670000 - 0x00007ff8307bc000 	C:\WINDOWS\System32\ucrtbase.dll
0x00007ff805820000 - 0x00007ff805837000 	C:\Program Files\Apache NetBeans\jdk\bin\jli.dll
0x00007ff8315a0000 - 0x00007ff831767000 	C:\WINDOWS\System32\USER32.dll
0x00007ff830440000 - 0x00007ff830467000 	C:\WINDOWS\System32\win32u.dll
0x00007ff8312b0000 - 0x00007ff8312db000 	C:\WINDOWS\System32\GDI32.dll
0x00007ff830190000 - 0x00007ff8302ba000 	C:\WINDOWS\System32\gdi32full.dll
0x00007ff830470000 - 0x00007ff830513000 	C:\WINDOWS\System32\msvcp_win.dll
0x00007ff806240000 - 0x00007ff80625e000 	C:\Program Files\Apache NetBeans\jdk\bin\VCRUNTIME140.dll
0x00007ff815670000 - 0x00007ff815902000 	C:\WINDOWS\WinSxS\amd64_microsoft.windows.common-controls_6595b64144ccf1df_6.0.26100.8875_none_3e0d5d42e32fe9dd\COMCTL32.dll
0x00007ff831770000 - 0x00007ff831819000 	C:\WINDOWS\System32\msvcrt.dll
0x00007ff8323e0000 - 0x00007ff832412000 	C:\WINDOWS\System32\IMM32.DLL
0x000000005b940000 - 0x000000005b94d000 	C:\Program Files (x86)\360\Total Security\safemon\SafeWrapper.dll
0x00007ff832960000 - 0x00007ff832a17000 	C:\WINDOWS\System32\ADVAPI32.dll
0x00007ff830890000 - 0x00007ff83093a000 	C:\WINDOWS\System32\sechost.dll
0x00007ff830b50000 - 0x00007ff830c68000 	C:\WINDOWS\System32\RPCRT4.dll
0x00007ff8296f0000 - 0x00007ff8297f5000 	C:\Program Files (x86)\360\Total Security\safemon\libzdtp64.dll
0x00007ff831aa0000 - 0x00007ff832232000 	C:\WINDOWS\System32\SHELL32.dll
0x00007ff8319f0000 - 0x00007ff831a57000 	C:\WINDOWS\System32\SHLWAPI.dll
0x00007ff82f7c0000 - 0x00007ff82f7cb000 	C:\WINDOWS\SYSTEM32\VERSION.dll
0x00007ff82ae80000 - 0x00007ff82ae8c000 	C:\Program Files\Apache NetBeans\jdk\bin\vcruntime140_1.dll
0x00007fffb1950000 - 0x00007fffb19dd000 	C:\Program Files\Apache NetBeans\jdk\bin\msvcp140.dll
0x00007fff8c260000 - 0x00007fff8d1f9000 	C:\Program Files\Apache NetBeans\jdk\bin\server\jvm.dll
0x00007ff832440000 - 0x00007ff8324c0000 	C:\WINDOWS\System32\WS2_32.dll
0x00007ff82fbe0000 - 0x00007ff82fc3e000 	C:\WINDOWS\SYSTEM32\POWRPROF.dll
0x00007ff821b50000 - 0x00007ff821b86000 	C:\WINDOWS\SYSTEM32\WINMM.dll
0x00007ff82fbc0000 - 0x00007ff82fbd4000 	C:\WINDOWS\SYSTEM32\UMPDC.dll
0x00007ff82e9e0000 - 0x00007ff82e9fb000 	C:\WINDOWS\SYSTEM32\kernel.appcore.dll
0x00007ff8186a0000 - 0x00007ff8186aa000 	C:\Program Files\Apache NetBeans\jdk\bin\jimage.dll
0x00007ff81fc20000 - 0x00007ff81fe62000 	C:\WINDOWS\SYSTEM32\DBGHELP.DLL
0x00007ff830f20000 - 0x00007ff8312a3000 	C:\WINDOWS\System32\combase.dll
0x00007ff8314c0000 - 0x00007ff831599000 	C:\WINDOWS\System32\OLEAUT32.dll
0x00007ff816360000 - 0x00007ff81639b000 	C:\WINDOWS\SYSTEM32\dbgcore.DLL
0x00007ff8307d0000 - 0x00007ff83087c000 	C:\WINDOWS\System32\bcryptPrimitives.dll
0x00007ff805a80000 - 0x00007ff805a9e000 	C:\Program Files\Apache NetBeans\jdk\bin\java.dll
0x00007ff832240000 - 0x00007ff8323d9000 	C:\WINDOWS\System32\ole32.dll
0x00007ff82d7e0000 - 0x00007ff82e072000 	C:\WINDOWS\SYSTEM32\windows.storage.dll
0x00007ff8318f0000 - 0x00007ff8319e7000 	C:\WINDOWS\System32\SHCORE.dll
0x00007ff82fca0000 - 0x00007ff82fcc9000 	C:\WINDOWS\SYSTEM32\profapi.dll
0x00007ff800060000 - 0x00007ff800071000 	C:\Program Files\Apache NetBeans\jdk\bin\net.dll
0x00007ff82ef90000 - 0x00007ff82effc000 	C:\WINDOWS\system32\mswsock.dll
0x00007ffffa340000 - 0x00007ffffa356000 	C:\Program Files\Apache NetBeans\jdk\bin\nio.dll
0x00007ff8016f0000 - 0x00007ff801707000 	C:\Program Files\Apache NetBeans\jdk\bin\zip.dll
0x00007ffff5920000 - 0x00007ffff5944000 	C:\Program Files\Apache NetBeans\java\maven\lib\jansi-native\Windows\x86_64\jansi.dll
0x00007ff814b00000 - 0x00007ff814b10000 	C:\Program Files\Apache NetBeans\jdk\bin\verify.dll

JVMTI agents: none

dbghelp: loaded successfully - version: 4.0.5 - missing functions: none
symbol engine: initialized successfully - sym options: 0x614 - pdb path: .;C:\Program Files\Apache NetBeans\jdk\bin;C:\WINDOWS\SYSTEM32;C:\WINDOWS\WinSxS\amd64_microsoft.windows.common-controls_6595b64144ccf1df_6.0.26100.8875_none_3e0d5d42e32fe9dd;C:\Program Files (x86)\360\Total Security\safemon;C:\Program Files\Apache NetBeans\jdk\bin\server;C:\Program Files\Apache NetBeans\java\maven\lib\jansi-native\Windows\x86_64

VM Arguments:
jvm_args: --enable-native-access=ALL-UNNAMED -Dclassworlds.conf=C:\Program Files\Apache NetBeans\java\maven\bin\m2.conf -Dmaven.home=C:\Program Files\Apache NetBeans\java\maven -Dlibrary.jansi.path=C:\Program Files\Apache NetBeans\java\maven\lib\jansi-native -Dmaven.multiModuleProjectDirectory=C:\Users\DVDSTORE\Desktop\LeetCode\ArrayList\ArrayList 
java_command: org.codehaus.plexus.classworlds.launcher.Launcher -Dexec.vmArgs= -Dexec.args=${exec.vmArgs} -classpath %classpath ${exec.mainClass} ${exec.appArgs} -Dexec.appArgs= -Dexec.mainClass=com.mycompany.arraylist.Driver -Dexec.executable=C:\Program Files\Apache NetBeans\jdk\bin\java.exe -Dmaven.ext.class.path=C:\Program Files\Apache NetBeans\java\maven-nblib\netbeans-eventspy.jar --no-transfer-progress process-classes org.codehaus.mojo:exec-maven-plugin:3.5.1:exec
java_class_path (initial): C:\Program Files\Apache NetBeans\java\maven\boot\plexus-classworlds-2.9.0.jar
Launcher Type: SUN_STANDARD

[Global flags]
     bool AOTAdapterCaching                        = false                                  {diagnostic} {ergonomic}
     bool AOTInvokeDynamicLinking                  = false                                  {diagnostic} {ergonomic}
     bool AOTRecordTraining                        = false                                  {diagnostic} {ergonomic}
     bool AOTReplayTraining                        = false                                  {diagnostic} {ergonomic}
     bool AOTStubCaching                           = false                                  {diagnostic} {ergonomic}
     intx CICompilerCount                          = 4                                         {product} {ergonomic}
     uint ConcGCThreads                            = 3                                         {product} {ergonomic}
     uint G1ConcRefinementThreads                  = 10                                        {product} {ergonomic}
     uint G1EagerReclaimRemSetThreshold            = 16                                   {experimental} {ergonomic}
   size_t G1HeapRegionSize                         = 2097152                                   {product} {ergonomic}
     uint G1RemSetArrayOfCardsEntries              = 16                                   {experimental} {ergonomic}
     uint G1RemSetHowlMaxNumBuckets                = 8                                    {experimental} {ergonomic}
     uint G1RemSetHowlNumBuckets                   = 8                                    {experimental} {ergonomic}
   size_t InitialHeapSize                          = 8388608                                   {product} {ergonomic}
     bool IntelJccErratumMitigation                = false                             {ARCH diagnostic} {ergonomic}
   size_t MarkStackSize                            = 4194304                                   {product} {ergonomic}
   size_t MarkStackSizeMax                         = 536870912                                 {product} {ergonomic}
   size_t MaxHeapSize                              = 4257218560                                {product} {ergonomic}
   size_t MaxNewSize                               = 2554331136                                {product} {ergonomic}
 uint64_t MaxRAM                                   = 17026142208                               {product} {ergonomic}
   size_t MinHeapDeltaBytes                        = 2097152                                   {product} {ergonomic}
   size_t MinHeapSize                              = 8388608                                   {product} {ergonomic}
   size_t NonNMethodCodeHeapSize                   = 5898240                                {pd product} {ergonomic}
   size_t NonProfiledCodeHeapSize                  = 122945536                              {pd product} {ergonomic}
   size_t ProfiledCodeHeapSize                     = 122945536                              {pd product} {ergonomic}
   size_t ReservedCodeCacheSize                    = 251789312                              {pd product} {ergonomic}
     bool SegmentedCodeCache                       = true                                      {product} {ergonomic}
   size_t SoftMaxHeapSize                          = 4257218560                             {manageable} {ergonomic}
     bool UseCompressedOops                        = true                           {product lp64_product} {ergonomic}
     bool UseCondCardMark                          = true                                      {product} {ergonomic}
     bool UseFastUnorderedTimeStamps               = true                                 {experimental} {ergonomic}
     bool UseG1GC                                  = true                                      {product} {ergonomic}
     bool UseLargePagesIndividualAllocation        = false                                  {pd product} {ergonomic}
      int X86ICacheSync                            = 3                                 {ARCH diagnostic} {ergonomic}

Logging:
Log output configuration:
 #0: stdout all=warning uptime,level,tags foldmultilines=false
 #1: stderr all=off uptime,level,tags foldmultilines=false

Release file:
IMPLEMENTOR="Eclipse Adoptium" 
IMPLEMENTOR_VERSION="Temurin-26.0.1+8" 
JAVA_RUNTIME_VERSION="26.0.1+8" 
JAVA_VERSION="26.0.1" 
JAVA_VERSION_DATE="2026-04-21" 
LIBC="default" 
MODULES="java.base java.compiler java.datatransfer java.xml java.prefs java.desktop java.instrument java.logging java.management java.security.sasl java.naming java.rmi java.management.rmi java.net.http java.scripting java.security.jgss java.transaction.xa java.sql java.sql.rowset java.xml.crypto java.se java.smartcardio jdk.accessibility jdk.internal.jvmstat jdk.attach jdk.charsets jdk.internal.opt jdk.zipfs jdk.compiler jdk.crypto.cryptoki jdk.crypto.ec jdk.crypto.mscapi jdk.dynalink jdk.internal.ed jdk.editpad jdk.internal.vm.ci jdk.graal.compiler jdk.graal.compiler.management jdk.hotspot.agent jdk.httpserver jdk.incubator.vector jdk.internal.le jdk.internal.md jdk.jartool jdk.javadoc jdk.jcmd jdk.management jdk.management.agent jdk.jconsole jdk.jdeps jdk.jdwp.agent jdk.jdi jdk.jfr jdk.jlink jdk.jpackage jdk.jshell jdk.jstatd jdk.localedata jdk.management.jfr jdk.naming.dns jdk.naming.rmi jdk.net jdk.nio.mapmode jdk.sctp jdk.security.auth jdk.security.jgss jdk.unsupported jdk.unsupported.desktop jdk.xml.dom" 
OS_ARCH="x86_64" 
OS_NAME="Windows" 
SOURCE=".:git:1cafccec39fb" 
BUILD_SOURCE="git:a612825ee82a20ac872d60958c349854c1f29a8e"
BUILD_SOURCE_REPO="https://github.com/adoptium/temurin-build.git"
SOURCE_REPO="https://github.com/adoptium/jdk26u.git"
FULL_VERSION="26.0.1+8"
SEMANTIC_VERSION="26.0.1+8"
BUILD_INFO="OS: Windows Server 2022 Version: 10.0"
JVM_VARIANT="Hotspot"
JVM_VERSION="26.0.1+8"
IMAGE_TYPE="JDK"

Environment Variables:
JAVA_HOME=C:\Program Files\Apache NetBeans\jdk
PATH=C:\Program Files (x86)\Common Files\Oracle\Java\javapath;C:\WINDOWS\system32;C:\WINDOWS;C:\WINDOWS\System32\Wbem;C:\WINDOWS\System32\WindowsPowerShell\v1.0\;C:\WINDOWS\System32\OpenSSH\;C:\Program Files (x86)\NVIDIA Corporation\PhysX\Common;C:\Program Files\NVIDIA Corporation\NVIDIA NvDLISR;C:\Program Files\dotnet\;C:\Program Files\Git\cmd;C:\Users\DVDSTORE\AppData\Local\Microsoft\WindowsApps;C:\Users\DVDSTORE\AppData\Local\Programs\Microsoft VS Code\bin;;C:\Program Files\Apache NetBeans\bin\
USERNAME=DVDSTORE
OS=Windows_NT
PROCESSOR_IDENTIFIER=Intel64 Family 6 Model 151 Stepping 5, GenuineIntel
TMP=C:\Users\DVDSTORE\AppData\Local\Temp
TEMP=C:\Users\DVDSTORE\AppData\Local\Temp




Compilation memory statistics disabled.

Periodic native trim disabled

---------------  S Y S T E M  ---------------

OS:
 Windows 11 , 64 bit Build 26100 (10.0.26100.8875)
OS uptime: 3 days 17:10 hours

CPU: total 12 (initial active 12) (6 cores per cpu, 2 threads per core) family 6 model 151 stepping 5 microcode 0x2d, cx8, cmov, fxsr, ht, mmx, 3dnowpref, sse, sse2, sse3, ssse3, sse4.1, sse4.2, popcnt, lzcnt, tsc, tscinvbit, avx, avx2, aes, erms, clmul, bmi1, bmi2, adx, sha, fma, vzeroupper, clflush, clflushopt, clwb, serialize, rdtscp, rdpid, fsrm, gfni, f16c, pku, cet_ibt, cet_ss
Processor Information for the first 12 processors :
  Max Mhz: 2500, Current Mhz: 2500, Mhz Limit: 2500

Memory: 4k page, system-wide physical 16237M (3206M free)
TotalPageFile size 28525M (AvailPageFile size 3353M)
current process WorkingSet (physical memory assigned to process): 79M, peak: 80M
current process commit charge ("private bytes"): 119M, peak: 126M

vm_info: OpenJDK 64-Bit Server VM (26.0.1+8) for windows-amd64 JRE (26.0.1+8), built on 2026-04-21T00:00:00Z with MS VC++ 17.12 (VS2022)

END.
