#
# There is insufficient memory for the Java Runtime Environment to continue.
# Native memory allocation (malloc) failed to allocate 5641304 bytes. Error detail: Chunk::new
# Possible reasons:
#   The system is out of physical RAM or swap space
#   This process is running with CompressedOops enabled, and the Java Heap may be blocking the growth of the native heap
# Possible solutions:
#   Reduce memory load on the system
#   Increase physical memory or swap space
#   Check if swap backing store is full
#   Decrease Java heap size (-Xmx/-Xms)
#   Decrease number of Java threads
#   Decrease Java thread stack sizes (-Xss)
#   Set larger code cache with -XX:ReservedCodeCacheSize=
#   JVM is running with Zero Based Compressed Oops mode in which the Java heap is
#     placed in the first 32GB address space. The Java Heap base address is the
#     maximum limit for the native heap growth. Please use -XX:HeapBaseMinAddress
#     to set the Java Heap base and to place the Java Heap above 32GB virtual address.
# This output file may be truncated or incomplete.
#
#  Out of Memory Error (arena.cpp:193), pid=60292, tid=61012
#
# JRE version: OpenJDK Runtime Environment Temurin-26.0.1+8 (26.0.1+8) (build 26.0.1+8)
# Java VM: OpenJDK 64-Bit Server VM Temurin-26.0.1+8 (26.0.1+8, mixed mode, sharing, tiered, compressed oops, compressed class ptrs, g1 gc, windows-amd64)
# No core dump will be written. Minidumps are not enabled by default on client versions of Windows
#

---------------  S U M M A R Y ------------

Command Line: --enable-native-access=ALL-UNNAMED -Dclassworlds.conf=C:\Program Files\Apache NetBeans\java\maven\bin\m2.conf -Dmaven.home=C:\Program Files\Apache NetBeans\java\maven -Dlibrary.jansi.path=C:\Program Files\Apache NetBeans\java\maven\lib\jansi-native -Dmaven.multiModuleProjectDirectory=C:\Users\DVDSTORE\Desktop\LeetCode\ArrayList\ArrayList org.codehaus.plexus.classworlds.launcher.Launcher -Dexec.vmArgs= -Dexec.args=${exec.vmArgs} -classpath %classpath ${exec.mainClass} ${exec.appArgs} -Dexec.appArgs= -Dexec.mainClass=com.mycompany.arraylist.Driver -Dexec.executable=C:\Program Files\Apache NetBeans\jdk\bin\java.exe -Dmaven.ext.class.path=C:\Program Files\Apache NetBeans\java\maven-nblib\netbeans-eventspy.jar --no-transfer-progress process-classes org.codehaus.mojo:exec-maven-plugin:3.5.1:exec

Host: 12th Gen Intel(R) Core(TM) i5-12400F, 12 cores, 15G,  Windows 11 , 64 bit Build 26100 (10.0.26100.8875)
Time: Wed Aug 19 09:14:36 2026 Egypt Daylight Time elapsed time: 12.182554 seconds (0d 0h 0m 12s)

---------------  T H R E A D  ---------------

Current thread (0x000001e22446b420):  JavaThread "C2 CompilerThread0" daemon [_thread_in_native, id=61012, stack(0x000000668a700000,0x000000668a800000) (1024K)]


Current CompileTask:
C2:12182 1685       4       jdk.internal.jimage.ImageReader$SharedImageReader::containsResource (61 bytes)

Stack: [0x000000668a700000,0x000000668a800000]
Native frames: (J=compiled Java code, j=interpreted, Vv=VM code, C=native code)
V  [jvm.dll+0x7db749]  (no source info available)

Lock stack of current Java thread (top to bottom):


---------------  P R O C E S S  ---------------

Threads class SMR info:
_java_thread_list=0x000001e229686a30, length=11, elements={
0x000001e201a0ad10, 0x000001e224458c10, 0x000001e224459660, 0x000001e22445c560,
0x000001e22445d470, 0x000001e224461c30, 0x000001e224462f50, 0x000001e22446b420,
0x000001e22446ec40, 0x000001e22459d530, 0x000001e2245a42d0
}

Java Threads: ( => current thread )
  0x000001e201a0ad10 JavaThread "main"                              [_thread_in_Java, id=44344, stack(0x0000006689800000,0x0000006689900000) (1024K)]
  0x000001e224458c10 JavaThread "Reference Handler"          daemon [_thread_blocked, id=57608, stack(0x000000668a100000,0x000000668a200000) (1024K)]
  0x000001e224459660 JavaThread "Finalizer"                  daemon [_thread_blocked, id=57636, stack(0x000000668a200000,0x000000668a300000) (1024K)]
  0x000001e22445c560 JavaThread "Signal Dispatcher"          daemon [_thread_blocked, id=57640, stack(0x000000668a300000,0x000000668a400000) (1024K)]
  0x000001e22445d470 JavaThread "Attach Listener"            daemon [_thread_blocked, id=57280, stack(0x000000668a400000,0x000000668a500000) (1024K)]
  0x000001e224461c30 JavaThread "Service Thread"             daemon [_thread_blocked, id=60420, stack(0x000000668a500000,0x000000668a600000) (1024K)]
  0x000001e224462f50 JavaThread "Monitor Deflation Thread"   daemon [_thread_blocked, id=61000, stack(0x000000668a600000,0x000000668a700000) (1024K)]
=>0x000001e22446b420 JavaThread "C2 CompilerThread0"         daemon [_thread_in_native, id=61012, stack(0x000000668a700000,0x000000668a800000) (1024K)]
  0x000001e22446ec40 JavaThread "C1 CompilerThread0"         daemon [_thread_in_native, id=61324, stack(0x000000668a800000,0x000000668a900000) (1024K)]
  0x000001e22459d530 JavaThread "Notification Thread"        daemon [_thread_blocked, id=50248, stack(0x000000668a900000,0x000000668aa00000) (1024K)]
  0x000001e2245a42d0 JavaThread "Common-Cleaner"             daemon [_thread_blocked, id=52060, stack(0x000000668aa00000,0x000000668ab00000) (1024K)]
Total: 11

Other Threads:
  0x000001e223f5eb00 VMThread "VM Thread"                           [id=59236, stack(0x000000668a000000,0x000000668a100000) (1024K)]
  0x000001e22443ad00 WatcherThread "VM Periodic Task Thread"        [id=59196, stack(0x0000006689f00000,0x000000668a000000) (1024K)]
  0x000001e201a59720 WorkerThread "GC Thread#0"                     [id=60620, stack(0x0000006689900000,0x0000006689a00000) (1024K)]
  0x000001e224a809a0 WorkerThread "GC Thread#1"                     [id=48236, stack(0x000000668ad00000,0x000000668ae00000) (1024K)]
  0x000001e2297d4070 WorkerThread "GC Thread#2"                     [id=62168, stack(0x000000668ae00000,0x000000668af00000) (1024K)]
  0x000001e2299be620 WorkerThread "GC Thread#3"                     [id=53280, stack(0x000000668ac00000,0x000000668ad00000) (1024K)]
  0x000001e201a73890 ConcurrentGCThread "G1 Main Marker"            [id=60472, stack(0x0000006689a00000,0x0000006689b00000) (1024K)]
  0x000001e201a76320 WorkerThread "G1 Conc#0"                       [id=60572, stack(0x0000006689b00000,0x0000006689c00000) (1024K)]
  0x000001e201a9cd30 WorkerThread "G1 Refinement Workers#0"         [id=60964, stack(0x0000006689d00000,0x0000006689e00000) (1024K)]
  0x000001e201a9c770 ConcurrentGCThread "G1 Refine Control"         [id=61176, stack(0x0000006689c00000,0x0000006689d00000) (1024K)]
  0x000001e201a9d6a0 ConcurrentGCThread "G1 Service"                [id=60900, stack(0x0000006689e00000,0x0000006689f00000) (1024K)]
Total: 11

Threads with active compile tasks:
C2 CompilerThread0  12184 1685       4       jdk.internal.jimage.ImageReader$SharedImageReader::containsResource (61 bytes)
C1 CompilerThread0  12184 1700       3       sun.nio.fs.NativeBuffers::releaseNativeBuffer (97 bytes)
Total: 2

VM state: not at safepoint (normal execution)

VM Mutex/Monitor currently owned by a thread: None

Heap address: 0x0000000702400000, size: 4060 MB, Compressed Oops mode: Zero based, Oop shift amount: 3

CDS archive(s) mapped at: [0x0000000019000000-0x0000000019de0000-0x0000000019de0000), size 14548992, SharedBaseAddress: 0x0000000019000000, ArchiveRelocationMode: 1.
Compressed class space mapped at: 0x000000001a000000-0x000000005a000000, reserved size: 1073741824
UseCompressedClassPointers 1, UseCompactObjectHeaders 0
Narrow klass pointer bits 32, Max shift 3
Narrow klass base: 0x0000000019000000, Narrow klass shift: 0
Encoding Range: [0x0000000019000000 - 0x0000000119000000), (4294967296 bytes)
Klass Range:    [0x0000000019000000 - 0x000000005a000000), (1090519040 bytes)
Klass ID Range:  [8 - 1090519033) (1090519025)
Protection zone: [0x0000000019000000 - 0x0000000019010000), (65536 bytes)

GC Precious Log:
 CardTable entry size: 512
 Card Set container configuration: InlinePtr #cards 4 size 8 Array Of Cards #cards 16 size 48 Howl #buckets 8 coarsen threshold 3686 Howl Bitmap #cards 512 size 80 coarsen threshold 460 Card regions per heap region 1 cards per card region 4096
 CPUs: 12 total, 12 available
 Memory: 16237M
 Large Page Support: Disabled
 NUMA Support: Disabled
 Compressed Oops: Enabled (Zero based)
 Heap Region Size: 2M
 Heap Min Capacity: 8M
 Heap Initial Capacity: 8M
 Heap Max Capacity: 4060M
 Pre-touch: Disabled
 Parallel Workers: 10
 Concurrent Workers: 3
 Concurrent Refinement Workers: 10
 Periodic GC: Disabled

Heap:
 garbage-first heap   total reserved 4157440K, committed 30720K, used 12785K [0x0000000702400000, 0x0000000800000000)
  region size 2M, 5 eden (10M), 1 survivor (2M), 3 old (6M), 0 humongous (0M), 6 free (12M)

Heap Regions: E=young(eden), S=young(survivor), O=old, HS=humongous(starts), HC=humongous(continues), CS=collection set, F=free, TAMS=top-at-mark-start, PB=parsable bottom
|    0|0x0000000702400000, 0x0000000702600000, 0x0000000702600000|100%| O|  |TAMS 0x0000000702400000| PB 0x0000000702400000| Untracked |  0
|    1|0x0000000702600000, 0x0000000702600000, 0x0000000702800000|  0%| F|  |TAMS 0x0000000702600000| PB 0x0000000702600000| Untracked |  0
|    2|0x0000000702800000, 0x00000007028213c8, 0x0000000702a00000|  6%| O|  |TAMS 0x0000000702800000| PB 0x0000000702800000| Untracked |  0
|    3|0x0000000702a00000, 0x0000000702a00000, 0x0000000702c00000|  0%| F|  |TAMS 0x0000000702a00000| PB 0x0000000702a00000| Untracked |  0
|    4|0x0000000702c00000, 0x0000000702c00000, 0x0000000702e00000|  0%| F|  |TAMS 0x0000000702c00000| PB 0x0000000702c00000| Untracked |  0
|    5|0x0000000702e00000, 0x0000000702e00000, 0x0000000703000000|  0%| F|  |TAMS 0x0000000702e00000| PB 0x0000000702e00000| Untracked |  0
|    6|0x0000000703000000, 0x0000000703133860, 0x0000000703200000| 60%| S|CS|TAMS 0x0000000703000000| PB 0x0000000703000000| Complete  |  0
|    7|0x0000000703200000, 0x0000000703200000, 0x0000000703400000|  0%| F|  |TAMS 0x0000000703200000| PB 0x0000000703200000| Untracked |  0
|    8|0x0000000703400000, 0x0000000703400000, 0x0000000703600000|  0%| F|  |TAMS 0x0000000703400000| PB 0x0000000703400000| Untracked |  0
|    9|0x0000000703600000, 0x0000000703723f48, 0x0000000703800000| 57%| E|CS|TAMS 0x0000000703600000| PB 0x0000000703600000| Complete  |  0
|   10|0x0000000703800000, 0x0000000703a00000, 0x0000000703a00000|100%| E|CS|TAMS 0x0000000703800000| PB 0x0000000703800000| Complete  |  0
|   11|0x0000000703a00000, 0x0000000703c00000, 0x0000000703c00000|100%| E|CS|TAMS 0x0000000703a00000| PB 0x0000000703a00000| Complete  |  0
|   12|0x0000000703c00000, 0x0000000703e00000, 0x0000000703e00000|100%| E|CS|TAMS 0x0000000703c00000| PB 0x0000000703c00000| Complete  |  0
|   13|0x0000000703e00000, 0x0000000704000000, 0x0000000704000000|100%| E|CS|TAMS 0x0000000703e00000| PB 0x0000000703e00000| Complete  |  0
| 2029|0x00000007ffe00000, 0x00000007fff27b70, 0x0000000800000000| 57%| O|  |TAMS 0x00000007ffe00000| PB 0x00000007ffe00000| Untracked |  0

Card table byte_map: [0x000001e21c8a0000,0x000001e21d090000] _byte_map_base: 0x000001e21908e000
Refinement table byte_map: [0x000001e21d090000,0x000001e21d880000] _byte_map_base: 0x000001e21987e000

Marking Bits: (CMBitMap*) 0x000001e201a59ea0
 Bits: [0x000001e21d880000, 0x000001e2217f0000)

Polling page: 0x000001e201c50000

Metaspace:
Metaspace        used 7035K, committed 7232K, reserved 1114112K
 class space     used 855K, committed 960K, reserved 1048576K

Usage:
  Non-class:      6.03 MB used.
      Class:    855.60 KB used.
       Both:      6.87 MB used.

Virtual space:
  Non-class space:       64.00 MB reserved,       6.12 MB ( 10%) committed,  1 nodes.
      Class space:        1.00 GB reserved,     960.00 KB ( <1%) committed,  1 nodes.
             Both:        1.06 GB reserved,       7.06 MB ( <1%) committed. 

Chunk freelists:
   Non-Class:  8.16 MB
       Class:  15.09 MB
        Both:  23.25 MB

MaxMetaspaceSize: unlimited
CompressedClassSpaceSize: 1.00 GB
Initial GC threshold: 21.00 MB
Current GC threshold: 21.00 MB
CDS: on
 - commit_granule_bytes: 65536.
 - commit_granule_words: 8192.
 - virtual_space_node_default_size: 8388608.
 - enlarge_chunks_in_place: 1.
UseCompressedClassPointers 1, UseCompactObjectHeaders 0
Narrow klass pointer bits 32, Max shift 3
Narrow klass base: 0x0000000019000000, Narrow klass shift: 0
Encoding Range: [0x0000000019000000 - 0x0000000119000000), (4294967296 bytes)
Klass Range:    [0x0000000019000000 - 0x000000005a000000), (1090519040 bytes)
Klass ID Range:  [8 - 1090519033) (1090519025)
Protection zone: [0x0000000019000000 - 0x0000000019010000), (65536 bytes)


Internal statistics:

num_allocs_failed_limit: 0.
num_arena_births: 56.
num_arena_deaths: 0.
num_vsnodes_births: 2.
num_vsnodes_deaths: 0.
num_space_committed: 113.
num_space_uncommitted: 0.
num_chunks_returned_to_freelist: 0.
num_chunks_taken_from_freelist: 271.
num_chunk_merges: 0.
num_chunk_splits: 179.
num_chunks_enlarged: 149.
num_inconsistent_stats: 0.

CodeHeap 'non-profiled nmethods': size=120064Kb used=547Kb max_used=547Kb free=119516Kb
 bounds [0x000001e213ed0000, 0x000001e214140000, 0x000001e21b410000]
CodeHeap 'profiled nmethods': size=120064Kb used=2433Kb max_used=2433Kb free=117630Kb
 bounds [0x000001e20c3f0000, 0x000001e20c660000, 0x000001e213930000]
CodeHeap 'non-nmethods': size=5760Kb used=1357Kb max_used=1400Kb free=4402Kb
 bounds [0x000001e213930000, 0x000001e213ba0000, 0x000001e213ed0000]
CodeCache: size=245888Kb, used=4337Kb, max_used=4380Kb, free=241548Kb
 total_blobs=2167, nmethods=1697, adapters=373, full_count=0
Compilation: enabled, stopped_count=0, restarted_count=0

Compilation events (20 events):
Event: 11.075 Thread 0x000001e22446ec40 1682       1       java.lang.invoke.MethodType::rtype (5 bytes)
Event: 11.075 Thread 0x000001e22446ec40 nmethod 1682 0x000001e213f53d88 code [0x000001e213f53e80, 0x000001e213f53f38]
Event: 11.075 Thread 0x000001e22446ec40 1686       1       jdk.internal.util.OperatingSystem::isWindows (2 bytes)
Event: 11.075 Thread 0x000001e22446ec40 nmethod 1686 0x000001e213f54088 code [0x000001e213f54180, 0x000001e213f54218]
Event: 11.075 Thread 0x000001e22446b420 nmethod 1681 0x000001e213f54388 code [0x000001e213f54480, 0x000001e213f54568]
Event: 11.075 Thread 0x000001e22446b420 1683       4       jdk.internal.module.SystemModuleFinders$SystemModuleReader::find (63 bytes)
Event: 11.111 Thread 0x000001e22446b420 nmethod 1683 0x000001e213f54688 code [0x000001e213f54780, 0x000001e213f56940]
Event: 11.111 Thread 0x000001e22446b420 1684       4       jdk.internal.module.SystemModuleFinders$SystemModuleReader::containsResource (45 bytes)
Event: 11.145 Thread 0x000001e22446b420 nmethod 1684 0x000001e213f56988 code [0x000001e213f56a80, 0x000001e213f58b88]
Event: 11.145 Thread 0x000001e22446b420 1685       4       jdk.internal.jimage.ImageReader$SharedImageReader::containsResource (61 bytes)
Event: 11.166 Thread 0x000001e22446ec40 1687       3       jdk.internal.misc.Unsafe::getAndAddInt (27 bytes)
Event: 11.167 Thread 0x000001e22446ec40 nmethod 1687 0x000001e20c64a808 code [0x000001e20c64a900, 0x000001e20c64ab90]
Event: 11.167 Thread 0x000001e22446ec40 1688       3       java.net.URL::openConnection (9 bytes)
Event: 11.167 Thread 0x000001e22446ec40 nmethod 1688 0x000001e20c64ac08 code [0x000001e20c64ad00, 0x000001e20c64aed0]
Event: 11.167 Thread 0x000001e22446ec40 1689       3       java.net.URLConnection::<init> (62 bytes)
Event: 11.167 Thread 0x000001e22446ec40 nmethod 1689 0x000001e20c64af08 code [0x000001e20c64b000, 0x000001e20c64b5a8]
Event: 11.167 Thread 0x000001e22446ec40 1690       3       java.net.URLConnection::getDefaultUseCaches (27 bytes)
Event: 11.167 Thread 0x000001e22446ec40 nmethod 1690 0x000001e20c64b608 code [0x000001e20c64b700, 0x000001e20c64ba38]
Event: 11.169 Thread 0x000001e22446ec40 1691       3       jdk.internal.loader.AbstractClassLoaderValue::extractValue (17 bytes)
Event: 11.169 Thread 0x000001e22446ec40 nmethod 1691 0x000001e20c64ba88 code [0x000001e20c64bb80, 0x000001e20c64bf28]

GC Heap Usage History (12 events):
Event: 5.012 {heap Before GC invocations=0 (full 0):
 garbage-first heap   total reserved 4157440K, committed 10240K, used 3230K [0x0000000702400000, 0x0000000800000000)
  region size 2M, 2 eden (4M), 0 survivor (0M), 1 old (2M), 0 humongous (0M), 2 free (4M)
}
Event: 5.024 {heap After GC invocations=1 (full 0):
 garbage-first heap   total reserved 4157440K, committed 10240K, used 2686K [0x0000000702400000, 0x0000000800000000)
  region size 2M, 0 eden (0M), 1 survivor (2M), 1 old (2M), 0 humongous (0M), 3 free (6M)
}
Event: 5.107 {heap Before GC invocations=1 (full 0):
 garbage-first heap   total reserved 4157440K, committed 10240K, used 2686K [0x0000000702400000, 0x0000000800000000)
  region size 2M, 1 eden (2M), 1 survivor (2M), 1 old (2M), 0 humongous (0M), 2 free (4M)
}
Event: 5.110 {heap After GC invocations=2 (full 0):
 garbage-first heap   total reserved 4157440K, committed 10240K, used 2899K [0x0000000702400000, 0x0000000800000000)
  region size 2M, 0 eden (0M), 1 survivor (2M), 2 old (4M), 0 humongous (0M), 2 free (4M)
}
Event: 5.196 {heap Before GC invocations=2 (full 0):
 garbage-first heap   total reserved 4157440K, committed 10240K, used 4947K [0x0000000702400000, 0x0000000800000000)
  region size 2M, 1 eden (2M), 1 survivor (2M), 2 old (4M), 0 humongous (0M), 1 free (2M)
}
Event: 5.201 {heap After GC invocations=3 (full 0):
 garbage-first heap   total reserved 4157440K, committed 10240K, used 3456K [0x0000000702400000, 0x0000000800000000)
  region size 2M, 0 eden (0M), 1 survivor (2M), 2 old (4M), 0 humongous (0M), 2 free (4M)
}
Event: 5.270 {heap Before GC invocations=3 (full 0):
 garbage-first heap   total reserved 4157440K, committed 10240K, used 5504K [0x0000000702400000, 0x0000000800000000)
  region size 2M, 1 eden (2M), 1 survivor (2M), 2 old (4M), 0 humongous (0M), 1 free (2M)
}
Event: 5.273 {heap After GC invocations=4 (full 0):
 garbage-first heap   total reserved 4157440K, committed 10240K, used 3949K [0x0000000702400000, 0x0000000800000000)
  region size 2M, 0 eden (0M), 1 survivor (2M), 2 old (4M), 0 humongous (0M), 2 free (4M)
}
Event: 5.325 {heap Before GC invocations=4 (full 0):
 garbage-first heap   total reserved 4157440K, committed 10240K, used 5997K [0x0000000702400000, 0x0000000800000000)
  region size 2M, 1 eden (2M), 1 survivor (2M), 2 old (4M), 0 humongous (0M), 1 free (2M)
}
Event: 5.327 {heap After GC invocations=5 (full 0):
 garbage-first heap   total reserved 4157440K, committed 30720K, used 4046K [0x0000000702400000, 0x0000000800000000)
  region size 2M, 0 eden (0M), 1 survivor (2M), 2 old (4M), 0 humongous (0M), 12 free (24M)
}
Event: 8.117 {heap Before GC invocations=5 (full 0):
 garbage-first heap   total reserved 4157440K, committed 30720K, used 16334K [0x0000000702400000, 0x0000000800000000)
  region size 2M, 7 eden (14M), 1 survivor (2M), 2 old (4M), 0 humongous (0M), 5 free (10M)
}
Event: 8.121 {heap After GC invocations=6 (full 0):
 garbage-first heap   total reserved 4157440K, committed 30720K, used 4593K [0x0000000702400000, 0x0000000800000000)
  region size 2M, 0 eden (0M), 1 survivor (2M), 3 old (6M), 0 humongous (0M), 11 free (22M)
}

Metaspace Usage History (12 events):
Event: 5.012 {metaspace Before GC invocations=0 (full 0):
 Metaspace       used 1083K, committed 1216K, reserved 1114112K
  class space    used 88K, committed 128K, reserved 1048576K
}
Event: 5.024 {metaspace After GC invocations=1 (full 0):
 Metaspace       used 1083K, committed 1216K, reserved 1114112K
  class space    used 88K, committed 128K, reserved 1048576K
}
Event: 5.107 {metaspace Before GC invocations=1 (full 0):
 Metaspace       used 1962K, committed 2176K, reserved 1114112K
  class space    used 185K, committed 256K, reserved 1048576K
}
Event: 5.110 {metaspace After GC invocations=2 (full 0):
 Metaspace       used 1962K, committed 2176K, reserved 1114112K
  class space    used 185K, committed 256K, reserved 1048576K
}
Event: 5.196 {metaspace Before GC invocations=2 (full 0):
 Metaspace       used 2500K, committed 2688K, reserved 1114112K
  class space    used 237K, committed 320K, reserved 1048576K
}
Event: 5.201 {metaspace After GC invocations=3 (full 0):
 Metaspace       used 2500K, committed 2688K, reserved 1114112K
  class space    used 237K, committed 320K, reserved 1048576K
}
Event: 5.270 {metaspace Before GC invocations=3 (full 0):
 Metaspace       used 2959K, committed 3136K, reserved 1114112K
  class space    used 302K, committed 384K, reserved 1048576K
}
Event: 5.273 {metaspace After GC invocations=4 (full 0):
 Metaspace       used 2959K, committed 3136K, reserved 1114112K
  class space    used 302K, committed 384K, reserved 1048576K
}
Event: 5.325 {metaspace Before GC invocations=4 (full 0):
 Metaspace       used 3699K, committed 3840K, reserved 1114112K
  class space    used 388K, committed 448K, reserved 1048576K
}
Event: 5.327 {metaspace After GC invocations=5 (full 0):
 Metaspace       used 3699K, committed 3840K, reserved 1114112K
  class space    used 388K, committed 448K, reserved 1048576K
}
Event: 8.117 {metaspace Before GC invocations=5 (full 0):
 Metaspace       used 6053K, committed 6208K, reserved 1114112K
  class space    used 738K, committed 832K, reserved 1048576K
}
Event: 8.121 {metaspace After GC invocations=6 (full 0):
 Metaspace       used 6053K, committed 6208K, reserved 1114112K
  class space    used 738K, committed 832K, reserved 1048576K
}

Dll operation events (14 events):
Event: 1.850 Attempting to load shared library C:\Program Files\Apache NetBeans\jdk\bin\java.dll
Event: 1.852 Loaded shared library C:\Program Files\Apache NetBeans\jdk\bin\java.dll
Event: 2.941 Attempting to load shared library C:\Program Files\Apache NetBeans\jdk\bin\net.dll
Event: 2.942 Loaded shared library C:\Program Files\Apache NetBeans\jdk\bin\net.dll
Event: 2.979 Attempting to load shared library C:\Program Files\Apache NetBeans\jdk\bin\nio.dll
Event: 2.979 Loaded shared library C:\Program Files\Apache NetBeans\jdk\bin\nio.dll
Event: 3.004 Attempting to load shared library C:\Program Files\Apache NetBeans\jdk\bin\zip.dll
Event: 3.005 Loaded shared library C:\Program Files\Apache NetBeans\jdk\bin\zip.dll
Event: 4.327 Attempting to load shared library C:\Program Files\Apache NetBeans\java\maven\lib\jansi-native\Windows\x86_64\jansi.dll
Event: 4.358 Loaded shared library C:\Program Files\Apache NetBeans\java\maven\lib\jansi-native\Windows\x86_64\jansi.dll
Event: 4.482 Attempting to load shared library C:\Program Files\Apache NetBeans\jdk\bin\verify.dll
Event: 4.482 Loaded shared library C:\Program Files\Apache NetBeans\jdk\bin\verify.dll
Event: 5.039 Attempting to load shared library C:\Program Files\Apache NetBeans\jdk\bin\jimage.dll
Event: 5.039 Loaded shared library C:\Program Files\Apache NetBeans\jdk\bin\jimage.dll

Deoptimization events (20 events):
Event: 7.841 Thread 0x000001e201a0ad10 DEOPT PACKING pc=0x000001e213f2607c sp=0x00000066898fe3d0
Event: 7.841 Thread 0x000001e201a0ad10 DEOPT UNPACKING pc=0x000001e213a50c02 sp=0x00000066898fe388 mode 2
Event: 7.843 Thread 0x000001e201a0ad10 Uncommon trap: trap_request=0xffffff45 fr.pc=0x000001e213f28730 relative=0x00000000000005b0
Event: 7.843 Thread 0x000001e201a0ad10 Uncommon trap: reason=unstable_if action=reinterpret pc=0x000001e213f28730 method=java.util.HashMap.putVal(ILjava/lang/Object;Ljava/lang/Object;ZZ)Ljava/lang/Object; @ 181 c2
Event: 7.843 Thread 0x000001e201a0ad10 DEOPT PACKING pc=0x000001e213f28730 sp=0x00000066898fe770
Event: 7.843 Thread 0x000001e201a0ad10 DEOPT UNPACKING pc=0x000001e213a50c02 sp=0x00000066898fe660 mode 2
Event: 7.877 Thread 0x000001e201a0ad10 Uncommon trap: trap_request=0xffffff45 fr.pc=0x000001e213f24cd8 relative=0x0000000000000558
Event: 7.877 Thread 0x000001e201a0ad10 Uncommon trap: reason=unstable_if action=reinterpret pc=0x000001e213f24cd8 method=java.util.HashMap.putVal(ILjava/lang/Object;Ljava/lang/Object;ZZ)Ljava/lang/Object; @ 181 c2
Event: 7.877 Thread 0x000001e201a0ad10 DEOPT PACKING pc=0x000001e213f24cd8 sp=0x00000066898fe450
Event: 7.877 Thread 0x000001e201a0ad10 DEOPT UNPACKING pc=0x000001e213a50c02 sp=0x00000066898fe3c0 mode 2
Event: 9.689 Thread 0x000001e201a0ad10 Uncommon trap: trap_request=0xffffff45 fr.pc=0x000001e213f46454 relative=0x00000000000005d4
Event: 9.689 Thread 0x000001e201a0ad10 Uncommon trap: reason=unstable_if action=reinterpret pc=0x000001e213f46454 method=java.lang.String.<init>([CIILjava/lang/Void;)V @ 5 c2
Event: 9.689 Thread 0x000001e201a0ad10 DEOPT PACKING pc=0x000001e213f46454 sp=0x00000066898fe440
Event: 9.689 Thread 0x000001e201a0ad10 DEOPT UNPACKING pc=0x000001e213a50c02 sp=0x00000066898fe2c0 mode 2
Event: 10.019 Thread 0x000001e201a0ad10 DEOPT PACKING pc=0x000001e20c5e91e0 sp=0x00000066898fe610
Event: 10.019 Thread 0x000001e201a0ad10 DEOPT UNPACKING pc=0x000001e213981a02 sp=0x00000066898fda80 mode 0
Event: 10.469 Thread 0x000001e201a0ad10 Uncommon trap: trap_request=0xffffff45 fr.pc=0x000001e213f524fc relative=0x00000000000016fc
Event: 10.469 Thread 0x000001e201a0ad10 Uncommon trap: reason=unstable_if action=reinterpret pc=0x000001e213f524fc method=jdk.internal.jimage.ImageLocation.verifyName(Ljava/lang/String;Ljava/lang/String;IIIIIILjdk/internal/jimage/ImageStrings;)Z @ 27 c2
Event: 10.469 Thread 0x000001e201a0ad10 DEOPT PACKING pc=0x000001e213f524fc sp=0x00000066898fe380
Event: 10.469 Thread 0x000001e201a0ad10 DEOPT UNPACKING pc=0x000001e213a50c02 sp=0x00000066898fe230 mode 2

Classes loaded (20 events):
Event: 5.440 Loading class sun/reflect/generics/visitor/Reifier
Event: 5.440 Loading class sun/reflect/generics/visitor/TypeTreeVisitor
Event: 5.440 Loading class sun/reflect/generics/visitor/TypeTreeVisitor done
Event: 5.440 Loading class sun/reflect/generics/visitor/Reifier done
Event: 6.206 Loading class java/lang/annotation/IncompleteAnnotationException
Event: 6.206 Loading class java/lang/annotation/IncompleteAnnotationException done
Event: 6.482 Loading class jdk/internal/foreign/MemorySessionImpl
Event: 6.482 Loading class java/lang/foreign/MemorySegment$Scope
Event: 6.482 Loading class java/lang/foreign/MemorySegment$Scope done
Event: 6.482 Loading class jdk/internal/foreign/MemorySessionImpl done
Event: 6.836 Loading class java/lang/foreign/MemorySegment
Event: 6.836 Loading class java/lang/foreign/MemorySegment done
Event: 7.846 Loading class sun/reflect/generics/reflectiveObjects/TypeVariableImpl
Event: 7.846 Loading class sun/reflect/generics/reflectiveObjects/LazyReflectiveObjectGenerator
Event: 7.846 Loading class sun/reflect/generics/reflectiveObjects/LazyReflectiveObjectGenerator done
Event: 7.846 Loading class sun/reflect/generics/reflectiveObjects/TypeVariableImpl done
Event: 7.846 Loading class sun/reflect/generics/reflectiveObjects/ParameterizedTypeImpl
Event: 7.847 Loading class sun/reflect/generics/reflectiveObjects/ParameterizedTypeImpl done
Event: 10.664 Loading class java/lang/Deprecated
Event: 10.664 Loading class java/lang/Deprecated done

Classes unloaded (0 events):
No events

Classes redefined (0 events):
No events

Internal exceptions (20 events):
Event: 4.481 Thread 0x000001e201a0ad10 Exception <a 'sun/nio/fs/WindowsException'{0x00000007029f4d28}> (0x00000007029f4d28) 
thrown [s\src\hotspot\share\prims\jni.cpp, line 514]
Event: 4.481 Thread 0x000001e201a0ad10 Exception <a 'sun/nio/fs/WindowsException'{0x00000007029f5360}> (0x00000007029f5360) 
thrown [s\src\hotspot\share\prims\jni.cpp, line 514]
Event: 4.481 Thread 0x000001e201a0ad10 Exception <a 'sun/nio/fs/WindowsException'{0x00000007029f5948}> (0x00000007029f5948) 
thrown [s\src\hotspot\share\prims\jni.cpp, line 514]
Event: 4.481 Thread 0x000001e201a0ad10 Exception <a 'sun/nio/fs/WindowsException'{0x00000007029f5eb8}> (0x00000007029f5eb8) 
thrown [s\src\hotspot\share\prims\jni.cpp, line 514]
Event: 4.481 Thread 0x000001e201a0ad10 Exception <a 'sun/nio/fs/WindowsException'{0x00000007029f6408}> (0x00000007029f6408) 
thrown [s\src\hotspot\share\prims\jni.cpp, line 514]
Event: 4.481 Thread 0x000001e201a0ad10 Exception <a 'sun/nio/fs/WindowsException'{0x00000007029f68f8}> (0x00000007029f68f8) 
thrown [s\src\hotspot\share\prims\jni.cpp, line 514]
Event: 4.481 Thread 0x000001e201a0ad10 Exception <a 'sun/nio/fs/WindowsException'{0x00000007029f6da0}> (0x00000007029f6da0) 
thrown [s\src\hotspot\share\prims\jni.cpp, line 514]
Event: 5.033 Thread 0x000001e201a0ad10 Exception <a 'java/lang/NoSuchMethodError'{0x0000000702a3b6b0}: 'void java.lang.invoke.DirectMethodHandle$Holder.invokeVirtual(java.lang.Object, java.lang.Object)'> (0x0000000702a3b6b0) 
thrown [s\src\hotspot\share\interpreter\linkResolver.cpp, line 804]
Event: 5.036 Thread 0x000001e201a0ad10 Exception <a 'java/lang/NoSuchMethodError'{0x0000000702a5d068}: 'void java.lang.invoke.DirectMethodHandle$Holder.invokeStatic(java.lang.Object, java.lang.Object)'> (0x0000000702a5d068) 
thrown [s\src\hotspot\share\interpreter\linkResolver.cpp, line 804]
Event: 5.036 Thread 0x000001e201a0ad10 Exception <a 'java/lang/NoSuchMethodError'{0x0000000702a65050}: 'void java.lang.invoke.DirectMethodHandle$Holder.invokeStaticInit(java.lang.Object, java.lang.Object)'> (0x0000000702a65050) 
thrown [s\src\hotspot\share\interpreter\linkResolver.cpp, line 804]
Event: 5.049 Thread 0x000001e201a0ad10 Exception <a 'java/lang/NoSuchMethodError'{0x0000000702aa3398}: 'void java.lang.invoke.DirectMethodHandle$Holder.invokeSpecial(java.lang.Object, java.lang.Object, java.lang.Object, java.lang.Object, java.lang.Object)'> (0x0000000702aa3398) 
thrown [s\src\hotspot\share\interpreter\linkResolver.cpp, line 804]
Event: 5.057 Thread 0x000001e201a0ad10 Exception <a 'java/lang/NoSuchMethodError'{0x0000000702af74b8}: 'void java.lang.invoke.DirectMethodHandle$Holder.invokeStatic(java.lang.Object, java.lang.Object, java.lang.Object)'> (0x0000000702af74b8) 
thrown [s\src\hotspot\share\interpreter\linkResolver.cpp, line 804]
Event: 5.126 Thread 0x000001e201a0ad10 Exception <a 'java/lang/NoSuchMethodError'{0x0000000702a951e0}: 'java.lang.Object java.lang.invoke.DirectMethodHandle$Holder.invokeSpecialIFC(java.lang.Object, java.lang.Object, java.lang.Object, java.lang.Object)'> (0x0000000702a951e0) 
thrown [s\src\hotspot\share\interpreter\linkResolver.cpp, line 804]
Event: 5.318 Thread 0x000001e201a0ad10 Exception <a 'java/lang/NoSuchMethodError'{0x0000000702bb7c48}: 'void java.lang.invoke.DirectMethodHandle$Holder.invokeSpecial(java.lang.Object, java.lang.Object, java.lang.Object)'> (0x0000000702bb7c48) 
thrown [s\src\hotspot\share\interpreter\linkResolver.cpp, line 804]
Event: 5.365 Thread 0x000001e201a0ad10 Exception <a 'java/lang/NoSuchMethodError'{0x0000000703f694e8}: 'java.lang.Object java.lang.invoke.DirectMethodHandle$Holder.invokeInterface(java.lang.Object, java.lang.Object)'> (0x0000000703f694e8) 
thrown [s\src\hotspot\share\interpreter\linkResolver.cpp, line 804]
Event: 5.380 Thread 0x000001e201a0ad10 Exception <a 'java/lang/NoSuchMethodError'{0x0000000703c15c40}: 'int java.lang.invoke.DirectMethodHandle$Holder.invokeStatic(java.lang.Object, java.lang.Object, java.lang.Object, java.lang.Object)'> (0x0000000703c15c40) 
thrown [s\src\hotspot\share\interpreter\linkResolver.cpp, line 804]
Event: 5.383 Thread 0x000001e201a0ad10 Exception <a 'java/lang/NoSuchMethodError'{0x0000000703c3f478}: 'int java.lang.invoke.DirectMethodHandle$Holder.invokeSpecialIFC(java.lang.Object, java.lang.Object, java.lang.Object, java.lang.Object, java.lang.Object)'> (0x0000000703c3f478) 
thrown [s\src\hotspot\share\interpreter\linkResolver.cpp, line 804]
Event: 5.418 Thread 0x000001e201a0ad10 Exception <a 'java/lang/NoSuchMethodError'{0x0000000703d8db28}: 'java.lang.Object java.lang.invoke.DirectMethodHandle$Holder.newInvokeSpecial(java.lang.Object, java.lang.Object, java.lang.Object, java.lang.Object, java.lang.Object)'> (0x0000000703d8db28) 
thrown [s\src\hotspot\share\interpreter\linkResolver.cpp, line 804]
Event: 5.801 Thread 0x000001e201a0ad10 Exception <a 'java/lang/NoSuchMethodError'{0x0000000703aa7f38}: 'int java.lang.invoke.DirectMethodHandle$Holder.invokeStaticInit(java.lang.Object, java.lang.Object)'> (0x0000000703aa7f38) 
thrown [s\src\hotspot\share\interpreter\linkResolver.cpp, line 804]
Event: 6.206 Thread 0x000001e201a0ad10 Exception <a 'java/lang/NoClassDefFoundError'{0x0000000703ae2c30}: javax/enterprise/inject/Typed> (0x0000000703ae2c30) 
thrown [s\src\hotspot\share\classfile\systemDictionary.cpp, line 318]

VM Operations (20 events):
Event: 3.006 Executing non-safepoint VM operation: HandshakeAllThreads (Deoptimize)
Event: 3.007 Executing non-safepoint VM operation: HandshakeAllThreads (Deoptimize) done
Event: 4.319 Executing non-safepoint VM operation: HandshakeAllThreads (Deoptimize)
Event: 4.319 Executing non-safepoint VM operation: HandshakeAllThreads (Deoptimize) done
Event: 4.483 Executing safepoint VM operation: G1CollectForAllocation (G1 Evacuation Pause)
Event: 5.024 Executing safepoint VM operation: G1CollectForAllocation (G1 Evacuation Pause) done
Event: 5.050 Executing non-safepoint VM operation: HandshakeAllThreads (Deoptimize)
Event: 5.050 Executing non-safepoint VM operation: HandshakeAllThreads (Deoptimize) done
Event: 5.107 Executing safepoint VM operation: G1CollectForAllocation (G1 Evacuation Pause)
Event: 5.110 Executing safepoint VM operation: G1CollectForAllocation (G1 Evacuation Pause) done
Event: 5.196 Executing safepoint VM operation: G1CollectForAllocation (G1 Evacuation Pause)
Event: 5.201 Executing safepoint VM operation: G1CollectForAllocation (G1 Evacuation Pause) done
Event: 5.270 Executing safepoint VM operation: G1CollectForAllocation (G1 Evacuation Pause)
Event: 5.273 Executing safepoint VM operation: G1CollectForAllocation (G1 Evacuation Pause) done
Event: 5.325 Executing safepoint VM operation: G1CollectForAllocation (G1 Evacuation Pause)
Event: 5.327 Executing safepoint VM operation: G1CollectForAllocation (G1 Evacuation Pause) done
Event: 5.358 Executing non-safepoint VM operation: HandshakeAllThreads (Deoptimize)
Event: 5.358 Executing non-safepoint VM operation: HandshakeAllThreads (Deoptimize) done
Event: 8.117 Executing safepoint VM operation: G1CollectForAllocation (G1 Evacuation Pause)
Event: 8.121 Executing safepoint VM operation: G1CollectForAllocation (G1 Evacuation Pause) done

Memory protections (0 events):
No events

Nmethod flushes (0 events):
No events

Events (20 events):
Event: 2.470 Thread 0x000001e201a0ad10 Thread added: 0x000001e22446b420
Event: 2.470 Thread 0x000001e201a0ad10 Thread added: 0x000001e22446ec40
Event: 2.933 Thread 0x000001e201a0ad10 Thread added: 0x000001e22459d530
Event: 2.937 Thread 0x000001e201a0ad10 Thread added: 0x000001e2245a42d0
Event: 3.408 Thread 0x000001e22446b420 Thread added: 0x000001e22482dbc0
Event: 3.585 Thread 0x000001e22482dbc0 Thread exited: 0x000001e22482dbc0
Event: 4.325 Thread 0x000001e201a0ad10 Thread added: 0x000001e2249f1c50
Event: 5.057 Thread 0x000001e2249f1c50 Thread exited: 0x000001e2249f1c50
Event: 5.177 Thread 0x000001e22446ec40 Thread added: 0x000001e2295ae1f0
Event: 5.801 Thread 0x000001e2295ae1f0 Thread exited: 0x000001e2295ae1f0
Event: 6.526 Thread 0x000001e22446ec40 Thread added: 0x000001e2296be610
Event: 6.720 Thread 0x000001e2296be610 Thread exited: 0x000001e2296be610
Event: 6.765 Thread 0x000001e22446ec40 Thread added: 0x000001e2296cd2c0
Event: 6.837 Thread 0x000001e22446b420 Thread added: 0x000001e22978e200
Event: 7.517 Thread 0x000001e22978e200 Thread exited: 0x000001e22978e200
Event: 7.517 Thread 0x000001e2296cd2c0 Thread exited: 0x000001e2296cd2c0
Event: 7.523 Thread 0x000001e22446b420 Thread added: 0x000001e22978e200
Event: 7.523 Thread 0x000001e22446b420 Thread added: 0x000001e22965d450
Event: 7.721 Thread 0x000001e22965d450 Thread exited: 0x000001e22965d450
Event: 7.721 Thread 0x000001e22978e200 Thread exited: 0x000001e22978e200


Dynamic libraries:
0x00007ff623720000 - 0x00007ff62372e000 	C:\Program Files\Apache NetBeans\jdk\bin\java.exe
0x00007ff832b60000 - 0x00007ff832dc6000 	C:\WINDOWS\SYSTEM32\ntdll.dll
0x00007ff831820000 - 0x00007ff8318e9000 	C:\WINDOWS\System32\KERNEL32.DLL
0x00007ff82fd80000 - 0x00007ff83017e000 	C:\WINDOWS\System32\KERNELBASE.dll
0x00007ff82cc20000 - 0x00007ff82ccc0000 	C:\WINDOWS\SYSTEM32\apphelp.dll
0x00007ff830670000 - 0x00007ff8307bc000 	C:\WINDOWS\System32\ucrtbase.dll
0x00007ff805820000 - 0x00007ff805837000 	C:\Program Files\Apache NetBeans\jdk\bin\jli.dll
0x00007ff8315a0000 - 0x00007ff831767000 	C:\WINDOWS\System32\USER32.dll
0x00007ff830440000 - 0x00007ff830467000 	C:\WINDOWS\System32\win32u.dll
0x00007ff8312b0000 - 0x00007ff8312db000 	C:\WINDOWS\System32\GDI32.dll
0x00007ff830190000 - 0x00007ff8302ba000 	C:\WINDOWS\System32\gdi32full.dll
0x00007ff806240000 - 0x00007ff80625e000 	C:\Program Files\Apache NetBeans\jdk\bin\VCRUNTIME140.dll
0x00007ff830470000 - 0x00007ff830513000 	C:\WINDOWS\System32\msvcp_win.dll
0x00007ff815670000 - 0x00007ff815902000 	C:\WINDOWS\WinSxS\amd64_microsoft.windows.common-controls_6595b64144ccf1df_6.0.26100.8875_none_3e0d5d42e32fe9dd\COMCTL32.dll
0x00007ff831770000 - 0x00007ff831819000 	C:\WINDOWS\System32\msvcrt.dll
0x00007ff8323e0000 - 0x00007ff832412000 	C:\WINDOWS\System32\IMM32.DLL
0x000000005b940000 - 0x000000005b94d000 	C:\Program Files (x86)\360\Total Security\safemon\SafeWrapper.dll
0x00007ff832960000 - 0x00007ff832a17000 	C:\WINDOWS\System32\ADVAPI32.dll
0x00007ff830890000 - 0x00007ff83093a000 	C:\WINDOWS\System32\sechost.dll
0x00007ff830b50000 - 0x00007ff830c68000 	C:\WINDOWS\System32\RPCRT4.dll
0x00007ff8296f0000 - 0x00007ff8297f5000 	C:\Program Files (x86)\360\Total Security\safemon\libzdtp64.dll
0x00007ff831aa0000 - 0x00007ff832232000 	C:\WINDOWS\System32\SHELL32.dll
0x00007ff8319f0000 - 0x00007ff831a57000 	C:\WINDOWS\System32\SHLWAPI.dll
0x00007ff82f7c0000 - 0x00007ff82f7cb000 	C:\WINDOWS\SYSTEM32\VERSION.dll
0x00007ff82ae80000 - 0x00007ff82ae8c000 	C:\Program Files\Apache NetBeans\jdk\bin\vcruntime140_1.dll
0x00007fffb1950000 - 0x00007fffb19dd000 	C:\Program Files\Apache NetBeans\jdk\bin\msvcp140.dll
0x00007fff8c260000 - 0x00007fff8d1f9000 	C:\Program Files\Apache NetBeans\jdk\bin\server\jvm.dll
0x00007ff832440000 - 0x00007ff8324c0000 	C:\WINDOWS\System32\WS2_32.dll
0x00007ff82fbe0000 - 0x00007ff82fc3e000 	C:\WINDOWS\SYSTEM32\POWRPROF.dll
0x00007ff821b50000 - 0x00007ff821b86000 	C:\WINDOWS\SYSTEM32\WINMM.dll
0x00007ff82fbc0000 - 0x00007ff82fbd4000 	C:\WINDOWS\SYSTEM32\UMPDC.dll
0x00007ff82e9e0000 - 0x00007ff82e9fb000 	C:\WINDOWS\SYSTEM32\kernel.appcore.dll
0x00007ff8186a0000 - 0x00007ff8186aa000 	C:\Program Files\Apache NetBeans\jdk\bin\jimage.dll
0x00007ff805a80000 - 0x00007ff805a9e000 	C:\Program Files\Apache NetBeans\jdk\bin\java.dll
0x00007ff832240000 - 0x00007ff8323d9000 	C:\WINDOWS\System32\ole32.dll
0x00007ff830f20000 - 0x00007ff8312a3000 	C:\WINDOWS\System32\combase.dll
0x00007ff82d7e0000 - 0x00007ff82e072000 	C:\WINDOWS\SYSTEM32\windows.storage.dll
0x00007ff8318f0000 - 0x00007ff8319e7000 	C:\WINDOWS\System32\SHCORE.dll
0x00007ff82fca0000 - 0x00007ff82fcc9000 	C:\WINDOWS\SYSTEM32\profapi.dll
0x00007ff800060000 - 0x00007ff800071000 	C:\Program Files\Apache NetBeans\jdk\bin\net.dll
0x00007ff82ef90000 - 0x00007ff82effc000 	C:\WINDOWS\system32\mswsock.dll
0x00007ffffa340000 - 0x00007ffffa356000 	C:\Program Files\Apache NetBeans\jdk\bin\nio.dll
0x00007ff8016f0000 - 0x00007ff801707000 	C:\Program Files\Apache NetBeans\jdk\bin\zip.dll
0x00007ffff5920000 - 0x00007ffff5944000 	C:\Program Files\Apache NetBeans\java\maven\lib\jansi-native\Windows\x86_64\jansi.dll
0x00007ff814b00000 - 0x00007ff814b10000 	C:\Program Files\Apache NetBeans\jdk\bin\verify.dll

JVMTI agents: none

dbghelp: loading error: 1455
symbol engine: initialization error.

VM Arguments:
jvm_args: --enable-native-access=ALL-UNNAMED -Dclassworlds.conf=C:\Program Files\Apache NetBeans\java\maven\bin\m2.conf -Dmaven.home=C:\Program Files\Apache NetBeans\java\maven -Dlibrary.jansi.path=C:\Program Files\Apache NetBeans\java\maven\lib\jansi-native -Dmaven.multiModuleProjectDirectory=C:\Users\DVDSTORE\Desktop\LeetCode\ArrayList\ArrayList 
java_command: org.codehaus.plexus.classworlds.launcher.Launcher -Dexec.vmArgs= -Dexec.args=${exec.vmArgs} -classpath %classpath ${exec.mainClass} ${exec.appArgs} -Dexec.appArgs= -Dexec.mainClass=com.mycompany.arraylist.Driver -Dexec.executable=C:\Program Files\Apache NetBeans\jdk\bin\java.exe -Dmaven.ext.class.path=C:\Program Files\Apache NetBeans\java\maven-nblib\netbeans-eventspy.jar --no-transfer-progress process-classes org.codehaus.mojo:exec-maven-plugin:3.5.1:exec
java_class_path (initial): C:\Program Files\Apache NetBeans\java\maven\boot\plexus-classworlds-2.9.0.jar
Launcher Type: SUN_STANDARD

[Global flags]
     bool AOTAdapterCaching                        = false                                  {diagnostic} {ergonomic}
     bool AOTInvokeDynamicLinking                  = false                                  {diagnostic} {ergonomic}
     bool AOTRecordTraining                        = false                                  {diagnostic} {ergonomic}
     bool AOTReplayTraining                        = false                                  {diagnostic} {ergonomic}
     bool AOTStubCaching                           = false                                  {diagnostic} {ergonomic}
     intx CICompilerCount                          = 4                                         {product} {ergonomic}
     uint ConcGCThreads                            = 3                                         {product} {ergonomic}
     uint G1ConcRefinementThreads                  = 10                                        {product} {ergonomic}
     uint G1EagerReclaimRemSetThreshold            = 16                                   {experimental} {ergonomic}
   size_t G1HeapRegionSize                         = 2097152                                   {product} {ergonomic}
     uint G1RemSetArrayOfCardsEntries              = 16                                   {experimental} {ergonomic}
     uint G1RemSetHowlMaxNumBuckets                = 8                                    {experimental} {ergonomic}
     uint G1RemSetHowlNumBuckets                   = 8                                    {experimental} {ergonomic}
   size_t InitialHeapSize                          = 8388608                                   {product} {ergonomic}
     bool IntelJccErratumMitigation                = false                             {ARCH diagnostic} {ergonomic}
   size_t MarkStackSize                            = 4194304                                   {product} {ergonomic}
   size_t MarkStackSizeMax                         = 536870912                                 {product} {ergonomic}
   size_t MaxHeapSize                              = 4257218560                                {product} {ergonomic}
   size_t MaxNewSize                               = 2554331136                                {product} {ergonomic}
 uint64_t MaxRAM                                   = 17026142208                               {product} {ergonomic}
   size_t MinHeapDeltaBytes                        = 2097152                                   {product} {ergonomic}
   size_t MinHeapSize                              = 8388608                                   {product} {ergonomic}
   size_t NonNMethodCodeHeapSize                   = 5898240                                {pd product} {ergonomic}
   size_t NonProfiledCodeHeapSize                  = 122945536                              {pd product} {ergonomic}
   size_t ProfiledCodeHeapSize                     = 122945536                              {pd product} {ergonomic}
   size_t ReservedCodeCacheSize                    = 251789312                              {pd product} {ergonomic}
     bool SegmentedCodeCache                       = true                                      {product} {ergonomic}
   size_t SoftMaxHeapSize                          = 4257218560                             {manageable} {ergonomic}
     bool UseCompressedOops                        = true                           {product lp64_product} {ergonomic}
     bool UseCondCardMark                          = true                                      {product} {ergonomic}
     bool UseFastUnorderedTimeStamps               = true                                 {experimental} {ergonomic}
     bool UseG1GC                                  = true                                      {product} {ergonomic}
     bool UseLargePagesIndividualAllocation        = false                                  {pd product} {ergonomic}
      int X86ICacheSync                            = 3                                 {ARCH diagnostic} {ergonomic}

Logging:
Log output configuration:
 #0: stdout all=warning uptime,level,tags foldmultilines=false
 #1: stderr all=off uptime,level,tags foldmultilines=false

Release file:
IMPLEMENTOR="Eclipse Adoptium" 
IMPLEMENTOR_VERSION="Temurin-26.0.1+8" 
JAVA_RUNTIME_VERSION="26.0.1+8" 
JAVA_VERSION="26.0.1" 
JAVA_VERSION_DATE="2026-04-21" 
LIBC="default" 
MODULES="java.base java.compiler java.datatransfer java.xml java.prefs java.desktop java.instrument java.logging java.management java.security.sasl java.naming java.rmi java.management.rmi java.net.http java.scripting java.security.jgss java.transaction.xa java.sql java.sql.rowset java.xml.crypto java.se java.smartcardio jdk.accessibility jdk.internal.jvmstat jdk.attach jdk.charsets jdk.internal.opt jdk.zipfs jdk.compiler jdk.crypto.cryptoki jdk.crypto.ec jdk.crypto.mscapi jdk.dynalink jdk.internal.ed jdk.editpad jdk.internal.vm.ci jdk.graal.compiler jdk.graal.compiler.management jdk.hotspot.agent jdk.httpserver jdk.incubator.vector jdk.internal.le jdk.internal.md jdk.jartool jdk.javadoc jdk.jcmd jdk.management jdk.management.agent jdk.jconsole jdk.jdeps jdk.jdwp.agent jdk.jdi jdk.jfr jdk.jlink jdk.jpackage jdk.jshell jdk.jstatd jdk.localedata jdk.management.jfr jdk.naming.dns jdk.naming.rmi jdk.net jdk.nio.mapmode jdk.sctp jdk.security.auth jdk.security.jgss jdk.unsupported jdk.unsupported.desktop jdk.xml.dom" 
OS_ARCH="x86_64" 
OS_NAME="Windows" 
SOURCE=".:git:1cafccec39fb" 
BUILD_SOURCE="git:a612825ee82a20ac872d60958c349854c1f29a8e"
BUILD_SOURCE_REPO="https://github.com/adoptium/temurin-build.git"
SOURCE_REPO="https://github.com/adoptium/jdk26u.git"
FULL_VERSION="26.0.1+8"
SEMANTIC_VERSION="26.0.1+8"
BUILD_INFO="OS: Windows Server 2022 Version: 10.0"
JVM_VARIANT="Hotspot"
JVM_VERSION="26.0.1+8"
IMAGE_TYPE="JDK"

Environment Variables:
JAVA_HOME=C:\Program Files\Apache NetBeans\jdk
PATH=C:\Program Files (x86)\Common Files\Oracle\Java\javapath;C:\WINDOWS\system32;C:\WINDOWS;C:\WINDOWS\System32\Wbem;C:\WINDOWS\System32\WindowsPowerShell\v1.0\;C:\WINDOWS\System32\OpenSSH\;C:\Program Files (x86)\NVIDIA Corporation\PhysX\Common;C:\Program Files\NVIDIA Corporation\NVIDIA NvDLISR;C:\Program Files\dotnet\;C:\Program Files\Git\cmd;C:\Users\DVDSTORE\AppData\Local\Microsoft\WindowsApps;C:\Users\DVDSTORE\AppData\Local\Programs\Microsoft VS Code\bin;;C:\Program Files\Apache NetBeans\bin\
USERNAME=DVDSTORE
OS=Windows_NT
PROCESSOR_IDENTIFIER=Intel64 Family 6 Model 151 Stepping 5, GenuineIntel
TMP=C:\Users\DVDSTORE\AppData\Local\Temp
TEMP=C:\Users\DVDSTORE\AppData\Local\Temp




Compilation memory statistics disabled.

Periodic native trim disabled

---------------  S Y S T E M  ---------------

OS:
 Windows 11 , 64 bit Build 26100 (10.0.26100.8875)
OS uptime: 3 days 17:10 hours

CPU: total 12 (initial active 12) (6 cores per cpu, 2 threads per core) family 6 model 151 stepping 5 microcode 0x2d, cx8, cmov, fxsr, ht, mmx, 3dnowpref, sse, sse2, sse3, ssse3, sse4.1, sse4.2, popcnt, lzcnt, tsc, tscinvbit, avx, avx2, aes, erms, clmul, bmi1, bmi2, adx, sha, fma, vzeroupper, clflush, clflushopt, clwb, serialize, rdtscp, rdpid, fsrm, gfni, f16c, pku, cet_ibt, cet_ss
Processor Information for the first 12 processors :
  Max Mhz: 2500, Current Mhz: 2500, Mhz Limit: 2500

Memory: 4k page, system-wide physical 16237M (1880M free)
TotalPageFile size 28525M (AvailPageFile size 8M)
current process WorkingSet (physical memory assigned to process): 86M, peak: 86M
current process commit charge ("private bytes"): 132M, peak: 146M

vm_info: OpenJDK 64-Bit Server VM (26.0.1+8) for windows-amd64 JRE (26.0.1+8), built on 2026-04-21T00:00:00Z with MS VC++ 17.12 (VS2022)

END.
